graphheight:Ee
asc_getIsChecked:zxa
ttmetrics:Ws
AutoFilters:f4
selectColor:RGa
_tooltips:Hd
sId:gJ
_getLogical:mY
removeRowsRange:hha
get_track:aQa
bNumRight:l_
original_cursor:MU
CaseSensitive:p4
WriteBorderProp:NC
lockAllPosTop:I1
_highlight_stroke:Vv
charstrings_index:py
ReadTop10:ina
panose:Xu
done_size:wda
isLine:CQa
getHeightCoeff:NCa
get_glyph_data:QPa
Percent:v6
GetUOffsetLE:dka
_onParticipantsChanged:GY
cleanSelection:qh
rgb:jx
asc_mergeCellsDataLost:Rya
mouseDownLastCord:IN
yellowgreen:aVa
_findFragmentToInsertInto:kY
PreRead:fla
_trigger:Zc
CheckSum_Adjust:oja
asyncFontsDocumentStartLoaded:PR
_selectColumnsByRange:Lua
_getCurrentWS:tn
cmap_table:GD
asc_getSortState:cya
num_grays:MI
res:vr
insertRows:Zea
chartEditor:H_
G:Ya
A:ed
ReadUOffsetLE:sKa
B:Xa
init_cut_fonts:Uea
L:Jl
union2:MHa
scaleFactor:lV
changeSelectionFillHandle:YAa
H:vv
_setFont:VY
WriteCnx:Zoa
calcLineOffset:fS
Tooltip:tg
T:foa
W:fQ
S:Rq
R:Sa
_background_image_y:c9
glyph_done:Fea
_background_image_x:b9
Rotate:eX
ctCommandLong2:CNa
Y:Gf
ctCommandLong1:BNa
baseline:AA
X:Sp
optimizeColWidth:wFa
f:Zd
d:Eb
b:O
c:M
a:bf
asc_showWorksheet:hy
asc_getSubType:hya
l:Ha
maxCompositeContours:Sfa
_noyaxis:oo
asc_getLayoutPageType:Maa
h:nb
__dataset__:nQ
_appendColumns:nra
w:ma
ref:pO
v:vF
forceAA:qu
u:Ib
sbit_strikes:XB
t:va
orchid:KSa
colorNumber:lBa
days:RBa
s:Ca
r:Y
numFDefs:iz
reg:oGa
TableFirstCol:poa
getEndOfText:BPa
library:sc
lockRangePosTop:L1
startAt:wV
instruction_defs:QT
hMerge:Lea
clipboard:dq
z:tIa
italic_angle:Kw
zone:sj
rep:tO
CFont:GIa
cur_renderer:kM
lockDrawingObject:mN
bez_stack_y:dca
isMerged:Xh
asc_getDelimiter:uZ
bez_stack_x:cca
design_pos:f0
setAngle:Ar
Month:Qz
setShiftKey:dHa
asc_getChartEditorFlag:Swa
scrollerColor:xha
asc_SendThemeColorSchemes:iwa
invalid:rE
priority:$U
CatAx:fP
cid_fd_select_offset:L_
ReadThemeElements:hna
add_point1:jMa
ReadAt:A6
oGlyphData:yl
_changeFillHandle2:r9
ReadAx:C6
themeTint:wJ
_crosshairs_linewidth:isa
mouseUp:hga
asc_getController:$wa
applyCollaborative:cw
firstRowStripe:Qk
onAuthParticipantsChanged:nz
ReadBg:qla
__crosshairs_y__:FLa
put_color:Y2
gridLines:f1
getLockMeColumn:hea
chExtY:aq
maxNumWidth:vB
asc_getValFilter1:lya
setFormula:Dz
newLayout:dFa
chExtX:$p
asc_getValFilter2:mya
_WriteDouble2:xLa
_WriteDouble1:Zqa
countDay:S_
WriteShapeStyle:IK
horizontalTrackWidth:l1
onConnectionStateChanged:oz
_onMoveRangeHandle:Wta
_crosshairs_coords_fadeout:dsa
WriteULong:Vf
_extractFragments:usa
IsSendStandartColors:X5
ReadLegend:kma
asc_setCellTextColor:oza
sbit_ranges:xO
asc_SendThemeColorScheme:hwa
put_linecap:Wga
_key_position_y:UQ
darkseagreen:DOa
_key_position_x:TQ
_shadow:Db
Angle:CIa
isName:nfa
_labels_sticks_color:pta
parseTooltipText:Ym
supplement:tHa
dualVector:Ok
single_block:v3
_strokecolor:ml
RoundRobin:EKa
Skip:ko
bVisited:$ba
fTop:iu
ReadWorkbookView:ona
m_bStringGID:oB
m_oPen:oj
get_value:V0
onLocksAcquired:rz
wsId:Kq
gray:fQa
Join:jn
horAlign:KDa
origColor:LSa
gaspRanges:Vda
Margins:TJa
mintcream:hSa
MeasureString2:VJa
_applyMainFilter:NX
getWorksheet:aa
_url:aZ
get_ps_font_name:WPa
brown:QMa
HiddenSlides:L5
asc_getTime:FZ
cCharDelimiter:eS
dHeightMM:mH
private_offset:jO
cid_font_name:qS
WriteDataLabels:hpa
inline_delta:Wea
asyncFontStartLoaded:kAa
_line_visible:jL
aCellXfs:lD
underline_thickness:To
buffer_size:bH
maxContours:zN
ReadHF:Q6
_drawCollaborativeElements:ZC
asc_deleteSelectedDrawingObject:Ewa
cellsTop:Wc
load_sfnt_header:oRa
get_cmap_info:hr
extra_points:us
m_bIsNeedUpdateMatrix12:Eu
WriteTableCellBorderLineStyle:mo
g_image_loader:xCa
asc_getBottomOffset:sZ
setTextStyle:qV
asc_getLeftPX:ER
StyleBorderProp:z7
feldspar:YOa
indigo:vQa
wheelScrollLines:SV
cid_count:J_
rot:Rg
sPm:sha
undoAllMode:WO
FontInfo:yP
nFontMapIndex:oga
num_default_design_vector:RN
_labels_sticks_length:uY
row:A
TotalTime:M7
hyperlinkRange:ET
_onSetSelection:E$
interpreter:RT
cell_x:ED
intervalToIntervalObject:My
addColumn:eMa
m_nEditorState:N1
pos_y:Lo
pos_x:Ko
asc_sortColFilter:hAa
TT_USE_BYTECODE_INTERPRETER:Iv
onRelockFailed:I2
LineBeginSize:Z5
rp0:Mh
rp1:Vn
binary:tD
ins_pos:NT
getValueForEdit:cE
get_Type:oDa
ctShadowXML:pOa
rp2:Cp
asc_setGridFlag:Aza
_setInfoAfterPaste:P$
changeZoom:bu
formulaRangeLength:C0
get_url:zea
selectDrawingObjectRange:Cha
usBreakChar:sia
bSolved:iy
asc_getLeftMM:yZ
FAMILY_CLASS_Rules:Mz
_decode:KQ
_effect_roundrobin_multiplier:gY
__shape__:HLa
sxHeight:Zha
_recalcLockArrayOthers:Hua
darkslateblue:EOa
asc_putText:KZ
reserved:vTa
isChartDrawingObject:SDa
parse_font:Jga
bearing_y:bS
ps_has_glyph_names:jTa
cyan:qOa
SlideNum:NKa
_reDrawFilters:QY
images_loading:Gw
dt2d:eCa
ApplyNumberFormat:Xia
ALLOW_X_DMOVEX_Rules:Iia
FromRowOff:E5
filter1:ar
ctPenLineJoin:dOa
filter2:hq
_changeSelection:fA
getPoint:qp
dHeightPX:Om
face_flags:Ad
bearing_x:$L
oTextFormat:Uu
n_contours:kc
fontRef:dm
adobe_std_strings:xR
get_type:ir
SetUseDefaultFont:aoa
asc_getOutlineColor:Oxa
wrapOnlyNL:UV
onStartCheckLock:Os
WriteBuffer:EK
ValNumCache:V7
oData:Ms
xMax_Extent:fIa
ReadGeomPathLst:fma
CustomStyles:KF
asc_getRepliesCount:Qaa
sid_to_string:Mha
asc_insertFormula:Hya
AddPathCommand:rC
WriteTable:$z
WriteUniColor:Nv
_applyDigitalFilter:T8
asc_getState:dya
val2:Ax
load_directory:jRa
sTypoLineGap:tha
num_hints:cx
lightcoral:QQa
ReadTableBorderLineStyle:YF
global_pptx_content_loader:yDa
get_lineendstyle:uea
ReadHyperlinks:jma
_getAscRange:cD
asc_getLevel:AZ
ColorBackActive:vja
Height:oe
onEndCheckLock:OB
ctBrushType:yBa
WriteMainPart:Gpa
subglyphs:aj
_calcColWidth:AQ
to_fixed:I3
m_pFont:pj
DrawLabels:Fk
mergedCells:Ho
srcRect:Er
Drawbars:WJ
_isMergedCells:rY
coral:kNa
asc_CheckGuiControlColors:yaa
module_interface:ez
GraphicFrame:fka
DrawArea:et
UNSCALED_COMPONENT_OFFSET:$Ka
bit_set:JMa
onFirstLoadChanges:qz
getLockIntersection:Pi
WriteShd:oLa
_drawButton:qsa
ChartyAxisDefaultTitle:O4
spTree:Ke
ySubscriptXOffset:kIa
encoding_type:CH
getFont:TH
path_begun:uz
grid:Oe
nvGraphicFramePr:jFa
isFormulaSeq:VDa
check_fonts_loaded_sync:cNa
table_info:sUa
render_span:cJ
callback_OnSaveChanges:LAa
_axis_color:dp
_parseFormulaRanges:Cua
use_extra:R3
ReadLn:pK
HideZoomedCanvas:eK
slaveEdges:hg
m_oBaseTransform:FRa
ctFontPath:PNa
cids:Cn
isDocumentModify:zQa
_onEditDrawingObjectMenu:Rta
TableLook:uoa
asc_getFormulasArray:oxa
_background_grid:X8
asc_setPageMargins:a_
WriteSheetFormatPr:eqa
_background_image_align:zra
bChartEditor:Tl
service_PFR_METRICS:QTa
ReadTextFontTypeface:Rz
aXfs:dMa
default_width:c0
range_shift:cGa
ReadColorModifiers:MP
ReadExt:Rla
txStyles:kia
ReadTable:Dv
full_name:dr
originalh:Aga
inSelectionDrawingObjectIndex:Ly
nCMapIndex:GI
fontName:pu
Unknown:Foa
MultiplyAppendInvert:Oka
engine_type:VOa
_createScrollBars:Zra
removeRows:sO
themes:GV
reHypSp:hGa
_onChangeFillHandle:Gta
num_maps:NI
storageOffset:A3
SheetRemove:p7
x_scale:xd
_onUpdateWorksheet:yua
replaceWorksheet:eJ
set_field_count:ox
cur_start:MD
asc_setWidth:WG
WriteGroupShape:o8
stretched:qJ
ToRowOff:L7
Invert:HP
CanvasBrowserCompat:bt
findCellText:w0
loader:yk
table_end:G3
_background_grid_vlines_interim_color:PLa
ReadPH:vma
pres:Oga
changeSelectionStartPoint:yca
oCallBackThis:vga
grayscale:e1
_topLineGotFocus:$ua
countElement:Mk
PosY:x6
bBitmap:pl
PosX:w6
m_arMainTables:oN
string_pool:D3
asc_insertColumnsBefore:Gya
_background_image_stretch:Ara
Cur_End:tC
isMoveResizeChartsRange:x1
_calcCharsWidth:WC
cvt_program_size:BS
LoadFontAsync:Pz
ReadArray:ola
func_round_sphn:pPa
minimum:Ww
WriteTxStyles:Fqa
num_function_defs:EU
calcCharOffset:u_
new_top:Wm
Clips:Dx
charWidths:dg
_getStringFromObjWithProperty:Et
WriteComments:cpa
formulaParsed:Jh
ReadAligment:z6
__animation_frame__:Hm
evt_mouseup:o0
worker:dIa
ctPageHeight:CBa
ranges_offset:e3
asc_calcInterval:qwa
ctFontStyle:gda
_ymin:Tb
WriteSlide:gqa
DrawingContext:m5
_borders:Bra
oValue:vb
_searchFilters:N$
fVertBearingX:NH
fVertBearingY:OH
ReadDouble:hKa
_drawRowBG:MQ
charstring_type:iH
_onSaveChanges:HY
STYLE_CLASS_Rules:aG
asc_getHeight:wA
stringRender:Mj
nvPicPr:zp
originalw:Bga
originalx:BFa
originaly:CFa
GetStringGID:wJa
IsThemeLoader:Mx
Pitch:dla
printPagesData:WI
ReadUShort:Ev
fillRef:cm
gutterRight:FDa
asc_getViewerMode:pya
asc_CChartLegend:uMa
_onUpdateDrawingObjectDone:xua
bgClr:CA
asc_isWorkbookLocked:Mya
colnumToColstr:sS
oDefaultAlign:ASa
ReadCustomFiltersItem:Ila
expansion_factor:FH
horiAdvance:mg
sQuoteText:Rs
_text:nh
TempGroupObject:Em
_axes_color:sra
family_name:le
insertFormula:ODa
tuplecoords:M3
MIRP_CVT_ZERO_RULES_SIZE:Gka
Value:Dh
asc_showImageFileDialog:eAa
OtherProps:mt
matchingName:xN
get_r:iE
_selectChars:Vp
addRecalcIndex:kaa
_onChangeSelection:Ita
MeasureChar:Kka
applyAutoFilter:kZ
gainsboro:rPa
chartType:cu
drawSelect:SOa
drawDep:ROa
coords2:Gh
CountBusy:dt
nRealTableCount:BU
defPPr:KOa
BorderId:FIa
_mbt:u$
setStrictClose:mF
reHypNL:gGa
ReadPatternFill:yma
asc_getQuoteText:Paa
showImageFileDialog:iHa
cellsLeft:wc
ReadSeria:Gma
asc_Print:Aaa
IsAsyncOpenDocumentImages:pka
oSizes:RI
initGlobalDrawingPointer:NDa
get_b:dE
ReadReplies:Dma
maxCompositePoints:Tfa
autoFocusClick:rAa
get_a:oea
DocumentThemes:LF
get_g:fE
ascender:df
ClearEventListeners:GF
WriteTab:nqa
_size:ll
_mct:zY
_hideCursor:Y9
SCALED_COMPONENT_OFFSET:Cna
helper:JDa
sizes_list:w3
HProgress:gka
_fill:wsa
counter:nNa
darkorange:zOa
spPr:Ma
royalblue:ATa
ReadPageSetup:xma
usLastCharIndex:UHa
_border:e9
sph_test_tweak:Nh
_onWindowMouseUpExternal:Aua
bDate:TR
isString:y1
asc_changeComment:oD
ReadSharedStringContent:Lma
cache_first:jca
fontFiles:JM
oMediaArray:mFa
calculateAfterChangeLayout:UMa
buffers:FA
aMerged:tR
instanceSize:q1
GetUseDefaultFont:zJa
getStrokeStyle:cDa
blinkInterval:xAa
_calcRowDescender:Ira
After:ZV
draw:Gn
asc_getRightOffset:BZ
asc_setValFormula:f_
pint:WU
Clipboard:tja
thirdSubtotalRow:UO
_labels_ingraph:tY
XValFormula:x8
_getActiveBorder:Tp
pink:YSa
WriteClrMapOvr:yX
_makeTableNode:yY
reRangeStr:g3
aHyperlinks:sR
single_width_cutin:mJ
Parent:rg
_mft:nA
ReadSlide:Oma
attrSaveSubsetFonts:Qba
b_color1:aS
pageGridLines:Gga
glyph:De
TransformPointY:Vj
row_span:m3
Hidden:ika
TransformPointX:Uj
RENDERER_PDF_FLAG:dKa
getCharWidth:HCa
getLockMeRow:iea
_onAddRow:Dta
WriteBgPr:Toa
centerx:ha
GetBase64Memory:bK
FromRow:D5
WriteByte:o
mediumturquoise:WRa
centery:la
WordControl:uX
bearing:BA
stackedOrGrouped:x3
isFormatTable:gfa
FontNumber:Qja
strikeout:Uha
_fixSelectionOfHiddenCells:bD
Cols:NIa
contours:Od
_line_shadow_offsety:uta
stream:l
_line_shadow_offsetx:tta
ToColOff:J7
validator:MUa
paint_type:RU
asc_putRow:NL
StartRecord:qa
glyph_transformed:uT
typeOf:VO
ROUND_NONPIXEL_Y_MOVES_RULES_EXCEPTIONS_SIZE:jla
Properties:n
_outofbounds:BG
setAlignHorizontal:Wn
_fade_in:jY
asc_CCellFlag:Mva
set_mm_blend:WTa
kern_pairs:GQa
forget_glyph_frame:ZS
firebrick:aPa
__original_css_border__:I8
asc_setCellFontSize:hza
_crosshairs:$X
fontRenderingMode:$j
isDateTimeFormat:hm
asc_hideColumns:Aya
asc_setColumnWidth:vza
calcChain:BAa
max_cells:tU
strike_index:Ts
secondRowSubheading:zO
RasterImageId:ej
lime:cRa
RASTERIZER_35_Rules:ila
_rangeIsSingleCell:Gua
delimiter:qda
m_pGlyph:Ofa
oNumFormats:y2
isSkip:Oy
_resize_handle_background:Iua
g_map_font_index:Uda
FT_Err_Array_Too_Large:dJa
asc_CFont:Tva
bodyPr:ly
m_lUnits_Per_Em:vp
asc_getWorksheetsCount:Vaa
compatLnSpc:eu
dReverseLeftPX:nH
ReadFilters:Yla
glyph_width:Cs
TurnOffHistory:wt
attrRtl:Pba
glyph_size:b1
isBad:rq
formulaRange:$S
ctSetParams:iOa
getLockMe:YA
asc_findComment:hp
asc_setLeftOffset:nba
FillText:YJ
SetUpStyle:l7
slateblue:hUa
asc_getSuperscript:jya
SKIP_NONPIXEL_Y_MOVES_RULES_EXCEPTIONS_SIZE:Hna
ChartSeriesData:D4
eState:Ng
ctDrawTextEx:GNa
deleteSelectedDrawingObject:pda
faces_list:PS
darkslategray:FOa
ctFontName:eda
pageRange:Iga
lemonchiffon:NQa
wsTo:ov
parser:Zh
aFracFormat:sL
_onResetDrawingObject:bua
recommendedSettings:nGa
InvertTransform:UF
unicodes_init:pia
_offset_cur:mb
drawColumnGuides:aCa
getWS:WH
_gutter_center:Ft
resetLockedDrawingObject:tGa
DEEMBOLDEN_Rules:Bja
opcode:Ud
Copy:Gg
asc_showDrawingObjects:zMa
urlMap:LUa
mmvar:EI
slot_object_size:Qha
getDrawingAreaMetrics:SH
_line_shadow_color:sta
autoCompletFormula:qAa
sbit_scales:HTa
copyFrom:xS
stringOffset:vx
numGlyphs:EB
_key_color_shape:jA
ReadSeriesNumCacheValues:Jma
Container:iP
t_sort_slave:F3
returnCode:wr
Mathematic:o6
_calcVisibleRows:eA
Core:e5
asc_deleteColumns:Cwa
vadvance:EJ
nvSpPr:Hj
force_bold:LM
Set_Height:JKa
bgFillStyleLst:$G
isFillHandleMode:sp
getSelectedDrawingObjectIndex:uu
service_GLYPH_DICT:XGa
m_lAscender:Xy
oMetrics:Xm
asc_Cut:$va
cur_charcode:Ih
_indexuser:Z9
secondSubtotalRow:BO
font_infos:VS
embeddedFontFiles:zH
horzOverflow:vu
LocalChange:KW
savekey:FTa
BaseObject:at
nXfsMapIndex:h2
put_linebeginstyle:b3
formula:Bj
cid_uid_base:Ica
HBar:BP
asc_getxValFormula:zya
Iterator:uka
ReadMediaContent:pma
LoadImage:LJa
SKIP_NONPIXEL_Y_MOVES_RULES_SIZE:Ina
_getBorderPropById:$K
getTooltipTextFromDIV:oT
UndoRedo:Wj
IsSendDocumentLoadCompleate:WF
WriteTop10:Dqa
bIsAsyncLoadDocumentImages:UR
asc_getColumnWidth:Xwa
activeFillHandle:Ub
ushUnicode:mC
oRange:mz
nameID:i2
__vmargin__:L8
_wrapText:cZ
getValue2:Qi
topFieldInPt:wx
black:LMa
getId:K
currentIndex:OA
CorrectBodyPr:f5
aGCells:We
IncrementArguments:R5
_im:ds
asc_setSubType:Vza
dLeftMM:mM
digit:g0
lavenderblush:LQa
Add_NewObject:AIa
Odo:Xka
CalculatedColumnFormula:n4
codePage:eM
ft_set_current_renderer:wCa
_onMoveResizeRangeHandle:Yta
family_other_blues:BM
Tooltips:vt
asc_putQuoteText:$aa
mediumorchid:RRa
isIE9up:YDa
_expandWidth:Q9
put_texture_id:WFa
resizeTimerId:mha
NumCache:lK
Mac_Style:LW
asc_getChartObject:Twa
asc_setViewerMode:Aba
GetLong:za
asc_setY:Dba
asc_setX:Cba
y_ppem:Df
RestoreGrState:$F
pivot:Q2
grid_span:wT
_id:tG
dodgerblue:QOa
m_oLogicDocument:Nfa
checkInterval:I_
asc_CCSVAdvancedOptions:mZ
TextureFillTransformScaleX:kX
maxId:R1
TextureFillTransformScaleY:lX
_prepareCellTextMetricsCache:rA
load_cmap:Afa
set_isViewerMode:s3
getLockObjectsMe:TCa
single_width_value:qx
commentTextColor:jNa
family_blues:AM
asc_getPageMargins:GR
CreateFontMap:QIa
shy:Va
bDocument:ro
shx:Ua
IsEmpty:FJa
cellHA:jS
_animation_factor:wQ
m_bUseKerning:iU
LineEndSize:b6
bulletColor:$t
CellData:r4
_factor:Rv
asc_getPosition:Sxa
Get:P
removeWorksheet:aJ
calcPagesPrint:fH
Reader:kn
_prepareComments:Dua
char_index:oy
evt_mousewheel:Gda
_scale_round:TY
wTId:VUa
transactionState:Hq
asc_getOptions:Nxa
refCount:iF
ReadDataLabels:Kla
shadeToTitle:rV
asc_Undo:kwa
boxShadow:yD
extrusionOk:WOa
_top:q
_onResizeElementDone:dua
font_files:KM
Space:u7
dLeftPX:nM
stem3:qHa
_left:F
newXfrmExtX:j2
axPos:RR
newXfrmExtY:k2
ctShadowColor:lOa
iup_called:ZT
ViewProps:eLa
num_faces:kz
_onAddColumn:Cta
gdRefAng:tPa
asc_putUserId:MZ
DrawKey_graph:Ija
ctBrushTexturePath:wNa
NO_CALL_AFTER_IUP_Rules:Uka
maxComponentDepth:yN
AllowResizing:Zs
entry_selector:jCa
_colors_reverse:Vra
_getTableFromText:Nsa
m_bFirst_Row:CEa
asc_getCodePages:Wwa
clazz:Vb
ImageMapChecker:wv
getLockOtherColumn2:xk
commentBefore:gq
FirstLoadChanges:xP
WriteDouble2:Di
m_arrdTextMatrix:Qw
IsThumbnail:ska
fullRecalc:nPa
ReadWorksheetCol:qna
IsIdentity:W5
DrawBackground:UJ
Write:Rp
_mergeFragments:AY
stems:rHa
lastFocused:JQa
correspondence:zS
renderers:dJ
FT_Get_Module_Interface:NF
initialDelay:MT
CurPoint:Wg
multiText:Bc
FlagsTransactionState:A5
noneFormat:BB
cellFrom:vca
_filled_accumulative:nG
search_range:QGa
pathLst:Mga
asc_selectFunction:Zya
nTypeCol:aFa
sec:o3
LoadChar:IJa
attrConformance:Lba
__retval:RC
formulasArray:Pda
_background_grid_autofit_numvlines:Ei
_mode:gj
gray_spans:aI
GetDescender:qJa
cellCursor:QAa
sendChanges:Eha
m_arrCheckLocks:uI
reWordBegining:bha
_blur:rn
asc_CCollaborativeRange:vaa
Wave2:Z7
version_major:QV
m_bAntiAliasing:gU
_centerx:o9
load_post:xEa
cur_delta:W_
_centery:p9
_drawSelection:Yg
asc_addComment:zR
ReadNote:mKa
LoadDocumentImages:JJa
setSelectionInfo:qj
Char:gP
ALWAYS_SKIP_DELTAP_Rules:Qia
code_first:Qca
topfont:FHa
glyf_len:XH
_getAdjacentCellsAF:Dsa
minAng:dSa
asc_getComments:fw
_key_interactive:sY
addNode:gMa
WriteSortConditions:lqa
setQuotePrefix:kJ
is_member_of_style_class:qfa
bUpdateHyperlinks:sD
lTable:sq
_getContentWidth:Yx
_onReleaseLock:aua
records:sTa
put_linebeginsize:Vga
DefinedNames:co
_getFragments:aL
lightgreen:TQa
maxIns:qU
callback_OnDisconnect:GAa
HideCrosshairCoords:M5
_crosshairs_vline:jsa
WriteGroup:n8
isBlack:xl
hdmx_record_count:GDa
_crosshairs_hline:hsa
glyph_class:ADa
gdLstInfo:sPa
WriteSlideMaster:iqa
attrAutoCompressPictures:Iba
asc_getActiveWorksheetId:Haa
funcs:hb
GetString2:Pb
isChecked:wu
aCommentCoords:KG
GetString1:QF
setLineJoin:bHa
getLockElem:kT
fillStyleLst:TA
load_flags:Um
ctBrushTextureMode:vNa
Implode:lka
max_advance_height:sU
WriteDouble:ld
currentValue:Fn
WriteCatAx:xX
Points:Pq
sockjs:uV
ReadTableColumns:Vma
FILL_TYPE_SOLID:t5
get_location:SPa
LayoutTarget:GJa
_onSelectDrawingObjectEx:kua
AllowAdjusting:bP
callback:my
ctPageStart:DBa
ySuperscriptXOffset:oIa
fBottom:vw
WriteDateGroupItem:ipa
embeddedFontInfos:AH
firstColumnSubheading:EM
bboxes:o_
_getHyperlinkIndex:Jsa
ReadAutoFilter:B6
_activateOverlayCtx:vQ
mediumpurple:SRa
_crosshairs_color:bsa
asc_getHeadings:CR
_onChangeFillHandleDone:Hta
_isMediumBorder:eta
selectLockedDrawingObject:oV
addAutoFilter:LG
asc_getDiagDown:bxa
Gantt:aK
daysLeap:SBa
results:VB
_asc_downloadAs:OX
get_stroke:wea
_noxaxis:kl
fonts_loading_after_style:VA
DefaultStyles:oP
styleId:Nj
get_property:VPa
_addButtonAF:aA
ReadGeomAh:cma
stream_index:sF
m_lFaceIndex:CRa
prepareToChangeTheme:bTa
ReadTableCustomStyle:Wma
rightSide:xr
_getContentHeight:PQ
WriteWorksheetCols:Lqa
_onMouseLeave:FY
nSequenceLength:NN
FlagCurrentCursor:y5
hdmx:jQa
getArrayInsertColumnsBySheetId:Zda
bytecode_ready:cM
overlay:Jj
_fetchRowCache:ZK
oApi:Su
redo:oO
intersect:s1
WriteWorkbookPr:Iqa
controller:oc
ctPenDashStyle:bOa
release:av
globalTableStyles:jE
Marker:fo
_setStyleForTextInTable:Rua
CanvasImage:NJ
fmgrGraphics:cr
_vbars:ay
hyperlinks:Wb
getVisibleTopOffset:Vk
fromRow:QH
lvl9pPr:yRa
_update:sA
faceIndex:XOa
asc_addFormulaElement:Caa
rx_date:EGa
_setPropertyNoEmpty:bg
instruct_control:qE
min_feature:X1
oldXfrmOffY:F2
setRotatationAt:Fha
reHyphen:iGa
usWinDescent:via
oldXfrmOffX:E2
__callback__:mQ
bulletTypeface:ps
load_sbit_metrics:mRa
first_glyph:IM
Obj:QW
startCellMoveRange:sx
data_offset:qM
firstColumnStripe:zy
Top10:BK
bGeneral:XL
ImageRight:DW
count_ex:gM
count_ey:hM
SetString:i7
asc_putSolved:aba
asc_getFormula:nxa
raster:mO
GetRotation:cka
asc_Init:awa
__OfficeExcel_halign__:zLa
Theme:Pp
callback_OnParticipantsChanged:KAa
darkturquoise:GOa
DrawCircularLabels:rW
min_Left_Side_Bearing:REa
_addLocalStorage:O8
WriteDefaultShapeDefinition:AX
_onLoadCoAuthoringSetings:Uta
lvl8pPr:xRa
documentId:gu
cid_fd_array_offset:K_
get_color:eE
_keyStr:iA
WidthType:Moa
asc_CAdvancedOptions:uaa
vertAdvance:Sf
_isEqualFormats:Ysa
standard_width:NO
newTextFormat:NE
GetAscender:kJa
_getIsLockObjectSheet:qG
orus:Yh
SetCTM:Tna
snow:jUa
StartMainRecord:lo
styleIndex:sHa
cellVA:dM
GetPercentage:AP
asc_getOptionId:Mxa
needRecalc:pf
points:Rd
get_linebeginstyle:rea
IntersectRect:jK
cleanWorksheet:Kca
getBackground:ECa
Out:Zka
ReadBookViews:tla
WriteNoteMaster:Lpa
LoadString2:Bka
getHyperlinks:L0
LoadString3:OJa
twilight:zm
builder:Jc
snap_widths:KO
global_subrs:X0
_addHistoryObj:yt
NO_ALIGNRP_AFTER_IUP_Rules:Ska
OnMouseDown:$Ja
Trace_callback:Aoa
Grow:Lr
AddCnx:vIa
Font_Revision:Sja
ThemesUrl:zoa
asc_setSeria:Rza
usWinAscent:uia
spcCol:gv
num_params:vSa
aComments:jc
openCellEditor:yga
WriteCommentDatas:bpa
bgPr:uo
refp:eV
grayscale_hinting:vT
setContainer:TTa
_state:FG
asc_setVisible:Zza
showValue:Zi
_calcMaxBorderWidth:BQ
ReadULongLE:X6
_crossRange:asa
ReadTableStyle:bna
vertBearingY:Ph
__line__:pQ
_text_angle:Yv
nFillMapIndex:f2
maxScrollX:Tw
vertBearingX:bi
TextMetrics:yoa
Cur_Restart:RJ
maxScrollY:Uw
WriteDxfs:mpa
WritePlotArea:Upa
calculateColors:lca
base_dict:ip
cid_font_type:Gca
textValueForEdit:uJ
asc_CBorder:Jva
scan_type:hJ
isMobileVersion:mfa
_onMouseMove:mL
Date1904:mP
weight_vector:HJ
color_ref:mBa
WriteChartContent:Yoa
resetTextStyles:uO
put_r:d3
xtrange:Fia
isBoolean:jI
cdv_idx:tca
isIntersectionInCols:ifa
get_psname:XPa
axisCount:ns
checkCursorDrawingObject:Cca
_End:vLa
changeSelectionActivePoint:WAa
_cleanColumnHeaders:z9
__OfficeExcel_originaly__:BLa
Version:MC
Drawings:Rh
attach_file:Hba
max_ptsize:$fa
ReadChar:fKa
ctPenXML:gOa
ReadDynamicFilter:Qla
binarySearch:p_
Spreadsheet:PKa
sfnt:Yn
numToFormatText:Gj
white:YUa
unifill:Le
setAlignVertical:Xn
asc_getInterval:xxa
mediumspringgreen:VRa
_wb:gp
asc_CChart:nZ
AddEventListener:sf
ctPenDashPatern:$Na
WriteAlign:c8
SKIP_IUP_Rules:Gna
that:L
embedded_postscript:k0
ClearNoAttack:rja
aCols:Rl
_curvy_factor:lsa
getDefaultFormat:K0
maxCountSaveChanges:Ufa
getZoom:Kn
_radius:gs
getGutterSuggest:DPa
asc_setOrientation:ZZ
slideShapes:IO
model:p
__otherProps:GLa
ReadGeomGd:ema
service_POSTSCRIPT_FONT_NAME:RTa
ColorFilter:gW
sum:pUa
otherStyle:Cga
end_glyph:Fda
onParticipantsChanged:sz
wFormat:Bia
emSize:xM
_updateVisibleColsCount:GG
asc_hideWorksheet:Cya
lightseagreen:XQa
_getHiddenRows:Isa
asc_setMoveWithCells:oba
FilterColumns:$f
_onChangeSelectionRightClick:Kta
_tickmarks_linewidth:S$
cur_range:ida
isChanged:nj
ComporationOperator:en
InstallBarTooltipEventListeners:V5
dDefaultwidth:qy
dimgray:NOa
unicode:Fl
_coAuthoringInit:Sra
get_fill:RM
skip_spaces:Gp
getXfrm:S0
onUserStateChanged:tz
InsideH:hK
setValue:hf
DisplayName:pP
countElementInRow:Nm
_onCleanSelection:Lta
put_b:X2
put_a:TFa
put_g:a3
cellanchorAbsolute:A_
raster_pool:nTa
_moveRangeHandle2:x$
DO_SHPIX_Rules:Fja
_calcRect:$r
sldLayoutLst:Zk
reNotFormula:qTa
asc_addReply:Daa
FileName:Pja
txDef:jia
changeSelectionStartPointRightClick:aBa
asc_putCol:ML
InsideV:iK
CurrentFont:TJ
_isWholeFragment:ita
codePages:kBa
moveRangeHandle:lga
tag:Oh
SetShadow:yK
base_root:aca
calculateType:WMa
load_field:nEa
_resizable:hs
platformID:XU
MORE_COMPONENTS:Ika
put_lineendsize:Xga
ChartRangeRows:B4
WriteFonts:ypa
SetConfig:HKa
Data:lP
serv_id:WGa
darkkhaki:wOa
MIAP_HACK_RULES_SIZE:Eka
load_bhed:zfa
original_data:zf
_labels_above_decimals:kta
lockState:Sy
both_x_axis:dS
SortState:fl
LineBeginStyle:a6
numberToCSSColor:HU
m_bGlobalLockEditCell:vI
getProperties:lg
valWithFormat:U3
graphArea:XM
VmlDrawing:fLa
PresentationFormat:y6
setDefault:UTa
num_table:ySa
turquoise:GUa
encoding_table:SA
_countTags:E9
nRightOffset:MN
italicAngle:hEa
drawArrow:ul
shrink:Lj
registry:qO
WriteTableCustomStyleElements:tqa
sFormat:iV
tocString:gh
_getFragmentsLength:bL
getLineInfo:UH
TryRead:ZKa
SKIP_IUP_RULES_SIZE:Fna
Internal_GetEndPos:EJa
NORMAL_ROUND_Rules:Qka
ReadGrSpPr:hma
_WriteUChar2:C8
_WriteUChar1:bp
copyCellValue:Uca
saveChanges:kV
insertFormulaInEditor:Yea
addChartDrawingObject:haa
sFormula:Ie
findCell:v0
SetState:bG
isLockAllOther:kfa
EMBOLDEN_Rules:Lja
hyperlinkUrl:FT
_onDeleteDrawingObjectDone:Pta
setBold:sm
asc_moveWorksheet:Sya
asc_setLeft:SG
undoMode:BJ
ChartStyleId:F4
isAbsolute:ck
guiFonts:xT
SavePoint:Uz
put_linejoin:Yga
scrollD:LGa
ReadFontRef:L6
COMPATIBLE_WIDTHS_RULES_SIZE:dja
isComma:bfa
_findCursorPosition:T9
isCoAuthoring:afa
dTopMM:oM
GetDoubleLE:ih
font_program:XS
maxIDefs:Wfa
_IsBlockElem:GX
_onAutoFiltersClick:Fta
imageUrl:Co
sFormulaCA:jV
SKIP_NONPIXEL_Y_MOVES_Rules_Exceptions:Kna
setDefaultFont:EO
__offsetx__:bra
resize:gV
local_subrs_offset:dU
_renameTableColumn:CG
_isThinBorder:hta
ARGS_ARE_WORDS:Z3
maxStorage:T1
_mt:fp
font_bbox:wk
cellId:od
workbook:V
asc_getMarkerSize:Ixa
UpdateSize:Goa
rangeChars:aGa
kern_table:$T
adobe_std_encoding:maa
redo_function:$I
asc_getDocumentFlag:gw
asc_setChartEditorFlag:tza
setFocusDrawingObject:$Ga
_scale_thousand:hR
ReadSpPr:Rx
StyleBorder:y7
CustomFiltersObj:yh
changeStyle:bBa
AppVersion:d4
WriteFilterColumn:tpa
_contextmenu_submenu:ZX
getNodesLength:WCa
_editFilterAfterInsertColumn:zt
extraClrSchemeLst:GH
m_arrNeedUnlock:vq
_removeChars:Up
optionId:zga
selectDrawingObjectEx:SGa
LineWidth:JW
pclt:VU
VectorMemoryForPrint:vj
_idToRange:Ue
calcNearestPt:v_
NewThread:OW
oWorkbook:SI
countDrawingObjects:Lg
DxfId:uP
dataHandler:QBa
evt_mouseout:lCa
_exploded:vf
_circle_stroke:Pra
_onWindowKeyUp:LY
indexWorksheet:Sea
orgs:Ps
FirstLine:x5
_initCellsArea:uG
dict:uH
__context__:$qa
documentOpenOptions:RD
Wave_inner_iterator:Loa
getFontMetrix:CPa
ConditionSortBy:c5
Vml:Y7
_isVisibleY:g$
is3D:t1
deeppink:IOa
asc_getShrinkToFit:aya
_onWSSelectionChanged:qA
ReadViewProps:tKa
ChartLegendShow:y4
_isVisibleX:f$
aDxfs:Jm
asc_getY:LL
lastKeyCode:iN
asc_getX:KL
Wave:Joa
notEditCell:fFa
FontBBox:tv
asc_setFilter2:hba
ReadHyperlink:XW
_parseRangeStr:PY
SetDefaultFont:XP
DrawIEShadow:Lz
asc_setFilter1:gba
bAddMinusIfNes:WL
m_dWidthMM:Kfa
CurrencyString:SJ
FromTo:wW
ps_get_font_info:gTa
asc_setTop:UG
char_var_index:dBa
glyph_init:$0
WriteFmtScheme:wpa
func_project:jq
TempImage:KC
latin:bU
WriteCustomFilters:epa
__originalx__:dra
linearHoriAdvance:Is
curRect:Hh
showMasterPhAnim:lJ
steelblue:oUa
GetUShort:fb
User:Tq
Bullet:k4
lastSendInfoRange:wE
startCellMoveResizeRange2:Zn
asc_CFormulaGroup:Vva
WriteBasicChart:Roa
saddlebrown:CTa
textFit:zHa
HideTooltip:DP
get_canChangeArrows:rDa
created:ada
levels:sI
bl2:aH
tooltips:kv
ReadStylesContent:Tma
aCommentsCoords:qR
font_map:WS
Geometry:hn
left_bearing:ff
toDelete:HV
Draw:sb
objects:Io
WritePageSetup:Ppa
ShapeTextBoxContent:jX
setFill:hk
_updateDrawingObjectDone:V$
formulaToRange:bT
commentIconColor:pBa
m_bIsSaveIndex:zE
subrs_block:Wha
Short_To_UShort:LKa
moveSheet:d2
ReadCSld:TW
WriteGuides:Bpa
dTopPX:OD
__background_image__:MK
m_oCanvas:bz
Descender:rv
mediumslateblue:URa
asc_hideRows:Bya
asc_addChartDrawingObject:mwa
char_name:nS
secondColumnSubheading:yO
ApplyFill:Via
returnNode:yTa
oldVal:ta
_makeFont:t$
short_metrics:GO
Skip2:X
invert:PDa
f_type:s0
glyphIns:kE
local_subrs_index:tI
asc_getHeightPX:sxa
fontInfos:Ay
ctDrawImage:FNa
asc_getRowsFlag:Xxa
ReadGrFrame:P6
numFormatStr:Pu
asc_getResult:Uxa
dpiY:yda
bTimePeriod:Zba
sids:Qe
get_table:wDa
dpiX:xda
_serverHost:Oua
addRows:wva
asc_findText:Lwa
get_texture_id:xea
asc_getCellInfo:Rwa
isLocked:lfa
maxMemType1:JEa
selectionArray:OTa
t1_cmap_classes:bia
GS:C
searchingArray:MTa
_create_SPH_TweakRule:ka
_onShowComments:rua
KernPairs:dl
get_background:qDa
_units_pre:Ii
WritePathLst:Rpa
clearRecalcIndex:Mca
asc_getBold:Jaa
to_bytes:DHa
leftFieldInPt:Nw
_drawActiveHeaders:psa
ReadFormula:bma
afm_data:nD
advance_Height_Max:naa
_recalcRangeByInsertRowsAndColumns:RY
FromToCell:F5
palevioletred:SSa
__steps__:tQ
Pie:Px
countSizePairs:$ca
LoadDocument:xka
WriteTableCustomStyles:uqa
num_subglyphs:Ui
colors:rb
sync_InitEditorThemes:rUa
GetUShortLE:J5
__text__:uQ
lastColumn:Lw
asc_selectComment:PL
WriteLn:r8
fgClr:xo
ctFontSize:fda
getMouseXY:wg
sign:cC
SKIP_OFFPIXEL_Y_MOVES_RULES_EXCEPTIONS_SIZE:Lna
DateAndTime:i5
_animation_grow_factor:cp
getLnStyle:GPa
X_SCALING_RULES_SIZE:Uqa
firstHeaderCell:mu
asc_drawingObjectsExist:Gwa
worksheetDefaults:TV
Bipolar:Zia
StartMousePosition:Gv
WriteHyperlink:EX
getValue:j
AllStyles:Kz
secondRowStripe:Yk
measure:MEa
ReadDefinedNames:Nla
getPrevWord:P0
resetSize:vGa
HBlinds:K5
ReadGeomRect:gma
_fetchCellCacheText:vsa
offsetToCoord:wga
ySuperscriptXSize:pIa
_makeCellValuesHtml:s$
ReadDrawing:H6
startCol:Ta
OVERLAP_COMPOUND:ZJa
prepareToChangeTheme2:cTa
asc_setCellPercentFormat:kza
symmetrical_smoothing:$ha
newVal:Ba
rightFieldInPt:oha
kern_avail_bits:B1
WriteNum:s8
_cleanCache:jG
asc_removeComment:OL
_CoAuthoringApi:uf
unicodes_char_next:oia
InitStyleManager:nka
attrRemovePersonalInfoOnSave:Oba
lnStyleLst:yE
WriteFormula:zpa
Transaction:Xz
NumFmtId:YJa
hdr:Qea
asc_CBorders:Kva
isFixedPitch:ffa
getInnerOffsetTop:Ey
_applyFirstLoadChanges:U8
ReadFilterColumns:Xla
ReadWorksheetCols:rna
curCell:V_
_line_stepped:vta
_xaxis:dZ
innertext:Xea
getClassType:WA
copyWorksheet:yS
changeSelectionEndPoint:xca
ToCol:I7
Bg:ei
syncCollaborativeChanges:uHa
_updateTopLineCurPos:nR
_coAuthoringSetServerUrl:C9
asc_putId:Wya
asc_setCellDelimitedFormat:eza
_annotate_color:S8
sTime:cv
_findCloneElement:S9
ReadLong:kKa
tomato:DUa
isErased:kI
ps_get_font_value:iTa
GetStyleName:xJa
Cells:sC
ReadTables:dna
_noredraw:A$
font_program_size:YS
moccasin:kSa
activeCellBorderColor:gaa
asc_isWorksheetLockedOrDeleted:Oya
documentUrl:tM
clrMap:lp
hex:Ds
Pen:cla
absolute_offsize:daa
blend:zd
IndexCut:gK
__startx__:fra
bodyStyle:fca
usMaxContext:tia
cache_fd:ica
minimum_distance:DI
WriteSeriesNumCacheValues:bqa
_contextmenu_bg:IQ
SetStandartFonts:Yna
yMax_Extent:hIa
GenerateTableWriteGrid:Wja
isFormula:Fs
darkmagenta:xOa
Color:Ld
scaling:lx
to_token_array:xJ
SetClip:HC
sortComments:mHa
other_blues:bO
extension_component:nCa
_getCellFlags:dD
changeCellRange:mS
horizontal:Nn
startCollaborationEditing:y3
rsb_delta:CGa
WriteParagraphField:Qpa
cur_group:LD
pointer:gO
halfTextHeight:Qb
getCommentsCoords:hT
_xscale_formatter:oR
cvt_ready:QA
isMobile:DQa
paneWidth:eF
SKIP_OFFPIXEL_Y_MOVES_Rules_Exceptions:Ona
getUnits:nea
design_points:sw
ReadDefinedName:Mla
lightgoldenrodyellow:SQa
_splitFragment:XY
ROUND_NONPIXEL_Y_MOVES_RULES_SIZE:kla
WriteCell:Voa
bdf:bca
black_spans:MMa
oDefaultQuotePrefix:CSa
asc_CFormula:Uva
ClearFontsRasterCache:qja
num_selectors:u2
Layouts:IP
WriteAh:Poa
changeAllFOnTable:D_
ReadRun:Fma
sheetid:nF
asc_getGridFlag:qxa
isSelectDrawingObject:lr
font_offset:Rm
_backdrop:tra
g_standart_fonts_thumbnail:zCa
antiquewhite:oMa
filledCurvyRect:qCa
ReadBorders:ula
pairCount:SU
pen:WSa
zp0:ab
zp1:pb
zp2:eb
_setFormatProperty:O$
asc_SendControlColors:gwa
WriteBg:Soa
num_locations:GB
asc_getName:GL
font_face:Jda
cubic_to:hda
asc_addAutoFilter:lwa
bcr:Ea
_mift:kL
asc_getUserId:kw
_onScrollReinitialize:gua
isVis:Hs
isLockedComment:VT
asc_getSubscript:iya
m_arrayCommands:zRa
Slide:s7
ChartLegendOverlay:w4
attrBookmarkIdSeed:Jba
Refresh_RecalcData:xKa
num_round:qm
MarkerSymbol:n6
honeydew:mQa
fontScale:z0
maxMemType42:KEa
Thumbnail:H7
StartClipPath:bQ
embedded_cut_manager:ty
angles:ud
addEdge2:fMa
point_cnt:YU
rx_percent:FGa
_getArray:gA
setCellEditMode:Dp
enableKeyEvents:uw
ImageMap:yC
font_dict_index:A0
SetTextMatrix:Vz
isGray:Pn
psaux:xz
beg:Km
SKIP_INLINE_DELTAS_RULES_SIZE:Dna
_key_shadow_color:l$
IP:he
_fetchCellCache:R9
asc_setxValFormula:g_
teal:tUa
scrollPositionX:MGa
BBox:g4
_color:il
scrollPositionY:NGa
asyncImageEndLoadedBackground:Gba
ReleaseFrame:zKa
requires:UB
_numxticks:aR
aNums:cMa
_moveResizeRangeHandle:YQ
_onApplyChanges:Eta
asc_getTopOffset:HZ
Id:Ab
asc_getSeria:Zxa
Italic:Il
Effects:xa
WriteLegend:Dpa
header_size:j1
_frames:Bsa
g_font_infos:Rda
In:mka
PagePrintOptions:Sh
Database:h5
storeSize:xV
WriteItemWithLength:Gm
GetULong:S
getSelectedRange:ZA
asc_setIsChecked:kba
autoFiltersObject:Yt
axisWidth:ol
func_read_cvt:OM
_grouping:Tv
font_dict:Aj
render_glyph:jha
Jc:Nz
asc_setStyleId:Tza
palegoldenrod:PSa
_onMouseWheel:Vta
ReadRow:Ema
minMemType1:OEa
isformatCellScOy:rfa
nNumMapIndex:pga
WriteHF:DX
asc_setImageUrl:jba
FromColOff:C5
asc_Paste:dwa
graphicObject:d1
bgr:eca
asc_getWorkbookComments:tya
version_minor:V3
_background_grid_autofit_align:yra
pCurrPos:Qc
locals:lN
GetDays:pJa
WriteReplies:Xpa
m_oFontManager:Fj
navy:oSa
stem:pHa
ctEndCommand:ABa
VMerge:pX
crc32:oNa
scrollerMinWidth:Bha
RotateRadAppend:DKa
CellValueData:u4
ctEdgeAlpha:HNa
asc_setCol:PZ
num_names:GU
getWordChartObject:iDa
width_3px:$O
auto_hinter:Uba
tryConvert:Pj
delta_base:rH
ndv_idx:rga
m_nNum_charmaps:yI
_drawSelectionRange:K9
asc_openChartSpreadsheet:Uya
documentTitle:wH
pasteText:Lga
scrollPagePercent:wha
Tx:Qp
CreateStream:RIa
_recalcType:Zx
cache_count:t_
addRow:ks
lastCellAddress:mr
_cleanElement:FQ
showOverlayDrawingObject:cUa
_calcLineMetrics:UX
isPlaceholder:kr
cur_values:lM
arrCols:ok
get_linejoin:vea
synthetic_base:aia
documentOrigin:GS
TableBLCell:joa
max_advance_width:GE
clipRects:Lk
Layout:zh
num_ranges:dx
m_nSymbolic:zI
_shiftVisibleRange:Q$
bIsLoadDocumentFirst:zA
asc_CCellRect:Ova
put_background:UFa
Class:hP
_drawFormulaRange:eY
asc_getZoom:Waa
asc_getSizeWithCells:Saa
load_maxp:tEa
HideContextSubmenu:CP
ReadLongLE:lKa
_onSelectionNameChanged:IY
_colWidthToCharCount:GQ
Y1:Xqa
_xAxisTitle:Zg
Y2:tLa
asc_getLeftOffset:zZ
_cells:ue
_title_yaxis_position:Yua
Y0:Wqa
lvl4pPr:tRa
TypeFamily:Doa
bulletSize:Xq
asc_getDefaultTitleFlag:tZ
WE_HAVE_AN_XY_SCALE:qX
get_t1_funcs:ZPa
Image:yi
WriteCSld:FK
lockComment:J1
setStartPointDrawingObject:eHa
gold:dQa
IntToUInt:ag
_events_mousemove:Bt
lockAllPosLeft:H1
texture_id:fia
X0:Sqa
Items:Xo
X1:Tqa
X2:rLa
headEnd:gg
WriteFontRef:CX
TableBand2Horz:noa
ReadUniColor:Sx
ThemeIndex:mX
pp4:vh
DrawTick:tP
_changeContentButton:q9
unicodes_char_index:nia
pp1:Cg
asc_setSelectedDrawingObjectLayer:Qza
CoAuthoringApi:Ef
Title:sg
pp3:Dg
pp2:Lh
DocumentRenderer:$e
asc_CCommentData:waa
DynamicFilter:sW
Hour:fK
dragMinY:vM
dragMinX:KS
ReadSheetFormatPr:Nma
charstrings_offset:oS
_recalcLockArray:K$
addEdge:jaa
oldXfrmRot:G2
getFontSize:MCa
themes_info_editor:AHa
finalizer:ZOa
lightsalmon:WQa
hasText:iQa
ClearRasterMemory:sja
sbit_num_strikes:GTa
Open:Yka
_WriteLimit1:B8
chOffY:cq
_WriteLimit2:mk
chOffX:bq
put_Api:Uga
ps_get_font_private:hTa
num_family_blues:SN
memory_size:$Ra
textValueForEdit2:vJ
_isHiddenAnotherFilter:bta
ColorSchemeId:MIa
ReadShd:oKa
isFunc:WDa
hyperLink:m1
asc_setTooltip:e_
_utf8_decode:cva
Pr:kk
_isEqualRange:Zsa
askLock:h_
getScale:Tk
GetBBox2:Yja
_background_circles_poly:KLa
getActiveCellLock:Wda
getRealLeftOffset:mq
needDrawingObjects:cFa
add_point:iMa
_addCustomFilters:hra
hdmx_record_size:HDa
oNewVal:Bq
moveRangeId:lSa
free_hdmx_stub:iPa
_xaxispos:Kb
Alloc:Uf
_getSignTags:Msa
Internal_Content_Add:eo
canResize:XMa
numid:HB
m_nGlyphsCount:eh
cell_next:DD
commentCoords:uS
asc_setGridLines:RZ
_insertImages:b$
pts:Bd
_updateCellsRange:qo
AutoFilter:Wa
_getPPIY:lh
_getPPIX:kh
nCurSequenceIndex:KE
get_linebeginsize:qea
cap:Vl
afm_parser_funcs:yL
asc_getBorders:Pwa
xVal:Bm
asc_setSheet:c_
AddClipRect:Lq
cleanHighlightedHeaders:Jca
isUseEmbeddedCutFonts:oI
ExitFrame:rd
yAxis:cc
getHeight:ak
lUnicode:mB
WriteTextParagraphPr:w8
Transform:Fm
close_contour:fNa
glyph_hints:ZH
m_oLastFont:CE
pageFieldLabels:cO
DocumentType:ZIa
Company:a5
numRanges:s2
lev_stack:lEa
asyncImagesDocumentStartLoaded:DMa
ReadGeomCxn:dma
setItalic:um
transform_delta:zJ
asc_setIsCustomFilter:lba
asc_SendThemeColors:jwa
CurrentFindFileParse:uC
weightNode:ZO
getCellMetrics:I0
__index2__:ara
S4:Tz
scrollerMouseUp:OGa
ReadShort:pKa
coverage:T_
asc_setLegend:Iza
Bold:Hl
avLst:tAa
releaseLocks:k3
free_psnames:kPa
Save:d7
oFontMap:LB
_Start:wLa
Styles:doa
asc_removeSeries:Xya
setNumFormat:Xi
_key_shadow:j$
ReadClrOverride:E6
ReadTableColumn:Uma
DrawingObjects:$Ia
attrServerZoom:Rba
oNegativeFormat:Tu
aTextValue2:tL
asc_unregisterCallback:iAa
extensions:MS
max_cid:BI
nBorderMapIndex:nga
offsetCol:$b
showCursor:gHa
copyToClipboard:Zca
_getBordersCache:pG
m_arrChanges:pN
ReadFmtScheme:Zla
COMPATIBILITY_MODE_Rules:cja
_background_circles:W8
callback_OnLocksReleased:IAa
ReadTcBdr:ena
ttfautohinted:LV
_curvy:ksa
isOfficeExcel:im
isError:fN
_updateEditorState:W$
cmap_size:IA
axisSize:Xba
data_arr:lda
LocalSheetId:i6
blend_bitflags:OMa
getCanvas:H0
ReadPageMargins:wma
imagesPath:tQa
ImageTop:TF
horiResolution:eB
formatType:By
_asc_open:ora
getValueWithoutFormat:rc
oFormulaExt:fk
nWidth:yp
subscript:Xha
fVertAdvance:MH
argumentsCurrent:kg
_labels_above_angle:Gt
getSelectedDrawingObjectId:YCa
radius:Rb
setStrikeout:wm
map_table_styles:Qfa
aqua:pMa
fmtScheme:Qm
num_namedstyles:UE
ReadFontCollection:K6
WriteSi:fqa
_l:un
a0:fZ
_background_grid_vlines:Z8
cornsilk:mNa
m_bUseCIDs:ARa
_m:mA
asc_setHeight:QG
bsw:yAa
block:qk
m_lWidthPix:Mfa
drawCommentCells:Nk
_c:yQ
ReadFilterColumn:Wla
unique_id:XO
_x:fva
len_buildchar:lm
askSaveChanges:NR
_height:Qsa
_y:lva
_z:pR
lineGap:fRa
vert_metrics:OUa
asc_cleanWorksheet:twa
_asc_setWorksheetRange:qra
a1:gZ
__contextmenu__:E8
_updateUndoRedoChanged:Y$
aRight:Xp
_s:jD
DefaultPivotStyle:kW
func_write_cvt:F0
Formula:Dc
asc_getHyperlinkUrl:xZ
getPPIX:tu
getPPIY:aE
_getRowCache:Ksa
_hasNumberValueInActiveRange:Osa
theme:bj
_onWindowKeyDown:JY
read_width:dV
cellanchorOneCell:kS
degree:oda
isChartAreaEditMode:jB
tocNumber:ca
arrActiveFormulaRanges:Xe
SetTrans:$na
onSaveCallback:xga
mediumaquamarine:PRa
__original_hmargin__:J8
swAng:qUa
canvasOuter:ny
m_dTextScale:rN
CPagePrint:hja
AddToMergedAndHyperlink:YV
reNL:$ga
NeedStyles:Bv
_ylabels_inside:ey
m_arrayPages:Kh
setSelectedDrawingObjectLayer:cHa
asyncImagesDocumentEndLoaded:mAa
g_script_loader:yCa
preserve:iO
isNumber:uE
_title_left:Vua
_drawCollaborativeElementsMeOther:I9
subTitle:ym
nodeId:gc
bRow:qD
asc_setCellFontName:gza
_moveActiveCellToOffset:xta
load_any:hRa
sTypoDescender:wO
_yAxisTitle:wf
FontMetrics:jJa
Draw3DAxes:l5
fVal:yM
asc_coAuthoringChatGetMessages:uwa
seagreen:LTa
_background_grid_autofit:xra
_onSaveLock:eua
SetBBox:WP
_key_text_size:kA
_backdrop_size:vra
charstrings_len:G_
DrawBackgroundImage1:Hja
WriteClrScheme:f8
Seek2:Pa
doubleDecodeLE754:$Ba
offX:Ij
offY:Ak
seashell:NTa
stretch:Hp
onMessage:gx
horz_metrics_offset:pQa
xfrm:hc
strid:dC
max_advance:wp
lenIV:km
Meter:Lka
_moveCursor:Im
linear_def:jN
asc_getFormulasInfo:pxa
_copyPasteCorrectString:Yra
_onSetShiftKey:pua
closeCellEditor:Nca
user_data:YHa
setDefaultFontFromFmt:ZGa
operatorValue:hx
m_nMinY:az
asc_getHeightMM:vZ
control_len:JD
m_nMinX:$y
gasp:ZD
psnames:Xk
asc_onMouseUp:Tya
array_sum:cf
ReadLegendLayout:lma
native_hinting:mSa
CustomFilters:cl
isUnifill:EQa
ReadColor:Cla
asc_emptyCells:Iwa
asc_setRight:TG
ptToPx:ZI
hdmx_record_sizes:Oea
aRawFormat:Nf
m_oBrush:nm
asc_isDocumentModified:Xaa
_getCell:ii
CharacterComplement:nja
begin:so
caret_offset:qca
oBorderMap:IB
Name:tb
Filters:gn
charstrings_block:Bca
Pos:jk
getCellTop:vc
max_contours:Vw
subType:dd
RemoveRect:vna
HyperlinksChanged:N5
user:XHa
height_1px:hd
storage:Ez
lengh:OQa
_onStopCellEditing:iD
xHeight:eIa
store:B3
GetChar:af
columns:of
bHidden:Yj
m_oFontMatrix:nU
CPrintPagesData:ija
axisHeight:Wba
g_font_loader:Sda
Path:bla
showPNG:dUa
tt_metrics:Yf
objectRender:Ob
fm:x0
setFillStyle:xi
cur_gindex:En
_onStartCoAuthoring:uua
lightblue:PQa
asc_getWidthMM:IZ
fs:zc
asc_CHyperlink:Wva
_check_loaded:y9
_border_color:f9
_onSetFontAttributes:nua
cleanFormulaRanges:iBa
glyph_offset:lE
ctShadowVisible:oOa
asc_CCSVOptions:sMa
to_coord_array:AUa
hf:cI
Reserved:xna
hd:Zb
charCount:FD
Reserved1:$W
asc_applyAutoFilter:pwa
ReadWorkbookPr:nna
Reserved3:bX
face_object_size:Hda
Reserved2:aX
Index:Gc
WriteViewProps:Gqa
RasterMemory:Qx
Reserved4:cX
blankRow:aM
paste:HFa
TypeFace:Coa
getWorksheetById:Ce
dayWeek:mda
Gutter:ht
hR:hQa
free_charmap_stub:fPa
GrState:Nq
_calcTextWidth:Kra
ReadCell:UW
pasteAsText:IFa
Mods:Hc
dt:Bda
attrStrictFirstAndLastChars:Tba
du:yc
dx:h0
getRange:zb
dy:j0
language_group:hN
Write_cNvPr:Pqa
ea:Cda
load_face:Bfa
_onPreviousLocks:$ta
checkOffset:fBa
grapharea:Qa
dd:xc
df:sM
pad2:OSa
pad1:NSa
CalcChainItem:m4
Create:HF
current:Pd
WE_HAVE_A_2X2:rX
papayawhip:TSa
ds:wM
anchorCtr:Rt
ImageBottom:BW
Redraw:Gk
look:uq
fX:ju
asc_complete:ywa
ex:LS
fY:ku
textFlags:El
bMoveWithCells:VR
ReadColorSpreadsheet:NP
ey:NS
MultiplyAppend:NW
addImageDrawingObject:wL
WriteUniFill:qn
SavePen:wK
Ind:Jx
operator:sr
dependencyFormulas:Pf
asc_getReply:Raa
getFontFamily:KCa
chocolate:eNa
dxfs:i0
DELTAP_RDTG_RULES_SIZE:TIa
FontFamily:ye
STROKE_COLOR:c7
rasterizer_version:gF
_ticksize:Wf
glyph_copy:Dea
changeSelectionMoveResizeRangeHandle:$Aa
ReadTableStyles:QP
nActive:Ag
Flags:z5
notes:qSa
drawForPrint:zda
Line:Ah
selectionTimer:q3
ca:zD
asc_getWidthPX:rya
get_glyph_metrics:gE
aComporationFormats:yn
needI:zB
needR:AB
asc_getSolved:IL
bx:zAa
argumentsMin:Gb
bs:Z
_type:Ql
m_bNeedDoBold:or
asc_DownloadAs:zaa
COURIER_NEW_2_HACK_Rules:gja
bl:ah
pageSetup:O2
maroon:JRa
needB:xB
bg:ie
changeColumnWidth:TAa
LineJoin:Oz
WriteParagraph:t8
instanceCount:PT
bc:ZL
MaxVal:p6
initTableStyle:Tea
getRow:fc
ColId:bl
ang:nMa
asc_getRow:Kk
TextPr:Tj
offlineModeInit:nFa
cursorTID:Y_
aSharedStrings:uR
ctShadowDistanceX:mOa
pageClipRectHeight:Dga
calculateMatchedTypes:VMa
cy:uk
ctShadowDistanceY:nOa
cx:tk
cs:cda
getViewerMode:pT
isMoveRangeMode:jr
m_dDpiY:kU
callSize:HA
m_dDpiX:jU
maximum:Iu
themeElements:Sg
getProperty:fg
erasedRB:EH
getVisibleHeight:As
bSizeWithCells:YR
advancedOptionsAction:Qt
dF:a0
phase:Bp
darkolivegreen:yOa
vertical_info:xF
TableFirstRow:qoa
__original_width__:sQ
asc_mergeCells:Qya
callback_OnFirstLoadChanges:HAa
cursorePos:Z_
isResizeMode:Iw
Brush:$ia
max_elems:EN
doMouseDblClick:vda
NO_ALIGNRP_AFTER_IUP_RULES_SIZE:Rka
num_kern_pairs:tSa
firstColumn:lu
changeSelectionMoveRangeHandle:ZAa
showOverlayDrawingObjects:jHa
beige:GMa
ReadTextListStyle:sK
init_size:KT
ReadTableStylePart:Qq
userIdAllProps:S3
CurrentLoadThemeIndex:iW
index_format:pE
metric_Data_Format:V1
codeSize:JA
num_groups:VN
getRowHeight:Fw
FixEventObject:Se
applyMoveRangeHandle:Cva
setFocus:an
g_cAscCoAuthoringUrl:fT
asc_getHyperlink:wZ
idx:Pe
_moveRangeHandleDone:y$
SetFont:YP
raster_memory:bV
ar:Eva
_msgBuffer:ZQ
aw:uAa
isIntersectionInRows:jfa
xScale:aP
c1:d
Calculate:Da
c2:f
asc_getWorksheetId:uya
free_name:jPa
tuplecount:AJ
private_size:kO
_onGetLock:C$
userIdAllSheet:T3
isChangedDrawingObject:RDa
ReadClrMap:VW
ah:Ava
TrackKerns:Ur
numEvents:gFa
ulCodePageRange1:N3
InitSize:U5
ctPenSize:MBa
_onMessages:D$
WriteWorksheetsContent:Nqa
_largexticks:r$
ChartyAxisGrid:P4
isLockedDrawingObject:bEa
ulCodePageRange2:O3
GetLength:tJa
LoadString:NJa
_LoadImages:HX
asc_setHyperlinkCol:Cza
Statistical:v7
image_size:o1
stringLength:Fr
Set_Props:KKa
lstStyle:fU
ok:pFa
Master:ho
TableParts:bb
pH:K2
aca:ova
numCol:KI
darkviolet:HOa
pV:L2
asc_setRowsFlag:Pza
g_debug_mode:qPa
xMin:jd
ycount:WV
Redo:el
prstDash:wz
_cleanText:Rra
changeLayout:$Ma
_onConnectionStateChanged:Ota
Rect:pt
elementText:Mi
Read2:eKa
month:IE
r1:b
po:$Sa
ph:Wd
comment:N_
darkcyan:sOa
Read1:lc
asc_ApplyColorScheme:taa
expert:mCa
lo:tp
put_transparent:XFa
ln:Rn
reSpace:jGa
lm:Pw
compatible_widths:O_
expandRowsOnScroll:am
Second:fX
_onMouseDblClick:lL
firstCellAddress:br
_key_rounded:gD
ReadSortCondition:Rma
ROUND_XY_TO_GRID:nla
DrawKey_gutter:Jja
ReadParagraph:T6
aCollaborativeChangeElements:Zv
_highlight_style:Rsa
HMode:CJa
parse_charstrings:GFa
m_oDefaultFont:mU
moveble:Lu
evt_mousedown:kCa
asc_CLockInfo:Wt
fillHandleBorderColorSelect:pCa
addFormulaRange:uva
aSequence:bw
mm:UEa
del2:WBa
del1:VBa
_drawFilterMark:tsa
aCurDigits:tA
ms:mga
titleStyle:gia
maxRowHeight:FE
Timer:VKa
nY:CU
nX:Ou
spliceWorksheet:Sha
m_pDefaultFont:Ze
formatString:vs
sheetId:we
getInnerOffsetLeft:Dy
_WriteString1:Sd
asyncImagesEndLoaded:nAa
_WriteString2:jf
kern_order_bits:tfa
selectionType:Dha
_background_grid_color:iG
compiledShapes:qBa
_resize_handle_adjust:DG
TableTLCell:voa
Write_ph:Rqa
nl:DU
ChartRangeInterval:A4
ctPathCommandLineTo:HBa
glyph_locations_stub:cQa
asc_setCellUnderline:rza
img:aN
palette:eO
sync_InitEditorFonts:vHa
italic:sfa
LoadEmbeddedFonts:KJa
checkDrawingObjectIndex:qs
getPhType:KPa
StrokeWeight:coa
gloader:oq
asc_insertCells:Eya
Iso8601ToDate:tka
_participants:dR
num_axis:Kf
TableBRCell:koa
helpMasterEdges:kQa
_align:cA
getSizeById:aDa
oDefaultFont:BSa
hyperlink:bk
_line_shadow_blur:rta
count_offset:iM
__starty__:gra
NORMAL_ROUND_RULES_SIZE:Pka
gids:rT
getFontMetrics:LCa
Fuel:Uja
Size:$c
isParsed:WT
kx:qI
ky:Qy
lvl6pPr:vRa
InstallUserMousemoveListener:jt
load_charmap_stub:iRa
_eraseCellRightBorder:hY
recalculate:rTa
bit_test:KMa
maxComponentElements:Rfa
WriteFileHeader:qpa
achVendID:uL
MarkerSize:m6
outputDebugStr:DFa
standard_height:MO
rowOff:Cf
argumentsMax:Fb
memset_p:bSa
ChartLegendPosition:x4
_stroke:XLa
ftype:iq
ctShadowBlurSize:kOa
cellType:hH
hp:DT
lStorageText:C1
asc_Save:Baa
_calcBorderWidth:Dra
getValueForEdit2:$A
put_url:YFa
skipKeyPress:Dr
storage_size:OO
hi:bB
Slides:Wz
asc_setZoom:Eba
dataObj:pM
CustomWidth:Zf
ih:$d
defaultRowDescender:CS
pageWidth:QU
_calcTextVertPos:n9
ReadTablePr:$ma
preset:ZU
ChartType:J4
StyleFill:A7
deleteDrawingObject:rM
ARGS_ARE_XY_VALUES:a4
DrawAboveLabels:oW
__original_values__:rQ
Hyperlink:cj
nActionType:wB
_crosshairs_coords:csa
iv:me
_editorPaste:M9
_getAutoFilterArray:Esa
_calcMFT:WX
calculatedType:gS
m_bUseDefaultFont:pB
wsViews:bo
profileTime:eTa
asc_getDiagUp:cxa
AddLoadFonts:XV
p_color:OU
erasedLB:DH
transform_flags:jC
serv_data:VGa
_count:D9
violet:RUa
HidePalette:AW
WriteNumFmts:Mpa
asc_closeCellEditor:Gaa
compatibility_mode:KA
local:cU
width_1px:Sc
StyleNum:C7
rPr:RB
asc_getSheet:CZ
WriteLineEnd:q8
width_2px:rj
cvtSize:ND
ColorBackNone:Y4
WriteTextRect:Bqa
number_Of_VMetrics:QI
c_maxPagesCount:AAa
getBar:em
isViewerMode:Fo
bTime:ZR
subfonts:Us
WriteFilters:vpa
asc_StartAction:vA
set_mode:YTa
Translate:CK
asc_getRecommendedSettings:Txa
ReadFilter:Vla
ChartxAxisGrid:L4
_adjustable:OK
free_eblc:gPa
is3DRef:iI
f_id:q0
evt_mousemove:n0
_addFragments:hG
firstData:rCa
y1:Gia
violetred:SUa
Colors:fi
formatCache:B0
ws:Ga
mozImageSmoothingEnabled:e2
asc_setMarkerSymbol:YZ
nHeight:Ks
ctPathCommandGetCurrentPoint:UNa
asc_getHiddenFlag:DR
raster_new:Zga
asc_getMarkerSymbol:Jxa
wb:s
NoShadow:jg
Save_Changes:Qna
__object__:Ra
hor:bh
_isAddNameColumn:c$
gutterLeft:EDa
PreLoadTooltipImages:nt
WriteSeriesMarkers:aqa
SaveGrState:GC
newXfrmFlipH:l2
wR:TUa
_calcHeaderRowHeight:Gra
x1:Dia
__OfficeExcel_valign__:CLa
onSaveChanges:PB
bThousandSep:m_
done_face:HS
va:wd
asc_CUser:xaa
_crosshairs_coords_fixed:esa
callback_OnLocksAcquired:mca
ShowZoomWindow:st
saveUndoRedoDrawingObject:JGa
curFrame:jM
_onShowCellEditorCursor:qua
_noendytick:Ata
darkgray:uOa
diagUp:tda
SKIP_OFFPIXEL_Y_MOVES_Rules:Nna
min_Right_Side_Bearing:SEa
fHoriAdvance:HH
fonts_loading:np
_thumbnail_fixed:pL
hints_globals:Ky
num_family_other_blues:TN
xMax:ce
SheetId:jo
UserId:cG
oAllColXfsId:kFa
m_oContext:Yc
ty:lb
tx:kb
_vdir:$$
redoList:Az
tw:xx
string:PO
asc_insertColumnsAfter:Fya
ctBrushRectable:sNa
newXfrmFlipV:m2
_drawCorner:dY
pasteAsTextButton:JFa
WriteTableCustomStyle:sqa
to:U
oComments:zSa
DO_SHPIX_RULES_SIZE:Eja
asc_getUserName:OG
m_arrDefaultFont:Uy
hue:LDa
index1:gI
lsb_delta:yEa
TableCellPr:hi
LineEndStyle:c6
themes_info_document:yUa
asc_Resize:fwa
asc_setTopPX:Wza
aFonts:bMa
LoadFontAsync2:zka
asc_setCellFinancialFormat:fza
deleteSlaveNodes:MOa
metrics:Ka
min_ey:om
min_ex:xp
_hpos:cs
lightslateblue:ZQa
sy:Oa
sz:BV
sw:rJ
asc_renameWorksheet:Yya
sx:Ja
lawngreen:MQa
asc_getFontName:kxa
num_cells:LI
sm:Ed
ctPenDashOffset:ZNa
nLeft:Yw
bitmap:Fh
ownedLockBlocks:VI
setType:YB
max_before_BL:Yfa
indexB:mi
indexI:oi
_calcCellsTextMetrics:Era
si:px
ignore_unpatented_hinter:sQa
callback_OnUserStateChanged:NAa
TablePr:Bi
newXfrmOffX:n2
newXfrmOffY:o2
getPrevLine:XCa
index2:hB
Read:zi
aFills:aMa
setBorder:wh
offLockMouse:z2
slideMasters:tV
asc_getIsViewerMode:Cxa
X_SCALING_Rules:Vqa
widthBB:cIa
calcInterval:eH
strings:Cl
asc_coAuthoringChatSendMessage:vwa
re:f3
depF:yf
firstSubtotalRow:HM
hsb:dI
getLineCap:QCa
ycells:VV
WriteLineJoin:Fpa
m_lCurrentSize:BRa
BestFit:tf
indexR:pi
delimiterName:rda
_changeSelection2:v9
undoList:$k
_thumbnail_width:rL
ctDrawPath:dda
_addNewFilter:Q8
nvGrpSpPr:Ru
asc_setTopMM:wba
image_offset:$M
asc_getActiveCellCoord:Mwa
getHeightFromTo:lq
WriteCommentData:h8
func_freeProj:oPa
oMedia:lFa
ReadGeometry:O6
ValFormula:U7
WriteSortState:v8
asc_setValFilter1:yba
LoadImageAsync:Aka
asc_setValFilter2:zba
asc_copyWorksheet:zwa
asc_setInterval:Eza
CheckSize:Ek
find_sbit_image:$Oa
nActionNested:JN
hscrollStep:eI
Color1:Jp
Color2:X4
r2:h
pr:QFa
SetUpIndex:j7
num_blue_values:jz
placeHolders:R2
ReplaceCanvasWithDIV:TP
m_bBand_Ver:AEa
asc_showRows:fAa
_hotspot:pY
glyph_delta:Eea
ReadUChar:ot
_encode:P9
subpixel_hinting:AV
load_cut_fonts:mEa
GetLen:sJa
arg:Fva
num_points:VE
getLineWidth:SCa
ChartxAxisTitle:N4
LOAD_MODE:zC
WriteTxBody:Eqa
Showpalette:MKa
asc_setCellBold:cza
line_to:xfa
isCellEditMode:ae
TranslateAppend:YKa
arr:ls
load_hmtx:Dfa
CellTextRender:mja
delta:qH
horz_metrics_size:qQa
top_dict_index:EUa
arrActiveChartsRanges:Ut
getSizeByWH:bDa
oDrawings:JB
set_var_design:$Ta
plum:ZSa
last_ey:xE
asc_clone:Faa
_labels_align:lta
_key_position:SQ
CRecalcIndex:HIa
isValid:jm
_user:bZ
advance_v:jZ
GetBool:W
spcFirstLastPara:hv
measureString:Ju
lnSpcReduction:D1
bIns:Zt
ReadCellProps:yla
prepareCommentsToSave:RFa
activeRange:oa
_vmargin:Nt
raster_set_mode:eGa
_text_size:ee
_cloneFormat:YX
ImageUrl:kka
_create_SPH_ScaleRule:Xd
ReadLineJoin:mma
cloneDrawingObject:fq
_variant:Xj
_checkFonts:x9
callback_OnAuthParticipantsChanged:EAa
WritePresentation:Vpa
_1px_y:FX
documentVKey:xH
freeVector:Mc
_1px_x:A8
isChart:yg
asc_getYAxis:yya
asc_getFontType:mxa
COMPATIBILITY_MODE_RULES_SIZE:bja
apl:zL
_annotatable:Yr
code_last:Rca
apt:AL
refTable:fha
image_format:GT
ReadCNvPr:vla
newData:pSa
cvt_size:mp
ServerIdWaitComplete:hX
magenta:IRa
WritePageMargins:Opa
GetLineWidth:cK
IsIdentical:uj
layoutPageType:wfa
m_fSize:uN
_stepped:YY
asc_CCellInfo:Nva
bDefaultTitle:nd
_setHintsProps:WY
addRowsRange:laa
_getMergedCellIndex:rG
chartPreviewManager:pS
isEmpty:Wh
ctPathCommandEnd:TNa
lastHeaderCell:Au
ImageLeft:FP
sortColFilter:vV
headerRow:Mn
m_dIDet:lU
_onFirstLoadChanges:Tta
WriteDxf:lpa
bShow:XR
asc_setTopOffset:xba
originalCanvasY:AFa
Gauge:Vja
min_Bottom_Side_Bearing:QEa
_defaultcolor:G9
indent:rp
WriteComment:apa
__hmargin__:H8
asc_getFilter1:gxa
_scale_formatter:gR
asc_getFilter2:hxa
asc_showComments:MR
set_sbit_strike_stub:ZTa
tIns:jv
scrollTimeout:nV
_scale_units_pre:WLa
raster_reset:dGa
TotalsRowFunction:O7
rx_currency:DGa
ReadFields:iKa
arrowRepeatFreq:raa
StyleXfs:D7
get_interface:Ao
GetKerning:zP
_isHiddenAnotherFilter2:cta
_updateVisibleRowsCount:HG
originalCanvasX:zFa
hintmask:lQa
inFilter:gB
numIDefs:PE
glyph_code:BDa
ReadRect:Cma
WriteAutoFilter:d8
ctDrawText:zBa
swap_table:sJ
charmap:ph
size_object_size:Oha
array_reverse:Ji
asc_decreaseCellDigitNumbers:Awa
yy:ig
faceIndexB:xw
_font:oG
max_instruction_defs:GN
headings:k1
WriteXfrm:jh
m_dUnitsKoef:sN
nLastFilePos:fz
faceIndexI:zw
num_globals:UN
AddRect:b4
faceIndexR:Aw
Cur_Count:JF
_key_text_font:TLa
asc_setYAxis:bAa
getCursorTypeFromXY:J0
CompositeCommentData:b5
asc_putUserName:NZ
tt_hint_props:$h
_colors_default:Ura
_roundTextMetrics:nL
leftSide:nr
xx:qg
xy:Tg
height_2px:mj
yx:Ug
Text:H
asc_setRow:rba
open_face_PS_from_sfnt_stream:HSa
indexBI:ni
Scatter:f7
sAm:pha
AddAdj:uIa
num_sbit_scales:xSa
getBeginOfText:yPa
asc_coAuthoringGetUsers:xwa
NO_DELTAP_AFTER_IUP_Rules:Wka
navajowhite:nSa
_key_background:h$
_offset_orus:vn
GetUOffset:yJa
arrowDim:BL
m_oFontsCache:cz
RowProp:a7
calculate:AD
get_Url:pDa
Matrix:MW
SetCMapForCharCode:Pr
pageClipRectWidth:cF
scrollTimerId:n3
getResult:MPa
fHeight:wy
olive:FSa
_onUnSaveLock:vua
editChartDrawingObject:Dda
ReadDateGroupItem:Lla
InstallLineTooltipEventListeners:oka
typeface:MV
isClearCell:TDa
SelectRange:xK
clrScheme:Wl
forestgreen:ePa
UpdateCanvas:ug
_filled_range:$C
CLock:l4
_offset_tags:mh
setFormulaEditMode:Br
base_len:nw
fonts_streams:dPa
sortVal:qF
colLetter:pw
ArrayPoints:di
borders:ij
_getSelectedDrawingIndex:Lsa
asc_getFlags:ixa
FILL_TYPE_NOFILL:cJa
sCapHeight:qha
doblend:QD
thistle:zUa
undoAll:LHa
ReadTableCustomStyleElement:Xma
_updateHyperlinksCache:lR
ImageLoader:O5
_wrapFragments:aaa
clip_box:Lm
CreateDublicateM:PIa
commentBorderColor:hNa
LoadDefaultCharAndSymbolicCmapIndex:wka
GetByte:lJa
_findSourceOfCellText:zsa
_tickmarks_dot_color:ZY
xfs:t
App:c4
changeFormulaRange:UAa
_LoadFonts:fG
scrollerMinHeight:Aha
asc_getColumnsFlag:Ywa
codes:HD
TT_CONFIG_OPTION_INTERPRETER_SWITCH:QKa
CheckSum:cW
keywords_encountered:Py
oId:ea
_onUserStateChanged:zua
clrSchemeMap:Oca
array:wb
_saveCallback:Lt
lightyellow:bRa
_locks:ji
layoutShape:jEa
fMinX:UD
fMinY:LH
ReadCalcChainContent:xla
applyMoveResizeRangeHandle:Dva
min_ptsize:Z1
nPercent:g2
unSaveChanges:NV
incremental_interface:dh
LoadScriptAsync:MJa
FontMap:iJa
TT_CONFIG_OPTION_SUBPIXEL_HINTING:Ai
TableWholeTable:E7
StyleAlign:x7
Load_Changes:RJa
Dxfs:Fx
WriteLineBreak:Epa
Content:gi
num_instruction_defs:FU
lockText:Hfa
vMerge:wF
setId:pV
bScientific:WR
ctEdgeVisible:KNa
Range:ga
thirdRowSubheading:SO
purple:kTa
LinksUpToDate:e6
getHelpXML:EPa
conic_to:P_
maxPPEM:LEa
vert_metrics_size:QUa
DrawCrosshairs:rP
m_bIntegerGrid:up
deserializeChart:XBa
asc_setId:RG
ReadFill:J6
ParaDrawing:mK
_onResizeElement:cua
maxSizeOfInstructions:CN
get_lineendsize:tea
_getColumnTitle:hA
deleteMasterNodes:pH
asc_getOverlayFlag:Pxa
caret_Offset:x_
bullet:oh
ReadFile:Tla
notesMasters:rSa
mmToPx:jSa
ChartShowValue:E4
ReadBorder:D6
VBlinds:T7
ChartxAxisShow:M4
ReadTextParagraphPr:W6
scrollHCurrentX:jF
Load:HJa
pasteRange:LFa
height_3px:IDa
settings:Ia
StandartColors:boa
cellEditor:Ye
bssr:hca
_calcColumnWidths:SK
WE_HAVE_INSTR:gLa
copySelection:Yca
MIRP_CVT_ZERO_Rules:Hka
WriteSeriesNumCache:u8
global_pptx_content_writer:zDa
RemoveClip:Sz
getLockByElem:eea
asc_getDelimiterName:axa
Scale:Rna
_getVisibleCell:ep
memcpy_p:NEa
Between:Yia
num_chars:QE
ResetFontMatrix:dX
mousedown:b2
load_strike_metrics:Ffa
getBBox:Jn
nTypeRow:bFa
ReadPos:Ama
asc_getMerge:Kxa
ImageSrc:P5
asc_round:cba
LineCap:JP
notesStyle:sSa
ApplyFont:Wia
WriteTableCustomStyleElement:Th
endWasPressed:UOa
node:pm
avar_segment:VL
scrollVCurrentY:kF
_drawCollaborativeElementsAllLock:rsa
get_mm_var:UPa
resetTransforms:wGa
fromWordArt:ru
setName:r
num_other_blues:XN
cur_end:X_
palegreen:QSa
normalizedcoords:PN
_changeFiltersAfterColumn:u9
fontdata:Lda
__canvas__:Ik
_xlabels_offset:hva
asc_setCodePage:LR
masterEdges:ui
asc_getCol:nl
arrayStackStarts:Vt
themeColor:Ip
getType:Pc
getPrevChar:lea
CommentData:Z4
m_unVerDpi:Pfa
_onCommentCellClick:Nta
asyncImagesStartLoaded:EMa
load_points:Cu
MozBoxShadow:AC
preserve_pps:Pga
offsetToData:UI
isOneTable:ofa
_xlabels_inside:baa
Write_ToBinary2:Md
Template:F7
offsets:Wk
unselectDrawingObjects:DJ
slategray:iUa
_getRowTitle:eD
main:P1
Magic_Number:Jka
insertChart:hI
Tabs:cQ
orangered:JSa
_chartTitle:Gd
num_kern_tables:tga
getTextMetrics:VH
ctPathCommandClose:FBa
getDrawingObjectByCoords:APa
_events:mG
reFormula:pTa
pshinter:YI
VertAlign:Ioa
targetInfo:Fg
ctPenColor:LBa
asc_getGridLines:BR
last_glyph:aU
bottomFieldInPt:gca
num_subfonts:Qu
Shadow:qt
off_orus:NB
Read_FromBinary2:gd
_autoFiltersClick:rra
asc_setBottomOffset:dba
span_y:LO
h_mm:Ac
TotalsRowFormula:N7
_drawCells:WK
applyFillHandle:Bva
asc_getWidth:lw
getDrawingObject:bea
m_oLibrary:yq
Register:Op
_lockCallbacks:lA
ChartSubTitle:G4
USE_MY_METRICS:aLa
startActionOn:pJ
showWorksheet:HO
columnsWithText:fM
DateCompatibility:jW
ReadMediaItem:qma
private_dict:og
num_designs:Ti
WriteSlideNote:jqa
isCustomHeight:cfa
ps_table_funcs:XI
onSetIndexUser:aF
LoadDocumentFonts:f6
asc_setAdvancedOptions:OZ
_text_color:ki
OnMouseUp:bKa
copyRange:Wca
wsActive:Ys
ApplyAlignment:Tia
callStack:au
EndPage:tW
resetLastSelectedId:sGa
Modified2:Nka
moveRangeDrawingObjectTo:XEa
Modified1:Mka
Background:h4
nodeExist2:q2
vertResolution:nC
getCol:ef
asc_Redo:ewa
TableStyle:TKa
commentBorderWidth:iNa
asc_setWidthPX:$za
hdmx_table:AT
operand_str:ob
LookupAndReference:k6
secondColumnStripe:Cz
getMatchingLayout:IPa
removeColsRange:gha
max_points:Vm
textFieldFlag:yHa
TableLastCol:soa
allButtonAF:Jg
IsCIDFont:Kx
textBoxContent:gC
NO_CALL_AFTER_IUP_RULES_SIZE:Tka
isTopLineActive:Do
fAdvanceX:bm
metrics_only:HE
_changeFillHandleDone:s9
ReadPrintOptions:Bma
object_code:JU
indexFormulaRange:bN
m_fTransX:wI
n_points:wa
m_fTransY:xI
_WriteBool2:ze
WriteImage:GK
canvasZindex:pca
getVisibleLeftOffset:Uk
getNextChar:jea
ScriptLoader:GKa
m_lStackPosition:vN
asc_sortCells:gAa
_WriteBool1:xt
_selectRowsByRange:Mua
ImageBase64:SF
_filterText:xsa
languageID:rI
font_info:Cw
WriteMediaItem:Jpa
Offset:XF
drawDepCells:yH
caret_slope_denominator:rca
commentAfter:Yl
num_locations_stub:uSa
ext:eg
ReadWorksheetsContent:tna
usWeightClass:VHa
verAlign:bIa
defaultColWidth:nda
canEnterCellRange:oca
Tag:zK
WriteDefinedNames:jpa
set_char_sizes:Jha
pedantic_hinting:Vd
getLockOtherRow2:Cj
_fade_out:NQ
table_offset:dia
ctBeginCommand:vBa
put_stroke:VFa
_title_yaxis_align:Xua
__handlers:G8
thirdSubtotalColumn:TO
superscript:Yha
getbase64DecodedData2:W0
m_oTransform:Si
isOperator:cEa
ReadCellXfs:zla
m_oRecalcIndexRows:si
onLockMouse:KU
set_sbit_strike:Lha
VProgress:Hoa
onStartEditCell:sFa
WriteTableStyle:xqa
_circle:Nra
read_composite_glyph:cha
valWithoutFormat:wia
setFontAlign:Oo
_findColUnderCursor:Hg
GetNextChar2:bka
ColorBackOver:wja
ReadTableCustomStyleElements:Yma
get_kerning:hE
Type:Uc
readFromDrawingObject:kGa
DefaultTableStyle:lW
variant_list:$Ha
m_nMaxY:Zy
m_nMaxX:Yy
embeddedFilesPath:Eda
pageMargins:N2
moveRangeTimerId:xU
map_image_index:DE
ctBrushXML:xNa
XValNumCache:y8
horz_metrics:oQa
Bar:qv
ReadXfrm:SP
_isLockedCells:Hi
array_clone:hj
getShape:fr
g_flow_anchor:gT
ReadFonts:ama
ctBrushColor2:rNa
ctBrushColor1:xBa
WriteTextRun:KK
_isCellEmptyOrMergedOrBackgroundColorOrBorders:Xsa
pathW:UU
_xscale_units_post:jva
asc_setMarkerSize:XZ
WriteXfs:Oqa
_getFragmentsText:cL
_right:sa
sUserId:Bz
sandybrown:ETa
CellSimpleData:s4
getTablePictures:dDa
pathH:P2
modules:Ku
autoFilters:Kg
LinesBusy:xv
adjustPrint:wR
Expand:bJa
glyph_transform:Kea
hotpink:rQa
drawingCtx:pc
ReadLineEnd:R6
nCurSequence:Xw
deleteNode:d0
ParseNum:RW
WriteSeries:$pa
maxY:NRa
ALLOW_X_MOVE_ZP2_RULES_SIZE:Lia
get_t2_funcs:$Pa
maxX:MRa
hints_funcs:Es
_labels_above:hD
asc_putHiddenFlag:KR
bSaveHistory:YL
maxR:LRa
asc_getLeft:hw
year:Jz
isOld:Gs
AddGuide:xIa
asc_setPosition:Mza
Values:Wx
NO_DELTAP_AFTER_IUP_RULES_SIZE:Vka
Glyph_Data_Format:eka
asc_setHeadings:SZ
xfsid:oC
grpSpPr:g1
char_var_default:cBa
_position:Wv
off_curs:zl
descender:Yd
cmpd:vo
asc_setOverlayFlag:Kza
_xscale_decimals:ZLa
maxZones:Xfa
underlineThickness:P3
asc_setCellBorders:dza
newCellId:ME
changeBg:ZMa
SetCharSpacing:Una
WriteFont:BX
cleanDepCells:hBa
Dates:Ex
_animation_unfold_y:mra
flex_state:Bw
_animation_unfold_x:lra
sph_tweak_flags:Cb
ReadString1:V6
MMClips:l6
Clear:Sb
cid_font_version:Hca
_onScrollY:iua
Set_FromObject:IKa
_onScrollX:hua
Underline:Vr
put_value:ZFa
y_offset:sIa
WriteUShort:pLa
Shd:Mf
_labels_offsetx:nta
_labels_offsety:ota
_accumulative:JX
_delay:msa
renderForPrint:iha
_getTextFromTable:nY
Trace:XKa
_isLockedAll:es
IsSuccess:Y5
setFontname:Ck
asc_setRange:QL
isSetFilter:fEa
_labels_above_size:Ht
WriteItem:da
scrollerMouseDown:jJ
m_pFace:Ge
get_id:uDa
fromCol:PH
num:xb
_xmin:bd
UnfoldFromCenter:cLa
chart:I
chars:fe
TreeDrawingIndex:Q7
to_token:BUa
width_padding:zF
copyToClipboardButton:rBa
vertical:nv
displayColWidth:ZBa
startCellMoveResizeRange:tx
WriteDrawing:j8
isDoBrowserDblClick:UT
updateAnchorPosition:NHa
GetFontID:rJa
WriteWorkbookView:Jqa
MeasureString:UJa
addUnlock:xva
restoreInternalState:hV
in_pfb:JT
colstrToColnum:tS
fontNeedUpdate:TS
ShowColumnStripes:Fv
x_offset:gIa
chartStyleManager:jH
skipTLUpdate:nJ
reReplaceTab:i3
design_map:tH
firstSubtotalColumn:GM
Add:ya
getArrayInsertRowsBySheetId:$da
Set:se
hasBackground:yT
ReadComment:Ela
char_code:Of
m_bFirst_Col:BEa
set_field:Po
fontsNew:tCa
_isColDrawnPartially:xG
orange:ISa
step_ins:iv
skyblue:gUa
function_defs:eT
color_map:rk
DrawKey:sv
places:ur
asc_setMobileVersion:Jza
ReadRunProperties:OP
getNode:kea
ValueMultiTextElem:W7
OpenDocumentProgress:io
units_per_em:Gl
ctFontGID:ONa
minAreaHeight:dga
open_face:J2
m_bLast_Col:EEa
asc_setUserName:VG
_moveResizeRangeHandle2:z$
m_fEndX:AE
ctEdgeDistance:JNa
get_width:Aea
m_fEndY:tN
__original_height__:qQ
updateDrawingObject:OV
TILE:goa
asc_setWidthMM:Bba
get_glyph_cbox:PPa
setFillPattern:lF
_isEqualText:$sa
pxToPt:Cd
AutoNumType:dP
version_patch:NUa
bottomSide:EA
Year:Xx
getSlaveNodes:Q0
customStyle:$_
glyph_index:Bs
asc_setHyperlinkUrl:UZ
_invalidId:wG
GetShort:Jb
asc_CEventsController:Rva
ctPenAlpha:KBa
getChars:QM
style_name:Dk
transparent:hh
WriteTableStylePartWH:zqa
firstTotalCell:nu
addDrawingObject:vL
asyncMethodCallback:UL
asc_getIntervalObject:yxa
addUnlock2:yva
attrEmbedTrueTypeFonts:Mba
min_kern:CI
WriteMergeCells:Kpa
width_only:X3
maxInstructionDefs:S1
SetIntegerGrid:iX
SKIP_OFFPIXEL_Y_MOVES_RULES_SIZE:Mna
vert:Ir
err:Oc
asc_clear:Eaa
_updateRowPositions:bva
asc_deleteCells:Bwa
m_arrdFontMatrix:qN
asc_getVisible:qya
asc_deleteRows:Dwa
_text_font_size:YLa
ptrnLineDotted1:Tga
ReadCustomFilters:Hla
blanchedalmond:NMa
Free:OF
hasTooltips:YM
revision:nha
_xmax:mf
WriteFilterColumns:upa
ChartSeries:C4
Init:Oq
trackClickRepeatFreq:iia
asc_getShowValueFlag:$xa
_onMoveRangeHandleDone:Xta
_calcTextMetrics:CQ
cellX:RAa
asc_getDocumentName:exa
GetString2A:I5
cellY:SAa
asc_enableKeyEvents:Jwa
cellW:YMa
nRow:ib
getWidthFromTo:nq
getActiveRange:Xda
oParent:wi
ReadGeomAdj:N6
exponent:uy
codePageName:Pca
reverseX:l3
max_kern:Zfa
image_map:n1
_setActiveCell:UY
_uploadMessage:Z$
gaspFlag:ACa
g_font_files:G0
GetString2C:yW
TableCellBorders:Rj
getCvtRatio:iT
asc_setCellTextShrink:pza
asc_setText:RL
func_round:Oi
_autoGrouping:vg
startOffsetPt:z3
axis_names:SR
fonts:Dw
burlywood:RMa
m_nGlyphIndex:Fu
DrawLine:sP
minMemType42:PEa
range:ba
ascCvtRatio:yR
postscript:ix
minR:eSa
asc_getTitle:JL
greenyellow:gQa
ConditionDescending:QJ
minX:fSa
asc_getInnerText:wxa
minY:gSa
max_ins:vU
isCustomWidth:v1
setLineCap:aHa
blend_points:DA
stackSize:rx
SendOpenProgress:VP
createDuplicate2:tBa
enc:hCa
_background_hbars:UC
asc_getLockText:Fxa
UpdateStyles:eQ
lastTotalCell:Bu
asc_setCellSuperscript:nza
realloc:lGa
asc_CMouseMoveData:Xva
_onWindowResize:Bua
DrawInGraphLabels:VJ
num_strikes:$N
ChartDefaultTitle:v4
process:V2
oDefaultXfs:Ap
setFontsize:bn
m_sFileName:HRa
p_width:PU
documentFormat:vH
WriteRunProperties:jQ
_send:Mt
fuchsia:mPa
asc_checkInterval:rwa
FT_Add_Default_Modules:Nja
m_pGlyphsBuffer:ti
format_tag:Cy
BeginPage:eP
effectStyleLst:TOa
getBeginOfLine:GCa
GetFillStyle:xW
FT_Err_Too_Few_Arguments:eJa
m_nDefaultChar:Sw
_modelColWidthToColWidth:XQ
EmbeddedFonts:aJa
_drawGrid:lG
skip:$i
has_font_matrix:ZM
array_pad:rMa
bIsCutFontsUse:YG
realloc_long:mGa
ALLOW_X_DMOVE_Rules:Kia
userId:yx
spDef:Rha
updateVisibleRange:RHa
addCommentSerialize:sva
Width:Lv
ReadColorFilter:Dla
tableStylesGuides:EV
wrd:Cia
minAreaWidth:ega
hints:pq
mmvar_len:VEa
selectionTimeout:TGa
_addChars:Ov
oAllCol:gf
crimson:pNa
WriteFilter:spa
asc_setCellAlign:$ya
attrShowSpecialPlsOnTitleSld:Sba
presentation:Fc
Symbol:Ux
num_sbit_strikes:OI
load_table:pRa
asc_ChangeColorScheme:Yva
_startOpenDocument:EG
_calcActiveCellOffset:Cra
GetCurPosition:Zja
And:BF
oNumMap:XE
glyph_names_block:Iea
snap_heights:JO
generic:pp
verticalTrackHeight:W3
Count:jP
func_move:wl
_isLeftBorderErased:dta
_reset:wn
add_contour:hMa
searchRangeInTableParts:PGa
showWorksheetById:kHa
getInfo:Bb
ClipManager:eW
unicode_value:IUa
asc_AfterChangeColorScheme:saa
wholeTable:rf
underline:lia
WriteDefinedName:i8
encodingID:BH
asc_setIsViewerMode:VZ
coeff:Xl
blue_values:bM
_hmargin:nk
olivedrab:GSa
__crosshairs_labels__:DLa
get_mm:TPa
lIns:zu
SetStreamIndex:aQ
_doubleEncodeLE754:osa
origWidth:MSa
springgreen:lUa
asc_getFontThumbnail:lxa
mediumblue:QRa
getColumnWidthInSymbols:JCa
GetUChar:u
maps:dz
cmap:je
Api:fd
isCoAuthoringEnable:u1
m_unHorDpi:oU
wsFrom:Bx
_setColorStyleTable:$x
ToRow:K7
CheckFontsPaste:JIa
asc_getWorksheetName:vya
oClass:lz
read_glyph_header:dha
ReadWorksheet:pna
putToHistory:lTa
_events_click:At
ReadShape:rK
borderid:xD
nBottomOffset:KN
aLeft:iZ
ctFontCharSpace:NNa
ChartyAxisShow:Q4
updateCommentPosition:YO
ReadRPr:YW
halfGraphHeight:bI
asc_putLevel:Yaa
lastSelectedId:Mw
highlightedCol:BT
number:Lf
FT_Add_Module:wC
callback_OnConnectionStateChanged:FAa
ReserveTable:Y6
asc_OnSaveEnd:rZ
dublicate:gCa
fillHandleModeTimerId:RS
asc_getHorAlign:txa
WritePrintOptions:Wpa
salmon:DTa
buildchar:ql
formulaRangeBorderColor:aT
isLeftParentheses:$Da
glyph_names:Qf
groupName:DDa
oldXfrmFlipH:C2
projVector:Bf
asc_registerCallback:bba
_numyticks:oA
EnterFrame:Nc
updateSelection:ria
getLineJoin:RCa
SharedDoc:m7
strings_size:Fz
LoadFont:Nr
_calcRowHeights:TK
ReadSortState:U6
AfterLoad:Ria
isVerticalScroll:Eo
vscrollStep:Xs
bbox:v
scrollVertical:Eq
t1_decoder_funcs:QO
check_points:dNa
oldXfrmFlipV:D2
max_profile:pr
maxCol:Gu
blue_shift:wD
asc_getPageSetup:HR
ctPathCommandStart:JBa
toolTip:JV
ReadTableBorderLn:PP
min_after_BL:fga
horiBearingY:xg
asc_getOrientation:FR
horiBearingX:Og
asc_setHyperlinkRange:TZ
m_oTextMatrix:HEa
getActiveCellCoord:CCa
asc_setBottom:PG
aCollaborativeActions:JG
_zoom:dc
Read2Spreadsheet:pe
DateToISO8601:Gja
reDrawFilter:fGa
mediumseagreen:TRa
unicode_map:HUa
get_state:TM
ctClipMode:yNa
hasCustomPrompt:zT
Rscatter:Bna
WriteClrMap:gQ
set_pixel_sizes:Kha
args:pa
Table_Version:xoa
oldlace:ESa
canDraw:iS
elementsManipulator:Vh
oldLayout:qFa
DELTAP_RTG_RULES_SIZE:VIa
asc_setXAxis:aAa
CurLine:SIa
_cleanColumnHeadersRect:Qra
_ylabels_specific:cg
_onWindowMouseLeaveOut:F$
type1:xe
asc_loadDocumentFromDisk:Pya
SkipRecord:Ff
updateCommentsDependencies:lC
long_metrics:nB
_xlabels_inside_color:gva
cid_registry:Bn
_onSetIndexUser:oua
service_WINFNT:STa
_linewidth:Nl
COMPATIBLE_WIDTHS_Rules:eja
asc_setCellItalic:jza
_resizeElement:SY
sockjs_url:lHa
tailEnd:Eg
_invalidCoord:vG
bCollaborativeChanges:Ul
maxFunc:uB
GridSpan:zW
ALLOW_X_DMOVEX_RULES_SIZE:Hia
example:p0
baseColors:wAa
drawWS:Ada
CellColor:q4
FontId:hJa
darkgoldenrod:tOa
ChartyAxisTitle:R4
BinaryFileWriter:ik
_calcMaxWidth:Hra
arg2:Tt
arg1:St
nType:rr
move_to:YEa
get_Image:T0
getWidestCharWidth:gDa
ReadPlotArea:zma
HandlersList:hka
WriteTableCellBorder:kQ
ClearCacheNoAttack:pja
lStorage:uh
isBullet:yQa
is_composite:z1
asc_addWorksheet:owa
Logical:j6
YMode:uLa
_generateColumnName:U9
_offset_contours:pA
max_results:wU
maxStackElements:rU
RemoveAllCustomEventListeners:AKa
ctPenLineEndCap:cOa
khaki:IQa
FT_Get_Module:xC
codeRangeTable:Dn
PIXEL_HINTING_RULES_SIZE:$ka
Resizing:qf
sideL:Nha
_line_linewidth:qta
load_eblc:E1
ySuperscriptYOffset:qIa
sideR:sV
isHideCursor:hfa
m_fY:Ej
sbit_table:ITa
m_fX:Dj
nominal_width:hz
Rows:FC
xAvgCharWidth:Eia
stAng:mUa
fillHandleDirection:In
getCommentsXY:aea
nLeftOffset:HI
ShowContext:rt
get_metrics:SM
macintosh_name:pU
g_isMobileVersion:Tda
platform_id:Cq
init_slot:LT
isChartEditor:dN
curs:tl
attrCompatMode:Kba
pxToMm:aV
done_slot:IS
halfgrapharea:h1
bgRef:An
getLockCellsMe:fea
services:YGa
setParent:VTa
m_arrCacheSizes:Js
darkred:BOa
aDecFormat:rR
func_dualproj:op
ReadTheme:RP
asc_getStyle:EZ
upright:lv
m_lLineHeight:rB
replacementDIV:kha
scrollCoeff:No
nBottom:FI
asc_CCodePage:xMa
ImagesCount:Q5
round_state:yr
ReadSortConditionContent:Sma
asc_setDefaultTitleFlag:QZ
WriteBorders:e8
TableBand1Horz:loa
unpatented_hinting:JUa
_key_colors:hL
glyph_loader:a1
canvasOverlay:ow
sText:kx
normalizeMetrics:eFa
oFillMap:KB
WriteHyperlinks:Cpa
get_transparent:yea
off_size:TI
m_bNeedDoItalic:hU
GetWidth:Xg
WriteShape:HK
_onSelectColumnsByRange:jua
_effect:O9
Created1:yja
Created2:zja
asc_CChartSeria:Pva
NumTrackKern:Zo
CellEditor:lja
_calcLineWidth:VX
_key_position_gutter_boxed:jta
_offset_y:fs
_editorPasteGetElem:N9
asc_setCoAuthoringEnable:uza
_offset_x:Jt
charmaps:xj
format_20:Nda
asyncFontsEndLoaded:AMa
ShowLastColumn:Rr
lnDef:yfa
printSheet:Rga
flipV:zj
obj:Bg
load_head:rEa
format_25:Oda
ReadDrawings:Ola
_updateFormulaEditMod:X$
WriteCells:Xoa
fontFilesPath:y0
_text_font:lf
flipH:vk
CanvasCtx:EF
glyph_matrix:Hea
WritePic:Tpa
offlineModeLoadDocument:oFa
asc_CChartRange:vMa
handlers:z
m_oInvertFullTransform:wN
_WriteInt1:Hf
setUserId:fHa
_WriteInt2:lk
_WriteInt3:yLa
_WriteInt4:Uq
_onCloseCellEditor:Mta
lightslategray:$Qa
isPhoto:XT
DELTAP_SKIP_EXAGGERATED_VALUES_RULES_SIZE:Cja
Rose:uK
callTop:jj
ResetCTM:yna
copyCellValueButton:Vca
isIE7:XDa
isIE9:AQa
asyncImageEndLoaded:lAa
isIE8:Ny
ArrGlyph:ci
max_width:U1
get_colors:sDa
WriteSpPr:PC
asc_addImageDrawingObject:nwa
asc_insertRowsAfter:Jya
showMasterSp:aC
setFormat:fv
strokedCurvyRect:E3
_moveResizeRangeHandleDone:zta
scale_test_tweak:KGa
WritePatternFill:Spa
raster_class:nO
asc_getReverseX:Vxa
_prepeareStyles:Eua
_updateColumnPositions:U$
ArrPathCommandInfo:DIa
local_subrs:kN
minorFont:a2
vsbApi:Jq
GetULongLE:ic
_backdrop_alpha:ura
goldenrod:eQa
from:ja
isLastCharNL:ZDa
_setStylesTextPaste:Sua
pageHeight:M2
ahXYLstInfo:lMa
_addNewCustomFilter:KX
WriteFromTo:m8
_labels_specific:p$
driver:Lc
transform_glyph:GHa
getLockSaveOther:mT
between:HMa
aWorksheets:ac
ReadULong:tK
WriteTextListStyle:QC
oOldVal:YE
standard:oHa
Caller_IP:LJ
fontid:YD
StringRender:w7
_highlights:oY
rightmax:zGa
Spacing:gl
free_sbits_stub:lPa
_gutter_left:RLa
asc_deleteWorksheet:Fwa
DrawingObjectLayer:o5
_tickmarks:po
Is_Modified:HW
_charCountToModelColWidth:UK
_selectElement:iR
_background_grid_width:a9
aBorders:$La
getInternalState:PCa
COURIER_NEW_2_HACK_RULES_SIZE:fja
Array:$V
ColorGradStart:hW
t_sort:xHa
fd_select:QS
get_ros:YPa
m_nError:O1
lineIndex:Ow
nMaxRowId:$Ea
_bodyPaste:d9
defaults:PD
arrRows:Sl
ctPathCommandCurvesTo:SNa
ALLOW_X_MOVE_ZP2_Rules:Mia
m_oFont:AI
linearVertAdvance:Ry
headersWidth:nE
collaborativeEditing:na
max_components:ORa
saveValueCallback:uha
fRight:xy
OnRecalculatePage:cKa
SheetAdd:n7
TableStyleInfo:Ci
_oCodeA:Bta
DELTAP_RDTG_Rules:UIa
printType:Sga
_drawHeader:fY
copyright:R_
wTN:WUa
SortData:t7
pageFieldValues:dO
wTI:UUa
maxTwilightPoints:DN
_key_halign:jl
decode:TBa
getDif:XA
isEmptyAutoFilters:efa
OutlineColor:Cv
coordsKey:Zl
cellCommentator:Td
removeCols:rO
_setOptions:Qua
_isviewermode:gL
DrawingDocument:Lp
glyph_codes:Z0
put_fill:Z2
blue_scale:vD
ReadTxStyles:jna
userDrawn:uF
notice:ax
Recalculate_Page:wKa
vsb:GJ
scrollBackgroundColor:mV
canChangeArrows:w_
dWidthMM:oH
private_index:dTa
_colors_sequential:as
ReadBasicChart:pla
asc_insertHyperlink:Iya
cellCount:PAa
angle:Me
GetCurPos:oJa
ALLOW_X_DMOVE_RULES_SIZE:Jia
asc_getDocumentFormat:dxa
WriteDynamicFilter:npa
saturation:HGa
ALWAYS_SKIP_DELTAP_RULES_SIZE:Pia
bElapsed:j_
WriteBookViews:Uoa
_crosshairs_coords_labels_y:gsa
rectS:tTa
_crosshairs_coords_labels_x:fsa
dragMaxY:uM
asc_getCodePageName:Vwa
set_mm_design:XTa
dragMaxX:JS
cadetblue:SMa
cutToClipboardButton:PBa
transformPointY:L3
memory_base:ZRa
transformPointX:K3
TextAndData:G7
control_value_cutin:KD
_yaxispos:Ic
scroller:jb
t_sort_master:cia
TableBorders:ut
parseColor:Af
ctPageEnd:BBa
attrFirstSlideNum:Nba
updateWorksheetByModel:SHa
fsz:RH
onDisconnect:pz
top_font:cn
WriteSharedStringsContent:cqa
getLockObjectsOther:UCa
ctBrushTextureAlpha:uNa
lavender:KQa
_margin:Ol
Notes:t6
NotesSz:kK
ftr:Qda
_width:eva
SelectRangeRedo:gX
available_sizes:yA
bisque:IMa
range_count:bGa
onCallbackAskLock:rFa
gv_glyphcnt:mE
ExtractFrame:ft
round_stem_up:AGa
oNullFormat:ex
changeWorksheet:Uh
rotated:fJ
nLevel:Zw
_findArrayFromAllFilter3:aD
font_id:cPa
deltaX:Ki
deltaY:Li
printMode:Qga
_onMouseDown:bR
is_array:pI
asc_insertRowsBefore:Kya
put_type:yz
WriteSeria:Wr
_highlight_style_2d_stroke:Tsa
get_image:vDa
Uint_To_int:Eoa
WriteTableColumns:rqa
subTotal:zV
asc_getCommentIndexes:Zwa
RasterData:Or
lightskyblue:YQa
_calcCellPosition:zQ
TableStyles:Dm
Get_AllTableStyles:AJa
_cleanSelection:VK
top_bearing:yJ
_doRender:H9
Ref:ia
_findRangeUnderCursor:lY
style_flags:eC
WritePos:nLa
max_ex:Aq
__bar__:Vq
max_ey:Go
WriteTableStylePart:Xr
ALWAYS_DO_DELTAP_Rules:Oia
FromToRowCol:Tja
variantchar_list:aIa
getCanvasXY:Sm
units:dn
toHex:IV
_ylabels_inside_color:mva
positions:vz
asc_setResult:pba
setUnderline:xm
GetString2LE:ne
moveRangeDrawingObject:kga
setViewerMode:Iha
HideContext:RF
Reset:UP
asc_getType:xA
isNeedCacheClean:tE
mouseDownArrow:HN
defaultRowHeight:DS
Images:GP
opc:Wu
cover:$l
_isExcel:yG
_drawRowHeaders:Qv
changeObjectStorage:wca
_callback_script_load:Lra
drawAutoF:tw
min_Top_Side_Bearing:TEa
asc_getText:Xt
valFilter2:Iq
valFilter1:Hr
asc_getRowHeight:Wxa
compare:wo
CheckImagesNeeds:KIa
CanUseOriginalFormat:o4
asc_CPageOptions:CL
setFont:Kj
isOpened:lB
asc_getDocumentComments:FL
WriteTableCell:pqa
SeekPos:g7
table:Dl
LoadDocumentFonts2:yka
oBBox:Vi
nSheetId:qr
aliceblue:mMa
Row:Z6
asc_setSizeWithCells:sba
load_glyph:F1
pPr:He
IsDrawBorderInNoneMode:rka
sUserName:ev
textValue:tJ
_xlabels:by
aTypes:vR
_onEditCell:EY
fillHandleB:t0
bNoSelect:k_
asc_CDelimiter:yMa
onStopEditCell:tFa
memcpy_p2:cga
ctPageWidth:EBa
objForRebuldFormula:DSa
glyphSize:VM
load_name:uEa
org:md
rosybrown:zTa
ulUnicodeRange4:KHa
ulUnicodeRange3:JHa
SetUpSize:k7
Time:UKa
TT_HINTER_FLAG:SKa
_scale_decimals:qc
ulUnicodeRange2:IHa
caret_Slope_Rise:y_
asc_getIsFormatTable:Bxa
ulUnicodeRange1:HHa
asc_getVal:kya
_valid:IG
_init:eL
FT_Open_Face:Oja
undo_function:CJ
_axesontop:V8
textColor:eia
os2:Wi
CreateDublicate:Kp
_calcSelectionEndPointByOffset:l9
PIXEL_HINTING_Rules:ala
selectDrawingObject:Fq
onStartCoAuthoring:bF
asc_hideComments:JR
StyleFont:B7
NumKernPair:dj
offsetRow:Yb
WriteCustomFiltersItems:gpa
TransformPoint:nX
SheetPositions:o7
fillHandleR:u0
chartZoom:du
Themes:AK
bTextFormat:ZG
fillHandleL:CM
asc_getCodePage:DL
asc_setTitle:pD
PostRead:ela
asc_setPageSetup:b_
_total:kR
asc_setSubTitle:Uza
fillHandleT:DM
IsCut:qka
ctError:MNa
PresentationPr:gla
CapHeight:jja
Style:JC
reloadChartDrawingObjects:pGa
lnRef:tq
calcCharHeight:CAa
FilterVal:v5
ctShadowAlpha:jOa
getNodeBySheetId:nT
asc_getIsCustomFilter:Axa
_scale_point:M$
asc_putTime:LZ
numFmt:hFa
_findFragment:Dt
asc_getRange:HL
getWidth:Ri
nColsCount:mc
encode:iCa
RelativeIndent:$o
isRange:yu
expandColsOnScroll:vl
_ylabels_count:Jd
ReadCommentData:G6
rIns:$u
startRadians:ux
overlayCtx:Qd
_token:Zua
setLineWidth:vm
GetCharSpacing:nJa
darkgreen:vOa
charProps:If
WMode:hLa
sNewName:rha
subrs:Oj
wFId:zia
brush:s_
asc_getArguments:Nwa
SymbolSet:eoa
FontLoader:Mp
asc_getLocation:Exa
ctPenDashPatternCount:aOa
WriteLongAt:lLa
_isRowDrawnPartially:zG
visibleHyperlinks:FJ
shapeIndex:FO
_addCellTextToCache:bA
ySubscriptYOffset:mIa
QuotePrefix:Bh
flex_vectors:XD
_addValueToLocalStrg:R8
__original_vmargin__:K8
_line:WQ
shiftNumFormat:u3
STROKE_NONE:Pna
UniColor:DK
dWidthPX:Pm
adobe_expert_encoding:zva
TableLastRow:toa
ReadTableStyleInfo:cna
Registry:D
ReadTableCustomStyles:Zma
HeadingPairs:DJa
_smallxticks:R$
Strikeout:Hv
whitesmoke:ZUa
widget:yF
asc_getValFormula:nya
ReadTextBody2:gna
LoadFontsFromServer:g6
wheat:XUa
FromCol:B5
halign:Nea
pads1:EFa
pads2:FFa
effectRef:ts
num_glyphs:Nb
_generateNameTable:Csa
FillId:fJa
_calcActiveRangeOffset:RK
getSelectionInfo:zs
asc_setRowHeight:Oza
WriteWorksheetCol:eG
_cleanCellsTextMetricsCache:kG
_doCleanHighlightedHeaders:bY
_onSelectRowsByRange:lua
getUsers:R0
borderRadius:r_
colOff:Ae
ReadBgPr:rla
Line_Gap:KP
_metrics:v$
rowCount:ve
SetNeedBold:Xna
load_sbits_stub:nRa
coord:sl
_asc_sendCommand:SC
AllocHeap:BIa
ft_add_renderer:vCa
_calcCellTextOffset:h9
defaultTextStyle:ES
oCache:uga
_drawFilterDreieck:ssa
reinit:j3
ReadSharedString:Kma
_boxplot_capped:TX
getRealTopOffset:er
MIAP_HACK_Rules:Fka
tint:Gr
_angle:MX
WorkbookView:Noa
get_globals_funcs:tDa
aLayerAfter:$v
ctPathCommandLinesTo:VNa
reTab:aha
t1_builder_funcs:wHa
WriteTable2:oqa
drawingId:dCa
createDuplicate:Lb
lines:qi
linen:gRa
default_weight_vector:b0
parse_callback:TU
setString:Gha
tocBool:fh
_renderText:fR
ver:ai
depDrawCells:e0
GetDouble:Wo
isHorizontalScroll:Qn
ctDrawImageFromFile:U_
asc_setHeightMM:iba
Reveal:CKa
asc_getId:Rc
bDateTime:Yp
_dataFilterParse:aY
_hotspot_xonly:qY
_onEmptyCell:Sta
WriteColorFilter:$oa
gdLst:BCa
ctBrushRectableEnabled:tNa
strictClose:C3
fromCoord:cT
request_size:TB
ZoomWindow:Yqa
pasteRangeButton:MFa
tags:tc
_hdir:X9
ctPathCommandTextEx:XNa
ySuperscriptYSize:rIa
glyph_offsets:$H
get_name:qT
namedstyle:LE
getAsFile:xPa
asyncFontEndLoaded:jAa
hour:fB
getArguments:Yda
pixel_mode:Qs
FontLoadWaitComplete:uW
Async:EIa
glyph_format:Bo
global_subrs_index:sT
algn:zn
SetSizeAndDpi:h7
WriteStylesContent:mqa
asc_findCell:Kwa
font_name:UA
initial_random_seed:Vea
tile:Qo
free_glyph_data:hPa
containsFilter:wS
base:La
resetLockedDrawingObjects:uGa
Chunks:ct
_background_grid_border:LLa
getCharsCount:zPa
ignore_x_mode:sh
dDefaultheight:lH
_draw:XC
start_point:nUa
EditorThemes:vP
commentFillColor:oBa
ReadDocumentContent:gKa
__total_frames__:IX
SerifStyle:Sna
_contextmenu:Fi
WriteBorder:Mv
access_glyph_frame:eaa
ZoomArea:z8
bChange:vAa
_topLineMouseUp:T$
flatTx:ou
asc_getNumFormat:Lxa
WriteWorksheetProp:Mqa
ctEdgeColor:INa
wFN:Aia
ReadClrScheme:F6
highlightedRow:CT
wFI:yia
Animate:CF
Initialize:FW
_vpos:Ot
SingleProperty:q7
scrollerMaxWidth:zha
m_oCurFont:GEa
createFullCopy:LA
asc_getImageUrl:vxa
BaseReader:aW
_animation_unfold_initial:kra
AddHandleXY:zIa
States:IC
WriteAdj:b8
getNextWord:O0
fWidth:yy
items:gN
midnightblue:cSa
names:Sn
serializeChart:UGa
Application:e4
setTextTransform:Hha
faceIndexBI:yw
bWhole:$R
mouseDown:JE
postscript_name:fF
isResizeModeMove:nI
nullPositionOY:QN
nullPositionOX:Pg
auto_flip:XG
asc_setSortState:tba
oXfsMap:MB
Contextmenu_submenu:xja
isCustomFilter:sE
ppiy:PFa
creator:bda
ReadBorderProp:BC
asc_getPageOptions:Qxa
_docid:nsa
asc_setLeftPX:Hza
ppix:Nga
activateCellRange:pva
IndexSimpleProp:S5
glyphoffsets:Gy
asc_insertWorksheet:Lya
ReplayAnnotations:wna
asc_setColumnsFlag:wza
EndClipPath:wP
pasteFromClipboardButton:KFa
Destroy:XIa
get_DocumentThemes:jDa
InstallUserClickListener:it
isEmptyToSave:eN
insideV:xQa
maxRow:Hu
isArea:gm
sph_set_tweaks:nHa
advance_Width_Max:oaa
ppiY:Zu
skip_PS_token:Gq
insideH:wQa
_syncEditors:Wp
ppiX:Yu
addImages:uA
orient:LU
Font_Direction:Rja
updateTransforms:QHa
callback_OnStartCoAuthoring:MAa
ChartSubType:H4
containCell:qw
sheetsChanged:$B
hori:dB
asc_setCellId:eba
hasnegativevalues:i1
valign:xia
aLayerBefore:aw
ScaleAppend:FKa
_getMergedCellsRange:kf
diagDown:sda
_addNewLine:jra
_pasteFromLS:H$
ReadNvUniProp:qK
kerning:iEa
Operator:kt
_onMouseUp:cR
func_move_cvt:E0
getSizeButton:$Ca
getKeyLength:M0
idNext:Jf
GetString:dK
_labels_axes:iL
ctx:ge
asyncFontsStartLoaded:BMa
moveResizeRangeTimerId:yU
graphwidth:rh
_background_grid_vsize:TC
vspRatio:RV
ySubscriptYSize:nIa
_fetchMergedCellsRange:OQ
cornerColor:sBa
isRef:mI
TotalsRowLabel:P7
ReadGroupShape:oK
shrinkToFit:bC
zones:AF
_onMoveResizeRangeHandleDone:Zta
_smallyticks:Xv
isRightParentheses:dEa
ChartxAxisDefaultTitle:K4
anchorUpdated:paa
lastModifiedBy:vfa
_clean:XX
auto:pAa
aValAx:mD
WriteApp:Qoa
raster_render:cV
Financial:w5
_otherProps:a
_highlight_fill:Uv
_bottom:J
Snap:OKa
arrowPosition:Xf
hint_mode:oE
blueviolet:PMa
degrees2Radians:FS
cwf:Be
fs_type:D0
_calcSelectionEndPointByXY:Jra
isButtonAFClick:QDa
ApplyBorder:Uia
ppem:Mo
encoding_offset:l0
asc_setLeftMM:mba
_colors:Vc
isRightAssociative:YT
peachpuff:VSa
setWrap:Fp
avar_checked:Vba
_calcHeaderColumnWidth:k9
mediumvioletred:XRa
onLocksReleased:Vu
WriteSortCondition:kqa
cvt:Mg
isIdentical:BQa
reserved2:xTa
_adjustCanvas:LX
reserved1:wTa
rebuildColors:pg
commentPadding:Tca
_drawSmallIconTable:L9
WriteCore:dpa
load_hhea:Cfa
asc_setStyle:vba
_noendxtick:$Q
_calcEmSize:j9
m_arStack:M1
_ylabels:dy
palette_mode:fO
openCellEditorWithText:vFa
asc_getHyperlinkRange:uxa
ChunkHeapSize:PJ
asc_getSize:bya
Val:te
GetHeight:sd
_background_circles_color:JLa
Cube:g5
paneHeight:dF
sbit_table_size:JTa
WriteColor:g8
ranges:zz
max_subglyphs:aga
ResetTextMatrix:zna
wrapText:Am
in_memory:IT
_getCellTitle:fj
service_MULTI_MASTERS:PTa
WriteTableColumn:qqa
family:zM
_isAuth:d$
visibleRange:ra
_moveActivePointInSelection:yta
intervalObject:Fe
sheetidfrom:oF
_addHtmlToIframe:N8
ctPathCommandArcTo:RNa
UintToInt:Vx
func_move_orig:dT
first_point:WD
onUnSaveLock:uFa
optimizeRowHeight:xFa
__index__:Wq
sectors:p3
WriteUChar:Q
ahPolarLstInfo:kMa
cNvPr:dH
calcCommentsCoords:kca
getAscChartObject:DCa
maxFDefs:Vfa
MultiplyPrepend:WJa
WriteFill:k8
Get_Id:BJa
fHoriBearingY:JH
ALWAYS_DO_DELTAP_RULES_SIZE:Nia
fHoriBearingX:IH
setStrokeStyle:Yi
asc_getShowFlag:DZ
_drawCellText:LQ
nRight:II
WriteTheme:lQ
TIMES_NEW_ROMAN_HACK_Rules:ioa
_moveRangeHandle:BY
setSelection:r3
isImage:kB
darksalmon:COa
VectorImageBin:X7
applyChanges:lZ
Day:vC
_getCoordinates:sn
attrUseBgFill:QR
asc_setHeightPX:Bza
cell_area:BD
yStrikeoutSize:jIa
_rangeToId:Jk
ReadSeriesMarkers:Ima
STRETCH:b7
ctSetTransform:NBa
_findCloneElement2:ysa
_cleanRowHeades:B9
seac:zr
bitmap_left:jy
_onChangeSelectionDone:Jta
_drawColumnHeaders:Pv
LogicDocument:zv
cursorPos:Xc
removeNodeBySheetId:qGa
DELTAP_RTG_Rules:WIa
GetBase64Memory2:G5
Location:Qj
isMoveResizeRange:xu
m_lMaxSize:DRa
params:USa
WriteExtraClrScheme:ppa
newXfrmRot:p2
asc_showColumns:dAa
num_fixed_sizes:RE
ushGID:zx
removeUnlock:rGa
setStyle:Al
_isActiveSheet:Vsa
lvl7pPr:wRa
_updateCursorPosition:$Y
sName:Bk
subpixel_positioned:Vha
underlinePosition:mia
_onWindowMouseMove:MY
_background_barcolor2:QK
ColorBorder:fW
_key:qe
ExtCx:r5
array_shift:Hva
ExtCy:s5
origHeight:yFa
yellow:$Ua
charvariant_list:eBa
m_nZoomValue:ERa
asc_LoadDocument:bwa
validate:Iz
Units_Per_Em:dLa
_segments:Kua
_chromefix:Mra
bwMode:Zp
activeMoveRange:nf
getHorizontalScrollRange:OCa
asc_getTooltip:Taa
asc_setIntervalObject:Fza
Contextmenu:d5
_background_barcolor1:PK
parseDate:QB
asc_getParent:Rxa
ReadWorkbookContent:mna
loc:Gfa
hiddenRows:Jy
ReadNumFmt:S6
Units_Per_EM:dQ
autohint:sAa
WriteWorksheet:Kqa
_multiplier_x:DY
resetTransform:lha
ReadSheetData:Mma
_multiplier_w:CY
FDefs:XJ
load_font_dir:pEa
_units_ingraph:ava
CCollaborativeEditing:aja
ReadShortLE:qKa
RotateAt:Ana
barHeight:os
_labels_sticks:VQ
_expandHeight:iY
sienna:eUa
needBI:yB
fRef:oCa
IDefs:EP
Paragraphs:u6
SetFontMatrix:Vna
lengths:Tm
mantissa:zq
WritePaddings:mLa
is_member_of_family_class:pfa
get_cid_from_glyph_index:OPa
getLockMe2:lT
asc_getMoveWithCells:Naa
asc_setCellFormat:iza
WriteBodyPr:wX
LoadString2C:h6
_getRange:W9
_isLargeRange:e$
lightsteelblue:aRa
WriteWorkbookContent:Hqa
asc_setCellStrikeout:lza
_labels_offset:mta
stroke_width:yV
control_data:fu
m_bGlobalLock:Du
totalRow:$n
thirdColumnSubheading:RO
parse_state:Jo
Right:ap
_action:ILa
aCalcChain:nva
Seek:yd
asyncImageStartLoaded:CMa
pageClipRectTop:Fga
font_type:sCa
asc_CChartStyle:wMa
asc_getBottom:ew
default_design_vector:UBa
asc_setCellVertAlign:sza
badF:wj
init_face:iB
gindex:Ne
goto_table:Rf
headersHeight:aB
num_records:wSa
check_loaded:Dca
generateFontMap:PM
ReadTableRow:ana
LoadString3C:PJa
SetItalic:ZP
SKIP_NONPIXEL_Y_MOVES_Rules:Jna
Lid:IW
ChartRangeColumns:z4
_fireUpdated:Asa
rtlCol:bv
darkblue:rOa
blue_fuzz:uD
LoadString4C:QJa
CurrentImage:kP
values:ZHa
oldXfrmExtY:B2
commentCoordsExist:nBa
bSlash:rD
asc_setPrintType:Nza
lockRangePosLeft:K1
_event:bs
oldXfrmExtX:A2
RemoveCustomEventListener:BKa
getNodeByNodeId:JPa
oStyleManager:$E
caret_Slope_Run:z_
encoding_id:Hn
oImages:w2
pageClipRectLeft:Ega
getEndOfLine:cea
dashLine:rs
ReadFields2:jKa
setFontRenderingMode:nx
face_index:OS
currentCursor:sk
OnMouseMove:aKa
worksheet:k
set_url:t3
m_bIsBreak:Ifa
ShowFirstColumn:Qr
period:Zm
modified:gga
y_ratio:JJ
render:bJ
char_next:zca
GetChar2:mJa
ReadSeriesNumCache:ZW
ReadFromTo:M6
canChangeColWidth:OAa
asc_setShowFlag:d_
_drawRowText:J9
asc_getSubTitle:gya
DrawBars:qW
enableKeyEventsHandler:SD
_editorPasteExec:XK
asc_setCellAngle:aza
_title_right:Wua
asc_setRightOffset:qba
mouseY:jga
usWidthClass:WHa
_saveLock:Jua
WriteFills:rpa
_aColnumToColstr:M8
is_cid:gEa
cellanchorTwoCell:B_
mouseX:iga
_showCursor:oL
glyf_offset:YH
cnxLstInfo:gNa
SetStreamIndexEmb:Zna
_calcVisibleColumns:dA
getBaseColors:FCa
colorMap:Yq
setFontAttributes:mx
getLockMeColumn2:fm
_noaxes:It
IsIntegerGrid:VF
ReadCommentDatas:Fla
_rangeHitInAnRange:J$
asyncServerIdStartLoaded:oAa
threshold:iC
centerline:C_
ReadDefaultShapeProperties:WW
ReadMergeCells:rma
nLastSheetId:Nu
ThemeLoader:Hk
_onDrawSelection:Qta
_css_class:F9
_isCellEmpty:fD
_onlineWork:Kt
_background:PX
tooltip:KV
Index_To_Loc_Format:EW
fmgrMeasure:SS
_updateMergedCellsRange:mR
CheckFontLoadStyles:OJ
asc_getFill:fxa
asc_getWrapText:wya
m_oInsertRows:xq
Engineering:p5
Annotate:$s
Url:oX
caret_slope_numerator:sca
RemoveClipRect:ZF
AutoFiltersOptionsElements:cP
ReadFontScheme:$la
asc_getColor:EL
Lowest_Rec_PPEM:Dka
glyphCount:Cea
m_bBand_Hor:zEa
fsType:uCa
to_fixed_array:hia
cid_supplement:M_
ReadExtraColorScheme:Sla
sfnt_id:Dd
drawRowGuides:cCa
numFormat:vi
extra:yj
lvl3pPr:sRa
moveDrawingObject:WEa
isEmptyPlaceholder:UDa
WriteCellXfs:Woa
Bottom:Jr
_onSelectionActivePointChanged:mua
m_fCharSpacing:Wy
nTop:gz
ReadGroupShapeMain:ima
copyRangeButton:Xca
font_extra:Ida
addFiltersAfterOpen:tva
asyncServerIdEndLoaded:i_
indices:p1
asc_setLayoutPageType:Gza
_onSavePartChanges:fua
calculate2:TMa
cell_cover:CD
charmaprecs:Aca
themeColors:hC
bytes:jp
posY:OFa
Wave_inner:Koa
posX:NFa
majorFont:Q1
scan_control:Ss
_asc_save:pra
setFontcolor:tm
value2:xh
Close:uja
load_kern:sEa
_utf8_encode:dva
outStack:cb
MoveY:r6
leftmax:kEa
_key_shadow_blur:k$
capacity:gH
y_scale:kd
MoveX:q6
WriteMainTable:Hpa
dir_tables:ry
TableBand2Vert:ooa
fillHandleArea:yo
_scale_units_post:VLa
_labels_specific_align:q$
ReadUOffset:rKa
inAction:HT
oPositiveFormat:zk
_calcCellsWidth:i9
nThousandScale:qga
hasCursor:Ln
WriteLong:$a
get_advances:pea
nMaxColId:ZEa
measureChar:bga
Length:Mr
is_fixed_pitch:Jw
SldSz:tt
GuiControlColorsMap:Hx
isCloseCoAuthoring:TT
cff:lS
Element:tj
charset_offset:F_
NewVal:s6
Waterfall:tX
undo:Hz
load_pclt:wEa
_makeNodesFromCellValue:xY
_measureChars:wta
_background_grid_hlines_interim_color:NLa
asc_getXAxis:xya
addChanges:qva
_callback_font_load:DQ
digits:uda
ReadCxn:nK
ReadMainTable:nma
_chartGutter:e
getLockInfo:Rk
saveSizeDrawingObjects:IGa
_background_image:VC
WriteTextFontTypeface:JK
AddCustomEventListener:wIa
ySubscriptXSize:lIa
_thumbnail_height:qL
__offsety__:cra
format:w
cid:gBa
DEEMBOLDEN_RULES_SIZE:Aja
_getArrayOpenCells:V9
WriteString2:Ec
_tooltip:gb
DocumentLoadComplete:qP
nonePointer:CB
addN:vva
default_GS:LOa
m_oTextPr:IEa
_performAction:I$
get_hex:zo
topLineIndex:Gz
usDefaultChar:Q3
ReadVmlDrawing:uKa
firstRowSubheading:FM
_getContentLeft:Fsa
asc_openNewDocument:Vya
updateCursorTypes:KUa
clearDrawingObjects:Lca
defaultState:$q
TIMES_NEW_ROMAN_HACK_RULES_SIZE:hoa
get_EditorThemes:kDa
ReadBodyPr:sla
AutoFiltersOptions:KJ
pool:S2
SetStringGID:Tx
asc_putDocumentFlag:JZ
screenW:vha
GetBBox:Xja
WriteFontScheme:xpa
__originaly__:era
aCommentIndexes:hZ
arrGraphicObjects:Gva
errorType:Pk
Undo:Kl
ReadStyleRef:EC
ChildChain:dW
__OfficeExcel_div_placeholder__:D8
screenH:iJ
name_index:ON
array_exp:dw
Col:V4
isFormatCell:lI
activeCells:$g
content2:Q_
WriteTableProps:vqa
WriteMods:hQ
merged:Xb
lineByAngle:eRa
_circle_fill:Ora
ReadUniPath2D:lna
halfBarHeight:Mea
_xscale_units_pre:kva
Fonts:uv
delta_shift:sH
max_func:uU
WriteBool:Aa
asc_setCellTextWrap:qza
setShrinkToFit:Ep
read_simple_glyph:eha
_sortArrayMinMax:Uua
startX:rF
globals:UM
hlink:cB
getLinesCount:FPa
memset:aSa
asc_getCellId:Qwa
asc_getVertAlign:oya
getbase64DecodedData:xDa
_visible:xn
m_bIsFillTextCanvasColor:DEa
_filled:Gi
TableColumns:mn
WriteRecord3:hl
set_width_ok:aUa
WriteRecord2:nc
WriteRecord1:ad
ratio:rm
AddHandlePolar:yIa
put_lineendstyle:c3
UniPr:R7
instruction_trap:cN
WriteThemeElements:Cqa
Cell:kja
showArrows:Cr
get_Index:mDa
restoreFocus:Qg
sUrlPath:dv
cursorShape:OBa
WriteOtherContent:Npa
_colors_alternate:Tra
TableBand1Vert:moa
_moveActiveCellToXY:w$
no_recurse:OE
determinant:YBa
changeRowHeight:VAa
extX:li
ClrScheme:U4
_print:Fua
Ascender:pv
XMode:sLa
extY:kj
load_os2:vEa
arrayChanges:qaa
usFirstCharIndex:THa
m_lDescender:qB
ctBrushAlpha2:qNa
ctBrushAlpha1:wBa
_doMeasure:cY
sFamilyClass:GGa
maxAng:KRa
num_bytes:t2
isFocusDrawingObject:Hw
asc_getFontId:jxa
privates:U2
asc_setCellBackgroundColor:bza
_tickdirection:jR
Minute:LP
put_width:$Fa
SaveBrush:vK
WriteTableStyles:Aqa
extra_points2:vy
m_oInsertColumns:wq
x_ppem:Tf
_colors_alpha:HQ
_drawCellsBorders:YC
name_table:Ls
paleturquoise:RSa
get_is_cid:RPa
powderblue:aTa
ShowRowStripes:Sr
WriteTableRow:wqa
ImData:Ix
__current_frame__:gG
TableCellMar:ln
WriteEmptyTableCell:opa
m_arrNeedUnlock2:Vy
azure:FMa
cid_font_revision:Fca
ChartTitle:I4
array_max:pk
curRange:MA
unlockComments:qia
refcount:uTa
data_size:ss
_strokestyle:kD
nDx:AU
min_origin_SB:Y1
_override:OY
WriteMedia:Ipa
RASTERIZER_35_RULES_SIZE:hla
m_bIsCollaborative:Rw
glyph_indices:Gea
start_glyph:Tha
rotWithShape:WB
TempMainObject:Sj
getFormula:jT
m_lPagesCount:re
_boxplot:SX
IsIdentity2:GW
ColProp:W4
SortConditions:Sq
_onWindowKeyPress:KY
asc_CCommentCoords:Qva
WriteString:dG
getTooltipWidth:eDa
SetStartPoint:$P
oMerged:x2
_events_mousemove_revertto:YK
asc_isWorksheetHidden:Nya
drawHighlightedHeaders:bCa
ReadNoteMaster:nKa
_line_colors:vY
_commentCellClick:Wra
getLockMeRow2:Sk
WriteDocument:iLa
Multiply:Ox
_coords_adjust:Xra
ReadFills:Ula
ident:fI
darkorchid:AOa
number_format:fa
map_name_cutindex:EE
bulletType:rl
activeCellBackground:faa
Write_nvPr:Qqa
get_linecap:sea
arrPages:ms
DrawAxes:Vo
x_ratio:IJ
isLockDraw:aEa
asc_setUseEmbeddedCutFonts:Xza
_getContentPosition:Gsa
elemArr:ke
_insertRepeatChars:Usa
_setAllColorStyleForTable:js
mistyrose:iSa
Determinant:nW
Writer:qLa
max_function_defs:FN
WorkbookPr:vX
LoadedObject:SJa
_findRowUnderCursor:Ig
private_len:$m
ctCommandDouble2:ANa
ctCommandDouble1:zNa
blipFill:cS
asc_CPageSetup:qZ
asc_getBinaryFileWriter:Owa
TxRef:Boa
globals_bias:Y0
sldNum:Pha
_sendPrebuffered:Nua
force_bold_threshold:Mda
getLockCellsOther:gea
Before:bW
_onShowNextPrevWorksheet:tua
asc_setType:SL
ROUND_NONPIXEL_Y_MOVES_Rules:lla
render_span_data:fV
IsModify:Lx
gep2:xs
memcpy:YRa
SKIP_INLINE_DELTAS_Rules:Ena
commentIndexes:vS
getCellLeft:uc
xTickGap:Y3
copyText:Mm
secondSubtotalColumn:AO
_loadFonts:AG
ctPathCommandMoveTo:IBa
graphHeight:CDa
limit:Fa
_gui_control_colors:sG
Recalculate:vKa
asc_CCellCommentator:Lva
GetDefaultFont:H5
dxf:qb
UpdateMatrix2:Kv
charstrings:kp
asc_getPrintType:Oaa
Assemble:DF
gep1:ws
updateDrawingObjectDone:OHa
gep0:su
UpdateMatrix1:Jv
nTopOffset:JI
UpdateMatrix0:S7
ctPathCommandText:WNa
FontsCount:vW
geometry:kq
ROUND_NONPIXEL_Y_MOVES_Rules_Exceptions:mla
lvl:Ty
asc_setDelimiter:xza
asc_getTop:jw
nvPr:be
_calcFillHandleOffset:Fra
Explode:q5
NextTableStyleId:PW
createDrawingObject:kH
_arrElements:Zr
series:Je
fLeft:ww
ReadUniFill:Np
asc_Copy:Zva
band_shoot:n_
_key_linewidth:i$
asc_getLocked:Gxa
getColumnWidth:Ew
m_oFullTransform:Kd
BarDerection:i4
WriteDocumentContent:jLa
cutSelection:jda
asc_getSelectionType:Yxa
moveVer:zU
getMasterNodes:HPa
_ylabels_invert:Pt
_xtickinterval:caa
limegreen:dRa
_onUpdateAfterApplyChanges:wua
pageHeadings:Hga
number_Of_HMetrics:WE
asc_setCodePageName:fba
internal:Mb
reinitializeScroll:SB
asc_getActiveWorksheetIndex:Iaa
pasteFromClipboard:Kga
_createWorksheetView:$ra
Caller_Range:MJ
DependencyLevel:mW
m_arrCTM:mm
WriteCustomFiltersItem:fpa
aWorksheetsById:fy
WriteReserved:iQ
WriteGeometry:Apa
ClearCache:FF
isRightURL:eEa
TableTRCell:woa
asc_setDelimiterName:yza
TableGrid:roa
getSegment:bE
_labels:de
getSelectionName:Fy
F_dot_P:Kr
hsbApi:qq
vert_metrics_offset:PUa
load_gasp:qEa
getMatchingShape:$D
kern_table_index:HQa
aReplies:xf
enterCellRange:m0
ClearAnnotations:T4
_calcTextHorizPos:m9
UShort_To_Short:pn
getMessages:N0
_highlight_style_2d_fill:Ssa
DELTAP_SKIP_EXAGGERATED_VALUES_Rules:Dja
asc_showActiveWorksheet:cAa
rowSpanSpCount:BGa
TitlesOfParts:WKa
yStrikeoutPosition:iIa
asc_getRight:iw
_units_post:Eh
cvt_program:AS
_changeFilterAfterInsertColumn:t9
m_oRecalcIndexColumns:ri
GetAt:PF
setValue2:ZB
changeNum:aNa
ReadShapeStyle:DC
m_oCoordTransform:BE
asc_setVal:Yza
WriteImageBySrc:kLa
inherit:MDa
ReadNumFmts:sma
numNameRecords:FB
bitmap_top:ky
ps_get_font_extra:fTa
ctPenMiterLimit:fOa
_background_grid_hlines_interim:MLa
oSharedStrings:ZE
_addMergedCellsRange:P8
font_matrix:Ni
onConnect:H2
wbModel:pd
WE_HAVE_A_SCALE:sX
toCoord:H3
load_mac_face:lRa
txBody:Ro
horizontalalignmentContinuous:nQa
SizeCoeff:r7
_haveTextInEdit:Psa
raster_done:mTa
WriteRow:Ypa
SetMetrics:Wna
FILL_TYPE_BLIP:Mja
aquamarine:qMa
__diffs__:oQ
select_size:CO
num_locals:WN
_onShowDrawingObjects:sua
DrawingObjectData:n5
asc_getStyleId:fya
Max:Av
tocEmpty:CUa
globalCoordCount:Bea
scrollHorizontal:Dq
CellValue:t4
lockDraw:eU
asc_getStrikeout:eya
is_offset_one:A1
asc_setState:uba
rtrim:BTa
m_dHeightMM:Jfa
silver:fUa
_initCallback:a$
HtmlElementName:jka
Radar:SW
getVerticalScrollRange:fDa
Level:vka
_initCommentsToSave:fL
glyph_locations:WM
ReadDxfs:I6
asc_showComment:TL
ReadSlideLayout:Pma
addCols:rva
kern_table_size:ufa
WriteGrpSpPr:p8
num_subrs:Tn
yMin:qd
FontSize:Te
_addErasedBordersToCache:ira
get_Name:nDa
ReadWorksheetProp:sna
GetLongLE:$ja
matchedTypes:zg
m_bLast_Row:FEa
ColorGradEnd:LIa
EndMousePosition:Cm
asc_CFill:Sva
_isCellEmptyOrMerged:Wsa
lvl2pPr:rRa
_key_shadow_offsetx:m$
EOF:Gx
_key_shadow_offsety:n$
gdRefR:uPa
asc_CHandlersList:oZ
_isFormula:ata
gdRefX:vPa
ctCommandString1:DNa
gdRefY:wPa
ctCommandString2:ENa
asc_getGroupName:rxa
ghostwhite:bQa
slideLayouts:oJ
TT_CONFIG_OPTION_UNPATENTED_HINTING:RKa
cell:Kc
toRGB:CHa
WriteRun:Zpa
Aligment:Sia
num_strings:v2
oBitmap:vd
isActive:ST
insertColumn:OT
CheckTextMatrix:S4
_background_grid_vlines_interim:OLa
tsb:FUa
asc_cleanSelection:swa
peru:XSa
isFormulaEditMode:ng
isSelectMode:dk
num_snap_widths:ZN
asc_setOutlineColor:$Z
chrome:Eca
num_elems:sga
_xscale:eZ
asc_CPageMargins:pZ
FoldToCenter:gJa
ReadOtherContent:uma
Triggers:LC
showDrawingObjectsLocks:hHa
num_snap_heights:YN
ArrowDrawer:Vg
__OfficeExcel_originalx__:ALa
underline_position:So
_background_circles_spacing:wra
nodeExist:$w
callTopLineMouseup:hS
f_text:r0
subrs_len:Vs
get_index:U0
CustomHeight:Qh
changeSelectionDone:XAa
intersection:On
showCellEditorCursor:pF
nRowsCount:cd
buildSeries:cH
_background_grid_hsize:xQ
units_per_EM:al
min_advance_SB:W1
Note:XJa
m_oGlyphString:ek
Conceal:OIa
asc_EndAction:gy
get_charset_id:NPa
_cleanFragments:A9
Information:T5
to_int:tF
ReadDxf:Pla
CRecalcIndexElement:IIa
addCheckLock:MG
cid_ordering:rS
byte_len:GA
t1_decrypt:CV
asc_CChartAxis:tMa
rgba:yGa
instructions:$ea
ReadSeries:Hma
sTypoAscender:vO
ctResetTransform:hOa
_getCrc32FromObjWithProperty:QLa
reReplaceNL:h3
w_mm:Cc
Memory:Na
Fade:u5
currentInfoLoaded:PA
GetSize:vJa
ordering:aO
fsSelection:NM
Min:Nx
asc_getFont:AR
getPositionInfo:LPa
num_gray_spans:TE
raster_pool_size:oTa
DateTimeGrouping:nP
_bold:RX
asc_getChartPreviews:Uwa
dtr:fCa
_gui_color_schemes:dL
reader:hF
restoreLockedDrawingObject:xGa
floralwhite:bPa
WriteUniNvPr:LK
ReadNvPr:tma
ReadChart:Bla
UpdateRigions:Yz
Chunk:Cx
DrawBackgroundImage:pW
selectionBegin:gk
m_lHeightPix:Lfa
weight:Uo
ReadCustomFiltersItems:Jla
asc_getLegend:Dxa
idWorksheet:Rea
ReadCalcChain:wla
ttc_header:ao
_highlight:no
DrawTitle:MF
ReadMasterInfo:oma
get_Id:lDa
ctPathCommandCurveTo:GBa
destroy:RA
_background_grid_autofit_numhlines:Ll
ymax:pC
ivory:FQa
asc_getUnderline:Uaa
WriteTableStyleInfo:yqa
_ymax:Ve
_lockDraw:wY
WriteRecordArray:OC
isDblClickInMouseDown:w1
_serverPath:Pua
getWidthCoeff:hDa
ReadUShortLE:kna
_reDrawCurrentFilter:eR
lvl5pPr:uRa
__event__:F8
cellAddress:uca
indianred:uQa
_normalizeViewRange:B$
GetShortLE:uJa
Status:Ch
getFillStyle:dea
asc_setLocation:WZ
glyph_prepare:Jea
changeUnits:E_
_isThickBorder:gta
asc_setCellSubscript:mza
maxFunctionDefs:AN
ReadPic:CC
_resizeElementDone:L$
asc_getHiddenWorksheets:Kaa
callback_OnMessage:JAa
topLineEditorName:EHa
_isRightBorderErased:fta
getSelectionMergeInfo:ZCa
_deactivateOverlayCtx:JQ
ReleaseFontFace:yKa
ps_parser_funcs:W2
load_field_table:oEa
ctPenAlign:YNa
load_hdmx_stub:kRa
asc_getWordChartObject:sya
_openDocumentEndCallback:G$
nId:Mu
asc_getLockedObjectType:Hxa
lightgrey:UQa
WriteDrawings:kpa
num_charmaps:bx
Top:nn
lvl1pPr:qRa
fontScheme:US
prepareXfs:T2
yMax:Tc
hdmx_table_size:Pea
Left:Yo
locals_bias:G1
raiseLayerDrawingObjects:lO
asc_editChartDrawingObject:Hwa
WriteSheetData:dqa
_background_grid_hlines:Y8
bMillisec:Yba
WriteStyleRef:Zz
arrayStackStartsTextBoxContent:NG
_getTrueWidth:RQ
ReadSlideMaster:Qma
ReadXfs:una
cross:ub
asyncFontsDocumentEndLoaded:Fba
vertOverflow:mv
m_oBuffer:sB
font_size:Kda
WorksheetView:Ooa
oHyperlinks:IU
kind:vE
asc_increaseCellDigitNumbers:Dya
chartreuse:bNa
LineRule:d6
asc_putParent:Zaa
def:Zq
m_oDocxNum:GRa
asc_getItalic:Laa
scaled:KTa
seriesOpen:DO
numberToAscColor:iFa
clearUndoRedoDrawingObject:jBa
xAxis:bc
DecrementArguments:j5
WriteFontCollection:l8
defaultFont:rw
FormatType:$J
_labels_position:o$
_xscale_numlabels:iva
_getDefaultCell:Hsa
cornflowerblue:lNa
getTransformBound:mea
EMBOLDEN_RULES_SIZE:Kja
code_to_sid:Sca
ReadTextBody:fna
tablePictures:DV
DocumentName:YIa
addColsRange:iaa
startRow:Za
eventListeners:hu
asc_setShowValueFlag:Sza
compensations:Zj
divPH:OOa
GetNext:aka
asc_setHyperlinkRow:Dza
nCol:Hb
_getCellTextCache:Ml
ReadCells:Ala
fromStream:MM
asc_setPageOptions:Lza
ctEdgeXML:LNa
deepskyblue:JOa
EndRecord:ua
scrollerMaxHeight:yha
postscript_names:hO
divPW:POa
_boxplot_width:g9
targetArr:fC
addNode2:xL
_fixSelectionOfMergedCells:Sv
_xticks:cy
headersLeft:Hy
CheckLoaded:Mq
sortState:kUa
updateSizeDrawingObjects:PHa
getNextLine:VCa
transform_matrix:kC
showHideComments:bUa
transform3:J3
headersTop:Iy
lightpink:VQa
maxPoints:BN
_fillstyle:Ct
properties:SFa
FontProperties:ZJ
_onWindowMouseUp:NY
WriteSlideLayout:hqa
asc_getTopPX:IR
ymin:qC
thumbnail:BHa
map_font_index:tB
ReadComments:Gla
fillid:VD
_showAutoFilterDialog:Tua
asc_LoadEmptyDocument:cwa
Words:a8
_setProperty:Pl
showDrawingObjects:Bl
ctPenLineStartCap:eOa
off_orgs:Ns
createGUID:uBa
LinesFree:yv
_getStylesSelect:QQ
getLockOther:ys
asc_coAuthoringDisconnect:wwa
other:NU
__crosshairs_x__:ELa
BrushTypeSolid:j4
div:sy
isDefaultHeight:dfa
textRender:Fd
_background_vbars:QX
Unfold:bLa
glyph_bbox:tT
asc_getTopMM:GZ
cSld:ec
textBB_l:vUa
_highlights_radius:SLa
callback_OnSetIndexUser:nca
TotalsRowCount:Tr
num_flex_vectors:SE
getChartPreviews:ICa
LockFont:Cka
textBB_b:uUa
Fill:yb
callLockComments:DAa
getVisibleWidth:gr
ctFontXML:QNa
FireCustomEvent:Re
bit_depth:q_
band_size:mw
_offset_org:Nd
DocumentUrl:k5
textBB_t:xUa
getNumFormatStr:lj
textBB_r:wUa
ScaleCrop:e7
WriteColorSpreadsheet:zX
__increments__:NK
load_sbit_image:Efa
lightcyan:RQa
_changeSelectionDone:w9
lockedObjectType:nN
asc_setFontRenderingMode:zza
_changeFillHandle:EQ
num_tables:Un
asc_CAdjustPrint:Iva
_largeyticks:ULa
fMaxY:KH
fMaxX:TD
cutToClipboard:kda
