CSlideBoundsChecker:Qg
JSCompiler_StaticMethods_getFontAlign:gQ
ft_div64by32:zj
ETableStyleType$tablestyletypeLastColumn:QJ
c_oSer_ChartLegendLayoutType$Y:u_
c_oSer_ChartLegendLayoutType$W:q_
JSCompiler_StaticMethods_getWrapByAlign:jQ
c_oSer_ChartLegendLayoutType$X:s_
T1_GlyphSlotRec:Hv
cff_field_handlers:cu
c_oSer_ChartLegendLayoutType$H:n_
FT_Bitmap:ck
ThemeElements:FV
Y_Bottom_Margin:T6
sfnt_init_face:$p
JSCompiler_StaticMethods__getColNoEmptyWithAll:XO
para_HyperlinkEnd:ji
Numbering_Number_To_Alpha:j5
numbering_presentationnumfrmt_RomanUcPeriod:s5
c_oSerRowTypes$Row:tE
deg2rad:Ox
ETableStyleType$tablestyletypeThirdSubtotalColumn:cK
JSCompiler_returnArg:fa
ETableStyleType$tablestyletypeHeaderRow:PJ
UndoRedoData_AutoFilter:Kz
TT_Get_VMetrics:bt
GetUploadIFrame:wb
c_oSerStylesTypes$CellStyle:yC
JSCompiler_StaticMethods_Set_GraphicObject:f6
JSCompiler_StaticMethods_Set_Type_0_Spell:m7
CContentChanges:y6
JSCompiler_StaticMethods_IsEmpty:sZ
ETableStyleType$tablestyletypeSecondSubtotalRow:$J
asc_CSelectedObject:Wf
c_oSerStylesTypes$CellStyles:xC
i:re
JSCompiler_StaticMethods_setVal:GT
JSCompiler_StaticMethods_Get_CurrentPage_Relative:o7
c_oAscChartType$stock:ee
Workbook:EN
CFont:Fx
c_oSerWorksheetsTypes$SheetFormatPr:PD
c_oSer_Comments$Bottom:sH
c_oSer_ConditionalFormattingRule$Rank:TH
c_oSer_TableColumns$DataDxfId:UF
JSCompiler_StaticMethods_setHyperlinkOpen:qL
historyitem_Cell_AlignVertical:FP
g_mouse_event_type_move:N3
fontstyle_mask_italic:Ax
c_oSer_TableStyles$DefaultPivotStyle:XG
CellValueType$Error:qa
para_HyperlinkStart:LZ
MasterSlide:NV
JSCompiler_StaticMethods__getCol:Gf
tblwidth_Mm:hZ
asc_CParagraphBorders:jg
__gray_convert_glyph:Dq
SignType$Positive:uc
c_oSer_DateGroupItem$Year:CG
GenerateDefaultTheme:BL
tt_face_free_name:go
ResizeTrackShapeImageInGroup:L3
historyitem_Cell_Bold:AP
JSCompiler_StaticMethods_Set_DStrikeout:O5
EChartBarGrouping$chartbargroupingStandard:H0
check_table_dir:Yn
oDecodeGeneralFormatCache:xd
c_oSer_DateGroupItem$Month:AG
JSCompiler_StaticMethods_Set_Underline:V3
PS_ParserRec:Cn
BinaryPPTYLoader:iT
g_oUndoRedoGraphicObjects:qh
Move_CVT:Js
ETableStyleType$tablestyletypeSecondRowSubheading:YJ
JSCompiler_alias_NULL:w
c_oSer_ChartType$Legend:YZ
parserFormula:iB
JSCompiler_StaticMethods_Is_DrawingShape:a6
ScrollOverType$NONE:QS
TYPE_TRACK_SHAPE:sT
JSCompiler_StaticMethods_checkColor:Nw
EHorizontalAlignment$horizontalalignmentJustify:qJ
asc_CShapeProperty:$f
ps_parser_to_token_array:cn
c_oAscError$ID$Unknown:m9
EBorderStyle$borderstyleMediumDashDot:SI
rx_number:Nb
c_oSerBorderTypes$Bottom:zC
nSldLtTChart:SV
opcode_length:pr
CHyperlink:qX
ft_outline_glyph_transform:Sj
EBorderStyle$borderstyleNone:VI
EPageOrientation$pageorientLandscape:DJ
FT_TT_CMAP_CLASSES_GET:cq
cCharDelimiter:hN
CHtmlPage:t8
historyitem_Chart_HeaderSubTitle:jf
JSCompiler_alias_FALSE:A
ExtpectDoubleClickState:R2
c_oSerWorksheetPropTypes$State:eE
CLASS_TYPE_PATH:GY
STATES_ID_SPLINE_BEZIER4:j2
c_oAscError$ID$FileVKey:v9
ps_unicodes_init:Wl
STATES_ID_SPLINE_BEZIER5:k2
c_oSerRowTypes$CustomHeight:zE
STATES_ID_SPLINE_BEZIER2:h2
STATES_ID_SPLINE_BEZIER3:i2
JSCompiler_StaticMethods__moveRecalcGraph:oP
c_oSerWorksheetsTypes$ConditionalFormatting:ZD
JSCompiler_StaticMethods_createWorksheet:WN
c_oSer_TableColumns$TableColumn:SF
EFontScheme$fontschemeMajor:gK
monthShort:yc
c_oSerXfsTypes$BorderId:QC
ETableStyleType$tablestyletypeLastTotalCell:SJ
c_oSer_PrintOptions$Headings:DF
c_oSerWorksheetsTypes$MergeCells:LD
gc_dDefaultRowHeightAttribute:eN
tt_cmap14_ensure:pp
cff_decoder_parse_charstrings:Yu
EHorizontalAlignment$horizontalalignmentFill:oJ
Write_CVT_Stretched:Fs
EChartAxPos$chartaxposLeft:f0
_rect:Ix
CellValueType:ra
JSCompiler_StaticMethods__calsScientific:gd
c_oAscLockTypes$kLockTypeMine:zg
CMatrixL:Qx
JSCompiler_StaticMethods__MouseHoverOnScroller:aT
c_oAscAsyncAction$LoadDocumentFonts:J9
UndoRedoData_FromTo:cO
CorrectUniColor2:a4
c_oAscError$ID$FrmlWrongOperator:jB
g_oDefaultAlign:BK
c_oSerStylesTypes$Fonts:fC
c_oAscError$ID$ConvertationError:r9
T1_Get_Private_Dict:Gv
nSldLtTTwoObjAndObj:jW
PreMoveState:z2
recalc:wN
vmerge_Restart:eZ
JSCompiler_StaticMethods__getRowNoEmpty:Iz
c_oAscChartStyle$Standart:Ne
c_oSer_TableStyle$Pivot:aH
tt_cmap4_char_next:Vo
rx_test_ws_name:$b
MIN_SHAPE_SIZE_DIV2:h8
JSCompiler_alias_TRUE:u
parserHelper:cc
JSCompiler_StaticMethods_setLocation:Ky
UndoRedoDataAddAdjustment:iR
tt_face_load_font_dir:Zn
FT_PEEK_USHORT_LE:lj
EChartBasicTypes$chartbasicRadarChart:v0
c_oAscFillGradType$GRAD_LINEAR:s4
c_oSerWorksheetColTypes$Max:hE
EHorizontalAlignment$horizontalalignmentRight:sJ
historyitem_Cell_Style:uP
FT_Service_TTCMapsRec:Ui
CShape:Gg
Current_Ppem:rs
JSCompiler_StaticMethods_Get_AllTableStyles:T4
JSCompiler_StaticMethods_getExcelDate:HA
JSCompiler_set:ea
CBulletSize:BX
FT_CMap_ClassRec:zl
cFormulaOperators:UA
PreChangeAdjInGroupState:T2
NvPr:RU
OverlayObject:c8
CGlobalMatrixTransformer:Rx
JSCompiler_StaticMethods_getID:Kf
c_oAscError$ID$UserCountExceed:y9
tt_face_lookup_table:Xn
JSCompiler_StaticMethods_Internal_IncDecFontSize:K7
JSCompiler_StaticMethods_setChartBinary:$g
numbering_lvltext_Text:h5
c_oSerXfsTypes$ApplyFont:OC
UndoRedoDataDocContentRemoveItems:BR
JSCompiler_StaticMethods_Create_Table_Lined:S4
c_oSer_ChartSeriesMarkerType$Size:W_
JSCompiler_StaticMethods_getElementRowCol:MA
cBaseType:GA
EquatingOutline:il
asc_CImageSize:dg
g_oDefaultBorder:zK
CellXfs:$K
historyitem_AutoShapes_RecalculateGeometry_Undo:QQ
c_oSer_ConditionalFormattingIconSet$Percent:mI
ETableStyleType$tablestyletypeSecondRowStripe:XJ
c_oAscLockTypeElem$Sheet:Tz
JSCompiler_StaticMethods_getRange3:oz
c_oAscHyperlinkType$WebLink:Hy
JSCompiler_StaticMethods_IncDec_FontSize:J7
JSCompiler_StaticMethods_getRange2:Ie
EUnderline$underlineDoubleAccounting:$I
T1_Face_Done:Nv
JSCompiler_StaticMethods_createCellOnRowColCross:WP
asc_CFillBlip:Yg
PS_Conv_ToInt:um
c_oAscFillBlipType$TILE:p4
c_oSerXfsTypes$ApplyAlignment:LC
AFM_ValueRec:wm
CLASS_TYPE_IMAGE:zO
CShapeDrawer:F3
c_oAscSelectionType$RangeCol:JR
tt_name_entry_ascii_from_other:Zp
g_dKoef_mm_to_pix:Vx
cff_index_get_sid_string:ou
JSCompiler_StaticMethods_DeserializeHistory:kO
CTableStyleElement:aL
PS_Conv_ToFixed:vm
align_Justify:aS
historyitem_Worksheet_SetViewSettings:SO
JSCompiler_StaticMethods__getHyperlinks:nQ
ft_qsort:Tl
CGrState_Pen:dy
PS_Conv_Strtol:tm
xhrSupported$$inline_1220:tx
SHAPE_ASPECTS:g8
T1_FieldRec:vn
para_InlineBreak:Zh
c_oSerWorksheetsTypes$SheetView:aE
JSCompiler_StaticMethods_getCell3:Gz
ClrMap:AV
JSCompiler_StaticMethods_getCell2:aO
g_oUndoRedoAutoFiltersMoveData:GR
GroupState:s1
Project_y:wr
c_oSer_Dxf$NumFmt:VG
Num:eL
Project_x:vr
FT_Error:aj
historyitem_AutoShapes_Extents:LQ
SplineBezierState:d3
c_oSer_FilterColumn$ColId:kG
sfnt_done_face:fq
gray_render_scanline:zq
historyitem_Worksheet_MoveRange:qP
ps_get_standard_strings:$l
UndoRedoClassTypes:oO
JSCompiler_StaticMethods_getRow0:Ez
JSCompiler_StaticMethods_Is_NBSP:M5
T1_EncodingRec:jm
ETableStyleType$tablestyletypeThirdColumnSubheading:aK
c_oSer_PageMargins$Header:yF
afm_key_table:Cm
c_oSer_DrawingType$From:HK
FT_New_Size:kw
nVertTThorz:lX
Current_Ratio:ss
Direct_Move:zr
getMaxValueArray:Be
historyitem_Cell_AlignHorizontal:GP
JSCompiler_StaticMethods_getMousePosition:YS
EUnderline$underlineNone:aJ
Binary_CommonReader:RK
JSCompiler_StaticMethods_Set_ParagraphAlign:Z3
FT_Vector_Length:sq
PreResizeState:y2
JSCompiler_StaticMethods_setConditionalFormattingStyle:NP
cError:U
CImageShape:Jg
STATES_ID_EXPECT_DOUBLE_CLICK:t2
PS_Table_FuncsRec:tn
dublicate_bbox:hl
X_Right_Margin:r6
tt_cmap6_char_next:Xo
tt_cmap12_char_next:gp
Load_SBit_Image:Eo
g_anchor_bottom:r8
_ph_summ__two_col_tx:VW
NumComporationOperators$less:Mc
c_oMainTables$ImageMap:HZ
nVertTTvert:mX
FT_GlyphLoader_New:sk
ScrollArrowType$ARROW_RIGHT:NS
asc_CChartLegend:Ve
SLIDE_KIND:AT
BULLET_TYPE_COLOR_NONE:tX
FT_CFF_CMAP_ENCODING_CLASS_REC_GET:Ju
align_Left:YR
FT_Common:Ji
JSCompiler_StaticMethods_rebuild:OL
phType_media:$U
phType_tbl:iV
c_oSer_CommentData$Solved:FH
c_oAscChartSubType$normal:Td
c_oSerPropLenType$Three:QZ
tt_face_load_gasp:lo
JSCompiler_StaticMethods_AddPathCommand:Z
JSCompiler_StaticMethods_Paragraph_IncDecFontSize:d4
ft_smooth_init:Hq
CXfrm:Ig
CPresentationBullet:y5
afm_parse_kern_data:Km
c_oSer_TableStyleInfo$ShowRowStripes:PF
cff_font_load:uu
ft_var_readpackedpoints:Ts
c_oAscLockTypes$kLockTypeOther:Rh
CalculateGuideLst:kY
c_oSer_TablePart$TableStyleInfo:LF
FT_Outline_Check:Fl
JSCompiler_StaticMethods_getRadius:L0
cElementType$cell:kA
Ins_SxVTL:rr
CTheme:GV
JSCompiler_StaticMethods_AddRectDash:Zx
c_oSerWorkbookTypes$WorkbookView:wD
CNvPr:QU
c_oAscAsyncAction$PrepareToSave:D9
_builder_funcs$$inline_643:Nn
c_oSer_DrawingFromToType$Col:VE
c_oSer_OtherType$EmbeddedFonts:gF
gr_state_state:cy
tt_face_set_sbit_strike:yo
ParaInlineBreak:xi
Numbering_Number_To_Roman:k5
phType_dgm:WU
asc_CParagraphSpacing:ig
sfnt_service_glyph_dict:Rp
JSCompiler_StaticMethods_HSL2RGB:RL
historyitem_RowCol_FontAlign:uM
tt_face_get_ps_name:to
FT_Add64:Bj
UndoRedoGraphicObjects:TN
rgRows:Gb
JSCompiler_StaticMethods_fromShape2:G3
c_oSer_ConditionalFormattingRule$IconSet:cI
JSCompiler_StaticMethods_Set_PageBreakBefore:v7
nSldLtTTxAndTwoObj:rW
TT_Postscript:dl
JSCompiler_StaticMethods__getCellNoEmpty:OB
c_oRangeType$Col:WM
c_oSer_ConditionalFormattingDataBar$MaxLength:hI
CLASS_TYPE_PATTERN_FILL:rU
ShapeToImageConverter:E3
_decoder_funcs$$inline_644:On
ECellAnchorType$cellanchorOneCell:hJ
t1_get_index:nv
c_oSerConstants$ErrorUnknown:MZ
JSCompiler_StaticMethods_getAlignHorizontalByValue:hQ
asc_CParagraphInd:hg
NumComporationOperators$equal:Kc
FT_Load_Glyph:uw
c_oSer_CommentData$UserName:DH
CDocumentShd:ZY
c_oAscFileType$PDFPRINT:E9
t1_cmap_standard_class_rec:Pm
tt_service_truetype_engine:lt
STATES_ID_MOVE_INTERNAL_CHART_OBJECT:r2
c_oSer_ConditionalFormattingDataBar$ShowValue:jI
phType_dt:XU
CellFormat:sd
tt_face_vary_cvt:$s
JSCompiler_StaticMethods__foreachNoEmpty:XA
SplineBezierState5:m3
SplineBezierState4:l3
SplineBezierState3:j3
SplineBezierState2:i3
JSCompiler_StaticMethods_drawStrokeFillStyle:K8
c_oSerWorksheetColTypes$CustomWidth:lE
Move_Zp2_Point:Tr
c_oAscServerError$ConvertDownload:Za
ColorManager:TL
JSCompiler_StaticMethods_CheckFontLoadStyles:Ex
FormatParser:Cd
TTC_HeaderRec:Ik
historyitem_Workbook_SheetMove:bO
CNumbering:I4
historyitem_Worksheet_ChangeHyperlink:vO
BULLET_TYPE_SIZE_NONE:xX
CArrowDrawer:TS
cff_builder_add_point1:Tu
c_oMainTables$Presentation:wZ
MATRIX_ORDER_PREPEND:Lx
historyitem_Chart_SubType:$e
JSCompiler_StaticMethods_isGeneralFormat:vd
TT_CMapInfo:Ti
EChartBasicTypes$chartbasicArea3DChart:y0
isNeedEmptyAfterCut:cz
JSCompiler_StaticMethods__checkCurPoint:WQ
tt_cmap13_init:ip
CLvlText_Num:m5
t1_builder_add_contour:nn
UndoRedoDataMoveToLineTo:qR
cff_parse_integer:Wt
c_oAscLockTypeElemSubType$InsertRows:Wz
TrackNewShapeState:P2
CreateAscStroke:Z8
JSCompiler_StaticMethods_setGuideValue:xY
historyitem_Chart_yAxisIsGrid:sf
DefinedName:lL
c_oAscPrintDefaultSettings$PageWidth:HO
gc_nMaxRow0:iM
numbering_lvltext_Num:i5
c_oSerStylesTypes$Borders:ZB
AddPolyLine2State2:r3
AddPolyLine2State3:s3
cff_charset_compute_cids:qu
c_oAscMouseMoveType$Comment:DS
tt_face_load_os2:io
c_oAscSortOptions$Ascending:AQ
StyleRef:mV
c_oSer_FilterColumn$DateGroupItem:nG
c_oSerXfsTypes$XfId:VC
JSCompiler_StaticMethods_getexploded:$0
CFF_SizeRec:zu
TT_Set_CodeRange:kr
JSCompiler_StaticMethods_getNormalPoint:M8
JSCompiler_StaticMethods_getColLetter:wB
cff_size_select:Du
FT_GlyphSlot:ul
c_oSer_TableStyleInfo$ShowLastColumn:RF
c_oSer_ChartSeriesDataLabelsType$ShowVal:Y_
JSCompiler_StaticMethods__removeExecElem:$M
JSCompiler_StaticMethods_GetCoordinates:Y0
ft_extra_glyph_names:Vl
c_oAscFontRenderingModeType$noHinting:KS
FONT_TYPE_ADDITIONAL:vx
PARRUN_TYPE_FLD:NX
cff_get_kerning:$u
g_oDefaultFillAbs:EL
g_nColorTextDefault:DL
c_oSerRowTypes$Cells:xE
c_oSer_ChartType$Title:ZZ
EHorizontalAlignment$horizontalalignmentGeneral:pJ
Ins_SFVTCA:Wr
WriteObjectString:rY
FONT_TYPE_EMBEDDED:xx
CRasterHeapTotal:Vw
cFormulaFunction:VA
historyitem_AutoShapes_RecalculateGeometry_Redo:RQ
ScrollObject:xS
numbering_presentationnumfrmt_AlphaUcPeriod:x5
GetHatchBrush:qx
JSCompiler_StaticMethods__generateFontMap:WL
nSldLtTObjOnly:aW
c_Date1904Const:BA
JSCompiler_StaticMethods_isTextFormat:wd
EBorderStyle$borderstyleMediumDashDotDot:TI
JSCompiler_StaticMethods_TurnOff:Zg
c_oSer_DateGroupItem$DateTimeGrouping:wG
ps_parser_to_token:bn
c_oSer_SheetPr$EnableFormatConditionsCalculation:BI
sfnt_services:Wp
c_oAscColor$COLOR_TYPE_SCHEME:Pz
JSCompiler_StaticMethods_setFormulaCA:jO
ETableStyleType$tablestyletypeWholeTable:fK
tt_size_init:xt
CAscColorScheme:H8
TT_NameTableRec:Nk
FORMULA_TYPE_MULT_DIV:SX
cErrorType$wrong_value_type:vA
c_oSer_DynamicFilter$Val:JG
BinaryWorksheetsTableWriter:xK
Ins_MDAP:fs
c_oSer_ChartSeriesNumCacheType$NumCache:a0
g_oUndoRedoRow:DM
tab_Clear:c5
TGlyphBitmap:Fw
Round_To_Double_Grid:Lr
UndoRedoDataShapeRecalc:hR
CStyle:XY
CLASS_TYPE_CHART_TITLE:F4
JSCompiler_StaticMethods_Update_Position:p6
EVisibleType$visibleHidden:jJ
JSCompiler_StaticMethods_SerializeDataInner:ZQ
TT_Save_Context:nr
tt_cmap_classes:Up
_weight_body:wW
searchRegExp:BB
rx_LeftParentheses:Rb
tt_cmap8_char_next:Zo
g_clr_hlink:yV
JSCompiler_StaticMethods_Is_Inline:o6
g_oUndoRedoCell:NM
ScrollOverType$OVER:RS
asc_CPaddings:ag
FontCollection:CV
historyitem_Chart_IsDefaultHeaderTitle:kf
Ins_Goto_CodeRange:Qr
tt_face_load_strike_metrics:Ao
g_nNumsMaxId:AK
cff_index_access_element:mu
UndoRedoDataGOPairProps:gR
EChartBasicTypes$chartbasicLineChart:p0
JSCompiler_StaticMethods_trackMoveObjects:v1
_ph_multiplier:HW
Border:fL
t1_cmap_custom_class_rec:Rm
CLvlText_Text:l5
tt_cmap14_variants:yp
c_oSerConstants$ReadUnknown:TK
Normalize:sr
readFromBinaryDocContent:ni
TT_VecLen:tr
BULLET_TYPE_SIZE_PCT:zX
JSCompiler_StaticMethods_getBold:cQ
nOTOwerflow:kX
c_oSer_PageSetup$Orientation:AF
asc_CChartAxisX:Qe
asc_CChartAxisY:Ue
cElementType$array:oA
CorrectUniFill:w4
c_oSerFontTypes$Scheme:nD
CalculateAhPolarList:pY
COPY_ELEMENT_ID:Py
RotateTrackShapeImage:H3
historyitem_Worksheet_ShiftCellsBottom:wQ
t1_builder_check_points:kn
FT_NEXT_UOFF3:nj
c_oSer_BasicChartType$DataLabels:L_
CLASS_TYPE_RGB_COLOR:UT
tt_size_done:yt
tt_service_get_cmap_info:Tp
c_oSer_TableStyleInfo$ShowColumnStripes:OF
DrawLineChart:se
TT_CMap4Rec:Oo
c_oSer_Comments$TopOffset:pH
BinaryStylesTableWriter:rK
skip_procedure:Zm
c_oSerWorksheetsTypes$SheetData:ND
vmerge_Continue:fZ
c_oAscFontRenderingModeType$hintingAndSubpixeling:MS
historyitem_Cell_Angle:LP
JSCompiler_StaticMethods__getRow:Hf
historyitem_RowCol_AlignHorizontal:wM
c_oSer_ChartSeriesMarkerType$Symbol:X_
global_hatch_brushes:nx
numFormat_MonthMinute:rc
ResizeTrackGroup:D3
c_oAscRecalcIndexTypes$RecalcIndexRemove:dA
historyitem_Worksheet_SetHyperlink:oQ
CompareShapeProperties:zU
tt_face_load_kern:Vn
JSCompiler_StaticMethods_getSelectionState:zS
TT_Set_MM_Blend:Ys
JSCompiler_StaticMethods__prepareSetFont:bM
TBBox:hx
c_oSer_Comments$Row:iH
JSCompiler_StaticMethods_Set_WrappingType:l6
c_oSerWorksheetsTypes$MergeCell:MD
historyitem_AutoShapes_GroupRecalculateUndo:SQ
c_oAscChartType$pie:ae
nSldLtTTwoColTx:hW
c_oAscError$ID$FrmlWrongCountArgument:oB
FILL_TYPE_SOLID:$T
unLockDraw:tN
historyitem_Chart_IsShowBorder:df
TT_DotFix14:Fr
FILL_TYPE_GRAD:aU
getRangeType:UM
JSCompiler_StaticMethods__arrowDownMouseDown:eT
c_oSer_FilterColumn$Filter:mG
TT_BDFRec:Wk
FORMULA_TYPE_MAX:$X
getMaxPropertiesText:ze
c_oAscServerError$TaskResult:La
ps_unicodes_char_index:Xl
compare_uni_maps:Sl
c_oSer_Comments$LeftMM:uH
CCellValueMultiText:WK
cff_expertsubset_charset:fu
c_oSer_DynamicFilter$MaxVal:KG
c_oSerWorksheetsTypes$Hyperlinks:JD
FT_NEXT_BYTE:fj
c_oAscCellEditorState$editFormula:MR
JSCompiler_StaticMethods_getUnderline:eQ
TT_SBit_StrikeRec:Uk
ft_module_get_service:Yi
c_oAscCleanOptions$Format:rS
gr_state_brush:by
g_oDefaultFont:Oy
CAscTexture:N8
historyitem_Chart_RangeInterval:ef
c_oSer_DrawingFromToType$ColOff:WE
ParaSpace:ti
cErrorType$null_value:sA
EChartBasicTypes$chartbasicLine3DChart:q0
Round_Super:Mr
g_oDefaultNumAbs:uK
JSCompiler_StaticMethods_getValueWithFormat:xz
numbering_presentationnumfrmt_RomanLcPeriod:t5
c_oSer_ConditionalFormattingRule$Text:XH
c_oSer_SortState$ConditionRef:cG
CLASS_TYPE_GROUP:AO
CFF_PrivateRec:Pt
c_oSer_AutoFilter$FilterColumns:hG
_ph_summ__title_only:UW
Vertex:sB
c_oSer_ConditionalFormattingRule$StdDev:VH
JSCompiler_StaticMethods_getAllCol:bP
c_oAscServerError$ConvertUnknownFormat:ab
c_oSerWorksheetsTypes$WorksheetProp:GD
JSCompiler_StaticMethods_Set_DrawingType:e6
global_SubpixHintingHacks:Ms
g_sUploadServiceLocalUrl:Ba
AFM_FontInfoRec:nm
PreRotateInGroupState:U2
c_oMainTables$TableStyles:yZ
NumFormat:bd
c_oSer_ConditionalFormattingValueObject$Gte:pI
g_oUndoRedoWorksheet:LN
c_oSerStylesTypes$Xfs:cC
Page_Width:c6
UndoRedoDataCubicBezTo:uR
CTextParagraphPr:rX
c_oSerStylesTypes$TableStyles:vC
c_oSerFormat$Version:QB
CTableStyle:jL
cErrorType$unsupported_function:wA
FT_Module_Class:El
c_oAscFill$FILL_TYPE_BLIP:Xg
EChartBasicTypes$chartbasicSurface3DChart:B0
c_oAscAsyncAction$Save:C9
ft_glyphslot_done:Il
c_oSer_ConditionalFormattingIconSet$CFVO:kI
c_oSer_Comments$WidthMM:wH
gc_nMaxCol:AB
generateColors:xe
EChartLegendPos$chartlegendposRightTop:m0
CLASS_TYPE_CHART_DATA:Ye
JSCompiler_StaticMethods_SetSelectionRedo:iz
UndoRedoDataAddHandleXY:lR
CAscShapeProp:a9
UndoRedoData_SheetAdd:ZN
numFormat_Scientific:jc
TT_SBit_MetricsRec:Rk
c_oSerWorksheetsTypes$Comment:YD
m_bands:Eq
JSCompiler_StaticMethods_checkSelectedObjectsAndCallback:Ah
EFontScheme$fontschemeNone:iK
JSCompiler_StaticMethods_Set_Italic:U3
COLOR_TYPE_SRGB:wT
JSCompiler_StaticMethods_SerializeDataObject:$Q
c_oAscServerError$Unknown:Ha
tt_cmap0_char_index:Jo
Ins_MDRP:Bs
CCMapIndex:xw
c_oSerTableTypes$SharedStrings:UB
tt_face_load_hhea:no
FT_PEEK_ULONG_LE:qj
c_oSer_Top10$Percent:OG
CTextFit:pX
JSCompiler_StaticMethods_Set_EndPos:K6
JSCompiler_StaticMethods_Set_Distance:h6
pararecalc_0_All:Z6
CRasterHeapChuck:Uw
JSCompiler_StaticMethods_Set_Props:s6
asc_CBorder:qg
PromoteHelper:FQ
TextAddState:r1
XYAdjustmentTrack:u2
JSCompiler_StaticMethods_Get_SummaryHeight:j4
c_oSerSheetFormatPrTypes$DefaultRowHeight:rE
c_oSer_Comments$HeightMM:xH
JSCompiler_StaticMethods_setValueData:QP
JSCompiler_StaticMethods_getMax:M0
c_oSer_SheetPr$TransitionEntry:HI
JSCompiler_StaticMethods_Check_NeedRecalc:b5
UndoRedoData_FromToHyperlink:wO
nSldLtTTbl:fW
CLASS_TYPE_TEXT_BODY:z4
tt_cmap14_char_map_def_binary:tp
g_oUndoRedoComment:QN
para_FlowObjectAnchor:ii
c_oMainTables$Core:vZ
CTableOutlineDr:C8
TT_Round_To_Double_Grid:Rq
c_oSer_ChartType$Style:a_
c_oSer_Dxf$Alignment:RG
asc_CChart:ge
JSCompiler_StaticMethods_Concat:n7
FORMULA_TYPE_MIN:hY
power_tens:Xt
ft_stub_set_char_sizes:Ek
nSldLtTFourObj:XV
arrReverse:Ld
cArea:TA
SetErrorAndReturn:Ks
c_oSer_TableStyleElement$DxfId:fH
T1_Read_PFM:pv
c_oSer_BasicChartType$Type:F_
c_oSerFontTypes$Italic:hD
CAscFillBlip:Q8
c_oSer_ConditionalFormattingRule$FormulaCF:bI
CChartLayout:Z7
maxGammaArgument:GB
FontRef:pV
JSCompiler_StaticMethods__expandRangeByMergedGetOuter:tP
c_oSerWorksheetsTypes$Comments:XD
rx_ref3D_non_quoted:Kb
JSCompiler_StaticMethods_initGlobalObjects:JN
skip_spaces:Wm
t1_cmap_std_done:Mm
FT_GlyphLoadCur:kk
c_oSerFormulaTypes$Dtr:ME
EBorderStyle$borderstyleDashed:MI
c_oAscLayoutPageType$ActualSize:Gy
STATES_ID_POLY_LINE_ADD2:m2
FontStyle$FontStyleBold:ax
JSCompiler_StaticMethods__addToFormat:dd
JSCompiler_StaticMethods_changeOffset:zB
JSCompiler_StaticMethods_getFormatByValue:td
para_CollaborativeChangesStart:B5
STATES_ID_ROTATE:O1
JSCompiler_StaticMethods_Internal_MoveCursorBackward:f7
c_oSerFormulaTypes$Dt2D:LE
UndoRedoDataAddGeometryRect:pR
Editor_CopyPaste_Create:ez
FORMULA_TYPE_MOD:aY
asc_CImgProperty:Xf
JSCompiler_StaticMethods_resetSelectionState:Jh
AddPolyLine2State:q3
tt_cmap12_next:dp
rx_bool:Vb
JSCompiler_StaticMethods__changeOffsetHelper:tB
historyitem_Workbook_SheetPositions:qO
Write_CVT:Is
LineEndType$Diamond:CU
EBorderStyle$borderstyleDashDot:KI
c_oAscCoAuthoringOtherBorderColor:RR
g_oDefaultFontAbs:tK
CLASS_TYPE_GRAD_FILL:oU
ELEMENT_DISPAY_STYLE:Ry
c_oSer_ChartPlotAreaType$BasicChart:y_
tt_cmap14_variant_chars:Dp
FT_PIX_ROUND:wj
JSCompiler_StaticMethods_beginCommand:py
JSCompiler_StaticMethods_wsRange:bB
recalcresult_NextPage:L6
c_oSer_PageMargins$Right:wF
c_oSer_Filter$Val:vG
tt_cmap4_init:Po
JSCompiler_StaticMethods_lnTo:uY
c_oAscError$ID$FrmlWrongCountParentheses:lB
c_oSerNumFmtTypes$FormatCode:oD
c_oAscError$ID$FrmlAnotherParsingError:pB
g_nodeAttributeEnd:ny
gray_set_cell:mq
c_oAscChartLegend$right:ta
c_oAscConfirm$ConfirmReplaceRange:fS
CLASS_TYPE_TABLE_ID:x4
c_oSerAligmentTypes$TextRotation:aD
Pop_Push_Count:qr
skip_comment:Vm
PostMessageType$UploadImage:Fa
EVerticalAlignRun$verticalalignrunBaseline:dJ
c_oSer_ChartTitlePptxType$TxPptx:d_
STATES_ID_NULL:t1
CTableRowHeight:cZ
asc_CParagraphTab:pg
JSCompiler_StaticMethods_Set_SmallCaps:Q5
JSCompiler_StaticMethods__readChar:cd
cd16:HT
JSCompiler_StaticMethods_GetMax:N0
c_oSerXfsTypes$FontId:SC
cd13:IT
gaussinv:EB
t1_standard_encoding:Nl
CLASS_TYPE_UNI_FILL:wU
tt_cmap4_next:Ro
StyleManager:$L
tt_face_load_sfnt_header_stub:Ep
c_oSer_AutoFilter$SortState:jG
g_oFormatParser:Ed
JSCompiler_StaticMethods_renameDependencyNodes:rP
cd23:JT
c_oSer_ChartSeriesDataLabelsType$TxPrPptx:Z_
HitInBezier4:MY
ft_service_list_lookup:Wi
c_oSerWorksheetsTypes$PageMargins:SD
c_oSer_ConditionalFormatting$ConditionalFormattingRule:LH
WRAPPING_TYPE_THROUGH:Z5
TYPE_TRACK_GROUP_PASSIVE:uT
Load_SBit_Range_Codes:vo
historyitem_AutoFilter_Sort:qz
c_oAscError$ID$AutoFilterChangeError:wz
ParaPageNum:Ci
X_Left_Field:eX
c_oSer_OtherType$Media:cF
Y_Top_Field:gX
create_cff_field:Vt
c_oAscError$Level$NoCritical:pe
FT_Get_Charmap_Index:qw
cff_fd_select_get:pu
JSCompiler_StaticMethods_setAscChart:bz
c_oSerSheetFormatPrTypes$BaseColWidth:sE
c_oSer_DrawingPosType$Y:$E
c_oSer_CalcChainType$ChildChain:nF
c_oSer_DrawingPosType$X:ZE
CAscFillSolid:R8
t1_get_glyph_name:Sm
c_oSer_ChartCatAxType$TitlePptx:D_
phClr:WT
historyitem_RowCol_Bold:qM
MoveState:Q2
JSCompiler_StaticMethods_Is_On:fM
ThemeColor:Mz
nVertTTwordArtVert:nX
cff_slot_done:Fu
FT_CFF_SERVICE_GET_CMAP_INFO_GET:fv
c_oSerFontTypes$VertAlign:mD
__FT_CharmapRec:yl
c_oSer_TablePart$Table:EF
c_oAscAdvancedOptionsAction$Save:A9
JSCompiler_StaticMethods_getMainGroup:z3
nSldLtTMediaAndTx:YV
JSCompiler_StaticMethods_Get_Paragraph_TextPr:n4
JSCompiler_get:C
JSCompiler_StaticMethods_DrawSegment:T0
historyitem_Cell_Fontname:xP
c_oSer_ConditionalFormattingDataBar$CFVO:fI
c_oSer_TableStyleElement$Type:hH
align_Right:ZR
c_oAscError$ID$KeyExpire:x9
g_oThemeColorTint:Nz
asc_CParagraphShd:kg
g_oDefaultFill:yK
UndoRedoAutoFilters:SN
UndoRedoComment:RN
nSldLtTTwoObj:iW
c_oSer_TableColumns$TotalsRowFunction:WF
JSCompiler_StaticMethods_DrawChart:X0
STATES_ID_SPLINE_BEZIER33:g2
c_oSer_CalcChainType$NewThread:oF
MASTER_KIND:CT
JSCompiler_StaticMethods_RedoAdd:rO
c_oSer_ChartType$TitlePptx:b_
REND_MODE:Ew
HF:HV
tt_face_load_sbit_stub:Np
fontslot_CS:Xx
FT_Open_Args:vl
c_oSerFormat$Signature:RB
c_oSer_FilterColumn$DynamicFilter:rG
c_oAscServerError$ReadRequestStream:Ia
nSldLtTObjOverTx:bW
tt_cmap13_char_next:mp
FT_MM_Axis:zk
EChartBasicTypes$chartbasicScatterChart:u0
historyitem_Chart_RangeRowColumns:gf
FT_GlyphLoader_CheckSubGlyphs:vk
tt_cmap14_def_char_count:Ap
historyitem_Chart_LegendPosition:uf
c_oAscServerError$ConvertMS_OFFCRYPTO:eb
cff_operator_seac:Xu
COverlay:Ag
c_oSer_TablePart$SortState:JF
JSCompiler_StaticMethods_recalcDependency:zN
c_oSer_TablePart$Ref:FF
CRasterDataInfo:Rw
_strncmp:tj
FT_Glyph_Metrics:pl
c_oSer_AutoFilter$Ref:gG
c_oSer_CalcChainType$DependencyLevel:lF
JSCompiler_StaticMethods__MouseHoverOnArrowUp:$S
CLASS_TYPE_PRST_COLOR:ST
CFF_SubFontRec:Rt
isRealNumber:xh
ETableStyleType$tablestyletypePageFieldValues:UJ
b64_decode:By
FT_Outline_Copy:Pj
tt_cmap14_char_index:rp
AA:K0
JSCompiler_StaticMethods_drawFillStroke:IY
c_oSer_DrawingType$To:IK
FORMULA_TYPE_IF_ELSE:VX
tt_cmap14_char_variants:zp
FT_OutlineCur:gk
Ins_SVTCA:Ur
ETableStyleType$tablestyletypeFirstColumn:GJ
JSCompiler_StaticMethods__getExecElem:ZM
FT_GlyphLoader_Rewind:tk
CreateBinaryReader:az
ETableStyleType$tablestyletypeFirstSubtotalRow:NJ
JSCompiler_StaticMethods_Add_PresentationNumbering:d7
PARRUN_TYPE_BR:OX
TT_Get_MM_Var:Xs
rx_LG:zb
c_oSerWorksheetPropTypes$SheetId:dE
BeginTrackNewShapeState:N2
CHART_TITLE_TYPE_H_AXIS:k1
c_oAscSelectionType$RangeShapeText:Lh
para_TextPr:Th
tt_face_find_bdf_prop:Un
c_oAscChartType$line:Sd
EChartLegendPos$chartlegendposTop:j0
sortDependency:AN
c_oAscAdvancedOptionsAction$Open:F9
JSCompiler_StaticMethods_syncAscChart:i1
c_oSer_ChartSeriesType$Marker:O_
tt_cmap12_char_index:fp
cExcelMinExponent:AA
c_oSer_FilterColumn$FiltersBlank:uG
ETableStyleType$tablestyletypePageFieldLabels:TJ
c_oAscError$ID$Database:n9
CreateIntArray:Ki
PS_FontExtraRec:km
c_oSerStylesTypes$Dxf:uC
JSCompiler_StaticMethods_Can_Undo:VQ
Default_Tab_Stop:mg
cName:eB
LibraryHintingParams:Wq
tt_face_free_sbit_stub:Op
JSCompiler_StaticMethods_getStrikeout:fQ
c_oAscServerError$StorageRead:Pa
c_oSer_CustomFilters$CustomFilters:EG
EBorderStyle$borderstyleThin:YI
EVerticalAlignment$verticalalignmentDistributed:wJ
c_oSer_Top10$FilterVal:NG
c_oMainTables$Themes:zZ
bar:D
JSCompiler_StaticMethods_setBlipFill:nT
Binary_WorkbookTableReader:kL
cff_slot_init:Gu
c_oAscCellAnchorType$cellanchorAbsolute:xa
tt_cmap_init:Io
c_oSer_SortState$ConditionSortBy:dG
Y_Bottom_Field:hX
PolarAdjustmentTrack:v2
bezier4:CY
bezier3:BY
EBorderStyle$borderstyleMedium:RI
JSCompiler_StaticMethods_Selection_CalculateTextPr:G7
break_Page:D5
Page_Height:d6
c_oSer_PageMargins$Top:vF
c_oSer_DateGroupItem$Minute:zG
c_oAscColor$COLOR_TYPE_PRST:G1
CheckLinePreset:k4
c_oSer_ColorFilter$DxfId:MG
JSCompiler_StaticMethods_getHidden:dO
getNumberParts:Sc
recalcresult_NextElement:M6
CBoundsController:x8
Spline:e3
c_oSerFontTypes$RFont:iD
historyitem_RowCol_Border:yM
JSCompiler_StaticMethods_Set_PresentationLevel:oZ
EChartBarGrouping$chartbargroupingClustered:E0
ft_var_readpackeddeltas:Us
JSCompiler_StaticMethods_AddCnx:Y
cArea3D:aB
Slide:dX
JSCompiler_StaticMethods_setVerticalAlign:$3
T1_Parse_Glyph:tv
Round_Up_To_Grid:Ir
bIsLocalFontsUse:rx
c_oSerBorderTypes$DiagonalDown:GC
c_oSer_ConditionalFormattingRule$AboveAverage:MH
cff_lookup_glyph_by_stdcharcode:Wu
historyitem_AutoFilter_ApplyDF:sz
cElementType$error:hA
STATES_ID_CHANGE_ADJ_IN_GROUP:Y1
c_oSer_CommentData$Reply:IH
DrawGroupSelection:X2
TT_ExecContextRec:er
TT_Load_Glyph_Header:ft
JSCompiler_StaticMethods_renameWsToCollaborate:NO
CPen:Jx
c_oSer_ChartLegendType$LegendEntry:i_
tt_driver_done:tt
FT_Slot_Internal:Cl
c_oSerBorderTypes$Vertical:FC
JSCompiler_StaticMethods_setHyperlink:IM
FileStream:jT
historyitem_AutoFilter_Empty:rz
c_oAscServerError$UploadExtension:ib
JSCompiler_StaticMethods__prepareCellStyle:XL
c_oSerDefinedNameTypes$Ref:DD
c_oSer_ChartType$PlotArea:$Z
TT_Load_Composite_Glyph:ht
c_oSerTableTypes$Workbook:WB
c_oSer_SheetPr$SyncHorizontal:EI
CStyles:f4
tt_cmap14_char_var_index:wp
STATES_ID_ADD_PPOLY_LINE2:n2
FT_ValidatorRec:Hk
FT_GlyphLoader_Add:xk
searchCleenCacheArea:xN
c_oSerFontTypes$Underline:lD
JSCompiler_StaticMethods_getColWidth:ah
STATES_ID_TRACK_NEW_SHAPE:S1
historyitem_Cell_ChangeValue:OM
ECellTypeType$celltypeNumber:BJ
JSCompiler_StaticMethods_AddLineDash:z8
JSCompiler_StaticMethods_AddEllipse:u8
ECustomFilter$customfilterNotEqual:zz
historyitem_AutoShapes_Offset:KQ
cff_parse_real:Yt
FT_CFF_SERVICE_PS_NAME_GET:ev
JSCompiler_StaticMethods_fromAlphaMask:Gw
TT_CMap13Rec:hp
cff_expert_charset:eu
GetShortIns:os
historyitem_Worksheet_ShiftCellsRight:sQ
historyitem_RowCol_Underline:sM
SkipCode:Pr
Compute_Funcs:ur
CommandType:jy
MoveGroupTrack:C3
tt_cmap14_find_variant:vp
c_oSer_ColorObjectType$Tint:sF
JSCompiler_StaticMethods_copyProperty:EM
FORMULA_TYPE_PLUS_MINUS:TX
getFile:ka
c_oSerAligmentTypes$Horizontal:XC
FormatObjDateAmPm:Yc
c_oSer_DynamicFilter$Type:IG
c_oSer_SheetView$ShowGridLines:sI
c_oSer_ChartType$SpPr:c_
c_oSer_ChartSeriesType$xVal:P_
buildRecalc:uN
parseNum:WA
find_unicode_charmap:Gl
STATES_ID_CHART:s2
changeRgbColor:g1
c_oSer_ConditionalFormattingIconSet$ShowValue:oI
nSldLtTTwoTxTwoObj:mW
c_oAscPrintDefaultSettings$PageHeadings:KO
CParaDrawingRangeLinesElement:N7
STATES_ID_PRE_MOVE:T1
_weight_obj:CW
FT_Var_Axis:Ak
JSCompiler_StaticMethods_swapTrackObjects:x1
ParaTextPr:qi
ft_bitmap_glyph_class:Yj
historyitem_RowCol_Fontcolor:pM
FT_Var_Named_Style:Bk
FT_NEXT_SHORT:hj
CMetafile:ly
ResizeInGroupState:b3
para_End:Wh
CreateAscColorCustom:ng
c_oAscBorderOptions$Top:lS
fontstyle_mask_regular:zx
T1_Get_Multi_Master:Uv
NumComporationOperators$greaterorequal:Nc
Round_To_Half_Grid:Kr
c_oSer_Comments$LeftOffset:nH
cff_face_init:Hu
g_oIdCounter:We
asc_CCommentData:BO
TRANSLATE_HANDLE_FLIP_H_AND_FLIP_V:f8
tt_size_done_bytecode:ir
CLASS_TYPE_DOCUMENT_CONTENT:A4
c_oAscAsyncActionType$BlockInteraction:Og
FT_Matrix:ik
STATES_ID_PRE_ROTATE:N1
taylor:CB
TRACK_DISTANCE_ROTATE:w3
c_oSer_ColorObjectType$Type:qF
g_anchor_top:p8
FT_MulFix:Ej
vertalign_Baseline:Y3
JSCompiler_StaticMethods_getLocation:Jy
t1_expert_encoding:Ol
g_oUndoRedoWorkbook:NN
tt_size_ready_bytecode:hr
c_oSerWorksheetsTypes$SheetViews:$D
numbering_presentationnumfrmt_None:o5
FT_Bitmap_Size:ql
Read_CVT_Stretched:Es
Ph:kV
c_oAscError$ID$UplImageSize:s9
c_oAscFillGradType$GRAD_PATH:t4
ResizeState:L2
Direct_Move_Orig:Ar
TT_Round_Off:Oq
c_oAscPrintDefaultSettings$PageLeftField:CO
NewShapeTrack:O2
JSCompiler_StaticMethods_setCA:SA
cBaseFunction:RA
EChartBasicTypes$chartbasicBubbleChart:t0
check_type1_format:Ev
recalcresult_CurPage:P6
FORMULA_TYPE_VALUE:gY
JSCompiler_StaticMethods_scrollByX:wS
JSCompiler_StaticMethods_scrollByY:vS
T1_Parse_Glyph_And_Get_Char_String:sv
ETableStyleType$tablestyletypeBlankRow:FJ
SFNT_HeaderRec:Jk
IS_PS_SPACE:pm
t1_service_glyph_dict:aw
c_oSer_PageMargins$Left:uF
ReadDefCellStyles:HL
c_oSerStylesTypes$Fill:eC
historyitem_Worksheet_AddCols:tQ
c_oSer_ChartCatAxType$TxPrPptx:E_
EChartBasicTypes$chartbasicPie3DChart:z0
JSCompiler_StaticMethods_getCell:Df
c_oSerSharedStringTypes$Run:rD
BULLET_TYPE_BULLET_NONE:GX
tt_face_load_head:bo
JSCompiler_StaticMethods_Set_VertAlign:X3
gc_nMaxDigCountView:Gc
CTablePr:iZ
DrawingObjects:xg
numFormat_AmPm:qc
JSCompiler_StaticMethods_canAddHyperlink:C1
historyitem_Worksheet_RemoveCell:hP
CDrawingDocument:Eg
ps_unicodes_char_next:Yl
JSCompiler_StaticMethods_Internal_GetStartPos:E6
ParaEnd:ui
g_memory:ej
T1_FontRec:lm
cff_isoadobe_charset:du
JSCompiler_StaticMethods_addXAxis:X7
JSCompiler_StaticMethods_GetSerializeArray:lO
SplineForDrawer:m8
ChartRender:Hd
JSCompiler_StaticMethods_finishAdd:GQ
c_oSer_ChartSeriesType$Cat:V_
calculatePosiitionObjects:Ee
c_oSerXfsTypes$ApplyNumberFormat:PC
c_oMainTables$SlideRels:FZ
c_oSer_ChartPlotAreaType$CatAx:w_
cElementType$string:fA
TT_SBit_RangeRec:Tk
c_oAscLegendMarkerType$Line:Bf
FT_CFF_CMAP_UNICODE_CLASS_REC_GET:Iu
UndoRedoData_GTableIdAdd:fR
c_oSerRowTypes$Cell:yE
FT_Vector:bk
c_oSerAligmentTypes$Indent:YC
JSCompiler_StaticMethods_Interface_Update_DrawingPr:P7
c_oSer_ChartLegendType$Layout:h_
CTableCellPr:P4
getLogGamma:KB
PreMoveInternalChartObjectState:D2
JSCompiler_StaticMethods_setRange:YA
ImageLoadStatus$Loading:Gx
JSCompiler_StaticMethods__prepareSetAlign:cM
JSCompiler_StaticMethods_cleanText:zQ
TYPE_TRACK_TEXT:vT
t1_cmap_unicode_class_rec:Tm
ft_outline_glyph_copy:Rj
c_oAscChartSubType$stacked:Ud
JSCompiler_StaticMethods_Get_Pr:W4
cff_size_get_globals_funcs:Au
historyitem_RowCol_Fill:xM
UndoRedoDataAddGuide:jR
JSCompiler_StaticMethods_setTransparent:xU
JSCompiler_StaticMethods_DrawRscatter:a1
CAscSlideProps:X8
TT_GaspRange:Ok
JSCompiler_StaticMethods_getQuotePrefix:$y
EGlyphState$glyphstateNormal:Bw
AFM_KernPairRec:mm
c_oSer_DateGroupItem$Second:BG
CChartTitle:I0
g_nodeAttributeStart:my
c_oAscSelectionType$RangeCells:LR
aStandartNumFormatsId:NK
FT_Size:tl
JSCompiler_StaticMethods_generateUniColors:fe
CreateFontData2:Dy
t1_allocate_blend:Tv
cToRad:mY
tt_get_advances:Ct
g_dKoef_pt_to_mm:sg
ECustomFilter$customfilterGreaterThanOrEqual:Bz
TT_PCLT:el
c_oSer_SortState$ConditionDescending:eG
T1_Size_Request:Kv
FT_GlyphLoader_Prepare:wk
historyitem_AutoFilter_Move:uz
FT_Smooth_Renderer_Class:Gq
c_oAscError$ID$FrmlWrongMaxArgument:mB
ECellAnchorType$cellanchorTwoCell:iJ
FT_Size_Metrics:sl
cElementType$cellsRange:jA
bIsIE:Nx
find_sbit_range:Bo
CorrectUniColorEx:H1
vector_koef:Qz
tt_get_interface:ut
CAscFill:U8
para_Empty:ai
c_oSerXfsTypes$FillId:RC
c_oSer_OtherType$Theme:hF
c_oSer_ConditionalFormatting$SqRef:KH
historyitem_RowCol_NumFormat:lM
asc_CFillSolid:L1
JSCompiler_StaticMethods_Set_Position:R5
rtl_math_erfc:LB
GX_AVarSegmentRec:Ps
FT_FACE_FIND_SERVICE:Xi
Path:tY
c_oSerRowTypes$Hidden:wE
SignType$Negative:vc
c_oAscError$ID$CoAuthoringDisconnect:M9
TT_HdmxRec:Qk
JSCompiler_StaticMethods_CheckColors:px
CreateAscFill:V8
JSCompiler_StaticMethods__updateWorksheetIndexes:XN
JSCompiler_StaticMethods_getMergedByCell:pN
JSCompiler_StaticMethods_getTextString:R7
c_oSer_TablePart$TotalsRowCount:GF
JSCompiler_StaticMethods_fromObject:g5
c_oSerBorderPropTypes$Color:IC
historyitem_Cell_SetQuotePrefix:MP
c_oAscServerError$Storage:Na
c_oSer_FilterColumn$HiddenButton:sG
c_oSerWorksheetsTypes$Cols:HD
cEmpty:PA
CPres:VY
T1_Size_Init:Jv
MoveInGroupState:Y2
c_oAscLockTypeElemSubType$DeleteRows:Zz
t1_builder_add_point1:mn
para_NewLineRendered:Yh
c_oSerBorderPropTypes:KC
c_oAscDeleteOptions$DeleteCellsAndShiftLeft:nh
c_oAscFileType$CSV:G9
PS_FontInfoRec:dm
para_CommentEnd:li
JSCompiler_StaticMethods_setColHidden:YO
lcid_enUS:$4
c_oAscTypeSelectElement$Image:N9
CLASS_TYPE_PARAGRAPH:y4
c_oSerWorksheetsTypes$Drawings:QD
tt_face_get_location:kt
JSCompiler_StaticMethods_setY:$7
BULLET_TYPE_COLOR_CLR:vX
JSCompiler_StaticMethods_setX:a8
STATES_ID_TEXT_ADD_IN_GROUP:Mg
SplineCommandMoveTo:f3
checkTypeCell:OA
JSCompiler_StaticMethods_setW:NU
c_oEditorId$Presentation:ia
ft_outline_glyph_init:Nj
JSCompiler_StaticMethods_insertRowsBefore:TO
JSCompiler_StaticMethods_getOffset2:PP
LineJoin:KU
CFontManager:jx
c_oSerFormulaTypes$T:TE
CDocumentBounds:w6
tt_cmap10_char_next:ap
c_oAscMouseMoveLockedObjectType$Range:CS
c_oAscFill$FILL_TYPE_GRAD:r4
FT_BBox:Zk
MIN_SHAPE_SIZE:p1
JSCompiler_StaticMethods_setUniLine:e4
fontslot_EastAsia:Yx
MoveInternalChartObjectState:H2
c_oAscChartType$area:$d
load_truetype_glyph:jt
__grays_raster_render:Cq
tt_face_load_pclt:ko
cff_builder_close_contour:Vu
c_DateCorrectConst:DA
tt_face_load_any:$n
EVerticalAlignRun$verticalalignrunSubscript:eJ
JSCompiler_StaticMethods_scrollToX:gT
g_tabtype_right:SZ
JSCompiler_StaticMethods_scrollToY:hT
JSCompiler_StaticMethods__shiftUpDown:mz
FT_SERVICE_ID_POSTSCRIPT_CMAPS:Qi
JSCompiler_StaticMethods_getBodyPr:i4
c_oSer_ConditionalFormattingRuleColorScale$CFVO:dI
JSCompiler_StaticMethods_Style_Remove:B7
tt_cmap14_char_map_nondef_binary:up
convertFormula:Ge
_weight_media:BW
rx_ref:Ib
T1_Done_Metrics:mv
t1_builder_start_point:on
c_oAscServerError$StorageRemoveDir:Ua
historyitem_Chart_Style:af
STATES_ID_PRE_ROTATE_IN_GROUP:Z1
findPrevValue:ue
cff_index_get_pointers:lu
historyitem_RowCol_ShrinkToFit:zM
raster_memory:kq
LoadFontFile:Ww
c_oAscChartType$scatter:de
c_oAscServerError$NoError:Ga
JSCompiler_StaticMethods_getResultScaleCoefficients:x3
c_oAscError$ID$DownloadError:o9
CHatchBrush:ox
c_oAscPrintType$Selection:JS
c_oSer_ChartPlotAreaType$ValAx:x_
JSCompiler_StaticMethods__foreachColNoEmpty:NB
JSCompiler_StaticMethods_parse3DRef:ec
c_oSer_ChartLegendLayoutType$WMode:r_
t1_service_ps_info:cw
cBaseOperator:QA
c_oSerCellTypes$Formula:FE
c_oAscSelectionType$RangeImage:Nh
nSldLtTTxAndClipArt:oW
FT_Outline_Transform:Tj
FT_GlyphLoader:lk
c_oSer_PageSetup$PaperSize:BF
tt_cmap14_char_var_isdefault:xp
c_oAscStyleImage$Default:My
FT_NEXT_USHORT:mj
NumComporationOperators$notequal:Pc
c_oAscError$ID$UplImageExt:t9
CBullet:sX
cff_builder_add_point:Su
month:zc
Move_CVT_Stretched:Gs
c_oAscError$ID$FrmlWrongFunctionName:qB
JSCompiler_StaticMethods_hasMerged:Vy
c_oSer_PageMargins$Bottom:xF
_ph_summ__obj_and_two_obj:OW
CLASS_TYPE_CHART_LEGEND:D4
c_oAscMouseMoveLockedObjectType$None:$z
FORMULA_TYPE_SQRT:eY
g_oTableId:Xe
c_oSer_CustomFilters$Operator:GG
tt_face_goto_table:Tn
_ph_summ__obj:NW
c_oSerFormulaTypes$Del2:KE
gauss:DB
c_oSerFormulaTypes$Del1:JE
JSCompiler_StaticMethods_Show:Ng
EHorizontalAlignment$horizontalalignmentDistributed:nJ
UndoRedoData_ColProp:ZO
TT_SizeRec:Ns
JSCompiler_StaticMethods__CommitText:fd
c_oSerWorkbookViewTypes$ActiveTab:BD
EBorderStyle$borderstyleDotted:NI
FT_CMapRec:wl
c_oAscServerError$UploadCountFiles:kb
historyitem_RowCol_Italic:rM
t1_builder_add_point:ln
getFontProperties:ye
Round_None:Gr
c_oAscDeleteOptions$DeleteCellsAndShiftTop:ph
EChartAxPos$chartaxposBottom:h0
JSCompiler_StaticMethods_SetSelection:hz
rgRange:Bb
gray_render_span:Aq
c_oSer_CalcChainType$Ref:mF
IUP_WorkerRec:gs
monthCut:xc
c_oSerWorksheetsTypes$SheetPr:bE
c_oSer_CellStyle$CustomBuiltin:vI
c_oSer_CommentData$QuoteText:EH
CoordsManager:Dg
historyitem_Worksheet_Rename:MO
t1_cmap_std_init:Lm
c_oSerWorksheetsTypes$PageSetup:TD
linerule_AtLeast:O6
CParaPage:G6
tt_cmap13_char_index:lp
JSCompiler_StaticMethods__removeTileZeros:Ad
cff_index_read_offset:iu
c_oSerFontTypes$Sz:kD
historyitem_Chart_Type:Ze
c_oSer_TablePart$TableColumns:KF
lc:jN
TT_Vary_Get_Glyph_Deltas:at
tt_face_load_eblc:wo
asc_CColor:D1
c_oSer_ChartLegendLayoutType$LayoutTarget:p_
JSCompiler_StaticMethods_Set_Align:z7
historyitem_Chart_yAxisTitle:pf
c_oSer_ConditionalFormattingDataBar$MinLength:iI
JSCompiler_StaticMethods_quadBezTo:vY
T1_Face:om
CLASS_TYPE_LINE:MU
asc_CFillGrad:K1
TRANSLATE_HANDLE_FLIP_V:e8
c_oAscCanChangeColWidth$none:jz
JSCompiler_StaticMethods_clearPreTrackObjects:z1
historyitem_Cell_SetStyle:OP
JSCompiler_StaticMethods_getRectHeight:K4
BinaryWorkbookTableWriter:wK
JSCompiler_StaticMethods_getThemeColor:YK
ChartTextAdd:J2
nSldLtTObjAndTwoObj:ZV
Hyperlink:Ey
CLASS_TYPE_GEOMETRY:qY
partition_bezier4:NY
LineEndType$Oval:DU
c_oSer_SheetPr$TabColor:JI
tt_cmap14_done:op
TRANSLATE_HANDLE_FLIP_H:d8
historyitem_Comment_Change:TQ
cff_builder_start_point:Uu
UndoRedoData_CellSimpleData:PM
LAYOUT_KIND:BT
c_oAscLockTypes$kLockTypeNone:yg
c_oAscServerError$VKeyEncrypt:mb
ECustomFilter$customfilterLessThanOrEqual:Dz
Project:xr
T1_DecoderRec:Fn
CreateParaItem:G5
FT_ServiceCache:Zi
fSortDescending:Da
UndoRedoData_CellData:gP
_weight_clipArt:yW
c_oAscPrintType$ActiveSheets:Fy
c_oAscCleanOptions$Formula:qS
c_oSer_ColorObjectType$Rgb:pF
JSCompiler_StaticMethods_Set_PositionV:k6
JSCompiler_StaticMethods_Get_CompiledPr:C6
c_oSerWorkbookTypes$DefinedName:yD
FORMULA_TYPE_COS:ZX
JSCompiler_StaticMethods_addPreTrackObject:A1
JSCompiler_StaticMethods_Set_PositionH:j6
c_oSerFillTypes$PatternFill:dD
tt_find_sbit_image:Co
UndoRedoData_RowProp:dP
_strcmp_data:uj
JSCompiler_StaticMethods_getAlignHorizontal:Xy
cff_get_advances:bv
c_oSerSharedStringTypes$RPr:sD
ParaNumbering:Ai
TT_Round_Super_45:Vq
tt_cmap10_char_index:$o
ps_parser_skip_spaces:an
UndoRedoRowCol:PN
g_fonts_streams:Xw
CDocumentRenderer:qy
skip_string:Ym
c_oSerWorksheetsTypes$Autofilter:VD
EUnderline$underlineSingleAccounting:cJ
Binary_WorksheetTableReader:nL
STATES_ID_CHANGE_ADJ:W1
rx_refAll:Jb
cff_encoding_load:su
JSCompiler_StaticMethods_AddHandlePolar:RX
c_oSerFormulaTypes$Text:UE
nSldLtTClipArtAndVertTx:VV
c_oSer_ConditionalFormattingRule$Percent:RH
CSrcRect:cU
CControl:s8
historyitem_Chart_xAxisIsDefaultTitle:mf
tt_face_free_hdmx_stub:Lp
JSCompiler_StaticMethods_Reinit:uS
historyitem_Cell_Italic:BP
JSCompiler_StaticMethods_setLin:pU
Get_Kerning:gw
ft_outline_glyph_done:Qj
asc_CChartTranslate:Le
JSCompiler_StaticMethods_DrawBorders:U0
JSCompiler_StaticMethods_Set_FontSize:S3
para_Text:Uh
c_oSer_ConditionalFormattingRuleColorScale$Color:eI
c_oAscError$ID$UplImageUrl:Ug
JSCompiler_StaticMethods_Set_RangeStartPos:J6
JSCompiler_StaticMethods_resetSelectionState2:q1
isRealObject:M
_weight_pic:DW
JSCompiler_StaticMethods__BuildDependencies:vN
CChartAsGroup:Sf
CLASS_TYPE_GRAD_LIN:lU
CGraphics:Sg
JSCompiler_prototypeAlias:ga
c_oSer_SheetPr$TransitionEvaluation:II
CPdfPrinter:Rz
DecodeBase64Char:Ay
c_oSerFillTypes$PatternFillBgColor:eD
c_oSer_DrawingFromToType$Row:XE
JSCompiler_alias_VOID:p
CNoFill:uU
JSCompiler_StaticMethods_getWorksheetByName:He
c_oSer_Dxf$Font:UG
c_oAscFillBlipType$STRETCH:I1
c_oSer_Comments$CommentData:lH
JSCompiler_StaticMethods_Set_ContextualSpacing:w7
rg:Ab
c_oAscMergeOptions$MergeAcross:XR
historyitem_AutoFilter_ApplyMF:tz
heightrule_AtLeast:dZ
historyitem_AutoShapes_Rotate:OQ
JSCompiler_StaticMethods_setWidthProp:CM
c_oAscError$ID$UplImageFileCount:u9
BinaryFileReader:GL
g_sResourceServiceLocalUrl:Aa
cff_parse_num:Zt
para_Numbering:bi
nSldLtTTwoObjOverTx:lW
lineTo:zY
StartTrackNewShapeState:M2
JSCompiler_StaticMethods_updateCoordinatesAfterInternalResize:Z2
HitInLine:KY
_ph_summ__tx:YW
asc_CTextFontFamily:wg
JSCompiler_alias_THROW:ca
TT_Gasp:Pk
CGroupShape:Kg
FT_UnitVector:$q
Woorksheet:pL
historyitem_RowCol_SetFont:mM
JSCompiler_StaticMethods_setWH:FY
PreMoveInGroupState:W2
dublicate_vector:gl
FT_Match_Size:zo
_cmap_classes$$inline_646:Pn
JSCompiler_StaticMethods_setSheetViewSettings:RO
JSCompiler_StaticMethods_Internal_Get_Pr:U4
FT_Service_GlyphDictRec:Li
asc:LO
c_oAscStrokeType$STROKE_NONE:u4
JSCompiler_StaticMethods_Get_Paragraph_ParaPr:l4
historyitem_Chart_xAxisIsShow:nf
c_oAscLockTypes$kLockTypeOther3:L9
c_oAscLockTypes$kLockTypeOther2:Sz
c_oAscRecalcIndexTypes$RecalcIndexAdd:cA
g_nVerticalTextAngle:dM
CShapeColor:OY
JSCompiler_StaticMethods_setChart:ch
BULLET_TYPE_BULLET_CHAR:HX
ETableStyleType$tablestyletypeThirdRowSubheading:bK
c_oAscMouseMoveLockedObjectType$TableProperties:bA
arrRecalc:iN
CBgPr:IV
c_oSerStylesTypes$CellXfs:bC
MoveShapeImageTrackInGroup:M3
FT_Module:Dl
c_oSer_ConditionalFormattingRule$Type:ZH
ps_parser_load_field:fn
ArcToOnCanvas:JY
PARRUN_TYPE_RUN:MX
CSeekTableEntry:JZ
NumFormatCache:rd
c_oAscServerError$ConvertTimeout:bb
g_oDefaultNum:bL
c_oAscSelectionType$RangeMax:QR
CGlyphString:ix
CAscStroke:Y8
DrawLineEnd:J8
JSCompiler_StaticMethods_setAdjustmentValue:v4
tt_face_load_bdf_props:Sn
dublicate_matrix:ml
c_oSer_ConditionalFormattingRule$DataBar:aI
ChartPreviewManager:Rd
STATES_ID_TEXT_ADD:Lg
AFM_StreamRec:xm
JSCompiler_StaticMethods_Internal_Is_NullBorders:X6
Y_Top_Margin:S6
parserHelp:fc
c_oSer_ChartSeriesNumCacheType$NumCacheItem:e0
JSCompiler_StaticMethods_setHeightProp:FM
EVisibleType$visibleVeryHidden:kJ
c_oSer_ChartLegendEntryType$TxPrPptx:m_
JSCompiler_StaticMethods_AddTrigger:aP
phType_title:jV
tt_sfnt_id_rec:Jt
rx_Comma:Tb
tt_face_load_name:fo
EVerticalAlignRun$verticalalignrunSuperscript:fJ
aStandartNumFormats:dL
EChartAxPos$chartaxposRight:g0
CFF_Driver:lv
sfnt_open_font:aq
JSCompiler_StaticMethods_getLegendInfo:Af
FT_Request_Metrics:Et
UndoRedoData_CellValueData:OO
c_oAscBorderOptions$Left:iS
historyitem_RowCol_AlignVertical:vM
c_oSer_ChartSeriesType$TxRef:Q_
CreateUIntArray:im
CFontFilesCache:Yw
JSCompiler_StaticMethods__moveCellHor:kP
cElementType$number:eA
_ph_summ__two_obj_and_tx:WW
FT_Glyph_Class:vq
tt_size_run_prep:or
CompositeCommentData:bR
JSCompiler_StaticMethods_Numbering_Remove:b7
c_oSer_CalcChainType$CalcChainItem:iF
tt_face_load_hmtx:mo
c_oAscServerError$ConvertReadFile:db
JSCompiler_StaticMethods_Create_Table_BorderedAndLined:Q4
ScrollArrowType$ARROW_LEFT:PS
JSCompiler_StaticMethods_getFontcolor:bQ
NumComporationOperators$greater:Lc
c_oSer_Comments$Right:qH
c_oAscAdvancedOptionsID$CSV:JQ
T1_Load_Glyph:Bv
FILL_TYPE_PATT:bU
CTextStyles:MV
EVisibleType$visibleVisible:lJ
FT_OutlineGlyphRec:dk
c_oSer_DrawingType$GraphicFrame:KK
phType_chart:TU
styletype_Table:YY
CBulletColor:wX
JSCompiler_StaticMethods_Internal_GetTextPr:e7
c_oSerXfsTypes$ApplyBorder:MC
sfnt_service_ps_name:Sp
phType_clipArt:UU
JSCompiler_StaticMethods_setTheme:CL
JSCompiler_StaticMethods_Create_NewPoint:Tg
afm_parser_read_int:Gm
historyitem_Worksheet_ShiftCellsTop:uQ
FILL_TYPE_NOFILL:ZT
JSCompiler_StaticMethods_Internal_FindWordEnd:H7
JSCompiler_StaticMethods_getStyleByXfId:ZL
JSCompiler_StaticMethods_EndTransaction:wh
tt_face_load_hdmx_stub:Kp
JSCompiler_StaticMethods__setFontProp:LM
JSCompiler_StaticMethods_removeFromSpTree:t3
nSldLtTTxAndObj:qW
c_oAscError$ID$ConvertationPassword:q9
Ins_MIRP:Cs
JSCompiler_StaticMethods__foreachCol:TP
CCore:UY
CreateNullArray:hm
c_oSer_ChartSeriesType$Val:M_
JSCompiler_StaticMethods_AddRect2:w8
c_oSer_ConditionalFormattingRule$DxfId:OH
EChartBasicTypes$chartbasicSurfaceChart:A0
CFontInfo:Dx
FT_Get_Char_Index:Ls
cff_driver_init:Lu
ScrollArrowType$ARROW_BOTTOM:OS
afm_parse_kern_pairs:Jm
STATES_ID_BEGIN_TRACK_NEW_SHAPE:dS
JSCompiler_StaticMethods_helperRebuildFormulas:iP
FT_ServiceDescRec:Vi
g_bChartPreview:Gd
tt_driver_init:st
phType_subTitle:hV
JSCompiler_StaticMethods_Use_TextWrap:n6
SplineCommandBezier:k3
T1_Get_Advances:Av
JSCompiler_StaticMethods_getShrinkToFit:iQ
Direct_Move_Y:Dr
Direct_Move_X:Br
JSCompiler_StaticMethods_Is_Punctuation:L5
cBool:KA
STATES_ID_CHART_TEXT_ADD:Kh
LineEndType$Arrow:BU
chartCanvas:Fd
CBinaryFileWriter:pT
ParaDrawing:H5
g_nCurFileVersion:SB
EndArrow:JU
Binary_SharedStringTableReader:UK
c_oAscSelectionType$RangeChart:Mh
TT_HoriHeader:al
EVerticalAlignment$verticalalignmentJustify:xJ
c_oAscLockTypeElemSubType$InsertColumns:Xz
ETableStyleType$tablestyletypeLastHeaderCell:RJ
c_oAscAsyncAction$LoadFont:K9
c_oSerWorksheetsTypes$PrintOptions:UD
CFF_ParserRec:Tt
c_oSer_DrawingType$Ext:vL
FT_Select_Metrics:Ht
_func:JA
EUnderline$underlineSingle:bJ
c_oSer_CellStyle$ILevel:xI
JSCompiler_StaticMethods_Apply_TextPr:pZ
CParaPos:L7
JSCompiler_StaticMethods__expandRangeByMergedAddToOuter:sP
CPattFill:qU
JSCompiler_StaticMethods_DrawMarks:d1
FT_Span:jl
MoveTitleInChart:C2
cutLabels:Ae
c_oSer_ChartSeriesType$DataLabels:T_
Ins_SPVTL:cs
reallocate_t1_table:Um
historyitem_Worksheet_RemoveRows:vQ
c_oSerSharedStringTypes$Text:tD
CreateAscColor:O8
FT_ENCODING_UNICODE:Hw
asc_CFillHatch:J1
g_fontManager:B8
UndoRedoData_SortData:BQ
JSCompiler_StaticMethods_Select_DrawingObject:a7
LineEndSize$Mid:HU
JSCompiler_StaticMethods_AddRect3:v8
JSCompiler_StaticMethods_Is_StartFromNewPage:W6
JSCompiler_StaticMethods__foreach:RP
JSCompiler_StaticMethods_getElement:gB
c_oAscStrokeType$STROKE_COLOR:$8
historyitem_AutoShapes_GroupRecalculateRedo:zh
FT_GLYPHLOADER_CHECK_POINTS:yk
ft_bitmap_glyph_copy:Kj
c_oSer_Top10$Top:PG
JSCompiler_StaticMethods__sendCanUndoRedo:UQ
c_oMainTables$ThemeRels:GZ
c_oSer_SortState$Ref:ZF
c_oAscColor$COLOR_TYPE_SRGB:E1
UndoRedoDataAddObject:oR
_ph_summ__tx_and_clip_art:ZW
cff_expert_encoding:hu
JSCompiler_StaticMethods_Set_Caps:P5
CTableMeasurement:gZ
border_None:UZ
JSCompiler_StaticMethods_Check_Hyperlink2:$6
c_oAscServerError$VKey:lb
t1_cmap_std_char_next:Om
c_oSer_SheetView$ShowRowColHeaders:tI
JSCompiler_StaticMethods__compileSetHeaderBorder:KL
JSCompiler_StaticMethods_Can_Redo:XQ
L 0:a
JSCompiler_StaticMethods_AddAdj:PX
GX_FVar_Head:Ss
L 1:d
c_oSer_BasicChartType$Grouping:H_
X_Left_Margin:q6
L 2:e
L 3:f
ObjectLocker:Cg
c_oAscFontRenderingModeType$hinting:LS
ParaEmpty:zi
L 9:t
JSCompiler_StaticMethods_Set_DocumentPrev:p7
L 8:s
L 7:q
L 6:m
L 5:h
L 4:g
historyitem_Worksheet_AddRows:xQ
CDocumentBorder:bZ
JSCompiler_StaticMethods__setScrollerHW:VS
getFullImageSrc:Je
TT_Header:$k
cElementType$empty:iA
TextAddInGroup:A2
ps_table_funcs:Gn
DoNullBitmap:Ij
g_dKoef_in_to_mm:$x
CGradFill:nU
historyitem_Worksheet_ChangeMerge:tO
JSCompiler_StaticMethods_setColBestFit:cP
historyitem_Cell_Numformat:vP
STATES_ID_RESIZE_IN_GROUP:b2
JSCompiler_StaticMethods_getWrap:Wy
UndoRedoDataClosePath:vR
CorrectAscColor:SL
CDrawingPage:F8
c_oAscServerError$Convert:Xa
create_t1_field5:Bn
RangeDataManagerElem:SM
UndoRedoData_ClrScheme:dR
numbering_presentationnumfrmt_ArabicParenR:r5
create_t1_field4:An
Ins_UNKNOWN:es
ImageLoadStatus$Complete:Bh
c_oSer_SheetPr$SyncVertical:GI
c_oSerSheetFormatPrTypes$DefaultColWidth:qE
c_oMainTables$ViewProps:xZ
_iup_worker_interpolate:hs
c_oSerDefinedNameTypes$Name:CD
c_oSer_SheetPr$Published:DI
CLASS_TYPE_SCHEME_COLOR:VT
JSCompiler_StaticMethods_getByCell:JM
c_oSer_SortState$SortCondition:bG
JSCompiler_StaticMethods_getGradientPoints:L8
fntStyleInd_none:nV
TT_CallRec:Xq
JSCompiler_StaticMethods_RGB2HSL:PL
CalculateAhXYList:oY
CCellStyles:VL
FT_ENCODING_NONE:Iw
tt_face_load_maxp:eo
T1_Set_MM_Design:Wv
JSCompiler_StaticMethods_setRowHeight:Hh
c_oSer_CalcChainType$Array:jF
tt_face_free_charmap_stub:Qp
Binary_TableReader:QK
historyitem_RowCol_Fontsize:oM
JSCompiler_StaticMethods_getSlaveEdges2:qN
checkDataRange:ie
c_oSer_ChartSeriesType$SpPr:U_
CGrState:Ux
c_oSer_DrawingType$pptxDrawing:LK
nSldLtTSecHead:eW
JSCompiler_StaticMethods_shiftFormat:ud
FontStyle$FontStyleItalic:bx
nSldLtTTxAndChart:nW
JSCompiler_StaticMethods_TurnOn:bh
CBg:JV
CParaLineMetrics:M7
BinaryChartWriter:JK
Round_Super_45:Nr
FT_MulDiv:Dj
ETableStyleType$tablestyletypeFirstColumnStripe:HJ
EChartBasicTypes$chartbasicDoughnutChart:w0
g_sNewSheetNamePattern:gN
CParaSpacing:e5
asc_CChartFont:Uf
tt_cmap4_char_index:Uo
lcl_GetGammaHelper:IB
CDocumentPage:O7
CreateUniColorRGB:Cf
JSCompiler_StaticMethods_getXfId:ZP
sfnt_service_bdf:Vp
JSCompiler_StaticMethods_Set_Bold:T3
TT_Round_To_Grid:Qq
c_oAscMergeOptions$MergeCenter:lQ
JSCompiler_StaticMethods_Get_FontKoef:a5
c_oSer_ChartLegendType$LegendPos:f_
JSCompiler_StaticMethods_Internal_CompareBrd:F7
afm_stream_read_string:Bm
c_oSerFontTypes$Color:gD
ps_parser_skip_PS_token:$m
char9:xy
CBulletTypeface:FX
ReadObjectString:sY
c_oSerStylesTypes$Font:gC
charA:sy
JSCompiler_StaticMethods_promote:EQ
c_oSer_SortState$CaseSensitive:$F
JSCompiler_StaticMethods_AddHandleXY:QX
docpostype_Content:u6
CreateGeometry:qT
nSldLtTObjAndTx:$V
T1_Read_Metrics:rv
c_oSerTableTypes$Styles:VB
JSCompiler_emptyFn:da
gray_split_cubic:oq
ReadDefTableStyles:IL
STATES_ID_PRE_MOVE_IN_GROUP:d2
c_oSerWorksheetsTypes$Row:OD
FT_Library:jw
EChartBarDerection$chartbardirectionCol:D0
char0:wy
JSCompiler_StaticMethods__getRangeType:UP
JSCompiler_StaticMethods_getAlignVertical:Yy
Ins_MIAP:ns
charz:vy
JSCompiler_StaticMethods_Get_CompiledPr2:F6
shd_Clear:$Y
T1_Set_MM_Blend:Vv
CParaRecalcInfo:x6
t1_builder_close_contour:pn
c_oSer_BasicChartType$Seria:K_
rx_operators:xb
EPageOrientation$pageorientPortrait:EJ
TBand:yq
c_oSerRowTypes$Style:uE
CRasterHeapLineFree:Qw
_ph_summ__tbl:TW
CreateDefaultShapeStyle:rV
charZ:ty
CColor:Qd
c_oSerBorderTypes$Diagonal:AC
UndoRedoDataDocContentAddItem:zR
load_format_25:qo
c_oSerBorderTypes$End:BC
STATES_ID_PRE_MOVE_INTERNAL_CHART_OBJECT:q2
chara:uy
c_oSer_TableStyleInfo$Name:NF
c_oSer_ChartLegendLayoutType$HMode:o_
BorderProp:FL
chars:zy
load_format_20:po
charp:yy
c_oAscStyleImage$Document:Ny
c_oAscChartType$hbar:Zd
CFF_Driver_Class:kv
TT_Validator:Ho
JSCompiler_StaticMethods_Set_Strikeout:W3
CSysColor:NT
JSCompiler_StaticMethods_Numbering_Get:N6
Load_Glyph:At
JSCompiler_StaticMethods_setFType:sU
numbering_presentationnumfrmt_Char:p5
historyitem_AutoFilter_Add:kz
FT_Smooth_Renderer:Mq
CIdCounter:GN
FT_Select_Size:lw
JSCompiler_StaticMethods__compileSetBorder:LL
DrawingObjectsController:Ph
phType_hdr:ZU
historyitem_RowCol_Angle:BM
PS_DesignMapRec:fm
c_oSer_ColorObjectType$Theme:rF
BinarySharedStringsTableWriter:qK
DecodeGeneralFormat:jd
BinaryOtherTableWriter:OK
c_oAscCleanOptions$All:fz
cErrorType$getting_data:xA
JSCompiler_StaticMethods_DrawLeftBars:P0
c_oSer_CellStyle$Hidden:wI
global_hatch_names:mx
Round_To_Grid:Hr
c_oAscServerError$StorageWrite:Sa
TT_NameEntryRec:Mk
c_oSer_TableStyles$DefaultTableStyle:WG
c_oAscPageOrientation$PageLandscape:FK
PolylineForDrawer:k8
FORMULA_TYPE_PIN:bY
t1_keywords:Zv
Ins_ROUND:ts
FT_SFNT_SERVICES_GET:gq
ParaCommentEnd:Gi
global_hatch_offsets:lx
c_oAscImageUploadProp$MaxFileSize:rb
c_oSer_DrawingType$PicSrc:yL
align_Center:$R
JSCompiler_StaticMethods_DrawVBars:b1
c_oSerFormulaTypes$Aca:GE
gc_nMaxCol0:DK
c_oAscCellEditorState$editText:OR
c_oAscCellAnchorType$cellanchorTwoCell:za
t1operator_seac:sn
JSCompiler_StaticMethods_shiftCells:yB
c_oSer_AutoFilter$FilterColumn:iG
ft_char_table:sm
RotateInGroupState:a3
c_oSer_ChartCatAxType$Delete:B_
CHART_TITLE_TYPE_TITLE:J0
FONT_ITALIC_ANGLE:zw
JSCompiler_StaticMethods_addYAxis:Y7
numFormat_Second:pc
asc_CChartBinary:Lf
JSCompiler_StaticMethods_getCol0:Fz
historyitem_Chart_xAxisTitle:lf
EVerticalAlignment$verticalalignmentCenter:vJ
ExtraClrScheme:BV
numFormat_Bracket:hc
ft_smooth_render_generic:Nq
c_oSer_FilterColumn$Top10:qG
nSldLtTTitleOnly:gW
c_oSerStylesTypes$NumFmts:hC
_files$$inline_1232:P
TT_Round_Super:Uq
t1_cmap_expert_class_rec:Qm
c_oSer_CommentData$Text:AH
EGlyphState$glyphstateDeafault:Dw
UndoRedoData_FromToRowCol:rQ
FT_GlyphLoad:jk
c_oSer_DateGroupItem$Day:xG
tt_face_load_cvt:Zs
FT_Incremental_MetricsRec:ll
historyitem_Worksheet_ColProp:$O
phType_pic:eV
TextListStyle:LX
JSCompiler_StaticMethods_RecalcScroller:WS
CARD_DIRECTION_N:A3
c_oAscLockTypeElem$Object:Qh
c_oAscAsyncAction$Open:l9
ft_outline_glyph_prepare:Xj
cff_cmap_unicode_class_rec:yu
T1_Driver_Done:Rv
JSCompiler_StaticMethods__arrowUpMouseDown:fT
CSchemeColor:Pd
c_oSerWorkbookTypes$DefinedNames:xD
COLOR_TYPE_PRST:xT
T1_BuilderRec:Dn
historyitem_Cell_SetFont:wP
g_dKoef_pix_to_mm:A8
CPPTXContentLoader:oL
border_Single:ug
CRasterHeapLine:Sw
EChartLegendPos$chartlegendposBottom:l0
UndoRedoDataGraphicObjects:sh
Ins_SHP:js
CChartLegend:E4
tt_service_gx_multi_masters:nt
_cff_check_points:Ru
Ins_SHZ:ls
c_oSerTableTypes$CalcChain:YB
c_oAscChartType$bar:Yd
fonthint_Default:Y4
FT_GlyphLoader_Adjust_Points:uk
JSCompiler_StaticMethods_DeserializeData:pO
FORMULA_TYPE_PLUS_DIV:UX
STATES_ID_MOVE:U1
c_oAscError$ID$VKeyEncrypt:w9
UndoRedoDataGOSingleProp:th
CLASS_TYPE_SHAPE:yO
JSCompiler_StaticMethods_Internal_FindBackward:Y6
ps_unicode_value:Rl
Ins_SHC:ks
historyitem_Workbook_SheetAdd:YN
ft_synthesize_vertical_metrics:Jl
map_prst_color:DT
hsvToRgb:e1
historyitem_Chart_HeaderTitle:hf
CLASS_TYPE_LEGEND_ENTRY:G4
tt_cmap13_next:jp
c_oSer_TableStyle$Elements:cH
JSCompiler_StaticMethods_Internal_CalculateTextPr:D6
g_oCellAddressUtils:dc
SplineCommandLineTo:h3
tt_size_select:Gt
shd_Nil:og
nSldLtTVertTx:vW
c_oSerPropLenType$Long:nK
JSCompiler_StaticMethods__moveRange:pP
para_PageNum:hi
ETableStyleType$tablestyletypeFirstColumnSubheading:IJ
JSCompiler_StaticMethods__cloneMultiText:GM
RotateTrackShapeImageInGroup:K3
para_Drawing:A5
t1_service_kerning:dw
COLOR_TYPE_SCHEME:yT
CFF_FontRecDictRec:Ot
X_Right_Field:fX
JSCompiler_StaticMethods_drawCrop:Pw
c_oAscServerError$VKeyKeyExpire:ob
styletype_Numbering:M4
SplineBezierState33:g3
DrawScatterChart:ve
JSCompiler_StaticMethods_setColWidth:Ch
JSCompiler_StaticMethods_Set_Ind:c7
CHist_Clip:fy
T1_GlyphSlot_Done:Lv
VERTICAL_ANCHOR_TYPE_CENTER:jX
JSCompiler_StaticMethods__foreachRow:SP
JSCompiler_StaticMethods_setStyleBinary:h4
historyitem_AutoShapes_RecalculateTransformUndo:rh
historyitem_Workbook_SheetRemove:eO
JSCompiler_StaticMethods__ZeroPad:md
fntStyleInd_minor:oV
historyitem_Cell_Strikeout:DP
CParaInd:d5
linerule_Auto:jZ
FT_Stream2:gz
FT_CFF_SERVICES_GET:iv
CColorMod:ET
GraphicPicture:t6
JSCompiler_StaticMethods__FormatNumber:kd
c_oAscServerError$StorageCreateDir:Va
writeToBinaryDocContent:Sh
CTextStyle:PU
c_oSer_TableStyles$TableStyles:YG
JSCompiler_StaticMethods_Internal_Content_Concat:j7
CGlyphData:Mw
CCacheManager:E8
c_oAscChartSubType$stackedPer:Vd
TT_MaxProfile:fl
c_oSer_ChartLegendType$TxPrPptx:j_
t1_decoder_funcs:In
ChangeAdjState:S2
_infos$$inline_1233:ry
c_oSerDefinedNameTypes$LocalSheetId:ED
lcl_GetLogGammaHelper:JB
cff_index_get_name:nu
CTextPr:ri
UndoRedoData_BBox:uO
c_oSerXfsTypes$NumFmtId:TC
c_msPerDay:EA
JSCompiler_StaticMethods_addTableName:Jz
c_oSerAligmentTypes$RelativeIndent:ZC
TT_Round_Up_To_Grid:Sq
T1_Driver_Init:Qv
c_oSerCellTypes$Ref:AE
TT_Load_Simple_Glyph:gt
c_oSerAligmentTypes$WrapText:cD
JSCompiler_StaticMethods_fillFromArray:hB
c_oAscBorderOptions$Right:kS
LineEndType$Stealth:EU
close:DY
cff_slot_load:Zu
JSCompiler_StaticMethods_Internal_Get_RealPos:l7
FONT_TYPE_STANDART:wx
ChartStyleManager:Nd
cExcelSignificantDigits:yA
ft_standard_glyph_names:Kl
JSCompiler_StaticMethods_trackAdjObject:u1
phType_ftr:YU
tt_get_metrics_incr_overrides:ct
g_aPunctuation:F5
cff_services:hv
TT_Table:Kk
JSCompiler_StaticMethods_highlight_segment:W0
styletype_Character:N4
numbering_presentationnumfrmt_AlphaLcPeriod:v5
FORMULA_TYPE_AT2:XX
skip_literal_string:Xm
EChartBasicTypes$chartbasicPieChart:s0
g_stringBase64:hy
CRGBColor:TT
BinaryFileWriter:PK
ResizeTrackChart:V7
ft_recompute_scaled_metrics:mw
c_oSer_FilterColumn$ShowButton:tG
STATES_ID_GROUP:n1
c_oAscError$ID$No:vb
c_oSerBorderTypes$DiagonalUp:HC
c_oSer_ChartSeriesType$Order:S_
c_oSerHyperlinkTypes$Location:oE
CGrState_Brush:ey
EBorderStyle$borderstyleSlantDashDot:WI
g_nHSLMaxValue:QL
CFF_FDSelectRec:Qt
historyitem_RowCol_Fontname:nM
JSCompiler_StaticMethods_getNumFormat:Ff
c_oSer_TableColumns$TotalsRowLabel:VF
JSCompiler_StaticMethods_getFontname:$P
JSCompiler_StaticMethods_Apply:LT
c_oSer_TableColumns$CalculatedColumnFormula:YF
c_oSer_CustomFilters$CustomFilter:FG
c_oAscMouseMoveType$LockedObject:BS
cElementType$name:nA
cff_subfont_load:tu
tt_cmap2_char_next:No
JSCompiler_StaticMethods__foreachRowNoEmpty:PB
CFF_IndexRec:Lt
create_psnames_module:bm
c_oSerConstants$ReadOk:SK
JSCompiler_StaticMethods_parseSeriesHeaders:Jf
PolyLineAddState2:p3
FT_SubGlyph:hk
TYPE_TRACK_GROUP:tT
FmtScheme:EV
c_oAscServerError$Upload:gb
JSCompiler_StaticMethods_calc:HQ
ParaText:si
ETableStyleType$tablestyletypeThirdSubtotalRow:dK
c_oSer_CalcChainType$SheetId:kF
JSCompiler_StaticMethods_clearTrackObjects:y1
RgbColor:qd
cff_parser_run:bu
c_oAscError$ID$CannotMoveRange:eS
FormatObjScientific:Vc
g_oDefaultAlignAbs:vK
c_oAscAsyncAction$LoadImage:Pg
lcl_getLanczosSum:HB
TT_OS2:cl
para_PageBreakRendered:$h
c_oAscServerError$TaskQueue:Ka
CSolidFill:fU
UndoRedoDataTypeParaItemId:AR
FT_CharMapRec:rl
c_oSer_PrintOptions$GridLines:CF
asc_CChartSeria:Kd
JSCompiler_StaticMethods_Get_ById:ER
CBodyPr:mT
ParaNewLineRendered:wi
c_oSer_Comments$CommentDatas:kH
ft_mac_names:Ll
ft_get_adobe_glyph_index:Ql
_weight_title:GW
tt_face_load_hdmx:qt
c_oSer_ChartLegendEntryType$Index:l_
nTWTSquare:oX
T1_Open_Face:Pv
CUniColor:Od
GX_GVar_Head:Rs
JSCompiler_StaticMethods_Internal_Content_RemoveAll:lT
PreRotateState:x2
c_oAscError$ID$DataRangeError:oe
ParaCollaborativeChangesEnd:J5
asc_CChartRange:Pe
ECellAnchorType$cellanchorAbsolute:gJ
tt_cmap8_char_index:Yo
c_oEditorId:Ea
ETableStyleType$tablestyletypeFirstRowSubheading:LJ
para_CollaborativeChangesEnd:C5
CMatrix:Px
g_clr_MAX:zV
c_oSer_OtherType$MediaId:eF
DefaultShapeDefinition:OU
angleFormatToInterface:eM
STATES_ID_MOVE_IN_GROUP:e2
rx_ref3D_quoted:Mb
c_oAscImageUploadProp$SupportedFormats:sb
ft_smooth_render:Iq
RGBToHSL:PY
FT_NEXT_ULONG:rj
CLASS_TYPE_BLIP_FILL:dU
c_oAscFill$FILL_TYPE_SOLID:W8
JSCompiler_StaticMethods_insertWorksheet:$N
numFormat_DecimalFrac:ic
CorrectUniColor:P8
_ph_summ_chart_and_tx:JW
ft_glyphslot_free_bitmap:Hl
c_oAscMouseMoveType$None:FS
JSCompiler_StaticMethods_isEmptyText:MK
CLASS_TYPE_NO_FILL:vU
CPrstColor:RT
EChartLegendPos$chartlegendposRight:k0
c_oSer_ChartSeriesType$Tx:N_
FileHandler:ja
FT_ENCODING_MS_SYMBOL:Jw
cff_face_done:Ku
getFontInfo:cX
c_oSer_BasicChartType$BarDerection:G_
c_oSer_ChartLegendLayoutType$XMode:t_
c_oAscFill$FILL_TYPE_PATT:q4
JSCompiler_StaticMethods_default_tt:br
c_oSer_ChartLegendLayoutType$YMode:v_
Ins_NROUND:us
historyitem_Worksheet_RemoveCellFormula:jP
TFontCacheSizes:Aw
BULLET_TYPE_BULLET_BLIP:JX
JSCompiler_StaticMethods_miminizeMultiText:KM
c_oSer_ChartSeriesNumCacheType$Formula:$_
JSCompiler_StaticMethods_AddGuide:V
c_oSer_CellStyle$XfId:zI
cff_charset_load:ru
JSCompiler_StaticMethods_getNext:IQ
GenerateDefaultColorMap:we
c_oAscCoAuthoringDottedDistance:TR
CalculateCnxLst:nY
gray_hline:Bq
para_Tab:gi
JSCompiler_StaticMethods_Get_Default_ParaList:V4
c_oSer_DrawingType$Pic:wL
TT_DefRecord:cr
JSCompiler_StaticMethods_getUniqueSheetNameFrom:hO
cff_argument_counts:Nu
cff_sid_to_glyph_name:xu
CTableRowPr:O4
c_oAscLockTypeElem$Range:Vz
c_oAscHyperlinkType$RangeLink:Iy
Binary_CalcChainTableReader:zL
JSCompiler_StaticMethods_Set_BehindDoc:m6
c_oSer_ConditionalFormattingRule$EqualAverage:PH
TT_Load_Context:gr
g_tabtype_center:TZ
c_oSerNumFmtTypes$NumFmtId:pD
GradPath:mU
TMetrics:fx
arrBaseColors:Id
JSCompiler_StaticMethods__prepareMoveRange:nP
tt_cmap13_char_map_binary:kp
CMemory:Tf
JSCompiler_StaticMethods_cleanAll:Ih
rx_error:Ub
nSldLtTTxOverObj:sW
c_oSer_Top10$Val:QG
c_oSerWorksheetsTypes$Worksheet:FD
c_oSerWorksheetsTypes$Drawing:RD
BULLET_TYPE_BULLET_AUTONUM:IX
CFF_CharsetRec:Nt
ps_tofixedarray:en
c_oAscChartLegend$left:sa
SlideLayout:bX
FT_PEEK_String1:sj
FORMULA_TYPE_ABS:WX
sfnt_get_interface:hq
tt_cmap6_char_index:Wo
Paragraph:oi
c_oSer_DrawingFromToType$RowOff:YE
c_oAscError$ID$ConvertationTimeout:p9
fontslot_ASCII:Wx
TT_RunIns:jr
JSCompiler_StaticMethods_insertColsBefore:VO
cff_size_init:Cu
CreateDefaultTextRectStyle:uV
UndoRedoData_SheetRemove:fO
CreateAscColorEx:F1
phType_obj:aV
rx_RightParentheses:Sb
JSCompiler_StaticMethods_Set_FontFamily:R3
TT_Goto_CodeRange:mr
c_oAscCellAnchorType$cellanchorOneCell:ya
Base64Encode:iy
historyitem_RowCol_SetStyle:hM
JSCompiler_StaticMethods_Add_NewParagraph:J4
JSCompiler_StaticMethods_Set_AllowOverlap:i6
g_clr_MIN:xV
CGrState_State:gy
JSCompiler_StaticMethods__checkCoord:WZ
historyitem_AutoShapes_RecalculateTransformRedo:uh
c_oSer_CustomFilters$Val:HG
c_oAscPrintDefaultSettings$PageBottomField:FO
JSCompiler_StaticMethods_Paragraph_Add:j1
historyitem_AutoShapes_Child_Extents:NQ
JSCompiler_StaticMethods_setZIndex:$5
Ins_MD:qs
Ins_SFVTL:ds
ft_outline_glyph_bbox:Vj
oNumFormatCache:sc
CGs:hU
historyitem_AutoShapes_Child_Offset:MQ
FT_CreateVectorArray:fk
JSCompiler_StaticMethods_handleEvents:dT
JSCompiler_StaticMethods_moveCol:vB
JSCompiler_StaticMethods_Internal_CompileParaPr:i7
asc_CShapeFill:Wg
ParaCommentStart:Fi
FT_Outline_New_Internal:Oj
CellValueType$String:oa
FT_Raster_Params:kl
tab_Left:S5
CDocumentColor:VZ
c_oSer_TableStyleInfo$ShowFirstColumn:QF
FT_CFF_SERVICE_PS_INFO_GET:cv
ETableStyleType$tablestyletypeFirstHeaderCell:JJ
ft_trig_arctan_table:rq
JSCompiler_StaticMethods_Set_Shd:y7
historyitem_Worksheet_ShiftCellsLeft:pQ
g_anchor_right:q8
JSCompiler_StaticMethods__prepareMoveRangeGetCleanRanges:mP
Compute_Point_Displacement:Rr
FT_Generic:ol
c_oAscAsyncAction$SlowOperation:yS
_ph_summ__pic_tx:RW
gc_dDefaultColWidthCharsAttribute:CK
Row:sL
c_oAscChartLegend$top:ua
GUID:KZ
JSCompiler_StaticMethods_DrawSingleEvent:S0
TT_Driver:Kt
load_post_names:ro
TT_GlyphZoneRec:Xk
JSCompiler_StaticMethods_Internal_FindForward:Q6
create_cmap_class_rec:Al
UndoRedoDataParaPr:CR
c_oSer_CommentData$Document:GH
cff_get_interface:jv
afm_stream_read_one:Am
BULLET_TYPE_TYPEFACE_NONE:CX
JSCompiler_StaticMethods_Internal_GetEndPos:nZ
CLn:LU
FT_ENCODING_APPLE_ROMAN:Kw
ReadObjectLong:QT
CLASS_TYPE_TEXT_PR:B4
ScrollOverType$ACTIVE:SS
CLASS_TYPE_XFRM:vV
nSldLtTTitle:OV
numbering_presentationnumfrmt_AlphaLcParenR:u5
c_oSerWorkbookPrTypes$Date1904:zD
JSCompiler_StaticMethods_setBorderSrc:XP
t1_done_loader:$v
Load_SBit_Const_Metrics:uo
WriteObjectLong:PT
c_oSer_DrawingExtType$Cx:aF
c_oSerHyperlinkTypes$Hyperlink:nE
c_oSer_DrawingExtType$Cy:bF
JSCompiler_StaticMethods_getItalic:dQ
Ins_GC:ps
UndoRedoData_SheetPositions:cR
CPage:G8
CPointer:bj
CTextBody:iX
c_oSerStylesTypes$CellStyleXfs:wC
JSCompiler_StaticMethods_Set_KeepNext:t7
c_oSer_ChartLegendEntryType$Delete:k_
tt_face_load_loca:rt
JSCompiler_StaticMethods_Create_Table_Bordered:R4
c_oAscBorderOptions$DiagD:gS
CFF_Field_Handler:Ut
c_oSerPropLenType$Variable:oK
sfnt_find_encoding:eq
JSCompiler_StaticMethods_DrawTicks:O0
c_oSerFormulaTypes$Ref:QE
TT_Access_Glyph_Frame:dt
asc_CListType:vg
TT_CodeRange:dr
c_oAscBorderOptions$DiagU:hS
rx_name:Yb
tt_cmap4_char_map_linear:So
JSCompiler_StaticMethods_getRectWidth:L4
g_font_detector:K5
_weight_tbl:FW
c_oSer_FilterColumn$ColorFilter:pG
CCacheImage:D8
c_oSerHyperlinkTypes$Ref:mE
JSCompiler_StaticMethods_Style_Add:C7
FORMULA_TYPE_CAT2:YX
c_oAscPrintType$EntireWorkbook:IS
cff_parse_fixed_scaled:au
para_Space:Vh
asc_CChartHeader:Oe
EVerticalAlignment$verticalalignmentTop:yJ
_ph_summ_four_obj:LW
TGlyph:gx
rgbToHsv:f1
CTableId:HN
c_oAscPrintDefaultSettings$PageHeight:IO
JSCompiler_StaticMethods_Calculate_Y_Value:Zf
c_oAscCanChangeColWidth$numbers:CN
JSCompiler_StaticMethods_Remove_NumberingSelection:Q7
MoveShapeImageTrack:J3
c_oSer_TableStyleElement$Size:gH
_ph_summ_chart:IW
HitToArc:LY
Ins_SPVTCA:Vr
ft_outline_glyph_class:Zj
c_oSer_DrawingType$Pos:uL
CFF_FontRec:St
c_oSerWorksheetColTypes$Hidden:gE
c_oSerXfsTypes$ApplyFill:NC
JSCompiler_StaticMethods_fromShape:l8
CAnchorPosition:W5
cElementType$bool:gA
gc_nMaxMantissa:Hc
historyitem_Worksheet_RowProp:eP
STATES_ID_ADD_PPOLY_LINE22:o2
FT_Outline_Get_CBox:Wj
STATES_ID_ADD_PPOLY_LINE23:p2
selectionflag_Common:v6
g_oDefaultBorderAbs:sK
c_oSerFormulaTypes$Bx:HE
c_oAscFileType$INNER:I9
FT_Service_MultiMastersRec:Mi
ECustomFilter$customfilterEqual:yz
c_oSerBorderTypes$Start:DC
CAscColor:Oz
JSCompiler_StaticMethods_Internal_Content_Remove2:z6
CAscThemeInfo:WY
FT_SFNT_INTERFACE_GET:iq
JSCompiler_StaticMethods_Set_WidowControl:s7
c_oAscServerError$StorageGetInfo:Wa
CellValueType$Bool:pa
psaux_interface:Jn
ft_bitmap_glyph_bbox:Mj
JSCompiler_StaticMethods_Hue_2_RGB:MT
break_Line:rZ
phType_body:SU
c_oSer_PageMargins$Footer:zF
UndoRedoDataArcTo:rR
c_oSer_BasicChartType$Overlap:I_
c_oAscFill$FILL_TYPE_NOFILL:o4
JSCompiler_StaticMethods_Set_KeepLines:u7
ETableStyleType$tablestyletypeSecondColumnSubheading:WJ
t1_builder_funcs:hn
cff_size_request:Eu
T1_New_Parser:Fv
c_oAscCoAuthoringLockTablePropertiesBorderColor:UR
c_oSerTableTypes$Worksheets:XB
c_oMainTables$NotesSlides:EZ
c_oSerRowTypes$Height:vE
tt_face_free_eblc:xo
SetSuperRound:Or
ParaHyperlinkStart:qZ
cErrorType$bad_reference:uA
TT_VertHeader:bl
CNumPr:f5
JSCompiler_StaticMethods_setHidden:PO
DrawDefaultSelection:F2
c_oSerPropLenType$Double:pK
c_oAscError$ID$AutoFilterChangeFormatTableError:vz
_parser_funcs$$inline_642:Kn
FontScheme:DV
JSCompiler_StaticMethods_getDateFromExcel:IA
g_anchor_left:o8
COPYPASTE_ELEMENT_CLASS:Qy
tt_face_get_name:Xp
JSCompiler_StaticMethods_DeserializeDataInner:YQ
tab_Center:U5
numFormat_Hour:mc
CFontFile:yw
tt_face_free_ps_names:so
asc_CStroke:M1
c_oSer_ChartSeriesNumCacheType$NumCacheVal:b0
_ph_summ__two_obj_and_two_tx:XW
tt_cmap14_init:qp
EBorderStyle$borderstyleDashDotDot:LI
FT_Request_Size:nw
CLang:Z4
BULLET_TYPE_COLOR_CLRTX:uX
JSCompiler_StaticMethods__shiftLeftRight:UO
tt_cmap0_char_next:Ko
CTableStylePr:aZ
FT_Get_Glyph:sw
FT_Outline_EmboldenXY:tq
FT_Multi_Master:Dk
CTableStyles:JL
_ph_summ__media_and_tx:MW
TT_GraphicsState:ar
TT_SBit_LineMetricsRec:Sk
JSCompiler_StaticMethods_makeSimpleText:RM
c_oSerWorksheetsTypes$TableParts:WD
getVertexId:rN
JSCompiler_StaticMethods_getFontsize:aQ
CBrush:Kx
day:Ac
FT_Outline:ek
Dual_Project:yr
ArcToCurvers:HY
JSCompiler_StaticMethods_Set_HighLight:N5
CFF_Decoder_Zone:Pu
t1_cmap_std_char_index:Nm
JSCompiler_StaticMethods__getColNoEmpty:Hz
c_oSerBorderPropTypes$Style:JC
historyitem_Cell_FontAlign:EP
NumComporationOperators$lessorequal:Oc
c_oSer_TableStyles$TableStyle:ZG
c_oSer_DrawingType$Chart:XZ
historyitem_Chart_IsShowValue:bf
rx_string:Xb
_weight_subTitle:EW
tt_service_truetype_glyf:mt
ft_bitmap_glyph_done:Lj
c_oSerFormulaTypes$Ca:IE
CSpPr:kT
c_oSerSharedStringTypes$Si:qD
cToDeg:lY
TT_LoaderRec:Yk
c_oSer_CommentData$Replies:HH
JSCompiler_StaticMethods_DrawRightBars:Q0
CLASS_TYPE_CHART_AS_GROUP:C4
ft_var_apply_tuple:Ws
ParaTab:Bi
c_oMainTables$Slides:CZ
FT_DivFix:Fj
Ins_SDPVTL:ys
T1_Size_Done:Iv
tt_face_done:wt
ParaCollaborativeChangesStart:I5
cff_cmap_encoding_class_rec:wu
EChartBarDerection$chartbardirectionBar:C0
numbering_presentationnumfrmt_AlphaUcParenR:w5
ps_get_macintosh_name:Zl
CParaPr:pi
DecodeGeneralFormat_Raw:yd
T1_TokenRec:dn
drawChart:Md
FT_Set_Char_Size:ow
c_oSerStylesTypes$Fills:dC
FT_Vector_Transform:uq
g_clr_accent1:sV
c_oMainTables$SlideLayouts:BZ
JSCompiler_StaticMethods_getIndex:cB
dublicate_pointer:cj
c_oSer_Dxf$Fill:TG
JSCompiler_StaticMethods_buildDependencies:rB
Font:ed
c_oAscError$Level$Critical:H9
CompareGroups:u3
c_oSer_TableStyle$Table:bH
PreChangeAdjState:w2
JSCompiler_StaticMethods_Calculate_X:Y5
JSCompiler_StaticMethods_Calculate_Y:X5
c_oSerWorkbookPrTypes$DateCompatibility:AD
IS_PS_DELIM:qm
JSCompiler_StaticMethods__removeCell:fP
CAscFillHatch:S8
STATES_ID_ROTATE_IN_GROUP:$1
FT_SqrtFixed:Gj
c_oSer_CellStyle$Name:yI
tt_cmap2_char_index:Mo
JSCompiler_StaticMethods_Serialize:aR
c_oMainTables$NotesMasters:DZ
c_oSerWorkbookTypes$WorkbookPr:uD
JSCompiler_StaticMethods_drawCropInRect:Ow
JSCompiler_StaticMethods__forEachCell:xO
g_oUndoRedoAutoFilters:Lz
JSCompiler_StaticMethods_updateWidthHeight:b6
ECustomFilter$customfilterGreaterThan:Az
afm_parser_next_key:Em
c_oAscPageOrientation$PagePortrait:EK
cArray:LA
c_oSer_Comments$Top:oH
ASC_DOCS_API_USE_EMBEDDED_FONTS:c9
c_oAscCellEditorState$editEmptyCell:NR
T1_Driver_Class:hw
CURSOR_TYPES_BY_CARD_DIRECTION:G2
cff_driver_done:Mu
EHorizontalAlignment$horizontalalignmentLeft:rJ
c_oAscError$ID$StockChartError:qe
fontstyle_mask_bold:Bx
FT_Face_Internal:Bl
ChartState:I2
compare_kern_pairs:ov
MIN_ANGLE:i8
tt_cmap14_get_nondef_chars:Cp
__FT_CMapRec:xl
JSCompiler_StaticMethods_getHyperlink:Uy
JSCompiler_StaticMethods_Internal_Recalculate_CurPos:U6
c_oSerCellTypes$Style:BE
historyitem_Cell_ShrinkToFit:JP
afm_parser_read_vals:Dm
DefaultKeyDownHandle:E2
afm_stream_skip_spaces:zm
DocumentPageSize:jK
STATES_ID_RESIZE:Q1
c_oAscAsyncAction$DownloadAs:z9
nSldLtTTxAndMedia:pW
FT_Outline_Translate:Uj
EBorderStyle$borderstyleThick:XI
c_oSer_ChartLegendType$Overlay:g_
c_oSer_TableColumns$TotalsRowFormula:XF
JSCompiler_StaticMethods_Set_CurrentElement:S7
MATRIX_ORDER_APPEND:Mx
c_oAscBorderOptions$InnerV:jS
asc_CParagraphTabs:lg
PS_BlendRec:gm
FormatObjDecimalFrac:Wc
JSCompiler_StaticMethods_Clear_Formatting:A7
UndoRedoDataAddCnx:kR
c_oAscBorderOptions$InnerH:mS
moveTo:yY
afm_tokenize:Fm
c_oSerBorderTypes$Horizontal:CC
UndoRedoDataQuadBezTo:sR
c_oAscError$ID$FrmlOperandExpected:kB
JSCompiler_StaticMethods_CorrectBounds:Rg
_arr_lt_types_weight:$W
historyitem_RowCol_Strikeout:tM
c_oSer_ConditionalFormattingRule$Priority:SH
JSCompiler_StaticMethods_DrawSticks:V0
JSCompiler_StaticMethods__getByCellExecElem:dN
JSCompiler_StaticMethods_SetUniFill:b4
JSCompiler_StaticMethods__drawArrow:XS
c_oSer_TableStyle$Name:$G
c_oAscCoAuthoringMeBorderColor:VR
STATES_ID_SPLINE_BEZIER:f2
tt_load_sbit_metrics:Do
c_oAscPrintDefaultSettings$PageGridLines:JO
c_oSer_Comments$RightOffset:rH
JSCompiler_StaticMethods__prepareSet:aM
c_oSerConstants$ErrorStream:NZ
_strncmp_data:vj
_isxdigit:cm
JSCompiler_StaticMethods_getBorderSrc:YP
JSCompiler_StaticMethods_setRasterImage:o1
CAscThemes:b9
_weight_ctrTitle:zW
STATES_ID_PRE_CHANGE_ADJ:V1
cff_Load_Glyph:av
ft_smooth_get_cbox:Kq
CreateAscColorCustomEx:rg
CellAddress:Ef
c_oSer_TablePart$HeaderRowCount:MF
c_oSer_Comments$TopMM:vH
FT_PEEK_SHORT:gj
nSldLtTObj:PV
c_oSer_ChartSeriesNumCacheType$NumCache2:d0
c_oSerFormulaTypes$Si:RE
TT_Round_To_Half_Grid:Pq
Ins_PUSHB:zs
JSCompiler_StaticMethods_hitInWorkArea:B2
JSCompiler_StaticMethods_isValidDate:Dd
MetaBrushType$Solid:ky
Ins_PUSHW:As
c_oAscError$ID$AutoFilterDataRangeError:pz
FT_Size_RequestRec:Fk
CDocumentContent:FR
c_oSer_SortState$SortConditions:aG
ECellTypeType$celltypeError:AJ
c_oAscSelectionType$RangeRow:KR
c_oAscAsyncActionType$Information:B9
nSldLtTTwoObjAndTx:kW
FormatObjDateVal:Xc
c_oSerFormulaTypes$R1:NE
c_oSerTableTypes$Other:TB
asc_CChartStyle:he
c_oSerFormulaTypes$R2:OE
UndoRedoDataTypes:Vf
JSCompiler_StaticMethods__AddDigItem:ld
c_oSer_TablePart$DisplayName:HF
NullState:h1
EChartBarGrouping$chartbargroupingStacked:G0
c_oAscMouseMoveLockedObjectType$Sheet:aA
c_oAscServerError$UploadContentLength:hb
c_oAscServerError$VKeyUserCountExceed:pb
ECustomFilter$customfilterLessThan:Cz
ft_extra_glyph_unicodes:Ul
kElementTextId:Sy
FT_CMap_New:dq
c_oAscCleanOptions$Text:pS
EChartBasicTypes$chartbasicBarChart:n0
gray_render_line:nq
TT_Driver_Class:It
_weight_chart:xW
tt_cmap4_set_range:Qo
c_oSer_FilterColumn$Filters:lG
c_oSer_Comments$MoveWithCells:yH
c_oAscCoAuthoringDottedWidth:SR
clonePrototype:jY
fSortAscending:Ca
c_oSer_ConditionalFormattingIconSet$IconSet:lI
tt_cmap4_char_map_binary:To
cff_index_done:ku
EUnderline$underlineDouble:ZI
FT_MM_Var:Ck
c_oMainTables$App:uZ
c_oAscMergeOptions$Merge:kQ
cElementType$operator:mA
g_oDefaultXfId:ML
JSCompiler_StaticMethods_DrawEvents:R0
JSCompiler_StaticMethods_rotateTrackObjects:w1
EBorderStyle$borderstyleHair:QI
LineEndSize$Large:GU
JSCompiler_StaticMethods_setRowHidden:lz
c_oSerStylesTypes$Dxfs:lC
FT_BitmapGlyphRec:ak
nSldLtTVertTitleAndTx:tW
global_MatrixTransformer:Sx
CCellStyle:iL
CClipManager:Hx
ETableStyleType$tablestyletypeSecondColumnStripe:VJ
FORMULA_TYPE_SAT2:cY
TT_Clear_CodeRange:lr
UndoRedoDataAddPathCommand:nR
CFF_Builder:Ou
JSCompiler_StaticMethods_toRef:fB
cExcelMaxExponent:zA
LineEndType$Triangle:FU
tt_slot_init:zt
c_oSer_ChartSeriesNumCacheType$NumCacheIndex:c0
c_oSer_OtherType$MediaItem:dF
c_oSer_ChartSeriesType$Index:R_
L 167:Jp
L 168:j9
L 165:rC
L 166:sC
L 163:pC
L 164:qC
c_dScalePPTXSizes:RY
L 161:zv
L 162:oC
L 160:yv
nSldLtTPicTx:dW
T1_Face_Init:Ov
CFontSetup:Tx
JSCompiler_StaticMethods__foreach2:ZA
para_NewLine:Xh
g_bDate1904:la
g_nNextWorksheetId:fN
t1_services:ew
EVerticalAlignment$verticalalignmentBottom:uJ
c_oAscInsertOptions$InsertColumns:dh
L 159:zn
L 158:i9
FT_Lookup_Renderer:tw
JSCompiler_StaticMethods__scrollH:cT
JSCompiler_StaticMethods_getBorderFull:Zy
create_t1_field:wn
JSCompiler_StaticMethods_setSelectionState:AS
JSCompiler_StaticMethods__scrollV:bT
c_oSer_ConditionalFormattingRule$TimePeriod:YH
g_oTextMeasurer:z5
L 141:Ip
UndoRedoCell:KN
L 142:Yr
c_oSer_ConditionalFormattingIconSet$Reverse:nI
FT_Bitmap_Copy:Jj
L 140:h9
L 145:Hb
L 146:wv
tt_cmap12_init:cp
L 143:Zr
L 144:$r
c_oSerAligmentTypes$ShrinkToFit:$C
cNumber:T
tt_face_init:vt
CLASS_TYPE_SOLID_FILL:gU
JSCompiler_StaticMethods_setUniFill:c4
getMinValueArray:De
L 139:tc
historyitem_RowCol_SetCellStyle:kM
L 138:Wd
JSCompiler_StaticMethods_Internal_FindWordStart:I7
L 137:nC
L 136:g9
g_oUndoRedoCol:gM
JSCompiler_StaticMethods_RedoPrepare:mO
L 150:Fg
JSCompiler_StaticMethods_RedoEnd:sO
L 151:Hi
L 152:as
L 153:bs
JSCompiler_StaticMethods_buildDependency:UN
c_oAscPrintDefaultSettings$PageRightField:EO
L 154:kj
L 155:xv
L 156:yn
L 157:Uc
ft_adobe_glyph_list:Pl
c_oRangeType$All:YM
cRef:$A
phType_sldNum:gV
STATES_ID_PRE_RESIZE_IN_GROUP:a2
L 148:oc
L 147:je
L 149:jj
CBounds:n8
FT_Stream:$i
TRaster:wq
UndoRedoWorkbook:ON
cff_index_init:ju
L 124:xn
L 123:bV
L 122:kC
L 121:jC
L 120:d9
c_oAscAdvancedOptionsAction$None:k9
FONT_TYPE_ADDITIONAL_CUT:yx
L 118:Qb
L 119:tf
c_oSerWorksheetPropTypes$Name:cE
L 116:Vg
ParaNewLine:vi
L 117:Ce
L 114:rk
L 115:uv
c_Date1900Const:CA
JSCompiler_StaticMethods_addMasterEdge:lN
FT_Set_Transform:ww
CAscTableStyle:I8
cff_parse_fixed:$t
TT_CMapRec:Go
L 133:Hp
L 132:f9
L 135:If
gc_nMaxRow:ke
L 134:fV
CParaLineRange:I6
L 131:mC
L 130:Xr
DecodeBase64:Cy
L 129:vv
c_oSer_ConditionalFormattingRule$Operator:QH
L 125:cV
L 126:Gp
L 127:dV
L 128:e9
CParaLine:H6
tt_face_load_charmap_stub:Pp
JSCompiler_StaticMethods_Get_ParaPr:n5
FT_Glyph_Get_CBox:rw
TT_CMap14Rec:np
g_tabtype_left:RZ
JSCompiler_StaticMethods_startRecalculate:aN
ft_sid_names:Ml
T1_Decoder_ZoneRec:En
L 102:Te
L 101:Se
L 100:fi
c_oAscAsyncAction$Recalc:DN
CColorModifiers:KT
normalizeRotate:m1
gr_state_pen:ay
Binary_StylesTableReader:ZK
ShapeForResizeInGroup:j8
ret$$inline_648:Qn
ChangeAdjInGroupState:$2
L 111:Fh
L 110:qk
L 113:zf
bIsSupportOriginalFormatFonts:sx
L 112:Gh
L 103:Jc
L 104:pd
CAutoshapeTrack:Bg
L 105:Dh
L 106:cg
CLegendEntryGroup:b8
L 107:Eh
OpenColor:XK
L 108:ih
Col:rL
L 109:jh
cErrorType$division_by_zero:pA
FT_Service_PsFontNameRec:Pi
vertalign_SubScript:bS
c_oSer_TableStyle$DisplayName:eH
TT_MulFix14:Sr
cElementType$func:lA
FORMULA_TYPE_TAN:fY
UndoRedoData_SingleProperty:eR
historyitem_AutoShapes_Flips:PQ
TT_CMap12Rec:bp
CLASS_TYPE_SYS_COLOR:OT
AFM_GETC:ym
UniNvPr:lV
JSCompiler_StaticMethods_mergeInner:UL
gc_nMaxDigCount:Fc
afm_parse_track_kern:Hm
c_oSerXfsTypes$Aligment:WC
PolyLine:o3
JSCompiler_StaticMethods_Set_Tabs:x7
DependencyGraph:kN
fontstyle_mask_bolditalic:Cx
historyitem_Chart_LegendIsShow:vf
helpRecalc:yN
Cell:tL
c_oSer_ChartCatAxType$MajorGridlines:A_
JSCompiler_StaticMethods_getColsCount:BN
t1_builder_done:jn
ClrScheme:DR
STATES_ID_PRE_CHANGE_ADJ_IN_GROUP:X1
UndoRedoItemSerializable:nO
c_oAscLockTypeElemSubType$ChangeProperties:Uz
ECellTypeType$celltypeBool:zJ
tab_Right:T5
JSCompiler_StaticMethods_Style_Get:D7
EChartBarGrouping$chartbargroupingPercentStacked:F0
JSCompiler_StaticMethods_isOneCell:VP
nSldLtTBlank:RV
c_oAscError$ID$PastInMergeAreaError:tS
c_oSer_ChartCatAxType$AxPos:C_
ft_smooth_set_mode:Lq
TT_Size_Metrics:fr
c_oAscTypeSelectElement$Paragraph:O9
FT_Outline_Decompose:qq
tt_face_load_sbit_image:Fo
c_oSerStylesTypes$NumFmt:iC
ft_smooth_transform:Jq
c_oSer_SheetPr$CodeName:AI
c_oAscDeleteOptions$DeleteColumns:mh
Binary_OtherTableReader:AL
CBulletType:KX
c_oSer_DateGroupItem$Hour:yG
JSCompiler_StaticMethods_Internal_Get_ParaPos_By_Pos:h7
CBlipFill:rT
c_oSer_ConditionalFormattingValueObject$Type:qI
JSCompiler_StaticMethods__setDimension:US
CMouseEventHandler:Q3
historyitem_Cell_Border:IP
STATES_ID_START_TRACK_NEW_SHAPE:R1
NameGenerator:IN
TWorker:xq
numFormat_Day:nc
EFontScheme$fontschemeMinor:hK
c_oAscCanChangeColWidth$all:WR
ETableStyleType$tablestyletypeTotalRow:eK
CAscFillGrad:T8
asc_CCommentCoords:HR
Read_CVT:Hs
EHorizontalAlignment:tJ
historyitem_Worksheet_RemoveCols:qQ
nSldLtTDgm:WV
FT_PEEK_ULONG:oj
JSCompiler_StaticMethods_DrawRose:Z0
para_PresentationNumbering:mi
EBorderStyle$borderstyleDouble:OI
_t1_parse_dict:Yv
PreResizeInGroupState:V2
historyitem_Cell_Fontcolor:zP
CSld:KV
T1_GlyphSlot_Init:Mv
CBuilderImages:SY
UndoRedoDataAddHandlePolar:mR
c_oAscInsertOptions$InsertCellsAndShiftDown:lh
JSCompiler_StaticMethods__getValue2Result:HM
cErrorType$not_available:qA
FormatObjBracket:$c
BULLET_TYPE_SIZE_TX:yX
c_oAscCellEditorState$editStart:GS
EChartLegendPos$chartlegendposLeft:i0
FT_Render_Glyph:vw
_t1_read_binary_data:Xv
tt_face_set_sbit_strike_stub:Mp
CCellValue:VK
COLOR_TYPE_SYS:zT
EChartBasicTypes$chartbasicAreaChart:r0
Ins_IUP:is
linerule_Exact:kZ
EGlyphState$glyphstateMiss:Cw
CFF_CMapStdRec:vu
CParaTab:mZ
dayShort:Bc
asc_CCellCommentator:IR
JSCompiler_StaticMethods_moveRow:uB
tt_cmap14_char_next:sp
Get_Interface:fw
c_oAscDeleteOptions$DeleteRows:oh
c_oSer_ConditionalFormattingRule$ColorScale:$H
CShapeStyle:qV
postLoadScript:ux
cRef3D:dB
IS_PS_TOKEN:rm
c_oMainTables$SlideMasters:AZ
SPH_TweakRule:Yq
PS_TableRec:un
c_oSer_DrawingType$Type:GK
c_oSerWorksheetColTypes$BestFit:fE
JSCompiler_StaticMethods_initPostOpen:VN
c_oSerBorderTypes$Top:EC
EBorderStyle$borderstyleMediumDashed:UI
ft_stub_set_pixel_sizes:Gk
c_oSerCellTypes$Value:EE
afm_compare_kern_pairs:Im
CLASS_TYPE_UNI_COLOR:XT
T1_ParserRec:Cv
PolyLineAddState:n3
LineEndSize$Small:IU
JSCompiler_StaticMethods_updateCursorTypes:LV
historyitem_Cell_ChangeArrayValueFormat:QM
g_mouse_button_left:O3
_global_layout_summs_array:aX
MoveTrackChart:U7
historyitem_Worksheet_Merge:mQ
pscmaps_interface:am
RangeDataManager:TM
c_oSer_ConditionalFormattingDataBar$Color:gI
c_oSer_CommentData$Time:BH
tt_face_load_directory_stub:Fp
t1_builder_init:gn
EChartBasicTypes$chartbasicStockChart:x0
cErrorType$wrong_name:rA
PS_UniMap:Ri
c_oSer_CustomFilters$And:DG
FT_Get_Next_Char:pw
historyitem_Worksheet_Sort:CQ
ResizeTrackShapeImage:I3
CParaDrawingRangeLines:V6
JSCompiler_StaticMethods_setRasterImageId:eU
FT_CFF_SERVICE_GLYPH_DICT_GET:dv
ETableStyleType$tablestyletypeSecondSubtotalColumn:ZJ
Binary_ChartReader:xL
CompareUniFill:yU
JSCompiler_StaticMethods_endCommand:oy
CParaTabs:lZ
JSCompiler_StaticMethods_cleanFormat:yQ
JSCompiler_StaticMethods_Internal_MoveCursorForward:g7
JSCompiler_StaticMethods_Set_Border:r7
c_oSer_ChartTitlePptxType$TxPrPptx:e_
tx1:tV
numFormat_Year:kc
JSCompiler_StaticMethods_Set_DocumentNext:q7
c_oSerWorksheetColTypes$Style:jE
JSCompiler_StaticMethods__MouseHoverOnArrowDown:ZS
CLASS_TYPE_GS:iU
JSCompiler_StaticMethods__getByCell:cN
BDF_PropertyRec:Rn
isObject:Fe
c_oSer_FilterColumn$CustomFilters:oG
c_oAscLayoutPageType$FitToWidth:PR
c_oSerPropLenType$Short:PZ
nSldLtTVertTitleAndTxOverChart:uW
t1_service_multi_masters:bw
APPROXIMATE_EPSILON:iY
UndoRedoDataAddParaItem:xR
SignType$Null:wc
c_oSerWorksheetsTypes$Hyperlink:KD
phType_ctrTitle:VU
tt_face_get_metrics:oo
FT_CFF_SERVICE_CID_INFO_GET:gv
GeneralEditFormatCache:zd
c_oSerWorksheetsTypes$Col:ID
BULLET_TYPE_SIZE_PTS:AX
c_oSer_Comments$SizeWithCells:zH
historyitem_Cell_Wrap:KP
FILL_TYPE_BLIP:YT
Instruct_Dispatch:Ds
para_CommentStart:ki
nSldLtTTx:QV
tt_cmap12_char_map_binary:ep
tt_face_load_post:jo
c_oSerAligmentTypes$Vertical:bD
styletype_Paragraph:g4
BinaryTableWriter:kK
lockDraw:sN
asc_CTexture:eg
JSCompiler_StaticMethods_getFirst:iO
JSCompiler_StaticMethods_setStroke:EY
c_oAscMouseMoveType$Hyperlink:ES
JSCompiler_StaticMethods_Update_Size:g6
extend:FA
CFF_Decoder:Qu
JSCompiler_StaticMethods_unmerge:nz
tt_face_load_generic_header:ao
ft_outline_funcs_gray:pq
ParaHyperlinkEnd:Ei
c_oSer_OtherType$MediaSrc:fF
cErrorType$not_numeric:tA
pararecalc_0_None:B6
L 39:nd
L 38:Zb
c_oAscMergeOptions$Unmerge:oS
L 37:Lb
g_o_event_map:P3
L 32:qb
PS_PrivateRec:em
L 31:Ja
cff_standard_encoding:gu
L 30:Qa
L 36:jb
L 35:fb
L 34:Ma
L 33:Ra
FT_Data:nl
FT_Service_PsInfoRec:Si
CHistory:FN
c_oSer_TableStyle$Element:dH
tt_services:ot
Align:gL
TT_LongMetricsRec:Lk
L 27:na
L 26:R
L 29:Ya
L 28:va
ParaPageBreakRenderer:yi
c_oSer_SortState$ConditionDxfId:fG
c_oAscPrintDefaultSettings$PageOrientation:GO
UndoRedoWoorksheet:MN
sfnt_load_face:bq
nSldLtTChartAndTx:TV
arcTo:AY
L 21:X
L 20:Q
L 23:S
L 22:aa
L 25:W
L 24:ba
L 50:nk
tt_size_reset:Ft
recalcresult_PrevPage:R6
LineEndType$None:AU
CLASS_TYPE_COLOR_MOD:FT
rx_array:ac
c_oAscBorderOptions$Bottom:nS
tt_face_load_bhed:co
TRACK_CIRCLE_RADIUS:y3
T1_Loader:Sv
JSCompiler_StaticMethods_changeCurrentState:B1
L 59:Rc
nSldLtTClipArtAndTx:UV
L 58:Dc
L 57:od
L 56:Mf
L 55:Qc
L 54:Cc
L 53:Ta
L 52:be
L 51:Hg
FT_TT_SERVICES_GET:pt
FT_Memory:dj
tt_get_kerning:Bt
JSCompiler_StaticMethods_Internal_CalculateAutoSpacing:E7
c_oAscCellEditorState$editEnd:HS
FontStyle$FontStyleRegular:$w
GX_BlendRec:Qs
rgCols:Fb
L 49:mk
c_oSerHyperlinkTypes$Tooltip:pE
L 48:Eb
L 45:Wb
L 44:Db
L 47:tb
L 46:ci
L 41:Cb
L 40:bc
ft_bitmap_glyph_init:Hj
TT_Post_NamesRec:Vk
L 43:hd
L 42:Ob
HSLToRGB:QY
JSCompiler_StaticMethods_setPos:jU
c_oSer_TableColumns$Name:TF
CLegendEntry:H4
JSCompiler_StaticMethods_deleteAllMasterEdges:nN
c_oSer_ConditionalFormattingRule$Bottom:NH
STATES_ID_POLY_LINE_ADD:l2
historyitem_RowCol_Wrap:AM
nbsp_string:E5
tt_face_load_cmap:ho
drawing_Inline:V5
c_oRangeType$Range:VM
ParaFlowObjectAnchor:Di
JSCompiler_StaticMethods_addToSpTree:yh
c_oSer_ConditionalFormattingValueObject$Val:rI
_ph_summ_dgm:KW
JSCompiler_StaticMethods_assemble:xB
JSCompiler_StaticMethods__sortByArray:DQ
c_oSerWorkbookTypes$BookViews:vD
BULLET_TYPE_TYPEFACE_TX:DX
c_oAscLockTypeElemSubType$DeleteColumns:Yz
JSCompiler_StaticMethods_swapGraphicObject:v3
tt_cmap14_get_def_chars:Bp
JSCompiler_StaticMethods_CopyPr_Open:k7
historyitem_Cell_Fill:HP
FormatObj:Tc
read_pfb_tag:Dv
c_oSerXfsTypes$QuotePrefix:UC
Direct_Move_Orig_X:Cr
_weight_dgm:AW
Direct_Move_Orig_Y:Er
CApp:TY
FT_Set_Charmap:qv
c_oMainTables$FontMap:IZ
oGeneralEditFormatCache:Bd
cff_size_done:Bu
c_oMainTables$Main:tZ
JSCompiler_StaticMethods_CreatePlaces:Tw
historyitem_Chart_yAxisIsShow:rf
c_oSer_ConditionalFormattingRule$StopIfTrue:WH
BinaryCommonWriter:lK
FT_Grays_Raster:Fq
L 13:F
L 14:G
temp1:Aj
c_oSerFontTypes$Strike:jD
L 11:B
temp2:Cj
L 12:E
t1_lookup_glyph_by_stdcharcode:rn
L 10:z
L 19:L
T1_Driver:iw
L 17:J
L 18:K
L 15:I
L 16:H
historyitem_Worksheet_Hide:QO
c_oAscChartLegend$bottom:wa
EChartBasicTypes$chartbasicBar3DChart:o0
JSCompiler_StaticMethods_checkUniqueSheetName:gO
historyitem_Chart_yAxisIsDefaultTitle:qf
historyitem_Chart_LegendIsOverlay:wf
c_oSerCellTypes$Type:CE
CDefaultFont:Zw
Round_Down_To_Grid:Jr
c_oSer_Comments$BottomOffset:tH
JSCompiler_StaticMethods_recalculatePosExt:T7
c_oSer_Comments$Col:jH
_ph_summ__obj_and_tx:PW
FORMULA_TYPE_SIN:dY
c_oSer_CellStyle$BuiltinId:uI
map_themeExcel_to_themePresentation:NL
c_oSer_CommentData$UserId:CH
ValidateUploadImage:ub
tt_loader_init:it
CRFonts:X4
ps_parser_funcs:Hn
c_oAscInsertOptions$InsertCellsAndShiftRight:eh
historyitem_Cell_Underline:CP
JSCompiler_StaticMethods_StartTransaction:vh
ETableStyleType$tablestyletypeFirstSubtotalColumn:MJ
GradLin:kU
vertalign_SuperScript:cS
tt_face_get_kerning:Wn
historyitem_Chart_xAxisIsGrid:of
c_oAscServerError$StorageFileNoFound:Oa
JSCompiler_StaticMethods_getValueData:MM
c_oSer_Comments$Left:mH
c_oSer_ConditionalFormatting$Pivot:JH
ETableStyleType$tablestyletypeFirstTotalCell:OJ
c_oSerPropLenType$Null:OZ
CPoint2:ex
JSCompiler_StaticMethods_shiftGet:bN
CPoint1:dx
_ph_summ__obj_only:QW
Ins_DELTAP:vs
JSCompiler_StaticMethods_cubicBezTo:wY
UndoRedoDataSetAdjustmentValue:wR
global_hatch_data:kx
ft_var_load_gvar:Vs
ECellTypeType$celltypeSharedString:CJ
c_oSerWorksheetColTypes$Min:iE
RotateState:K2
JSCompiler_StaticMethods_deleteSelectedObjects:sS
c_oSer_TablePart$AutoFilter:IF
FontStyle$FontStyleBoldItalic:cx
Ins_DELTAC:xs
PASTE_ELEMENT_ID:Ty
TT_Round_Down_To_Grid:Tq
SafariIntervalFocus:dz
UndoRedoData_historyitem_Paragraph_AddItem:yR
c_oAscPrintDefaultSettings$PageTopField:DO
JSCompiler_StaticMethods_addTitle:W7
c_oSerFontTypes$Bold:fD
c_oSer_Dxf$Border:SG
CFF_EncodingRec:Mt
historyitem_Cell_Fontsize:yP
JSCompiler_StaticMethods_AddRectDashClever:y8
ETableStyleType$tablestyletypeFirstRowStripe:KJ
TT_Face:Os
L 73:Ln
JSCompiler_StaticMethods__moveCellVer:lP
L 74:ok
L 75:gh
Int64:yj
L 76:Mn
JSCompiler_StaticMethods_rebuildSeries:ff
_ph_summ__sec_head:SW
L 77:hh
L 78:Re
t1_args_count:qn
L 79:nb
c_oAscSelectionType$RangeShape:Oh
UndoRedoData_IndexSimpleProp:jM
GetDiffDate360:MB
numbering_presentationnumfrmt_ArabicPeriod:q5
JSCompiler_StaticMethods_addDefinedName:mL
c_oRangeType$Row:XM
asc_CParagraphProperty:fg
TT_Forget_Glyph_Frame:et
gray_record_cell:lq
cString:NA
L 70:le
L 72:te
FT_PEEK_USHORT:ij
L 71:Ni
L 64:Ke
L 65:ad
L 62:lc
L 63:cb
CUniFill:oT
BULLET_TYPE_TYPEFACE_BUFONT:EX
L 68:ce
L 69:tg
Ins_MSIRP:ms
L 66:gc
L 67:$a
c_oAscInsertOptions$InsertRows:kh
JSCompiler_StaticMethods_addSlaveEdge:mN
JSCompiler_StaticMethods_Internal_Get_ClearPos:A6
RotateTrackGroup:B3
L 61:yb
L 60:Ic
c_oSer_ColorType$Auto:tF
JSCompiler_StaticMethods_Calculate_X_Value:Yf
L 99:pj
L 95:Pb
c_oSer_SheetPr$FilterMode:CI
L 96:yf
L 97:Me
L 98:Rf
c_oSer_ChartCatAxType$Title:z_
c_oSerWorksheetColTypes$Width:kE
STATES_ID_PRE_RESIZE:P1
ParaPresentationNumbering:Ii
SPH_ScaleRule:Zq
EHorizontalAlignment$horizontalalignmentCenter:mJ
JSCompiler_StaticMethods_setFgColor:tU
L 92:Pf
L 91:Ec
L 94:Qf
nSldLtTObjTx:cW
L 93:bg
Fill:hL
CFontFileLoader:O
FT_RoundFix:xj
L 90:Of
c_oSer_ColorFilter$CellColor:LG
tt_name_entry_ascii_from_utf16:Yp
c_oSerStylesTypes$Border:aC
L 88:xf
JSCompiler_StaticMethods_deleteAllSlaveEdges:oN
L 89:Xd
L 86:ei
CHART_TITLE_TYPE_V_AXIS:l1
L 87:Jd
L 84:Zc
L 85:Oi
tt_size_request:Dt
g_bIsAppleDevices:Lw
c_oSer_SheetPr$SyncRef:FI
c_oEditorId$Speadsheet:ha
c_oSer_BasicChartType$Series:J_
CellValueType$Number:ma
L 83:Nf
L 82:pk
c_oSerPropLenType$Byte:mK
L 81:ne
CGeometry:wV
tt_cmap2_get_subheader:Lo
L 80:di
JSCompiler_StaticMethods_getStyleNameByXfId:YL
