CSlideBoundsChecker:Dg
JSCompiler_StaticMethods_getFontAlign:PP
ft_div64by32:cj
ETableStyleType$tablestyletypeLastColumn:zJ
c_oSer_ChartLegendLayoutType$Y:VZ
c_oSer_ChartLegendLayoutType$W:RZ
JSCompiler_StaticMethods_getWrapByAlign:SP
c_oSer_ChartLegendLayoutType$X:TZ
T1_GlyphSlotRec:Av
cff_field_handlers:St
c_oSer_ChartLegendLayoutType$H:OZ
FT_Bitmap:Jj
ThemeElements:hV
Y_Bottom_Margin:q6
sfnt_init_face:Mp
JSCompiler_StaticMethods__getColNoEmptyWithAll:FO
para_HyperlinkEnd:Lh
Numbering_Number_To_Alpha:H4
numbering_presentationnumfrmt_RomanUcPeriod:Q4
c_oSerRowTypes$Row:cE
deg2rad:Gx
ETableStyleType$tablestyletypeThirdSubtotalColumn:MJ
JSCompiler_StaticMethods_mergeOpen:$K
JSCompiler_returnArg:ea
ETableStyleType$tablestyletypeHeaderRow:yJ
UndoRedoData_AutoFilter:wz
TT_Get_VMetrics:Rs
GetUploadIFrame:tb
c_oSerStylesTypes$CellStyle:gC
JSCompiler_StaticMethods_Set_GraphicObject:D5
JSCompiler_StaticMethods_Set_Type_0_Spell:K6
CContentChanges:W5
JSCompiler_StaticMethods_IsEmpty:SY
ETableStyleType$tablestyletypeSecondSubtotalRow:JJ
asc_CSelectedObject:Gf
c_oSerStylesTypes$CellStyles:fC
i:ge
JSCompiler_StaticMethods_setVal:kT
JSCompiler_StaticMethods_Get_CurrentPage_Relative:M6
c_oAscChartType$stock:Xd
Workbook:bN
CFont:xx
c_oSerWorksheetsTypes$SheetFormatPr:yD
c_oSer_Comments$Bottom:bH
c_oSer_ConditionalFormattingRule$Rank:CH
c_oSer_TableColumns$DataDxfId:DF
historyitem_Cell_AlignVertical:nP
g_mouse_event_type_move:j3
fontstyle_mask_italic:tx
c_oSer_TableStyles$DefaultPivotStyle:GG
CellValueType$Error:pa
para_HyperlinkStart:kZ
MasterSlide:pV
JSCompiler_StaticMethods__getCol:uf
tblwidth_Mm:HY
asc_CParagraphBorders:Tf
__gray_convert_glyph:pq
SignType$Positive:mc
c_oSer_DateGroupItem$Year:lG
GenerateDefaultTheme:mL
tt_face_free_name:Qn
ResizeTrackShapeImageInGroup:h3
historyitem_Cell_Bold:iP
JSCompiler_StaticMethods_Set_DStrikeout:l5
EChartBarGrouping$chartbargroupingStandard:d0
check_table_dir:In
oDecodeGeneralFormatCache:nd
c_oSer_DateGroupItem$Month:jG
JSCompiler_StaticMethods_Set_Underline:r3
PS_ParserRec:on
BinaryPPTYLoader:OS
g_oUndoRedoGraphicObjects:Yg
Move_CVT:ys
ETableStyleType$tablestyletypeSecondRowSubheading:HJ
JSCompiler_alias_NULL:w
c_oSer_ChartType$Legend:yZ
parserFormula:VA
JSCompiler_StaticMethods_Is_DrawingShape:y5
ScrollOverType$NONE:wS
TYPE_TRACK_SHAPE:XS
JSCompiler_StaticMethods_checkColor:Gw
EHorizontalAlignment$horizontalalignmentJustify:$I
asc_CShapeProperty:Kf
ps_parser_to_token_array:Om
c_oAscError$ID$Unknown:G8
EBorderStyle$borderstyleMediumDashDot:zI
c_oSerBorderTypes$Bottom:hC
rx_number:Fb
nSldLtTChart:uV
opcode_length:cr
CHyperlink:TW
ft_outline_glyph_transform:vj
EBorderStyle$borderstyleNone:CI
EPageOrientation$pageorientLandscape:mJ
FT_TT_CMAP_CLASSES_GET:Pp
cCharDelimiter:GM
CHtmlPage:N7
historyitem_Chart_HeaderSubTitle:Xe
JSCompiler_alias_FALSE:A
ExtpectDoubleClickState:k2
c_oSerWorksheetPropTypes$State:OD
CLASS_TYPE_PATH:gY
STATES_ID_SPLINE_BEZIER4:D1
c_oAscError$ID$FileVKey:O8
ps_unicodes_init:Dl
STATES_ID_SPLINE_BEZIER5:E1
c_oSerRowTypes$CustomHeight:iE
STATES_ID_SPLINE_BEZIER2:B1
STATES_ID_SPLINE_BEZIER3:C1
JSCompiler_StaticMethods__moveRecalcGraph:PO
c_oSerWorksheetsTypes$ConditionalFormatting:ID
JSCompiler_StaticMethods_createWorksheet:tN
c_oSer_TableColumns$TableColumn:BF
EFontScheme$fontschemeMajor:QJ
monthShort:sc
c_oSerXfsTypes$BorderId:zC
ETableStyleType$tablestyletypeLastTotalCell:BJ
c_oSer_PrintOptions$Headings:mF
c_oSerWorksheetsTypes$MergeCells:uD
gc_dDefaultRowHeightAttribute:DM
tt_cmap14_ensure:ap
cff_decoder_parse_charstrings:Qu
EHorizontalAlignment$horizontalalignmentFill:YI
Write_CVT_Stretched:ts
EChartAxPos$chartaxposLeft:G_
_rect:Ax
CellValueType:qa
JSCompiler_StaticMethods__calsScientific:Yc
c_oAscLockTypes$kLockTypeMine:lg
CMatrixL:Ix
JSCompiler_StaticMethods__MouseHoverOnScroller:GS
c_oAscAsyncAction$LoadDocumentFonts:b9
UndoRedoData_FromTo:AN
CorrectUniColor2:x3
c_oAscError$ID$FrmlWrongOperator:WA
g_oDefaultAlign:kK
c_oSerStylesTypes$Fonts:YB
c_oAscError$ID$ConvertationError:K8
T1_Get_Private_Dict:zv
nSldLtTTwoObjAndObj:MV
PreMoveState:S1
recalc:UM
vmerge_Restart:EY
JSCompiler_StaticMethods__getRowNoEmpty:uz
c_oAscChartStyle$Standart:Ce
c_oSer_TableStyle$Pivot:KG
tt_cmap4_char_next:Go
rx_test_ws_name:Sb
MIN_SHAPE_SIZE_DIV2:C7
JSCompiler_alias_TRUE:u
parserHelper:Ub
UndoRedoDataAddAdjustment:KQ
tt_face_load_font_dir:Jn
FT_PEEK_USHORT_LE:Ni
EChartBasicTypes$chartbasicRadarChart:W_
c_oAscFillGradType$GRAD_LINEAR:N3
c_oSerWorksheetColTypes$Max:RD
EHorizontalAlignment$horizontalalignmentRight:bJ
historyitem_Cell_Style:cP
FT_Service_TTCMapsRec:vi
CShape:qg
Current_Ppem:gs
JSCompiler_StaticMethods_Get_AllTableStyles:p4
JSCompiler_StaticMethods_getExcelDate:tA
JSCompiler_set:da
CBulletSize:dX
FT_CMap_ClassRec:el
cFormulaOperators:GA
PreChangeAdjInGroupState:m2
NvPr:xU
OverlayObject:x7
CGlobalMatrixTransformer:Jx
JSCompiler_StaticMethods_getID:xf
c_oAscError$ID$UserCountExceed:R8
tt_face_lookup_table:Hn
JSCompiler_StaticMethods_Internal_IncDecFontSize:h7
JSCompiler_StaticMethods_setChartBinary:Ng
numbering_lvltext_Text:F4
c_oSerXfsTypes$ApplyFont:xC
UndoRedoDataDocContentRemoveItems:aR
c_oSer_ChartSeriesMarkerType$Size:w_
JSCompiler_StaticMethods_Create_Table_Lined:o4
JSCompiler_StaticMethods_getElementRowCol:yA
cBaseType:sA
EquatingOutline:Ok
asc_CImageSize:Mf
g_oDefaultBorder:iK
CellXfs:KK
historyitem_AutoShapes_RecalculateGeometry_Undo:sQ
c_oSer_ConditionalFormattingIconSet$Percent:VH
ETableStyleType$tablestyletypeSecondRowStripe:GJ
c_oAscLockTypeElem$Sheet:Fz
JSCompiler_StaticMethods_getRange3:bz
c_oAscHyperlinkType$WebLink:sR
JSCompiler_StaticMethods_IncDec_FontSize:g7
JSCompiler_StaticMethods_getRange2:ze
EUnderline$underlineDoubleAccounting:HI
T1_Face_Done:Gv
JSCompiler_StaticMethods_createCellOnRowColCross:EP
asc_CFillBlip:Kg
PS_Conv_ToInt:dm
c_oAscFillBlipType$TILE:K3
c_oSerXfsTypes$ApplyAlignment:uC
AFM_ValueRec:fm
CLASS_TYPE_IMAGE:$2
CShapeDrawer:a3
c_oAscSelectionType$RangeCol:mR
tt_name_entry_ascii_from_other:Lp
g_dKoef_mm_to_pix:Ox
cff_index_get_sid_string:du
JSCompiler_StaticMethods_DeserializeHistory:IN
CTableStyleElement:LK
PS_Conv_ToFixed:em
align_Justify:HR
historyitem_Worksheet_SetViewSettings:kO
JSCompiler_StaticMethods__getHyperlinks:XP
ft_qsort:Al
CGrState_Pen:Xx
PS_Conv_Strtol:cm
SHAPE_ASPECTS:B7
T1_FieldRec:fn
para_InlineBreak:Eh
c_oSerWorksheetsTypes$SheetView:KD
JSCompiler_StaticMethods_getCell3:sz
ClrMap:cV
JSCompiler_StaticMethods_getCell2:yN
GroupState:M0
Project_y:jr
c_oSer_Dxf$NumFmt:EG
Num:OK
Project_x:ir
_builder_funcs$$inline_630:xn
FT_Error:Ci
historyitem_AutoShapes_Extents:mQ
SplineBezierState:w2
xhrSupported$$inline_1207:mx
c_oSer_FilterColumn$ColId:UF
sfnt_done_face:Sp
gray_render_scanline:lq
historyitem_Worksheet_MoveRange:RO
ps_get_standard_strings:Jl
UndoRedoClassTypes:MN
JSCompiler_StaticMethods_getRow0:qz
JSCompiler_StaticMethods_Is_NBSP:j5
T1_EncodingRec:Tl
ETableStyleType$tablestyletypeThirdColumnSubheading:KJ
c_oSer_PageMargins$Header:hF
afm_key_table:lm
c_oSer_DrawingType$From:qK
FT_New_Size:dw
nVertTThorz:OW
Current_Ratio:hs
Direct_Move:mr
getMaxValueArray:te
historyitem_Cell_AlignHorizontal:oP
JSCompiler_StaticMethods_getMousePosition:DS
EUnderline$underlineNone:II
Binary_CommonReader:BK
JSCompiler_StaticMethods_Set_ParagraphAlign:v3
FT_Vector_Length:dq
PreResizeState:R1
JSCompiler_StaticMethods_setConditionalFormattingStyle:vP
cError:T
CImageShape:rg
PS_Table_FuncsRec:dn
JSCompiler_StaticMethods_getCells:Pg
dublicate_bbox:Nk
X_Right_Margin:P5
tt_cmap6_char_next:Io
tt_cmap12_char_next:So
Load_SBit_Image:oo
g_anchor_bottom:L7
_ph_summ__two_col_tx:xW
NumComporationOperators$less:Dc
c_oMainTables$ImageMap:gZ
FT_GlyphLoader_New:Uj
ScrollArrowType$ARROW_RIGHT:tS
asc_CChartLegend:Ie
SLIDE_KIND:eT
UndoRedoData_FromToCell:SO
BULLET_TYPE_COLOR_NONE:WW
FT_CFF_CMAP_ENCODING_CLASS_REC_GET:Bu
align_Left:ER
FT_Common:li
JSCompiler_StaticMethods_rebuild:zL
phType_media:GU
phType_tbl:LU
c_oSer_CommentData$Solved:oH
c_oAscChartSubType$normal:Od
c_oSerPropLenType$Three:pZ
tt_face_load_gasp:Vn
JSCompiler_StaticMethods_AddPathCommand:Y
JSCompiler_StaticMethods_Paragraph_IncDecFontSize:A3
ft_smooth_init:tq
CXfrm:Xg
CPresentationBullet:W4
afm_parse_kern_data:um
c_oSer_TableStyleInfo$ShowRowStripes:yF
cff_font_load:mu
ft_var_readpackedpoints:Is
c_oAscLockTypes$kLockTypeOther:wh
CalculateGuideLst:NX
c_oSer_TablePart$TableStyleInfo:uF
FT_Outline_Check:kl
JSCompiler_StaticMethods_getRadius:h0
cElementType$cell:Xz
Ins_SxVTL:er
CTheme:iV
JSCompiler_StaticMethods_AddRectDash:Sx
c_oSerWorkbookTypes$WorkbookView:fD
CNvPr:wU
c_oAscAsyncAction$PrepareToSave:W8
c_oSer_DrawingFromToType$Col:BE
c_oSer_OtherType$EmbeddedFonts:OE
gr_state_state:Wx
tt_face_set_sbit_strike:io
ParaInlineBreak:ai
Numbering_Number_To_Roman:I4
phType_dgm:CU
asc_CParagraphSpacing:Sf
sfnt_service_glyph_dict:Dp
JSCompiler_StaticMethods_HSL2RGB:CL
historyitem_RowCol_FontAlign:hM
tt_face_get_ps_name:co
FT_Add64:ej
UndoRedoGraphicObjects:qN
rgRows:zb
JSCompiler_StaticMethods_fromShape2:b3
c_oSer_ConditionalFormattingRule$IconSet:LH
JSCompiler_StaticMethods_Set_PageBreakBefore:T6
nSldLtTTxAndTwoObj:UV
TT_Postscript:Jk
JSCompiler_StaticMethods__getCellNoEmpty:xB
c_oSer_ConditionalFormattingDataBar$MaxLength:QH
CLASS_TYPE_PATTERN_FILL:VT
ShapeToImageConverter:Y2
ECellAnchorType$cellanchorOneCell:RI
t1_get_index:mv
c_oSerConstants$ErrorUnknown:lZ
JSCompiler_StaticMethods_getAlignHorizontalByValue:QP
asc_CParagraphInd:Pf
NumComporationOperators$equal:Bc
FT_Load_Glyph:nw
c_oSer_CommentData$UserName:mH
CDocumentShd:yY
c_oAscFileType$PDFPRINT:X8
t1_cmap_standard_class_rec:zm
tt_service_truetype_engine:at
STATES_ID_MOVE_INTERNAL_CHART_OBJECT:L1
c_oSer_ConditionalFormattingDataBar$ShowValue:SH
phType_dt:DU
CellFormat:gd
tt_face_vary_cvt:Ps
JSCompiler_StaticMethods__foreachNoEmpty:JA
SplineBezierState5:F2
SplineBezierState4:E2
SplineBezierState3:C2
SplineBezierState2:B2
JSCompiler_StaticMethods_drawStrokeFillStyle:d8
c_oSerWorksheetColTypes$CustomWidth:VD
Move_Zp2_Point:Or
c_oAscServerError$ConvertDownload:Wa
ColorManager:EL
FormatParser:sd
TTC_HeaderRec:kk
historyitem_Workbook_SheetMove:zN
CNumbering:e4
BULLET_TYPE_SIZE_NONE:$W
CArrowDrawer:zS
cff_builder_add_point1:Lu
c_oMainTables$Presentation:WY
MATRIX_ORDER_PREPEND:Dx
historyitem_Chart_SubType:Pe
JSCompiler_StaticMethods_isGeneralFormat:kd
TT_CMapInfo:ui
isNeedEmptyAfterCut:Py
JSCompiler_StaticMethods__checkCurPoint:xQ
tt_cmap13_init:Uo
CLvlText_Num:K4
t1_builder_add_contour:Ym
UndoRedoDataMoveToLineTo:RQ
cff_parse_integer:Lt
c_oAscLockTypeElemSubType$InsertRows:Iz
TrackNewShapeState:i2
CreateAscStroke:s8
JSCompiler_StaticMethods_setOffsetLast:SL
JSCompiler_StaticMethods_setGuideValue:$X
historyitem_Chart_yAxisIsGrid:jf
DefinedName:VK
c_oAscPrintDefaultSettings$PageWidth:YN
gc_nMaxRow0:WL
numbering_lvltext_Num:G4
c_oSerStylesTypes$Borders:SB
AddPolyLine2State2:K2
AddPolyLine2State3:L2
cff_charset_compute_cids:iu
c_oAscMouseMoveType$Comment:kS
tt_face_load_os2:Sn
c_oAscSortOptions$Ascending:bQ
StyleRef:PU
c_oSer_FilterColumn$DateGroupItem:XF
c_oSerXfsTypes$XfId:EC
JSCompiler_StaticMethods_getexploded:w0
CFF_SizeRec:ru
TT_Set_CodeRange:Yq
JSCompiler_StaticMethods_getNormalPoint:f8
JSCompiler_StaticMethods_getColLetter:hB
cff_size_select:vu
FT_GlyphSlot:$k
c_oSer_TableStyleInfo$ShowLastColumn:AF
c_oSer_ChartSeriesDataLabelsType$ShowVal:y_
JSCompiler_StaticMethods_GetCoordinates:u0
ft_extra_glyph_names:Cl
c_oAscFontRenderingModeType$noHinting:eS
FONT_TYPE_ADDITIONAL:ox
PARRUN_TYPE_FLD:pX
cff_get_kerning:Su
g_oDefaultFillAbs:pL
g_nColorTextDefault:oL
c_oSerRowTypes$Cells:gE
c_oSer_ChartType$Title:zZ
EHorizontalAlignment$horizontalalignmentGeneral:ZI
Ins_SFVTCA:Rr
WriteObjectString:UX
FONT_TYPE_EMBEDDED:qx
CRasterHeapTotal:Ow
cFormulaFunction:HA
historyitem_AutoShapes_RecalculateGeometry_Redo:tQ
ScrollObject:dS
numbering_presentationnumfrmt_AlphaUcPeriod:V4
GetHatchBrush:jx
JSCompiler_StaticMethods__generateFontMap:HL
nSldLtTObjOnly:DV
c_Date1904Const:nA
JSCompiler_StaticMethods_isTextFormat:md
EBorderStyle$borderstyleMediumDashDotDot:AI
JSCompiler_StaticMethods_TurnOff:Mg
c_oSer_DateGroupItem$DateTimeGrouping:fG
ps_parser_to_token:Nm
c_oSer_SheetPr$EnableFormatConditionsCalculation:jI
sfnt_services:Ip
c_oAscColor$COLOR_TYPE_SCHEME:Bz
JSCompiler_StaticMethods_setFormulaCA:HN
ETableStyleType$tablestyletypeWholeTable:PJ
tt_size_init:mt
CAscColorScheme:a8
TT_NameTableRec:pk
FORMULA_TYPE_MULT_DIV:uX
cErrorType$wrong_value_type:hA
c_oSer_DynamicFilter$Val:sG
BinaryWorksheetsTableWriter:gK
Ins_MDAP:Vr
c_oSer_ChartSeriesNumCacheType$NumCache:B_
g_oUndoRedoRow:qM
tab_Clear:A4
TGlyphBitmap:yw
Round_To_Double_Grid:yr
UndoRedoDataShapeRecalc:JQ
CStyle:wY
CLASS_TYPE_CHART_TITLE:b4
JSCompiler_StaticMethods_Update_Position:N5
EVisibleType$visibleHidden:TI
JSCompiler_StaticMethods_SerializeDataInner:AQ
TT_Save_Context:ar
tt_cmap_classes:Gp
_weight_body:ZV
searchRegExp:mB
rx_LeftParentheses:Hb
tt_cmap8_char_next:Ko
g_clr_hlink:aV
JSCompiler_StaticMethods_Is_Inline:M5
g_oUndoRedoCell:yM
ScrollOverType$OVER:xS
asc_CPaddings:Lf
FontCollection:eV
historyitem_Chart_IsDefaultHeaderTitle:Ze
Ins_Goto_CodeRange:Lr
tt_face_load_strike_metrics:ko
g_nNumsMaxId:jK
cff_index_access_element:bu
UndoRedoDataGOPairProps:IQ
EChartBasicTypes$chartbasicLineChart:Q_
JSCompiler_StaticMethods_trackMoveObjects:P0
_ph_multiplier:jW
Border:PK
t1_cmap_custom_class_rec:Bm
CLvlText_Text:J4
tt_cmap14_variants:op
c_oSerConstants$ReadUnknown:DK
historyitem_Worksheet_RemoveHyperlink:ZP
Normalize:fr
readFromBinaryDocContent:Ph
TT_VecLen:gr
BULLET_TYPE_SIZE_PCT:bX
JSCompiler_StaticMethods_getBold:LP
nOTOwerflow:NW
c_oSer_PageSetup$Orientation:jF
asc_CChartAxisX:Ge
asc_CChartAxisY:He
cElementType$array:aA
CorrectUniFill:T3
c_oSerFontTypes$Scheme:XC
CalculateAhPolarList:SX
COPY_ELEMENT_ID:Dy
RotateTrackShapeImage:d3
historyitem_Worksheet_ShiftCellsBottom:aP
t1_builder_check_points:Vm
FT_NEXT_UOFF3:Pi
c_oSer_BasicChartType$DataLabels:l_
CLASS_TYPE_RGB_COLOR:yT
tt_size_done:nt
tt_service_get_cmap_info:Fp
c_oSer_TableStyleInfo$ShowColumnStripes:xF
DrawLineChart:he
TT_CMap4Rec:yo
c_oSer_Comments$TopOffset:ZG
BinaryStylesTableWriter:aK
skip_procedure:Jm
c_oSerWorksheetsTypes$SheetData:wD
vmerge_Continue:FY
c_oAscFontRenderingModeType$hintingAndSubpixeling:sS
historyitem_Cell_Angle:tP
JSCompiler_StaticMethods__getRow:vf
historyitem_RowCol_AlignHorizontal:jM
c_oSer_ChartSeriesMarkerType$Symbol:x_
global_hatch_brushes:gx
numFormat_MonthMinute:jc
ResizeTrackGroup:X2
c_oAscRecalcIndexTypes$RecalcIndexRemove:Qz
historyitem_Worksheet_SetHyperlink:YP
CompareShapeProperties:cU
tt_face_load_kern:Fn
JSCompiler_StaticMethods_getSelectionState:gS
TT_Set_MM_Blend:Ns
JSCompiler_StaticMethods__prepareSetFont:NL
TBBox:ax
c_oSer_Comments$Row:SG
JSCompiler_StaticMethods_Set_WrappingType:J5
c_oSerWorksheetsTypes$MergeCell:vD
historyitem_AutoShapes_GroupRecalculateUndo:eh
c_oAscChartType$pie:Vd
nSldLtTTwoColTx:KV
c_oAscError$ID$FrmlWrongCountArgument:$A
FILL_TYPE_SOLID:ET
unLockDraw:RM
historyitem_Chart_IsShowBorder:Se
TT_DotFix14:sr
FILL_TYPE_GRAD:FT
JSCompiler_StaticMethods__arrowDownMouseDown:KS
c_oSer_FilterColumn$Filter:WF
TT_BDFRec:Ak
FORMULA_TYPE_MAX:CX
getMaxPropertiesText:re
c_oAscServerError$TaskResult:Ma
ps_unicodes_char_index:El
compare_uni_maps:zl
c_oSer_Comments$LeftMM:dH
CCellValueMultiText:GK
cff_expertsubset_charset:Vt
c_oSer_DynamicFilter$MaxVal:tG
c_oSerWorksheetsTypes$Hyperlinks:sD
FT_NEXT_BYTE:Hi
c_oAscCellEditorState$editFormula:pR
JSCompiler_StaticMethods_getUnderline:NP
TT_SBit_StrikeRec:yk
ft_module_get_service:zi
c_oAscCleanOptions$Format:YR
gr_state_brush:Vx
g_oDefaultFont:Cy
CAscTexture:g8
historyitem_Chart_RangeInterval:Te
c_oSer_DrawingFromToType$ColOff:CE
ParaSpace:Vh
cErrorType$null_value:eA
EChartBasicTypes$chartbasicLine3DChart:R_
Round_Super:Hr
g_oDefaultNumAbs:dK
JSCompiler_StaticMethods_getValueWithFormat:jz
numbering_presentationnumfrmt_RomanLcPeriod:R4
c_oSer_ConditionalFormattingRule$Text:FH
c_oSer_SortState$ConditionRef:MF
CLASS_TYPE_GROUP:P2
CFF_PrivateRec:Et
c_oSer_AutoFilter$FilterColumns:RF
_ph_summ__title_only:wW
Vertex:dB
c_oSer_ConditionalFormattingRule$StdDev:DH
JSCompiler_StaticMethods_getAllCol:IO
c_oAscServerError$ConvertUnknownFormat:Ya
c_oSerWorksheetsTypes$WorksheetProp:pD
JSCompiler_StaticMethods_Set_DrawingType:C5
global_SubpixHintingHacks:Bs
g_sUploadServiceLocalUrl:Aa
AFM_FontInfoRec:Xl
PreRotateInGroupState:n2
c_oMainTables$TableStyles:YY
NumFormat:Tc
c_oSer_ConditionalFormattingValueObject$Gte:YH
g_oUndoRedoWorksheet:iN
c_oSerStylesTypes$Xfs:VB
Page_Width:A5
UndoRedoDataCubicBezTo:UQ
CTextParagraphPr:UW
c_oSerStylesTypes$TableStyles:dC
c_oSerFormat$Version:zB
CTableStyle:TK
cErrorType$unsupported_function:iA
FT_Module_Class:jl
c_oAscFill$FILL_TYPE_BLIP:Jg
c_oAscAsyncAction$Save:V8
ft_glyphslot_done:pl
c_oSer_ConditionalFormattingIconSet$CFVO:TH
c_oSer_Comments$WidthMM:fH
gc_nMaxCol:lB
generateColors:pe
EChartLegendPos$chartlegendposRightTop:N_
CLASS_TYPE_CHART_DATA:Ne
JSCompiler_StaticMethods_SetSelectionRedo:Xy
UndoRedoDataAddHandleXY:MQ
CAscShapeProp:u8
UndoRedoData_SheetAdd:wN
numFormat_Scientific:bc
TT_SBit_MetricsRec:vk
c_oSerWorksheetsTypes$Comment:HD
m_bands:qq
JSCompiler_StaticMethods_checkSelectedObjectsAndCallback:D0
EFontScheme$fontschemeNone:SJ
JSCompiler_StaticMethods_Set_Italic:q3
COLOR_TYPE_SRGB:aT
JSCompiler_StaticMethods_SerializeDataObject:BQ
c_oAscServerError$Unknown:Ha
tt_cmap0_char_index:to
Ins_MDRP:ps
CCMapIndex:qw
c_oSerTableTypes$SharedStrings:DB
tt_face_load_hhea:Xn
FT_PEEK_ULONG_LE:Ri
c_oSer_Top10$Percent:xG
CTextFit:SW
JSCompiler_StaticMethods_Set_EndPos:h6
JSCompiler_StaticMethods_Set_Distance:F5
pararecalc_0_All:w6
CRasterHeapChuck:Nw
JSCompiler_StaticMethods_Set_Props:Q5
asc_CBorder:bg
PromoteHelper:gQ
TextAddState:L0
XYAdjustmentTrack:N1
JSCompiler_StaticMethods_Get_SummaryHeight:F3
c_oSerSheetFormatPrTypes$DefaultRowHeight:aE
c_oSer_Comments$HeightMM:gH
JSCompiler_StaticMethods_setValueData:yP
JSCompiler_StaticMethods_getMax:i0
c_oSer_SheetPr$TransitionEntry:pI
JSCompiler_StaticMethods_Check_NeedRecalc:z4
nSldLtTTbl:IV
CLASS_TYPE_TEXT_BODY:W3
tt_cmap14_char_map_def_binary:ep
g_oUndoRedoComment:nN
para_FlowObjectAnchor:Kh
c_oMainTables$Core:VY
CTableOutlineDr:W7
TT_Round_To_Double_Grid:Dq
c_oSer_ChartType$Style:BZ
c_oSer_Dxf$Alignment:AG
asc_CChart:$d
JSCompiler_StaticMethods_Concat:L6
FORMULA_TYPE_MIN:KX
power_tens:Mt
ft_stub_set_char_sizes:gk
nSldLtTFourObj:zV
arrReverse:Cd
cArea:FA
SetErrorAndReturn:zs
c_oSer_TableStyleElement$DxfId:PG
T1_Read_PFM:ov
c_oSer_BasicChartType$Type:f_
c_oSerFontTypes$Italic:RC
CAscFillBlip:j8
c_oSer_ConditionalFormattingRule$FormulaCF:KH
CChartLayout:t7
maxGammaArgument:qB
FontRef:SU
c_oSerWorksheetsTypes$Comments:GD
rx_ref3D_non_quoted:Db
JSCompiler_StaticMethods_initGlobalObjects:gN
skip_spaces:Gm
t1_cmap_std_done:wm
FT_GlyphLoadCur:Sj
c_oSerFormulaTypes$Dtr:uE
EBorderStyle$borderstyleDashed:uI
c_oAscLayoutPageType$ActualSize:zy
STATES_ID_POLY_LINE_ADD2:G1
FontStyle$FontStyleBold:Uw
JSCompiler_StaticMethods__addToFormat:Vc
JSCompiler_StaticMethods_changeOffset:kB
JSCompiler_StaticMethods_getFormatByValue:hd
para_CollaborativeChangesStart:Z4
STATES_ID_ROTATE:i1
JSCompiler_StaticMethods_Internal_MoveCursorBackward:D6
c_oSerFormulaTypes$Dt2D:tE
UndoRedoDataAddGeometryRect:QQ
Editor_CopyPaste_Create:Ry
FORMULA_TYPE_MOD:DX
asc_CImgProperty:Hf
JSCompiler_StaticMethods_resetSelectionState:mh
AddPolyLine2State:J2
tt_cmap12_next:Po
rx_bool:Pb
JSCompiler_StaticMethods__changeOffsetHelper:eB
historyitem_Workbook_SheetPositions:ON
Write_CVT:xs
LineEndType$Diamond:fU
EBorderStyle$borderstyleDashDot:sI
c_oAscCoAuthoringOtherBorderColor:xR
g_oDefaultFontAbs:cK
CLASS_TYPE_GRAD_FILL:ST
ELEMENT_DISPAY_STYLE:Ey
c_oSer_ChartPlotAreaType$BasicChart:ZZ
tt_cmap14_variant_chars:tp
FT_PIX_ROUND:$i
JSCompiler_StaticMethods_beginCommand:iy
JSCompiler_StaticMethods_wsRange:OA
recalcresult_NextPage:i6
c_oSer_PageMargins$Right:fF
c_oSer_Filter$Val:eG
tt_cmap4_init:zo
JSCompiler_StaticMethods_lnTo:XX
c_oAscError$ID$FrmlWrongCountParentheses:YA
c_oSerNumFmtTypes$FormatCode:YC
c_oAscError$ID$FrmlAnotherParsingError:aB
g_nodeAttributeEnd:gy
gray_set_cell:Yp
c_oAscChartLegend$right:sa
c_oAscConfirm$ConfirmReplaceRange:MR
CLASS_TYPE_TABLE_ID:U3
c_oSerAligmentTypes$TextRotation:KC
Pop_Push_Count:dr
skip_comment:Fm
PostMessageType$UploadImage:Ea
EVerticalAlignRun$verticalalignrunBaseline:MI
c_oSer_ChartTitlePptxType$TxPptx:EZ
STATES_ID_NULL:N0
CTableRowHeight:CY
asc_CParagraphTab:ag
JSCompiler_StaticMethods_Set_SmallCaps:n5
JSCompiler_StaticMethods__readChar:Uc
cd16:lT
JSCompiler_StaticMethods_GetMax:j0
c_oSerXfsTypes$FontId:BC
cd13:mT
gaussinv:pB
t1_standard_encoding:ul
CLASS_TYPE_UNI_FILL:$T
tt_cmap4_next:Bo
StyleManager:LL
tt_face_load_sfnt_header_stub:up
c_oSer_AutoFilter$SortState:TF
g_oFormatParser:ud
JSCompiler_StaticMethods_renameDependencyNodes:qO
cd23:nT
c_oSer_ChartSeriesDataLabelsType$TxPrPptx:z_
HitInBezier4:mY
ft_service_list_lookup:xi
c_oSerWorksheetsTypes$PageMargins:BD
c_oSer_ConditionalFormatting$ConditionalFormattingRule:uH
WRAPPING_TYPE_THROUGH:w5
TYPE_TRACK_GROUP_PASSIVE:ZS
Load_SBit_Range_Codes:fo
historyitem_AutoFilter_Sort:dz
ParaPageNum:fi
X_Left_Field:HW
c_oSer_OtherType$Media:KE
Y_Top_Field:JW
create_cff_field:Kt
c_oAscError$Level$NoCritical:ee
FT_Get_Charmap_Index:jw
cff_fd_select_get:hu
c_oSerSheetFormatPrTypes$BaseColWidth:bE
c_oSer_DrawingPosType$Y:HE
c_oSer_CalcChainType$ChildChain:XE
c_oSer_DrawingPosType$X:GE
CAscFillSolid:k8
t1_get_glyph_name:Cm
c_oSer_ChartCatAxType$TitlePptx:d_
phClr:AT
historyitem_RowCol_Bold:dM
MoveState:j2
JSCompiler_StaticMethods_Is_On:TL
ThemeColor:yz
nVertTTwordArtVert:QW
cff_slot_done:xu
FT_CFF_SERVICE_GET_CMAP_INFO_GET:Yu
c_oSerFontTypes$VertAlign:WC
__FT_CharmapRec:dl
c_oSer_TablePart$Table:nF
c_oAscAdvancedOptionsAction$Save:T8
JSCompiler_StaticMethods_getMainGroup:T2
nSldLtTMediaAndTx:AV
JSCompiler_StaticMethods_Get_Paragraph_TextPr:I3
JSCompiler_get:B
JSCompiler_StaticMethods_DrawSegment:p0
historyitem_Cell_Fontname:fP
c_oSer_ConditionalFormattingDataBar$CFVO:OH
c_oSer_TableStyleElement$Type:RG
align_Right:FR
c_oAscError$ID$KeyExpire:Q8
g_oThemeColorTint:zz
asc_CParagraphShd:Uf
g_oDefaultFill:hK
UndoRedoAutoFilters:pN
UndoRedoComment:oN
nSldLtTTwoObj:LV
c_oSer_TableColumns$TotalsRowFunction:FF
historyitem_Worksheet_Unmerge:WP
JSCompiler_StaticMethods_DrawChart:t0
STATES_ID_SPLINE_BEZIER33:A1
c_oSer_CalcChainType$NewThread:YE
MASTER_KIND:gT
JSCompiler_StaticMethods_RedoAdd:PN
c_oSer_ChartType$TitlePptx:CZ
REND_MODE:xw
HF:jV
tt_face_load_sbit_stub:zp
fontslot_CS:Qx
FT_Open_Args:al
c_oSerFormat$Signature:AB
c_oSer_FilterColumn$DynamicFilter:aG
c_oAscServerError$ReadRequestStream:Ia
nSldLtTObjOverTx:EV
tt_cmap13_char_next:Yo
FT_MM_Axis:bk
EChartBasicTypes$chartbasicScatterChart:V_
historyitem_Chart_RangeRowColumns:Ve
FT_GlyphLoader_CheckSubGlyphs:Xj
tt_cmap14_def_char_count:qp
historyitem_Chart_LegendPosition:kf
cff_operator_seac:Pu
COverlay:mg
c_oSer_TablePart$SortState:sF
JSCompiler_StaticMethods_recalcDependency:XM
c_oSer_TablePart$Ref:oF
CRasterDataInfo:Kw
_strncmp:Xi
FT_Glyph_Metrics:Vk
c_oSer_AutoFilter$Ref:QF
c_oSer_CalcChainType$DependencyLevel:VE
JSCompiler_StaticMethods__MouseHoverOnArrowUp:FS
CLASS_TYPE_PRST_COLOR:wT
CFF_SubFontRec:Gt
isRealNumber:Wg
ETableStyleType$tablestyletypePageFieldValues:DJ
b64_decode:vy
FT_Outline_Copy:sj
tt_cmap14_char_index:cp
AA:g0
JSCompiler_StaticMethods_drawFillStroke:iY
c_oSer_DrawingType$To:rK
FORMULA_TYPE_IF_ELSE:xX
tt_cmap14_char_variants:pp
FT_OutlineCur:Nj
Ins_SVTCA:Pr
ETableStyleType$tablestyletypeFirstColumn:pJ
FT_GlyphLoader_Rewind:Vj
CreateBinaryReader:Oy
ETableStyleType$tablestyletypeFirstSubtotalRow:wJ
JSCompiler_StaticMethods_Add_PresentationNumbering:B6
PARRUN_TYPE_BR:qX
TT_Get_MM_Var:Ms
rx_LG:vb
c_oSerWorksheetPropTypes$SheetId:ND
BeginTrackNewShapeState:g2
CHART_TITLE_TYPE_H_AXIS:G0
c_oAscSelectionType$RangeShapeText:oh
para_TextPr:yh
tt_face_find_bdf_prop:En
c_oAscChartType$line:Nd
EChartLegendPos$chartlegendposTop:K_
sortDependency:YM
c_oAscAdvancedOptionsAction$Open:Y8
JSCompiler_StaticMethods_syncAscChart:E0
c_oSer_ChartSeriesType$Marker:o_
tt_cmap12_char_index:Ro
cExcelMinExponent:mA
c_oSer_FilterColumn$FiltersBlank:dG
ETableStyleType$tablestyletypePageFieldLabels:CJ
c_oAscError$ID$Database:H8
CreateIntArray:mi
c_oSerStylesTypes$Dxf:cC
PS_FontExtraRec:Ul
JSCompiler_StaticMethods_Can_Undo:wQ
Default_Tab_Stop:Yf
cName:RA
LibraryHintingParams:Iq
tt_face_free_sbit_stub:Ap
JSCompiler_StaticMethods_getStrikeout:OP
c_oAscServerError$StorageRead:Pa
c_oSer_CustomFilters$CustomFilters:nG
EBorderStyle$borderstyleThin:FI
EVerticalAlignment$verticalalignmentDistributed:fJ
c_oSer_Top10$FilterVal:wG
c_oMainTables$Themes:ZY
bar:D
Binary_WorkbookTableReader:UK
cff_slot_init:yu
c_oAscCellAnchorType$cellanchorAbsolute:wa
tt_cmap_init:so
c_oSer_SortState$ConditionSortBy:NF
Y_Bottom_Field:KW
PolarAdjustmentTrack:O1
bezier4:eY
bezier3:dY
EBorderStyle$borderstyleMedium:yI
JSCompiler_StaticMethods_Selection_CalculateTextPr:d7
break_Page:a5
Page_Height:B5
c_oSer_PageMargins$Top:eF
c_oSer_DateGroupItem$Minute:iG
c_oAscColor$COLOR_TYPE_PRST:$0
c_oSer_ColorFilter$DxfId:vG
JSCompiler_StaticMethods_getHidden:BN
getNumberParts:Ic
recalcresult_NextElement:j6
CBoundsController:R7
Spline:x2
c_oSerFontTypes$RFont:SC
historyitem_RowCol_Border:lM
JSCompiler_StaticMethods_Set_PresentationLevel:OY
EChartBarGrouping$chartbargroupingClustered:a0
ft_var_readpackeddeltas:Js
JSCompiler_StaticMethods_AddCnx:V
cArea3D:NA
Slide:GW
JSCompiler_StaticMethods_setVerticalAlign:w3
T1_Parse_Glyph:sv
Round_Up_To_Grid:vr
bIsLocalFontsUse:kx
c_oSerBorderTypes$DiagonalDown:oC
c_oSer_ConditionalFormattingRule$AboveAverage:vH
cff_lookup_glyph_by_stdcharcode:Ou
historyitem_AutoFilter_ApplyDF:gz
cElementType$error:Uz
STATES_ID_CHANGE_ADJ_IN_GROUP:s1
c_oSer_CommentData$Reply:rH
DrawGroupSelection:q2
TT_ExecContextRec:Rq
TT_Load_Glyph_Header:Vs
JSCompiler_StaticMethods_renameWsToCollaborate:fO
CPen:Bx
c_oSer_ChartLegendType$LegendEntry:JZ
tt_driver_done:it
FT_Slot_Internal:hl
c_oSerBorderTypes$Vertical:nC
JSCompiler_StaticMethods_setHyperlink:aL
FileStream:PS
historyitem_AutoFilter_Empty:fz
c_oAscServerError$UploadExtension:db
JSCompiler_StaticMethods__prepareCellStyle:IL
c_oSerDefinedNameTypes$Ref:mD
c_oSer_ChartType$PlotArea:AZ
TT_Load_Composite_Glyph:Xs
c_oSerTableTypes$Workbook:GB
c_oSer_SheetPr$SyncHorizontal:mI
CStyles:B3
tt_cmap14_char_var_index:mp
STATES_ID_ADD_PPOLY_LINE2:H1
FT_ValidatorRec:jk
FT_GlyphLoader_Add:Zj
searchCleenCacheArea:VM
c_oSerFontTypes$Underline:VC
JSCompiler_StaticMethods_getColWidth:Og
STATES_ID_TRACK_NEW_SHAPE:m1
historyitem_Cell_ChangeValue:zM
ECellTypeType$celltypeNumber:kJ
JSCompiler_StaticMethods_AddLineDash:T7
JSCompiler_StaticMethods_AddEllipse:O7
ECustomFilter$customfilterNotEqual:lz
historyitem_AutoShapes_Offset:lQ
cff_parse_real:Nt
FT_CFF_SERVICE_PS_NAME_GET:Xu
JSCompiler_StaticMethods_fromAlphaMask:zw
TT_CMap13Rec:To
cff_expert_charset:Ut
GetShortIns:ds
historyitem_Worksheet_ShiftCellsRight:ZO
historyitem_RowCol_Underline:fM
SkipCode:Kr
Compute_Funcs:hr
CommandType:cy
MoveGroupTrack:W2
tt_cmap14_find_variant:gp
c_oSer_ColorObjectType$Tint:bF
JSCompiler_StaticMethods_copyProperty:rM
FORMULA_TYPE_PLUS_MINUS:vX
getFile:ja
c_oSerAligmentTypes$Horizontal:GC
FormatObjDateAmPm:Pc
c_oSer_DynamicFilter$Type:rG
c_oSer_SheetView$ShowGridLines:aI
c_oSer_ChartType$SpPr:DZ
c_oSer_ChartSeriesType$xVal:p_
buildRecalc:SM
parseNum:IA
find_unicode_charmap:ll
STATES_ID_CHART:M1
changeRgbColor:C0
c_oSer_ConditionalFormattingIconSet$ShowValue:XH
nSldLtTTwoTxTwoObj:PV
c_oAscPrintDefaultSettings$PageHeadings:aO
CParaDrawingRangeLinesElement:k7
STATES_ID_PRE_MOVE:n1
_weight_obj:eW
FT_Var_Axis:ck
JSCompiler_StaticMethods_swapTrackObjects:R0
ParaTextPr:Sh
ft_bitmap_glyph_class:Bj
historyitem_RowCol_Fontcolor:cM
FT_Var_Named_Style:dk
FT_NEXT_SHORT:Ji
CMetafile:ey
ResizeInGroupState:v2
para_End:Bh
CreateAscColorCustom:Zf
c_oAscBorderOptions$Top:SR
fontstyle_mask_regular:sx
T1_Get_Multi_Master:Nv
NumComporationOperators$greaterorequal:Ec
Round_To_Half_Grid:xr
c_oSer_Comments$LeftOffset:XG
cff_face_init:zu
g_oIdCounter:Le
asc_CCommentData:SN
TRANSLATE_HANDLE_FLIP_H_AND_FLIP_V:A7
tt_size_done_bytecode:Wq
CLASS_TYPE_DOCUMENT_CONTENT:X3
c_oAscAsyncActionType$BlockInteraction:Bg
FT_Matrix:Qj
STATES_ID_PRE_ROTATE:h1
taylor:nB
TRACK_DISTANCE_ROTATE:Q2
c_oSer_ColorObjectType$Type:$E
g_anchor_top:J7
FT_MulFix:hj
vertalign_Baseline:u3
JSCompiler_StaticMethods_hasMergedAll:OO
t1_expert_encoding:vl
g_oUndoRedoWorkbook:kN
tt_size_ready_bytecode:Vq
c_oSerWorksheetsTypes$SheetViews:JD
numbering_presentationnumfrmt_None:M4
FT_Bitmap_Size:Wk
Read_CVT_Stretched:ss
Ph:NU
c_oAscError$ID$UplImageSize:L8
c_oAscFillGradType$GRAD_PATH:P3
ResizeState:e2
Direct_Move_Orig:nr
TT_Round_Off:Aq
c_oAscPrintDefaultSettings$PageLeftField:TN
NewShapeTrack:h2
JSCompiler_StaticMethods_setCA:EA
cBaseFunction:DA
EChartBasicTypes$chartbasicBubbleChart:U_
check_type1_format:xv
recalcresult_CurPage:m6
FORMULA_TYPE_VALUE:JX
JSCompiler_StaticMethods_scrollByX:cS
JSCompiler_StaticMethods_scrollByY:bS
T1_Parse_Glyph_And_Get_Char_String:rv
ETableStyleType$tablestyletypeBlankRow:oJ
SFNT_HeaderRec:lk
IS_PS_SPACE:Zl
t1_service_glyph_dict:Uv
c_oSer_PageMargins$Left:dF
ReadDefCellStyles:sL
c_oSerStylesTypes$Fill:XB
historyitem_Worksheet_AddCols:EO
c_oSer_ChartCatAxType$TxPrPptx:e_
JSCompiler_StaticMethods_getCell:rf
c_oSerSharedStringTypes$Run:aD
BULLET_TYPE_BULLET_NONE:iX
tt_face_load_head:Mn
JSCompiler_StaticMethods_Set_VertAlign:t3
gc_nMaxDigCountView:zc
CTablePr:IY
DrawingObjects:jg
numFormat_AmPm:ic
historyitem_Worksheet_RemoveCell:LO
CDrawingDocument:pg
ps_unicodes_char_next:Hl
JSCompiler_StaticMethods_Internal_GetStartPos:b6
ParaEnd:Wh
g_memory:Gi
T1_FontRec:Vl
cff_isoadobe_charset:Tt
JSCompiler_StaticMethods_GetSerializeArray:JN
SplineForDrawer:G7
ChartRender:zd
JSCompiler_StaticMethods_finishAdd:hQ
c_oSer_ChartSeriesType$Cat:v_
calculatePosiitionObjects:ve
c_oSerXfsTypes$ApplyNumberFormat:yC
c_oMainTables$SlideRels:eZ
c_oSer_ChartPlotAreaType$CatAx:XZ
cElementType$string:Sz
TT_SBit_RangeRec:xk
c_oAscLegendMarkerType$Line:pf
FT_CFF_CMAP_UNICODE_CLASS_REC_GET:Au
UndoRedoData_GTableIdAdd:HQ
c_oSerRowTypes$Cell:hE
FT_Vector:Ij
c_oSerAligmentTypes$Indent:HC
JSCompiler_StaticMethods_Interface_Update_DrawingPr:m7
c_oSer_ChartLegendType$Layout:IZ
CTableCellPr:l4
getLogGamma:uB
PreMoveInternalChartObjectState:W1
JSCompiler_StaticMethods_setRange:KA
ImageLoadStatus$Loading:yx
JSCompiler_StaticMethods__prepareSetAlign:OL
JSCompiler_StaticMethods_cleanText:aQ
TYPE_TRACK_TEXT:$S
t1_cmap_unicode_class_rec:Dm
ft_outline_glyph_copy:uj
c_oAscChartSubType$stacked:Pd
JSCompiler_StaticMethods_Get_Pr:t4
cff_size_get_globals_funcs:su
historyitem_RowCol_Fill:kM
UndoRedoDataAddGuide:LQ
JSCompiler_StaticMethods_setTransparent:aU
JSCompiler_StaticMethods_DrawRscatter:x0
CAscSlideProps:q8
TT_GaspRange:sk
JSCompiler_StaticMethods_getQuotePrefix:Ny
EGlyphState$glyphstateNormal:uw
AFM_KernPairRec:Wl
c_oSer_DateGroupItem$Second:kG
CChartTitle:e0
g_nodeAttributeStart:fy
c_oAscSelectionType$RangeCells:oR
aStandartNumFormatsId:xK
FT_Size:Zk
JSCompiler_StaticMethods_generateUniColors:Zd
CreateFontData2:xy
t1_allocate_blend:Mv
cToRad:PX
tt_get_advances:rt
g_dKoef_pt_to_mm:dg
ECustomFilter$customfilterGreaterThanOrEqual:nz
TT_PCLT:Kk
c_oSer_SortState$ConditionDescending:OF
T1_Size_Request:Dv
FT_GlyphLoader_Prepare:Yj
historyitem_AutoFilter_Move:iz
FT_Smooth_Renderer_Class:sq
c_oAscError$ID$FrmlWrongMaxArgument:ZA
ECellAnchorType$cellanchorTwoCell:SI
FT_Size_Metrics:Yk
cElementType$cellsRange:Wz
bIsIE:Fx
find_sbit_range:lo
CorrectUniColorEx:a1
vector_koef:Cz
tt_get_interface:jt
CAscFill:n8
para_Empty:Gh
c_oSerXfsTypes$FillId:AC
c_oSer_OtherType$Theme:QE
c_oSer_ConditionalFormatting$SqRef:tH
historyitem_RowCol_NumFormat:ZL
asc_CFillSolid:f1
JSCompiler_StaticMethods_Set_Position:o5
GX_AVarSegmentRec:Es
FT_FACE_FIND_SERVICE:yi
Path:WX
c_oSerRowTypes$Hidden:fE
SignType$Negative:oc
c_oAscError$ID$CoAuthoringDisconnect:e9
TT_HdmxRec:uk
JSCompiler_StaticMethods_CheckColors:ix
CreateAscFill:o8
JSCompiler_StaticMethods__updateWorksheetIndexes:uN
JSCompiler_StaticMethods_getTextString:o7
c_oSer_TablePart$TotalsRowCount:pF
c_oSerBorderPropTypes$Color:qC
JSCompiler_StaticMethods_fromObject:E4
historyitem_Cell_SetQuotePrefix:uP
c_oAscServerError$Storage:Na
c_oSer_FilterColumn$HiddenButton:bG
c_oSerWorksheetsTypes$Cols:qD
cEmpty:BA
CPres:uY
T1_Size_Init:Cv
MoveInGroupState:r2
c_oAscLockTypeElemSubType$DeleteRows:Lz
para_NewLineRendered:Dh
t1_builder_add_point1:Xm
c_oSerBorderPropTypes:sC
c_oAscDeleteOptions$DeleteCellsAndShiftLeft:hR
c_oAscFileType$CSV:Z8
PS_FontInfoRec:Nl
para_CommentEnd:Nh
JSCompiler_StaticMethods_setColHidden:GO
lcid_enUS:x4
c_oAscTypeSelectElement$Image:f9
CLASS_TYPE_PARAGRAPH:V3
c_oSerWorksheetsTypes$Drawings:zD
tt_face_get_location:$s
JSCompiler_StaticMethods_setY:u7
BULLET_TYPE_COLOR_CLR:YW
JSCompiler_StaticMethods_setX:v7
STATES_ID_TEXT_ADD_IN_GROUP:zg
SplineCommandMoveTo:y2
checkTypeCell:AA
JSCompiler_StaticMethods_setW:tU
c_oEditorId$Presentation:ha
ft_outline_glyph_init:qj
JSCompiler_StaticMethods_insertRowsBefore:tO
JSCompiler_StaticMethods_getOffset2:xP
LineJoin:mU
CFontManager:cx
c_oSerFormulaTypes$T:zE
CDocumentBounds:U5
tt_cmap10_char_next:Mo
c_oAscMouseMoveLockedObjectType$Range:jS
c_oAscFill$FILL_TYPE_GRAD:M3
FT_BBox:Dk
MIN_SHAPE_SIZE:K0
JSCompiler_StaticMethods_setUniLine:R3
fontslot_EastAsia:Rx
MoveInternalChartObjectState:$1
c_oAscChartType$area:Ud
load_truetype_glyph:Zs
__grays_raster_render:oq
tt_face_load_pclt:Un
cff_builder_close_contour:Nu
c_DateCorrectConst:pA
tt_face_load_any:Kn
EVerticalAlignRun$verticalalignrunSubscript:NI
JSCompiler_StaticMethods_scrollToX:MS
g_tabtype_right:rZ
JSCompiler_StaticMethods_scrollToY:NS
JSCompiler_StaticMethods__shiftUpDown:$y
FT_SERVICE_ID_POSTSCRIPT_CMAPS:ri
JSCompiler_StaticMethods_getBodyPr:D3
c_oSer_ConditionalFormattingRuleColorScale$CFVO:MH
JSCompiler_StaticMethods_Style_Remove:Z6
tt_cmap14_char_map_nondef_binary:fp
convertFormula:xe
_weight_media:dW
rx_ref:Bb
T1_Done_Metrics:lv
t1_builder_start_point:Zm
c_oAscServerError$StorageRemoveDir:Ra
historyitem_Chart_Style:Qe
STATES_ID_PRE_ROTATE_IN_GROUP:t1
findPrevValue:je
cff_index_get_pointers:au
historyitem_RowCol_ShrinkToFit:mM
raster_memory:Wp
LoadFontFile:Pw
c_oAscChartType$scatter:Wd
c_oAscServerError$NoError:Fa
JSCompiler_StaticMethods_getResultScaleCoefficients:R2
c_oAscError$ID$DownloadError:I8
CHatchBrush:hx
c_oAscPrintType$Selection:qS
c_oSer_ChartPlotAreaType$ValAx:YZ
JSCompiler_StaticMethods__foreachColNoEmpty:wB
JSCompiler_StaticMethods_parse3DRef:Wb
c_oSer_ChartLegendLayoutType$WMode:SZ
t1_service_ps_info:Wv
cBaseOperator:CA
c_oSerCellTypes$Formula:nE
c_oAscSelectionType$RangeImage:qh
nSldLtTTxAndClipArt:RV
FT_Outline_Transform:wj
FT_GlyphLoader:Tj
c_oSer_PageSetup$PaperSize:kF
tt_cmap14_char_var_isdefault:np
c_oAscStyleImage$Default:Ay
FT_NEXT_USHORT:Oi
NumComporationOperators$notequal:Gc
c_oAscError$ID$UplImageExt:M8
CBullet:VW
cff_builder_add_point:Ku
month:tc
Move_CVT_Stretched:us
c_oAscError$ID$FrmlWrongFunctionName:bB
JSCompiler_StaticMethods_hasMerged:Iy
c_oSer_PageMargins$Bottom:gF
_ph_summ__obj_and_two_obj:qW
CLASS_TYPE_CHART_LEGEND:$3
c_oAscMouseMoveLockedObjectType$None:Mz
FORMULA_TYPE_SQRT:HX
g_oTableId:Me
c_oSer_CustomFilters$Operator:pG
tt_face_goto_table:Dn
_ph_summ__obj:pW
c_oSerFormulaTypes$Del2:sE
gauss:oB
c_oSerFormulaTypes$Del1:rE
JSCompiler_StaticMethods_Show:Ag
EHorizontalAlignment$horizontalalignmentDistributed:XI
UndoRedoData_ColProp:zO
TT_SizeRec:Cs
JSCompiler_StaticMethods__CommitText:Xc
c_oSerWorkbookViewTypes$ActiveTab:kD
EBorderStyle$borderstyleDotted:vI
FT_CMapRec:bl
c_oAscServerError$UploadCountFiles:fb
historyitem_RowCol_Italic:eM
t1_builder_add_point:Wm
getFontProperties:qe
Round_None:tr
c_oAscDeleteOptions$DeleteCellsAndShiftTop:jR
EChartAxPos$chartaxposBottom:I_
JSCompiler_StaticMethods_SetSelection:Uy
rgRange:xb
gray_render_span:mq
c_oSer_CalcChainType$Ref:WE
IUP_WorkerRec:Wr
monthCut:qc
c_oSerWorksheetsTypes$SheetPr:LD
c_oSer_CellStyle$CustomBuiltin:dI
c_oSer_CommentData$QuoteText:nH
historyitem_Worksheet_Rename:eO
t1_cmap_std_init:vm
c_oSerWorksheetsTypes$PageSetup:CD
linerule_AtLeast:l6
CParaPage:d6
tt_cmap13_char_index:Xo
JSCompiler_StaticMethods__removeTileZeros:qd
cff_index_read_offset:Yt
c_oSerFontTypes$Sz:UC
historyitem_Chart_Type:Oe
c_oSer_TablePart$TableColumns:tF
lc:IM
TT_Vary_Get_Glyph_Deltas:Qs
tt_face_load_eblc:go
asc_CColor:X0
c_oSer_ChartLegendLayoutType$LayoutTarget:QZ
JSCompiler_StaticMethods_Set_Align:X6
historyitem_Chart_yAxisTitle:ff
c_oSer_ConditionalFormattingDataBar$MinLength:RH
JSCompiler_StaticMethods_quadBezTo:YX
T1_Face:Yl
CLASS_TYPE_LINE:sU
asc_CFillGrad:e1
TRANSLATE_HANDLE_FLIP_V:z7
c_oAscCanChangeColWidth$none:Yy
JSCompiler_StaticMethods_clearPreTrackObjects:U0
historyitem_Cell_SetStyle:wP
JSCompiler_StaticMethods_getRectHeight:g4
BinaryWorkbookTableWriter:fK
JSCompiler_StaticMethods_getThemeColor:IK
ChartTextAdd:b2
nSldLtTObjAndTwoObj:BV
Hyperlink:dL
CLASS_TYPE_GEOMETRY:TX
partition_bezier4:nY
LineEndType$Oval:gU
c_oSer_SheetPr$TabColor:rI
tt_cmap14_done:$o
TRANSLATE_HANDLE_FLIP_H:y7
historyitem_Comment_Change:uQ
cff_builder_start_point:Mu
UndoRedoData_CellSimpleData:AM
LAYOUT_KIND:fT
c_oAscLockTypes$kLockTypeNone:kg
c_oAscServerError$VKeyEncrypt:ib
ECustomFilter$customfilterLessThanOrEqual:pz
Project:kr
T1_DecoderRec:rn
CreateParaItem:d5
FT_ServiceCache:Ai
fSortDescending:Ca
UndoRedoData_CellData:KO
_weight_clipArt:aW
c_oAscPrintType$ActiveSheets:yy
c_oAscCleanOptions$Formula:XR
c_oSer_ColorObjectType$Rgb:ZE
JSCompiler_StaticMethods_Set_PositionV:I5
JSCompiler_StaticMethods_Get_CompiledPr:$5
c_oSerWorkbookTypes$DefinedName:hD
FORMULA_TYPE_COS:BX
JSCompiler_StaticMethods_addPreTrackObject:V0
JSCompiler_StaticMethods_Set_PositionH:H5
c_oSerFillTypes$PatternFill:NC
tt_find_sbit_image:mo
UndoRedoData_RowProp:mO
_strcmp_data:Yi
JSCompiler_StaticMethods_getAlignHorizontal:Ky
cff_get_advances:Uu
c_oSerSharedStringTypes$RPr:bD
ParaNumbering:di
TT_Round_Super_45:Hq
tt_cmap10_char_index:Lo
ps_parser_skip_spaces:Lm
UndoRedoRowCol:mN
g_fonts_streams:Qw
CDocumentRenderer:jy
skip_string:Im
c_oSerWorksheetsTypes$Autofilter:ED
EUnderline$underlineSingleAccounting:LI
Binary_WorksheetTableReader:XK
STATES_ID_CHANGE_ADJ:q1
rx_refAll:Cb
cff_encoding_load:ku
JSCompiler_StaticMethods_AddHandlePolar:tX
c_oSerFormulaTypes$Text:AE
nSldLtTClipArtAndVertTx:xV
c_oSer_ConditionalFormattingRule$Percent:AH
CSrcRect:HT
CControl:M7
historyitem_Chart_xAxisIsDefaultTitle:bf
tt_face_free_hdmx_stub:xp
JSCompiler_StaticMethods_Reinit:aS
historyitem_Cell_Italic:jP
JSCompiler_StaticMethods_setLin:TT
Get_Kerning:$v
ft_outline_glyph_done:tj
asc_CChartTranslate:Be
JSCompiler_StaticMethods_DrawBorders:q0
JSCompiler_StaticMethods_Set_FontSize:o3
para_Text:zh
c_oSer_ConditionalFormattingRuleColorScale$Color:NH
c_oAscError$ID$UplImageUrl:Hg
JSCompiler_StaticMethods_Set_RangeStartPos:g6
isRealObject:L
_weight_pic:fW
JSCompiler_StaticMethods__BuildDependencies:TM
CChartAsGroup:Cf
CLASS_TYPE_GRAD_LIN:PT
CGraphics:Lx
JSCompiler_prototypeAlias:fa
c_oSer_SheetPr$TransitionEvaluation:qI
CPdfPrinter:Dz
DecodeBase64Char:uy
c_oSerFillTypes$PatternFillBgColor:OC
c_oSer_DrawingFromToType$Row:EE
JSCompiler_alias_VOID:q
CNoFill:YT
JSCompiler_StaticMethods_getWorksheetByName:ye
c_oSer_Dxf$Font:DG
c_oAscFillBlipType$STRETCH:b1
c_oSer_Comments$CommentData:VG
JSCompiler_StaticMethods_Set_ContextualSpacing:U6
rg:wb
c_oAscMergeOptions$MergeAcross:DR
historyitem_AutoFilter_ApplyMF:hz
heightrule_AtLeast:DY
historyitem_AutoShapes_Rotate:pQ
JSCompiler_StaticMethods_setWidthProp:pM
c_oAscError$ID$UplImageFileCount:N8
BinaryFileReader:rL
g_sResourceServiceLocalUrl:za
cff_parse_num:Ot
para_Numbering:Hh
nSldLtTTwoObjOverTx:OV
lineTo:bY
StartTrackNewShapeState:f2
JSCompiler_StaticMethods_updateCoordinatesAfterInternalResize:s2
HitInLine:kY
_ph_summ__tx:AW
asc_CTextFontFamily:hg
JSCompiler_alias_THROW:aa
TT_Gasp:tk
CGroupShape:xg
FT_UnitVector:Mq
Woorksheet:ZK
historyitem_RowCol_SetFont:$L
_cmap_classes$$inline_633:zn
PreMoveInGroupState:p2
dublicate_vector:Mk
FT_Match_Size:jo
JSCompiler_StaticMethods_setSheetViewSettings:jO
JSCompiler_StaticMethods_Internal_Get_Pr:q4
FT_Service_GlyphDictRec:oi
asc:bO
c_oAscStrokeType$STROKE_NONE:Q3
JSCompiler_StaticMethods_Get_Paragraph_ParaPr:H3
historyitem_Chart_xAxisIsShow:df
c_oAscLockTypes$kLockTypeOther3:d9
c_oAscLockTypes$kLockTypeOther2:Ez
c_oAscRecalcIndexTypes$RecalcIndexAdd:Pz
g_nVerticalTextAngle:PL
CShapeColor:oY
JSCompiler_StaticMethods_setChart:Rg
BULLET_TYPE_BULLET_CHAR:jX
ETableStyleType$tablestyletypeThirdRowSubheading:LJ
c_oAscMouseMoveLockedObjectType$TableProperties:Oz
arrRecalc:HM
CBgPr:kV
c_oSerStylesTypes$CellXfs:UB
MoveShapeImageTrackInGroup:i3
FT_Module:il
c_oSer_ConditionalFormattingRule$Type:HH
ps_parser_load_field:Rm
ArcToOnCanvas:jY
PARRUN_TYPE_RUN:oX
CSeekTableEntry:iZ
NumFormatCache:ed
c_oAscServerError$ConvertTimeout:Za
g_oDefaultNum:MK
c_oAscSelectionType$RangeMax:wR
CGlyphString:bx
JSCompiler_StaticMethods_removeHyperlink:bP
CAscStroke:r8
DrawLineEnd:c8
JSCompiler_StaticMethods_setAdjustmentValue:S3
tt_face_load_bdf_props:Cn
dublicate_matrix:Sk
c_oSer_ConditionalFormattingRule$DataBar:JH
ChartPreviewManager:Md
STATES_ID_TEXT_ADD:yg
AFM_StreamRec:gm
JSCompiler_StaticMethods_Internal_Is_NullBorders:u6
Y_Top_Margin:p6
parserHelp:Yb
c_oSer_ChartSeriesNumCacheType$NumCacheItem:F_
JSCompiler_StaticMethods_setHeightProp:sM
EVisibleType$visibleVeryHidden:UI
c_oSer_ChartLegendEntryType$TxPrPptx:NZ
JSCompiler_StaticMethods_AddTrigger:HO
phType_title:MU
tt_sfnt_id_rec:yt
rx_Comma:Mb
tt_face_load_name:Pn
EVerticalAlignRun$verticalalignrunSuperscript:OI
aStandartNumFormats:NK
JSCompiler_StaticMethods__insertRowsBefore:uO
EChartAxPos$chartaxposRight:H_
CFF_Driver:kv
sfnt_open_font:Np
JSCompiler_StaticMethods_getLegendInfo:of
FT_Request_Metrics:tt
UndoRedoData_CellValueData:gO
c_oAscBorderOptions$Left:PR
historyitem_RowCol_AlignVertical:iM
c_oSer_ChartSeriesType$TxRef:q_
CreateUIntArray:Sl
CFontFilesCache:Rw
JSCompiler_StaticMethods__moveCellHor:yO
cElementType$number:Rz
_ph_summ__two_obj_and_tx:yW
FT_Glyph_Class:gq
tt_size_run_prep:br
CompositeCommentData:DQ
JSCompiler_StaticMethods_Numbering_Remove:z6
c_oSer_CalcChainType$CalcChainItem:RE
tt_face_load_hmtx:Wn
c_oAscServerError$ConvertReadFile:ab
JSCompiler_StaticMethods_Create_Table_BorderedAndLined:m4
ScrollArrowType$ARROW_LEFT:vS
JSCompiler_StaticMethods_getFontcolor:KP
NumComporationOperators$greater:Cc
c_oSer_Comments$Right:$G
c_oAscAdvancedOptionsID$CSV:kQ
T1_Load_Glyph:uv
FILL_TYPE_PATT:GT
CTextStyles:oV
EVisibleType$visibleVisible:VI
FT_OutlineGlyphRec:Kj
c_oSer_DrawingType$GraphicFrame:tK
phType_chart:zU
styletype_Table:xY
CBulletColor:ZW
JSCompiler_StaticMethods_Internal_GetTextPr:C6
c_oSerXfsTypes$ApplyBorder:vC
sfnt_service_ps_name:Ep
phType_clipArt:AU
JSCompiler_StaticMethods_setTheme:nL
JSCompiler_StaticMethods_Create_NewPoint:Lg
afm_parser_read_int:pm
historyitem_Worksheet_ShiftCellsTop:XO
FILL_TYPE_NOFILL:DT
JSCompiler_StaticMethods_Internal_FindWordEnd:e7
JSCompiler_StaticMethods_getStyleByXfId:KL
JSCompiler_StaticMethods_EndTransaction:Wy
tt_face_load_hdmx_stub:wp
JSCompiler_StaticMethods__setFontProp:wM
JSCompiler_StaticMethods_removeFromSpTree:M2
nSldLtTTxAndObj:TV
Ins_MIRP:qs
JSCompiler_StaticMethods__foreachCol:BP
CCore:tY
CreateNullArray:Rl
c_oSer_ChartSeriesType$Val:m_
JSCompiler_StaticMethods_AddRect2:Q7
c_oSer_ConditionalFormattingRule$DxfId:xH
CFontInfo:wx
FT_Get_Char_Index:As
cff_driver_init:Du
ScrollArrowType$ARROW_BOTTOM:uS
afm_parse_kern_pairs:sm
STATES_ID_BEGIN_TRACK_NEW_SHAPE:KR
JSCompiler_StaticMethods_helperRebuildFormulas:MO
FT_ServiceDescRec:wi
g_bChartPreview:yd
tt_driver_init:ht
phType_subTitle:KU
JSCompiler_StaticMethods_Use_TextWrap:L5
SplineCommandBezier:D2
T1_Get_Advances:tv
JSCompiler_StaticMethods_getShrinkToFit:RP
Direct_Move_Y:qr
Direct_Move_X:or
JSCompiler_StaticMethods_Is_Punctuation:i5
cBool:wA
STATES_ID_CHART_TEXT_ADD:nh
LineEndType$Arrow:eU
chartCanvas:vd
CBinaryFileWriter:US
ParaDrawing:e5
g_nCurFileVersion:BB
EndArrow:lU
Binary_SharedStringTableReader:EK
c_oAscSelectionType$RangeChart:ph
TT_HoriHeader:Fk
EVerticalAlignment$verticalalignmentJustify:gJ
c_oAscLockTypeElemSubType$InsertColumns:Jz
ETableStyleType$tablestyletypeLastHeaderCell:AJ
c_oAscAsyncAction$LoadFont:c9
c_oSerWorksheetsTypes$PrintOptions:DD
CFF_ParserRec:It
c_oSer_DrawingType$Ext:hL
FT_Select_Metrics:wt
_func:vA
EUnderline$underlineSingle:KI
c_oSer_CellStyle$ILevel:fI
JSCompiler_StaticMethods_Apply_TextPr:PY
CParaPos:i7
CPattFill:UT
JSCompiler_StaticMethods_DrawMarks:z0
FT_Span:Pk
MoveTitleInChart:V1
cutLabels:se
c_oSer_ChartSeriesType$DataLabels:t_
Ins_SPVTL:Sr
reallocate_t1_table:Em
historyitem_Worksheet_RemoveRows:rO
c_oSerSharedStringTypes$Text:cD
CreateAscColor:h8
FT_ENCODING_UNICODE:Aw
asc_CFillHatch:d1
g_fontManager:V7
UndoRedoData_SortData:cQ
JSCompiler_StaticMethods_Select_DrawingObject:y6
JSCompiler_StaticMethods_AddRect3:P7
JSCompiler_StaticMethods_Is_StartFromNewPage:t6
JSCompiler_StaticMethods__foreach:zP
JSCompiler_StaticMethods_getElement:TA
c_oAscStrokeType$STROKE_COLOR:t8
historyitem_AutoShapes_GroupRecalculateRedo:dh
FT_GLYPHLOADER_CHECK_POINTS:ak
ft_bitmap_glyph_copy:nj
c_oSer_Top10$Top:yG
JSCompiler_StaticMethods__sendCanUndoRedo:vQ
c_oMainTables$ThemeRels:fZ
c_oSer_SortState$Ref:IF
c_oAscColor$COLOR_TYPE_SRGB:Y0
UndoRedoDataAddObject:PQ
_ph_summ__tx_and_clip_art:BW
cff_expert_encoding:Xt
JSCompiler_StaticMethods_Set_Caps:m5
CTableMeasurement:GY
border_None:tZ
JSCompiler_StaticMethods_Check_Hyperlink2:x6
c_oAscServerError$VKey:hb
t1_cmap_std_char_next:ym
c_oSer_SheetView$ShowRowColHeaders:bI
JSCompiler_StaticMethods__compileSetHeaderBorder:vL
JSCompiler_StaticMethods_Can_Redo:yQ
L 0:a
JSCompiler_StaticMethods_AddAdj:rX
GX_FVar_Head:Hs
L 1:d
c_oSer_BasicChartType$Grouping:h_
X_Left_Margin:O5
L 2:e
L 3:f
ObjectLocker:og
c_oAscFontRenderingModeType$hinting:rS
ParaEmpty:ci
L 9:t
JSCompiler_StaticMethods_Set_DocumentPrev:N6
L 8:s
L 7:p
L 6:m
L 5:h
L 4:g
historyitem_Worksheet_AddRows:vO
CDocumentBorder:BY
JSCompiler_StaticMethods__setScrollerHW:AS
getFullImageSrc:Ae
JSCompiler_StaticMethods_onEndTriggerAction:dO
TT_Header:Ek
cElementType$empty:Vz
TextAddInGroup:T1
ps_table_funcs:sn
DoNullBitmap:lj
g_dKoef_in_to_mm:Tx
CGradFill:RT
JSCompiler_StaticMethods_setColBestFit:JO
historyitem_Cell_Numformat:dP
STATES_ID_RESIZE_IN_GROUP:w1
JSCompiler_StaticMethods_getWrap:Jy
UndoRedoDataClosePath:VQ
CorrectAscColor:DL
CDrawingPage:Z7
c_oAscServerError$Convert:Va
create_t1_field5:nn
UndoRedoData_ClrScheme:FQ
numbering_presentationnumfrmt_ArabicParenR:P4
create_t1_field4:mn
Ins_UNKNOWN:Ur
ImageLoadStatus$Complete:ih
c_oSer_SheetPr$SyncVertical:oI
c_oSerSheetFormatPrTypes$DefaultColWidth:$D
c_oMainTables$ViewProps:XY
_iup_worker_interpolate:Xr
c_oSerDefinedNameTypes$Name:lD
c_oSer_SheetPr$Published:lI
CLASS_TYPE_SCHEME_COLOR:zT
c_oSer_SortState$SortCondition:LF
JSCompiler_StaticMethods_getGradientPoints:e8
fntStyleInd_none:QU
TT_CallRec:Jq
JSCompiler_StaticMethods_RGB2HSL:AL
CalculateAhXYList:RX
CCellStyles:GL
FT_ENCODING_NONE:Bw
tt_face_load_maxp:On
T1_Set_MM_Design:Pv
JSCompiler_StaticMethods_setRowHeight:kh
c_oSer_CalcChainType$Array:TE
tt_face_free_charmap_stub:Cp
Binary_TableReader:AK
historyitem_RowCol_Fontsize:bM
JSCompiler_StaticMethods_getSlaveEdges2:OM
checkDataRange:be
c_oSer_ChartSeriesType$SpPr:u_
CGrState:Nx
c_oSer_DrawingType$pptxDrawing:jL
nSldLtTSecHead:HV
JSCompiler_StaticMethods_shiftFormat:jd
FontStyle$FontStyleItalic:Vw
nSldLtTTxAndChart:QV
JSCompiler_StaticMethods_TurnOn:Qg
CBg:lV
CParaLineMetrics:j7
BinaryChartWriter:sK
Round_Super_45:Ir
FT_MulDiv:gj
ETableStyleType$tablestyletypeFirstColumnStripe:qJ
EChartBasicTypes$chartbasicDoughnutChart:X_
g_sNewSheetNamePattern:FM
asc_CChartFont:Ef
CParaSpacing:C4
tt_cmap4_char_index:Fo
lcl_GetGammaHelper:sB
CDocumentPage:l7
c_oAscObjectLockState$No:va
CreateUniColorRGB:qf
JSCompiler_StaticMethods_getXfId:HP
sfnt_service_bdf:Hp
JSCompiler_StaticMethods_Set_Bold:p3
TT_Round_To_Grid:Cq
c_oAscMergeOptions$MergeCenter:UP
c_oSer_ChartLegendType$LegendPos:GZ
JSCompiler_StaticMethods_Get_FontKoef:y4
JSCompiler_StaticMethods_Internal_CompareBrd:c7
afm_stream_read_string:km
c_oSerFontTypes$Color:QC
ps_parser_skip_PS_token:Km
char9:ry
CBulletTypeface:hX
ReadObjectString:VX
c_oSerStylesTypes$Font:ZB
charA:my
JSCompiler_StaticMethods_promote:fQ
c_oSer_SortState$CaseSensitive:JF
JSCompiler_StaticMethods_AddHandleXY:sX
docpostype_Content:S5
CreateGeometry:VS
nSldLtTObjAndTx:CV
T1_Read_Metrics:qv
c_oSerTableTypes$Styles:EB
JSCompiler_emptyFn:ca
gray_split_cubic:$p
ReadDefTableStyles:tL
STATES_ID_PRE_MOVE_IN_GROUP:x1
c_oSerWorksheetsTypes$Row:xD
FT_Library:cw
EChartBarDerection$chartbardirectionCol:$_
char0:qy
JSCompiler_StaticMethods__getRangeType:CP
JSCompiler_StaticMethods_getAlignVertical:Ly
Ins_MIAP:cs
charz:py
JSCompiler_StaticMethods_Get_CompiledPr2:c6
shd_Clear:zY
T1_Set_MM_Blend:Ov
CParaRecalcInfo:V5
t1_builder_close_contour:$m
c_oSer_BasicChartType$Seria:k_
rx_operators:ub
EPageOrientation$pageorientPortrait:nJ
TBand:kq
c_oSerRowTypes$Style:dE
CRasterHeapLineFree:Jw
_ph_summ__tbl:vW
CreateDefaultShapeStyle:UU
charZ:ny
c_oSerBorderTypes$Diagonal:iC
CColor:Ld
UndoRedoDataDocContentAddItem:ZQ
load_format_25:$n
c_oSerBorderTypes$End:jC
STATES_ID_PRE_MOVE_INTERNAL_CHART_OBJECT:K1
chara:oy
c_oSer_TableStyleInfo$Name:wF
c_oSer_ChartLegendLayoutType$HMode:PZ
BorderProp:qL
chars:ty
load_format_20:Zn
charp:sy
c_oAscStyleImage$Document:By
c_oAscChartType$hbar:Td
CFF_Driver_Class:jv
_files$$inline_1216:ky
TT_Validator:ro
JSCompiler_StaticMethods_Set_Strikeout:s3
CSysColor:rT
JSCompiler_StaticMethods_Numbering_Get:k6
Load_Glyph:pt
JSCompiler_StaticMethods_setFType:WT
numbering_presentationnumfrmt_Char:N4
historyitem_AutoFilter_Add:Zy
FT_Smooth_Renderer:yq
CIdCounter:dN
FT_Select_Size:ew
JSCompiler_StaticMethods__compileSetBorder:wL
DrawingObjectsController:uh
phType_hdr:FU
historyitem_RowCol_Angle:oM
PS_DesignMapRec:Pl
c_oSer_ColorObjectType$Theme:aF
BinarySharedStringsTableWriter:$J
DecodeGeneralFormat:$c
BinaryOtherTableWriter:yK
c_oAscCleanOptions$All:Sy
cErrorType$getting_data:jA
JSCompiler_StaticMethods_DrawLeftBars:l0
c_oSer_CellStyle$Hidden:eI
global_hatch_names:fx
Round_To_Grid:ur
c_oAscServerError$StorageWrite:Qa
JSCompiler_StaticMethods__removeRows:lO
TT_NameEntryRec:ok
c_oSer_TableStyles$DefaultTableStyle:FG
c_oAscPageOrientation$PageLandscape:oK
PolylineForDrawer:F7
FORMULA_TYPE_PIN:EX
t1_keywords:Sv
Ins_ROUND:is
FT_SFNT_SERVICES_GET:Tp
ParaCommentEnd:ji
global_hatch_offsets:ex
c_oAscImageUploadProp$MaxFileSize:nb
c_oSer_DrawingType$PicSrc:vK
align_Center:GR
JSCompiler_StaticMethods_DrawVBars:y0
c_oSerFormulaTypes$Aca:oE
gc_nMaxCol0:mK
c_oAscCellEditorState$editText:rR
c_oAscCellAnchorType$cellanchorTwoCell:ya
t1operator_seac:cn
JSCompiler_StaticMethods_shiftCells:jB
c_oSer_AutoFilter$FilterColumn:SF
ft_char_table:bm
RotateInGroupState:u2
c_oSer_ChartCatAxType$Delete:b_
CHART_TITLE_TYPE_TITLE:f0
FONT_ITALIC_ANGLE:sw
numFormat_Second:fc
asc_CChartBinary:Bf
JSCompiler_StaticMethods_getCol0:rz
historyitem_Chart_xAxisTitle:$e
EVerticalAlignment$verticalalignmentCenter:eJ
ExtraClrScheme:dV
numFormat_Bracket:$b
ft_smooth_render_generic:zq
c_oSer_FilterColumn$Top10:$F
nSldLtTTitleOnly:JV
c_oSerStylesTypes$NumFmts:$B
TT_Round_Super:Gq
t1_cmap_expert_class_rec:Am
c_oSer_CommentData$Text:jH
EGlyphState$glyphstateDeafault:ww
UndoRedoData_FromToRowCol:sO
FT_GlyphLoad:Rj
c_oSer_DateGroupItem$Day:gG
tt_face_load_cvt:Os
FT_Incremental_MetricsRec:Rk
historyitem_Worksheet_ColProp:AO
phType_pic:IU
TextListStyle:nX
JSCompiler_StaticMethods_RecalcScroller:BS
CARD_DIRECTION_N:U2
c_oAscLockTypeElem$Object:vh
c_oAscAsyncAction$Open:F8
ft_outline_glyph_prepare:Aj
cff_cmap_unicode_class_rec:qu
T1_Driver_Done:Kv
JSCompiler_StaticMethods__arrowUpMouseDown:LS
CSchemeColor:Hd
c_oSerWorkbookTypes$DefinedNames:gD
COLOR_TYPE_PRST:bT
T1_BuilderRec:pn
historyitem_Cell_SetFont:eP
g_dKoef_pix_to_mm:U7
CPPTXContentLoader:YK
border_Single:eg
CRasterHeapLine:Lw
EChartLegendPos$chartlegendposBottom:M_
UndoRedoDataGraphicObjects:$g
Ins_SHP:Zr
CChartLegend:a4
tt_service_gx_multi_masters:ct
_cff_check_points:Ju
Ins_SHZ:as
c_oSerTableTypes$CalcChain:RB
c_oAscChartType$bar:Sd
fonthint_Default:v4
FT_GlyphLoader_Adjust_Points:Wj
JSCompiler_StaticMethods_DeserializeData:NN
FORMULA_TYPE_PLUS_DIV:wX
STATES_ID_MOVE:o1
c_oAscError$ID$VKeyEncrypt:P8
UndoRedoDataGOSingleProp:ah
CLASS_TYPE_SHAPE:Z2
JSCompiler_StaticMethods__removeCols:xO
JSCompiler_StaticMethods_Internal_FindBackward:v6
ps_unicode_value:yl
Ins_SHC:$r
historyitem_Workbook_SheetAdd:vN
ft_synthesize_vertical_metrics:ql
map_prst_color:hT
hsvToRgb:A0
historyitem_Chart_HeaderTitle:We
CLASS_TYPE_LEGEND_ENTRY:c4
tt_cmap13_next:Vo
c_oSer_TableStyle$Elements:MG
JSCompiler_StaticMethods_Internal_CalculateTextPr:a6
g_oCellAddressUtils:Vb
SplineCommandLineTo:A2
tt_size_select:vt
shd_Nil:$f
nSldLtTVertTx:YV
c_oSerPropLenType$Long:XJ
JSCompiler_StaticMethods__moveRange:QO
para_PageNum:Jh
ETableStyleType$tablestyletypeFirstColumnSubheading:rJ
JSCompiler_StaticMethods__cloneMultiText:tM
RotateTrackShapeImageInGroup:g3
para_Drawing:Y4
t1_service_kerning:Xv
COLOR_TYPE_SCHEME:cT
CFF_FontRecDictRec:Dt
X_Right_Field:IW
JSCompiler_StaticMethods_drawCrop:Iw
c_oAscServerError$VKeyKeyExpire:kb
SplineBezierState33:z2
styletype_Numbering:i4
DrawScatterChart:ne
JSCompiler_StaticMethods_setColWidth:jh
JSCompiler_StaticMethods_Set_Ind:A6
CHist_Clip:Zx
T1_GlyphSlot_Done:Ev
VERTICAL_ANCHOR_TYPE_CENTER:MW
_infos$$inline_1217:ly
JSCompiler_StaticMethods__foreachRow:AP
historyitem_AutoShapes_RecalculateTransformUndo:Zg
historyitem_Workbook_SheetRemove:CN
JSCompiler_StaticMethods__ZeroPad:cd
fntStyleInd_minor:RU
historyitem_Cell_Strikeout:lP
CParaInd:B4
linerule_Auto:JY
FT_Stream2:Ty
FT_CFF_SERVICES_GET:hv
CColorMod:iT
GraphicPicture:R5
JSCompiler_StaticMethods__FormatNumber:ad
c_oAscServerError$StorageCreateDir:Sa
writeToBinaryDocContent:xh
CTextStyle:vU
c_oSer_TableStyles$TableStyles:HG
JSCompiler_StaticMethods_Internal_Content_Concat:H6
CGlyphData:Fw
CCacheManager:Y7
c_oAscChartSubType$stackedPer:Rd
TT_MaxProfile:Lk
c_oSer_ChartLegendType$TxPrPptx:KZ
t1_decoder_funcs:un
ChangeAdjState:l2
c_oSerDefinedNameTypes$LocalSheetId:nD
lcl_GetLogGammaHelper:tB
cff_index_get_name:cu
CTextPr:Th
UndoRedoData_BBox:VO
c_oSerXfsTypes$NumFmtId:CC
c_msPerDay:qA
JSCompiler_StaticMethods_addTableName:vz
c_oSerAligmentTypes$RelativeIndent:IC
TT_Round_Up_To_Grid:Eq
T1_Driver_Init:Jv
c_oSerCellTypes$Ref:jE
TT_Load_Simple_Glyph:Ws
c_oSerAligmentTypes$WrapText:MC
JSCompiler_StaticMethods_fillFromArray:UA
c_oAscBorderOptions$Right:RR
LineEndType$Stealth:hU
close:fY
cff_slot_load:Ru
JSCompiler_StaticMethods_Internal_Get_RealPos:J6
FONT_TYPE_STANDART:px
ChartStyleManager:Ed
cExcelSignificantDigits:kA
ft_standard_glyph_names:rl
JSCompiler_StaticMethods_trackAdjObject:O0
phType_ftr:EU
tt_get_metrics_incr_overrides:Ss
g_aPunctuation:c5
cff_services:gv
TT_Table:mk
JSCompiler_StaticMethods_highlight_segment:s0
styletype_Character:j4
numbering_presentationnumfrmt_AlphaLcPeriod:T4
FORMULA_TYPE_AT2:zX
skip_literal_string:Hm
EChartBasicTypes$chartbasicPieChart:T_
g_stringBase64:ay
CRGBColor:xT
BinaryFileWriter:zK
ResizeTrackChart:s7
ft_recompute_scaled_metrics:fw
c_oSer_FilterColumn$ShowButton:cG
STATES_ID_GROUP:I0
c_oAscError$ID$No:sb
c_oSerBorderTypes$DiagonalUp:pC
c_oSer_ChartSeriesType$Order:s_
c_oSerHyperlinkTypes$Location:YD
CGrState_Brush:Yx
EBorderStyle$borderstyleSlantDashDot:DI
g_nHSLMaxValue:BL
CFF_FDSelectRec:Ft
historyitem_RowCol_Fontname:aM
JSCompiler_StaticMethods_getNumFormat:tf
c_oSer_TableColumns$TotalsRowLabel:EF
JSCompiler_StaticMethods_getFontname:IP
JSCompiler_StaticMethods_onStartTriggerAction:cO
JSCompiler_StaticMethods_Apply:pT
c_oSer_TableColumns$CalculatedColumnFormula:HF
c_oSer_CustomFilters$CustomFilter:oG
c_oAscMouseMoveType$LockedObject:iS
cElementType$name:$z
cff_subfont_load:lu
tt_cmap2_char_next:xo
JSCompiler_StaticMethods__foreachRowNoEmpty:yB
CFF_IndexRec:At
create_psnames_module:Ll
c_oSerConstants$ReadOk:CK
JSCompiler_StaticMethods_parseSeriesHeaders:wf
PolyLineAddState2:I2
FT_SubGlyph:Pj
TYPE_TRACK_GROUP:YS
FmtScheme:gV
c_oAscServerError$Upload:bb
JSCompiler_StaticMethods_calc:iQ
ParaText:Uh
ETableStyleType$tablestyletypeThirdSubtotalRow:NJ
c_oSer_CalcChainType$SheetId:UE
JSCompiler_StaticMethods_clearTrackObjects:T0
RgbColor:dd
cff_parser_run:Rt
c_oAscError$ID$CannotMoveRange:LR
FormatObjScientific:Kc
g_oDefaultAlignAbs:eK
c_oAscAsyncAction$LoadImage:Cg
lcl_getLanczosSum:rB
TT_OS2:Ik
para_PageBreakRendered:Fh
c_oAscServerError$TaskQueue:Ja
CSolidFill:KT
UndoRedoDataTypeParaItemId:$Q
FT_CharMapRec:Xk
c_oSer_PrintOptions$GridLines:lF
asc_CChartSeria:Bd
JSCompiler_StaticMethods_Get_ById:eR
CBodyPr:SS
ParaNewLineRendered:$h
c_oSer_Comments$CommentDatas:UG
ft_mac_names:sl
ft_get_adobe_glyph_index:xl
_weight_title:iW
tt_face_load_hdmx:ft
c_oSer_ChartLegendEntryType$Index:MZ
nTWTSquare:RW
T1_Open_Face:Iv
CUniColor:Gd
GX_GVar_Head:Gs
JSCompiler_StaticMethods_Internal_Content_RemoveAll:RS
PreRotateState:Q1
c_oAscError$ID$DataRangeError:de
ParaCollaborativeChangesEnd:g5
asc_CChartRange:Ee
ECellAnchorType$cellanchorAbsolute:QI
tt_cmap8_char_index:Jo
c_oEditorId:Da
ETableStyleType$tablestyletypeFirstRowSubheading:uJ
para_CollaborativeChangesEnd:$4
CMatrix:Hx
g_clr_MAX:bV
c_oSer_OtherType$MediaId:ME
DefaultShapeDefinition:uU
angleFormatToInterface:QL
STATES_ID_MOVE_IN_GROUP:y1
rx_ref3D_quoted:Eb
c_oAscImageUploadProp$SupportedFormats:pb
ft_smooth_render:uq
RGBToHSL:pY
FT_NEXT_ULONG:Vi
c_oAscFill$FILL_TYPE_SOLID:p8
JSCompiler_StaticMethods_insertWorksheet:xN
numFormat_DecimalFrac:ac
CorrectUniColor:i8
_ph_summ_chart_and_tx:lW
ft_glyphslot_free_bitmap:ol
c_oAscMouseMoveType$None:mS
JSCompiler_StaticMethods_isEmptyText:wK
CLASS_TYPE_NO_FILL:ZT
CPrstColor:vT
EChartLegendPos$chartlegendposRight:L_
c_oSer_ChartSeriesType$Tx:n_
FileHandler:ia
FT_ENCODING_MS_SYMBOL:Cw
cff_face_done:Cu
getFontInfo:FW
c_oSer_BasicChartType$BarDerection:g_
c_oSer_ChartLegendLayoutType$XMode:UZ
c_oAscFill$FILL_TYPE_PATT:L3
JSCompiler_StaticMethods_default_tt:Oq
c_oSer_ChartLegendLayoutType$YMode:WZ
Ins_NROUND:js
TFontCacheSizes:tw
BULLET_TYPE_BULLET_BLIP:lX
JSCompiler_StaticMethods_miminizeMultiText:vM
c_oSer_ChartSeriesNumCacheType$Formula:A_
JSCompiler_StaticMethods_AddGuide:U
c_oSer_CellStyle$XfId:hI
JSCompiler_StaticMethods_Get_Default_Paragraph:s4
cff_charset_load:ju
JSCompiler_StaticMethods_getNext:jQ
GenerateDefaultColorMap:oe
c_oAscCoAuthoringDottedDistance:zR
CalculateCnxLst:QX
gray_hline:nq
para_Tab:Ih
c_oSer_DrawingType$Pic:uK
JSCompiler_StaticMethods_Get_Default_ParaList:r4
TT_DefRecord:Pq
JSCompiler_StaticMethods_getUniqueSheetNameFrom:FN
cff_argument_counts:Fu
cff_sid_to_glyph_name:pu
CTableRowPr:k4
c_oAscLockTypeElem$Range:Hz
c_oAscHyperlinkType$RangeLink:uR
Binary_CalcChainTableReader:kL
JSCompiler_StaticMethods_Set_BehindDoc:K5
c_oSer_ConditionalFormattingRule$EqualAverage:yH
TT_Load_Context:Uq
g_tabtype_center:sZ
c_oSerNumFmtTypes$NumFmtId:ZC
GradPath:QT
TMetrics:Zw
arrBaseColors:Ad
JSCompiler_StaticMethods__prepareMoveRange:NO
tt_cmap13_char_map_binary:Wo
CMemory:Df
JSCompiler_StaticMethods_cleanAll:lh
rx_error:Nb
nSldLtTTxOverObj:VV
c_oSer_Top10$Val:zG
c_oSerWorksheetsTypes$Worksheet:oD
c_oSerWorksheetsTypes$Drawing:AD
BULLET_TYPE_BULLET_AUTONUM:kX
CFF_CharsetRec:Ct
ps_tofixedarray:Qm
c_oAscChartLegend$left:ra
SlideLayout:EW
FT_PEEK_String1:Wi
FORMULA_TYPE_ABS:yX
sfnt_get_interface:Up
JSCompiler_StaticMethods_setOffsetFirst:RL
tt_cmap6_char_index:Ho
Paragraph:Qh
c_oSer_DrawingFromToType$RowOff:FE
c_oAscError$ID$ConvertationTimeout:J8
fontslot_ASCII:Px
TT_RunIns:Xq
JSCompiler_StaticMethods_insertColsBefore:CO
cff_size_init:uu
CreateDefaultTextRectStyle:XU
UndoRedoData_SheetRemove:DN
CreateAscColorEx:Z0
phType_obj:HU
rx_RightParentheses:Ib
JSCompiler_StaticMethods_Set_FontFamily:n3
TT_Goto_CodeRange:$q
c_oAscCellAnchorType$cellanchorOneCell:xa
Base64Encode:by
historyitem_RowCol_SetStyle:VL
JSCompiler_StaticMethods_Add_NewParagraph:f4
JSCompiler_StaticMethods_Set_AllowOverlap:G5
g_clr_MIN:$U
CGrState_State:$x
JSCompiler_StaticMethods__checkCoord:wZ
historyitem_AutoShapes_RecalculateTransformRedo:rQ
c_oSer_CustomFilters$Val:qG
c_oAscPrintDefaultSettings$PageBottomField:WN
JSCompiler_StaticMethods_Paragraph_Add:F0
historyitem_AutoShapes_Child_Extents:oQ
JSCompiler_StaticMethods_setZIndex:x5
Ins_MD:fs
Ins_SFVTL:Tr
ft_outline_glyph_bbox:yj
oNumFormatCache:lc
CGs:LT
historyitem_AutoShapes_Child_Offset:nQ
FT_CreateVectorArray:Mj
JSCompiler_StaticMethods_handleEvents:JS
JSCompiler_StaticMethods_moveCol:gB
JSCompiler_StaticMethods_Internal_CompileParaPr:G6
asc_CShapeFill:Ig
ParaCommentStart:ii
FT_Outline_New_Internal:rj
CellValueType$String:na
FT_Raster_Params:Qk
tab_Left:p5
CDocumentColor:uZ
c_oSer_TableStyleInfo$ShowFirstColumn:zF
FT_CFF_SERVICE_PS_INFO_GET:Vu
ETableStyleType$tablestyletypeFirstHeaderCell:sJ
ft_trig_arctan_table:cq
JSCompiler_StaticMethods_Set_Shd:W6
historyitem_Worksheet_ShiftCellsLeft:UO
g_anchor_right:K7
Compute_Point_Displacement:Mr
FT_Generic:Uk
c_oAscAsyncAction$SlowOperation:fS
_ph_summ__pic_tx:tW
gc_dDefaultColWidthCharsAttribute:lK
Row:eL
c_oAscChartLegend$top:ta
GUID:jZ
JSCompiler_StaticMethods_DrawSingleEvent:o0
TT_Driver:zt
load_post_names:ao
TT_GlyphZoneRec:Bk
JSCompiler_StaticMethods_Internal_FindForward:n6
create_cmap_class_rec:fl
UndoRedoDataParaPr:bR
c_oSer_CommentData$Document:pH
cff_get_interface:iv
afm_stream_read_one:jm
BULLET_TYPE_TYPEFACE_NONE:eX
JSCompiler_StaticMethods_Internal_GetEndPos:NY
CLn:qU
FT_ENCODING_APPLE_ROMAN:Dw
ReadObjectLong:uT
CLASS_TYPE_TEXT_PR:Y3
ScrollOverType$ACTIVE:yS
CLASS_TYPE_XFRM:YU
nSldLtTTitle:qV
numbering_presentationnumfrmt_AlphaLcParenR:S4
c_oSerWorkbookPrTypes$Date1904:iD
JSCompiler_StaticMethods_setBorderSrc:FP
t1_done_loader:Tv
Load_SBit_Const_Metrics:eo
WriteObjectLong:tT
c_oSer_DrawingExtType$Cx:IE
c_oSerHyperlinkTypes$Hyperlink:XD
c_oSer_DrawingExtType$Cy:JE
JSCompiler_StaticMethods_getItalic:MP
Ins_GC:es
UndoRedoData_SheetPositions:EQ
CPage:$7
CPointer:Di
CTextBody:LW
c_oSerStylesTypes$CellStyleXfs:eC
JSCompiler_StaticMethods_Set_KeepNext:R6
c_oSer_ChartLegendEntryType$Delete:LZ
tt_face_load_loca:gt
c_oAscBorderOptions$DiagD:NR
JSCompiler_StaticMethods_Create_Table_Bordered:n4
CFF_Field_Handler:Jt
c_oSerPropLenType$Variable:YJ
sfnt_find_encoding:Rp
JSCompiler_StaticMethods_DrawTicks:k0
c_oSerFormulaTypes$Ref:xE
TT_Access_Glyph_Frame:Ts
asc_CListType:fg
TT_CodeRange:Qq
c_oAscBorderOptions$DiagU:OR
rx_name:Rb
tt_cmap4_char_map_linear:Do
JSCompiler_StaticMethods_getRectWidth:h4
g_font_detector:h5
_weight_tbl:hW
c_oSer_FilterColumn$ColorFilter:ZF
CCacheImage:X7
c_oSerHyperlinkTypes$Ref:WD
JSCompiler_StaticMethods_Style_Add:$6
FORMULA_TYPE_CAT2:AX
c_oAscPrintType$EntireWorkbook:pS
cff_parse_fixed_scaled:Qt
para_Space:Ah
asc_CChartHeader:De
EVerticalAlignment$verticalalignmentTop:hJ
_ph_summ_four_obj:nW
TGlyph:$w
rgbToHsv:B0
CTableId:eN
c_oAscPrintDefaultSettings$PageHeight:ZN
JSCompiler_StaticMethods_Calculate_Y_Value:Jf
c_oAscCanChangeColWidth$numbers:$M
JSCompiler_StaticMethods_Remove_NumberingSelection:n7
MoveShapeImageTrack:f3
c_oSer_TableStyleElement$Size:QG
_ph_summ_chart:kW
HitToArc:lY
Ins_SPVTCA:Qr
ft_outline_glyph_class:Gj
c_oSer_DrawingType$Pos:gL
CFF_FontRec:Ht
c_oSerWorksheetColTypes$Hidden:QD
c_oSerXfsTypes$ApplyFill:wC
CAnchorPosition:t5
JSCompiler_StaticMethods_fromShape:G3
cElementType$bool:Tz
gc_nMaxMantissa:Ac
historyitem_Worksheet_RowProp:oO
STATES_ID_ADD_PPOLY_LINE22:I1
FT_Outline_Get_CBox:zj
STATES_ID_ADD_PPOLY_LINE23:J1
selectionflag_Common:T5
g_oDefaultBorderAbs:bK
c_oSerFormulaTypes$Bx:pE
c_oAscFileType$INNER:a9
FT_Service_MultiMastersRec:pi
ECustomFilter$customfilterEqual:kz
c_oSerBorderTypes$Start:lC
CAscColor:Az
JSCompiler_StaticMethods_Internal_Content_Remove2:X5
CAscThemeInfo:vY
FT_SFNT_INTERFACE_GET:Vp
JSCompiler_StaticMethods_Set_WidowControl:Q6
c_oAscServerError$StorageGetInfo:Ua
CellValueType$Bool:oa
psaux_interface:vn
ft_bitmap_glyph_bbox:pj
JSCompiler_StaticMethods_Hue_2_RGB:qT
break_Line:RY
phType_body:yU
c_oSer_PageMargins$Footer:iF
UndoRedoDataArcTo:SQ
c_oSer_BasicChartType$Overlap:i_
c_oAscFill$FILL_TYPE_NOFILL:J3
JSCompiler_StaticMethods_Set_KeepLines:S6
ETableStyleType$tablestyletypeSecondColumnSubheading:FJ
t1_builder_funcs:Tm
cff_size_request:wu
T1_New_Parser:yv
c_oAscCoAuthoringLockTablePropertiesBorderColor:AR
c_oSerTableTypes$Worksheets:JB
c_oMainTables$NotesSlides:dZ
c_oSerRowTypes$Height:eE
tt_face_free_eblc:ho
SetSuperRound:Jr
ParaHyperlinkStart:QY
cErrorType$bad_reference:gA
TT_VertHeader:Hk
CNumPr:D4
JSCompiler_StaticMethods_setHidden:hO
DrawDefaultSelection:Y1
c_oSerPropLenType$Double:ZJ
FontScheme:fV
_parser_funcs$$inline_629:wn
JSCompiler_StaticMethods_getDateFromExcel:uA
g_anchor_left:I7
tt_face_get_name:Jp
JSCompiler_StaticMethods_DeserializeDataInner:zQ
tab_Center:r5
numFormat_Hour:dc
CFontFile:rw
tt_face_free_ps_names:bo
asc_CStroke:g1
c_oSer_ChartSeriesNumCacheType$NumCacheVal:C_
_ph_summ__two_obj_and_two_tx:zW
tt_cmap14_init:bp
EBorderStyle$borderstyleDashDotDot:tI
FT_Request_Size:gw
BULLET_TYPE_COLOR_CLRTX:XW
CLang:w4
JSCompiler_StaticMethods__shiftLeftRight:wO
tt_cmap0_char_next:uo
CTableStylePr:AY
FT_Get_Glyph:lw
FT_Outline_EmboldenXY:eq
FT_Multi_Master:fk
CTableStyles:uL
_ph_summ__media_and_tx:oW
TT_GraphicsState:Nq
TT_SBit_LineMetricsRec:wk
JSCompiler_StaticMethods_makeSimpleText:CM
c_oSerWorksheetsTypes$TableParts:FD
getVertexId:PM
JSCompiler_StaticMethods_getFontsize:JP
CBrush:Cx
day:vc
FT_Outline:Lj
Dual_Project:lr
ArcToCurvers:hY
JSCompiler_StaticMethods_Set_HighLight:k5
CFF_Decoder_Zone:Hu
t1_cmap_std_char_index:xm
JSCompiler_StaticMethods__getColNoEmpty:tz
c_oSerBorderPropTypes$Style:rC
historyitem_Cell_FontAlign:mP
NumComporationOperators$lessorequal:Fc
c_oSer_TableStyles$TableStyle:IG
c_oSer_DrawingType$Chart:xZ
historyitem_Chart_IsShowValue:Re
rx_string:Qb
_weight_subTitle:gW
tt_service_truetype_glyf:bt
ft_bitmap_glyph_done:oj
c_oSerFormulaTypes$Ca:qE
CSpPr:QS
c_oSerSharedStringTypes$Si:$C
cToDeg:OX
TT_LoaderRec:Ck
c_oSer_CommentData$Replies:qH
JSCompiler_StaticMethods_DrawRightBars:m0
CLASS_TYPE_CHART_AS_GROUP:Z3
ft_var_apply_tuple:Ls
ParaTab:ei
c_oMainTables$Slides:bZ
FT_DivFix:ij
Ins_SDPVTL:ms
T1_Size_Done:Bv
tt_face_done:lt
ParaCollaborativeChangesStart:f5
cff_cmap_encoding_class_rec:ou
EChartBarDerection$chartbardirectionBar:Z_
numbering_presentationnumfrmt_AlphaUcParenR:U4
ps_get_macintosh_name:Il
CParaPr:Rh
DecodeGeneralFormat_Raw:od
T1_TokenRec:Pm
drawChart:Dd
FT_Set_Char_Size:hw
c_oSerStylesTypes$Fills:WB
FT_Vector_Transform:fq
g_clr_accent1:VU
c_oMainTables$SlideLayouts:aZ
JSCompiler_StaticMethods_getIndex:PA
dublicate_pointer:Ei
c_oSer_Dxf$Fill:CG
JSCompiler_StaticMethods_buildDependencies:cB
Font:Wc
c_oAscError$Level$Critical:$8
CompareGroups:N2
c_oSer_TableStyle$Table:LG
PreChangeAdjState:P1
JSCompiler_StaticMethods_Calculate_X:v5
JSCompiler_StaticMethods_Calculate_Y:u5
c_oSerWorkbookPrTypes$DateCompatibility:jD
nVertTTvert270:PW
IS_PS_DELIM:$l
JSCompiler_StaticMethods__removeCell:pO
CAscFillHatch:l8
STATES_ID_ROTATE_IN_GROUP:u1
FT_SqrtFixed:jj
c_oSer_CellStyle$Name:gI
tt_cmap2_char_index:wo
JSCompiler_StaticMethods_Serialize:CQ
c_oMainTables$NotesMasters:cZ
c_oSerWorkbookTypes$WorkbookPr:dD
JSCompiler_StaticMethods_drawCropInRect:Hw
JSCompiler_StaticMethods__forEachCell:RN
g_oUndoRedoAutoFilters:xz
JSCompiler_StaticMethods_updateWidthHeight:z5
ECustomFilter$customfilterGreaterThan:mz
afm_parser_next_key:nm
c_oAscPageOrientation$PagePortrait:nK
cArray:xA
c_oSer_Comments$Top:YG
ASC_DOCS_API_USE_EMBEDDED_FONTS:w8
c_oAscCellEditorState$editEmptyCell:qR
T1_Driver_Class:aw
CURSOR_TYPES_BY_CARD_DIRECTION:Z1
cff_driver_done:Eu
EHorizontalAlignment$horizontalalignmentLeft:aJ
c_oAscError$ID$StockChartError:fe
fontstyle_mask_bold:ux
FT_Face_Internal:gl
ChartState:a2
compare_kern_pairs:nv
MIN_ANGLE:D7
tt_cmap14_get_nondef_chars:sp
__FT_CMapRec:cl
JSCompiler_StaticMethods_getHyperlink:Hy
JSCompiler_StaticMethods_Internal_Recalculate_CurPos:r6
c_oSerCellTypes$Style:kE
historyitem_Cell_ShrinkToFit:rP
afm_parser_read_vals:mm
DefaultKeyDownHandle:X1
afm_stream_skip_spaces:im
DocumentPageSize:TJ
STATES_ID_RESIZE:k1
c_oAscAsyncAction$DownloadAs:S8
nSldLtTTxAndMedia:SV
FT_Outline_Translate:xj
EBorderStyle$borderstyleThick:EI
c_oSer_ChartLegendType$Overlay:HZ
c_oSer_TableColumns$TotalsRowFormula:GF
JSCompiler_StaticMethods_Set_CurrentElement:p7
MATRIX_ORDER_APPEND:Ex
c_oAscBorderOptions$InnerV:QR
asc_CParagraphTabs:Xf
PS_BlendRec:Ql
FormatObjDecimalFrac:Lc
JSCompiler_StaticMethods_Clear_Formatting:Y6
UndoRedoDataAddCnx:dR
c_oAscBorderOptions$InnerH:TR
moveTo:aY
afm_tokenize:om
c_oSerBorderTypes$Horizontal:kC
UndoRedoDataQuadBezTo:TQ
c_oAscError$ID$FrmlOperandExpected:XA
JSCompiler_StaticMethods_CorrectBounds:Eg
_arr_lt_types_weight:CW
historyitem_RowCol_Strikeout:gM
c_oSer_ConditionalFormattingRule$Priority:BH
JSCompiler_StaticMethods_DrawSticks:r0
JSCompiler_StaticMethods_SetUniFill:y3
JSCompiler_StaticMethods__drawArrow:CS
c_oSer_TableStyle$Name:JG
c_oAscCoAuthoringMeBorderColor:BR
STATES_ID_SPLINE_BEZIER:z1
tt_load_sbit_metrics:no
c_oAscPrintDefaultSettings$PageGridLines:$N
c_oSer_Comments$RightOffset:aH
JSCompiler_StaticMethods__prepareSet:ML
c_oSerConstants$ErrorStream:mZ
_strncmp_data:Zi
_isxdigit:Ml
JSCompiler_StaticMethods_getBorderSrc:GP
JSCompiler_StaticMethods_setRasterImage:J0
CAscThemes:v8
_weight_ctrTitle:bW
STATES_ID_PRE_CHANGE_ADJ:p1
cff_Load_Glyph:Tu
ft_smooth_get_cbox:wq
CreateAscColorCustomEx:cg
CellAddress:sf
c_oSer_TablePart$HeaderRowCount:vF
c_oSer_Comments$TopMM:eH
FT_PEEK_SHORT:Ii
nSldLtTObj:rV
c_oSer_ChartSeriesNumCacheType$NumCache2:E_
c_oSerFormulaTypes$Si:yE
TT_Round_To_Half_Grid:Bq
Ins_PUSHB:ns
JSCompiler_StaticMethods_hitInWorkArea:U1
JSCompiler_StaticMethods_isValidDate:td
MetaBrushType$Solid:dy
Ins_PUSHW:os
c_oAscError$ID$AutoFilterDataRangeError:cz
FT_Size_RequestRec:hk
CDocumentContent:fR
c_oSer_SortState$SortConditions:KF
ECellTypeType$celltypeError:jJ
c_oAscSelectionType$RangeRow:nR
c_oAscAsyncActionType$Information:U8
nSldLtTTwoObjAndTx:NV
FormatObjDateVal:Nc
c_oSerFormulaTypes$R1:vE
c_oSerTableTypes$Other:CB
asc_CChartStyle:ae
c_oSerFormulaTypes$R2:wE
UndoRedoDataTypes:Ff
JSCompiler_StaticMethods__AddDigItem:bd
c_oSer_TablePart$DisplayName:qF
NullState:hh
EChartBarGrouping$chartbargroupingStacked:c0
c_oAscMouseMoveLockedObjectType$Sheet:Nz
c_oAscServerError$UploadContentLength:cb
c_oAscServerError$VKeyUserCountExceed:lb
ECustomFilter$customfilterLessThan:oz
ft_extra_glyph_unicodes:Bl
kElementTextId:Fy
FT_CMap_New:Qp
c_oAscCleanOptions$Text:WR
EChartBasicTypes$chartbasicBarChart:O_
gray_render_line:Zp
TT_Driver_Class:xt
_weight_chart:$V
tt_cmap4_set_range:Ao
c_oSer_FilterColumn$Filters:VF
c_oSer_Comments$MoveWithCells:hH
c_oAscCoAuthoringDottedWidth:yR
clonePrototype:MX
fSortAscending:Ba
c_oSer_ConditionalFormattingIconSet$IconSet:UH
tt_cmap4_char_map_binary:Eo
cff_index_done:$t
EUnderline$underlineDouble:GI
FT_MM_Var:ek
c_oMainTables$App:UY
c_oAscMergeOptions$Merge:TP
cElementType$operator:Zz
g_oDefaultXfId:xL
JSCompiler_StaticMethods_DrawEvents:n0
JSCompiler_StaticMethods_rotateTrackObjects:Q0
EBorderStyle$borderstyleHair:xI
LineEndSize$Large:jU
c_oSerStylesTypes$Dxfs:bC
JSCompiler_StaticMethods_setRowHidden:ez
FT_BitmapGlyphRec:Hj
nSldLtTVertTitleAndTx:WV
global_MatrixTransformer:Kx
CCellStyle:SK
CClipManager:zx
ETableStyleType$tablestyletypeSecondColumnStripe:EJ
FORMULA_TYPE_SAT2:FX
TT_Clear_CodeRange:Zq
UndoRedoDataAddPathCommand:OQ
CFF_Builder:Gu
JSCompiler_StaticMethods_toRef:SA
cExcelMaxExponent:lA
JSCompiler_StaticMethods__insertColsBefore:DO
LineEndType$Triangle:iU
tt_slot_init:ot
c_oSer_ChartSeriesNumCacheType$NumCacheIndex:D_
c_oSer_OtherType$MediaItem:LE
c_oSer_ChartSeriesType$Index:r_
L 167:lp
L 168:D8
L 165:PB
L 166:QB
L 163:NB
L 164:OB
c_dScalePPTXSizes:rY
L 161:fv
L 162:MB
L 160:ev
nSldLtTPicTx:GV
T1_Face_Init:Hv
CFontSetup:Mx
JSCompiler_StaticMethods__foreach2:LA
para_NewLine:Ch
g_bDate1904:ka
g_nNextWorksheetId:EM
t1_services:Yv
EVerticalAlignment$verticalalignmentBottom:dJ
c_oAscInsertOptions$InsertColumns:Sg
L 159:kn
L 158:C8
FT_Lookup_Renderer:mw
JSCompiler_StaticMethods__scrollH:IS
JSCompiler_StaticMethods_getBorderFull:My
create_t1_field:ln
JSCompiler_StaticMethods_setSelectionState:hS
JSCompiler_StaticMethods__scrollV:HS
c_oSer_ConditionalFormattingRule$TimePeriod:GH
g_oTextMeasurer:X4
L 141:kp
UndoRedoCell:hN
L 142:Cr
c_oSer_ConditionalFormattingIconSet$Reverse:WH
FT_Bitmap_Copy:mj
L 140:B8
L 145:Ab
L 146:cv
tt_cmap12_init:Oo
L 143:Dr
L 144:Er
c_oSerAligmentTypes$ShrinkToFit:JC
cNumber:P
tt_face_init:kt
CLASS_TYPE_SOLID_FILL:IT
JSCompiler_StaticMethods_setUniFill:z3
getMinValueArray:ue
L 139:kc
historyitem_RowCol_SetCellStyle:YL
L 138:Jd
JSCompiler_StaticMethods_Internal_FindWordStart:f7
L 137:LB
L 136:A8
g_oUndoRedoCol:UL
JSCompiler_StaticMethods_RedoPrepare:KN
L 150:ig
JSCompiler_StaticMethods_RedoEnd:QN
L 151:ni
L 152:Fr
L 153:Gr
JSCompiler_StaticMethods_buildDependency:rN
c_oAscPrintDefaultSettings$PageRightField:VN
L 154:Ui
L 155:dv
L 156:jn
L 157:Hc
ft_adobe_glyph_list:wl
JSCompiler_StaticMethods__shiftCellsLeft:TO
cRef:MA
phType_sldNum:JU
STATES_ID_PRE_RESIZE_IN_GROUP:v1
L 148:gc
L 147:Yd
L 149:Ti
CBounds:H7
FT_Stream:Bi
TRaster:hq
UndoRedoWorkbook:lN
cff_index_init:Zt
L 124:hn
L 123:nU
L 122:IB
L 121:HB
L 120:x8
c_oAscAdvancedOptionsAction$None:E8
FONT_TYPE_ADDITIONAL_CUT:rx
L 118:Kb
L 119:Ye
c_oSerWorksheetPropTypes$Name:MD
L 116:Gg
ParaNewLine:Xh
L 117:ie
L 114:$u
L 115:av
c_Date1900Const:oA
JSCompiler_StaticMethods_addMasterEdge:KM
FT_Set_Transform:pw
CAscTableStyle:b8
cff_parse_fixed:Pt
TT_CMapRec:qo
L 133:jp
L 132:z8
L 135:nf
gc_nMaxRow:ce
L 134:rU
CParaLineRange:f6
L 131:KB
L 130:Br
DecodeBase64:wy
L 129:bv
c_oSer_ConditionalFormattingRule$Operator:zH
L 125:oU
L 126:ip
L 127:pU
L 128:y8
CParaLine:e6
tt_face_load_charmap_stub:Bp
JSCompiler_StaticMethods_Get_ParaPr:L4
FT_Glyph_Get_CBox:kw
TT_CMap14Rec:Zo
g_tabtype_left:qZ
ft_sid_names:tl
ret$$inline_635:An
T1_Decoder_ZoneRec:qn
L 102:Wf
L 101:Vf
L 100:Gk
c_oAscAsyncAction$Recalc:aN
CColorModifiers:oT
normalizeRotate:gh
gr_state_pen:Ux
Binary_StylesTableReader:JK
ShapeForResizeInGroup:E7
ChangeAdjInGroupState:t2
L 111:gn
L 110:Ar
L 113:ch
bIsSupportOriginalFormatFonts:lx
L 112:Gl
L 103:Mc
L 104:le
CAutoshapeTrack:ng
L 105:Oj
L 106:Fg
CLegendEntryGroup:w7
L 107:hp
OpenColor:HK
L 108:Si
Col:bL
L 109:zr
cErrorType$division_by_zero:bA
FT_Service_PsFontNameRec:qi
vertalign_SubScript:IR
c_oSer_TableStyle$DisplayName:OG
TT_MulFix14:Nr
cElementType$func:Yz
FORMULA_TYPE_TAN:IX
UndoRedoData_SingleProperty:GQ
historyitem_AutoShapes_Flips:qQ
TT_CMap12Rec:No
CLASS_TYPE_SYS_COLOR:sT
AFM_GETC:hm
UniNvPr:OU
JSCompiler_StaticMethods_mergeInner:FL
gc_nMaxDigCount:yc
afm_parse_track_kern:qm
c_oSerXfsTypes$Aligment:FC
PolyLine:H2
JSCompiler_StaticMethods_Set_Tabs:V6
DependencyGraph:JM
fontstyle_mask_bolditalic:vx
historyitem_Chart_LegendIsShow:lf
helpRecalc:WM
Cell:fL
c_oSer_ChartCatAxType$MajorGridlines:a_
JSCompiler_StaticMethods_getColsCount:ZM
t1_builder_done:Um
ClrScheme:cR
STATES_ID_PRE_CHANGE_ADJ_IN_GROUP:r1
UndoRedoItemSerializable:LN
c_oAscLockTypeElemSubType$ChangeProperties:Gz
ECellTypeType$celltypeBool:iJ
tab_Right:q5
JSCompiler_StaticMethods_Style_Get:a7
EChartBarGrouping$chartbargroupingPercentStacked:b0
JSCompiler_StaticMethods_isOneCell:DP
nSldLtTBlank:tV
c_oAscError$ID$PastInMergeAreaError:$R
JSCompiler_StaticMethods__recalculate:vZ
c_oSer_ChartCatAxType$AxPos:c_
ft_smooth_set_mode:xq
TT_Size_Metrics:Sq
c_oAscTypeSelectElement$Paragraph:g9
FT_Outline_Decompose:bq
tt_face_load_sbit_image:po
c_oSerStylesTypes$NumFmt:aC
ft_smooth_transform:vq
c_oSer_SheetPr$CodeName:iI
c_oAscDeleteOptions$DeleteColumns:Ug
Binary_OtherTableReader:lL
CBulletType:mX
c_oSer_DateGroupItem$Hour:hG
JSCompiler_StaticMethods_Internal_Get_ParaPos_By_Pos:F6
CBlipFill:WS
c_oSer_ConditionalFormattingValueObject$Type:ZH
CMouseEventHandler:m3
historyitem_Cell_Border:qP
STATES_ID_START_TRACK_NEW_SHAPE:l1
NameGenerator:fN
TWorker:iq
numFormat_Day:ec
EFontScheme$fontschemeMinor:RJ
c_oAscCanChangeColWidth$all:CR
ETableStyleType$tablestyletypeTotalRow:OJ
CAscFillGrad:m8
asc_CCommentCoords:kR
Read_CVT:vs
EHorizontalAlignment:cJ
historyitem_Worksheet_RemoveCols:BO
nSldLtTDgm:yV
FT_PEEK_ULONG:Qi
JSCompiler_StaticMethods_DrawRose:v0
para_PresentationNumbering:Oh
EBorderStyle$borderstyleDouble:wI
_t1_parse_dict:Rv
PreResizeInGroupState:o2
historyitem_Cell_Fontcolor:hP
CSld:mV
T1_GlyphSlot_Init:Fv
UndoRedoDataAddHandlePolar:NQ
c_oAscInsertOptions$InsertCellsAndShiftDown:iR
JSCompiler_StaticMethods__getValue2Result:uM
cErrorType$not_available:cA
FormatObjBracket:Qc
BULLET_TYPE_SIZE_TX:aX
c_oAscCellEditorState$editStart:nS
EChartLegendPos$chartlegendposLeft:J_
FT_Render_Glyph:ow
_t1_read_binary_data:Qv
tt_face_set_sbit_strike_stub:yp
CCellValue:FK
COLOR_TYPE_SYS:dT
EChartBasicTypes$chartbasicAreaChart:S_
Ins_IUP:Yr
linerule_Exact:KY
EGlyphState$glyphstateMiss:vw
CFF_CMapStdRec:nu
CParaTab:MY
dayShort:wc
asc_CCellCommentator:lR
JSCompiler_StaticMethods_moveRow:fB
tt_cmap14_char_next:dp
Get_Interface:Zv
c_oAscDeleteOptions$DeleteRows:Vg
c_oSer_ConditionalFormattingRule$ColorScale:IH
CShapeStyle:TU
postLoadScript:nx
cRef3D:QA
IS_PS_TOKEN:am
c_oMainTables$SlideMasters:$Y
SPH_TweakRule:Kq
PS_TableRec:en
c_oSer_DrawingType$Type:pK
c_oSerWorksheetColTypes$BestFit:PD
JSCompiler_StaticMethods_initPostOpen:sN
c_oSerBorderTypes$Top:mC
EBorderStyle$borderstyleMediumDashed:BI
ft_stub_set_pixel_sizes:ik
c_oSerCellTypes$Value:mE
afm_compare_kern_pairs:rm
CLASS_TYPE_UNI_COLOR:BT
T1_ParserRec:vv
PolyLineAddState:G2
LineEndSize$Small:kU
JSCompiler_StaticMethods_updateCursorTypes:nV
historyitem_Cell_ChangeArrayValueFormat:BM
g_mouse_button_left:k3
_global_layout_summs_array:DW
MoveTrackChart:r7
historyitem_Worksheet_Merge:VP
pscmaps_interface:Kl
c_oSer_ConditionalFormattingDataBar$Color:PH
c_oSer_CommentData$Time:kH
tt_face_load_directory_stub:vp
t1_builder_init:Sm
EChartBasicTypes$chartbasicStockChart:Y_
cErrorType$wrong_name:dA
PS_UniMap:si
c_oSer_CustomFilters$And:mG
FT_Get_Next_Char:iw
historyitem_Worksheet_Sort:dQ
ResizeTrackShapeImage:e3
CParaDrawingRangeLines:s6
JSCompiler_StaticMethods_setRasterImageId:JT
FT_CFF_SERVICE_GLYPH_DICT_GET:Wu
ETableStyleType$tablestyletypeSecondSubtotalColumn:IJ
Binary_ChartReader:iL
CompareUniFill:bU
JSCompiler_StaticMethods_endCommand:hy
CParaTabs:LY
JSCompiler_StaticMethods_cleanFormat:$P
JSCompiler_StaticMethods_Internal_MoveCursorForward:E6
JSCompiler_StaticMethods_Set_Border:P6
c_oSer_ChartTitlePptxType$TxPrPptx:FZ
tx1:WU
numFormat_Year:cc
JSCompiler_StaticMethods_Set_DocumentNext:O6
c_oSerWorksheetColTypes$Style:TD
JSCompiler_StaticMethods__MouseHoverOnArrowDown:ES
CLASS_TYPE_GS:MT
BDF_PropertyRec:Bn
isObject:we
c_oSer_FilterColumn$CustomFilters:YF
c_oAscLayoutPageType$FitToWidth:vR
c_oSerPropLenType$Short:oZ
nSldLtTVertTitleAndTxOverChart:XV
t1_service_multi_masters:Vv
APPROXIMATE_EPSILON:LX
UndoRedoDataAddParaItem:XQ
SignType$Null:pc
c_oSerWorksheetsTypes$Hyperlink:tD
phType_ctrTitle:BU
tt_face_get_metrics:Yn
FT_CFF_SERVICE_CID_INFO_GET:Zu
GeneralEditFormatCache:pd
c_oSerWorksheetsTypes$Col:rD
BULLET_TYPE_SIZE_PTS:cX
c_oSer_Comments$SizeWithCells:iH
historyitem_Cell_Wrap:sP
FILL_TYPE_BLIP:CT
Instruct_Dispatch:rs
para_CommentStart:Mh
nSldLtTTx:sV
tt_cmap12_char_map_binary:Qo
tt_face_load_post:Tn
c_oSerAligmentTypes$Vertical:LC
styletype_Paragraph:C3
BinaryTableWriter:UJ
lockDraw:QM
asc_CTexture:Nf
JSCompiler_StaticMethods_getFirst:GN
c_oAscMouseMoveType$Hyperlink:lS
JSCompiler_StaticMethods_Update_Size:E5
extend:rA
CFF_Decoder:Iu
JSCompiler_StaticMethods_unmerge:az
tt_face_load_generic_header:Ln
ft_outline_funcs_gray:aq
ParaHyperlinkEnd:hi
c_oSer_OtherType$MediaSrc:NE
cErrorType$not_numeric:fA
pararecalc_0_None:Z5
L 39:Kd
L 38:uc
c_oAscMergeOptions$Unmerge:VR
L 37:ld
g_o_event_map:l3
L 32:Lb
PS_PrivateRec:Ol
L 31:Xa
cff_standard_encoding:Wt
L 30:Ta
L 36:ob
L 35:gb
L 34:Jb
L 33:Ga
FT_Data:Tk
FT_Service_PsInfoRec:ti
CHistory:cN
c_oSer_TableStyle$Element:NG
tt_services:dt
Align:QK
TT_LongMetricsRec:nk
L 27:la
L 26:R
L 29:Ka
L 28:La
ParaPageBreakRenderer:bi
c_oSer_SortState$ConditionDxfId:PF
c_oAscPrintDefaultSettings$PageOrientation:XN
UndoRedoWoorksheet:jN
sfnt_load_face:Op
nSldLtTChartAndTx:vV
arcTo:cY
L 21:Q
L 20:S
L 23:X
L 22:ba
L 25:Z
L 24:W
L 50:tm
tt_size_reset:ut
recalcresult_PrevPage:o6
LineEndType$None:dU
CLASS_TYPE_COLOR_MOD:jT
rx_array:Tb
c_oAscBorderOptions$Bottom:UR
tt_face_load_bhed:Nn
TRACK_CIRCLE_RADIUS:S2
T1_Loader:Lv
JSCompiler_StaticMethods_changeCurrentState:W0
L 59:Sc
nSldLtTClipArtAndTx:wV
L 58:xd
L 57:yf
L 56:sg
L 55:Rc
L 54:Id
L 53:wd
L 52:jb
L 51:Fd
FT_TT_SERVICES_GET:et
FT_Memory:Fi
tt_get_kerning:qt
JSCompiler_StaticMethods_Internal_CalculateAutoSpacing:b7
c_oAscCellEditorState$editEnd:oS
FontStyle$FontStyleRegular:Tw
GX_BlendRec:Fs
rgCols:yb
L 49:Zc
c_oSerHyperlinkTypes$Tooltip:ZD
L 48:Gb
L 45:Fe
L 44:Ob
L 47:af
L 46:Zb
L 41:xc
L 40:hc
ft_bitmap_glyph_init:kj
TT_Post_NamesRec:zk
L 43:ke
L 42:mb
HSLToRGB:qY
JSCompiler_StaticMethods_setPos:NT
c_oSer_TableColumns$Name:CF
CLegendEntry:d4
JSCompiler_StaticMethods_deleteAllMasterEdges:MM
c_oSer_ConditionalFormattingRule$Bottom:wH
STATES_ID_POLY_LINE_ADD:F1
historyitem_RowCol_Wrap:nM
nbsp_string:b5
tt_face_load_cmap:Rn
drawing_Inline:s5
ParaFlowObjectAnchor:gi
JSCompiler_StaticMethods_addToSpTree:bh
c_oSer_ConditionalFormattingValueObject$Val:$H
JSCompiler_StaticMethods__shiftCellsRight:YO
_ph_summ_dgm:mW
JSCompiler_StaticMethods__shiftCellsUp:WO
JSCompiler_StaticMethods_assemble:iB
JSCompiler_StaticMethods__sortByArray:eQ
c_oSerWorkbookTypes$BookViews:eD
BULLET_TYPE_TYPEFACE_TX:fX
c_oAscLockTypeElemSubType$DeleteColumns:Kz
JSCompiler_StaticMethods_swapGraphicObject:O2
tt_cmap14_get_def_chars:rp
JSCompiler_StaticMethods_CopyPr_Open:I6
historyitem_Cell_Fill:pP
FormatObj:Jc
read_pfb_tag:wv
c_oSerXfsTypes$QuotePrefix:DC
Direct_Move_Orig_X:pr
_weight_dgm:cW
Direct_Move_Orig_Y:rr
CApp:sY
FT_Set_Charmap:pv
c_oMainTables$FontMap:hZ
oGeneralEditFormatCache:rd
cff_size_done:tu
c_oMainTables$Main:TY
JSCompiler_StaticMethods_CreatePlaces:Mw
historyitem_Chart_yAxisIsShow:hf
c_oSer_ConditionalFormattingRule$StopIfTrue:EH
BinaryCommonWriter:VJ
FT_Grays_Raster:rq
L 13:F
L 14:H
temp1:dj
c_oSerFontTypes$Strike:TC
L 11:C
temp2:fj
L 12:E
t1_lookup_glyph_by_stdcharcode:bn
L 10:z
L 19:O
T1_Driver:bw
L 17:J
L 18:K
L 15:I
L 16:G
historyitem_Worksheet_Hide:iO
c_oAscChartLegend$bottom:ua
EChartBasicTypes$chartbasicBar3DChart:P_
JSCompiler_StaticMethods_checkUniqueSheetName:EN
historyitem_Chart_yAxisIsDefaultTitle:gf
historyitem_Chart_LegendIsOverlay:mf
c_oSerCellTypes$Type:lE
CDefaultFont:Sw
Round_Down_To_Grid:wr
c_oSer_Comments$BottomOffset:cH
JSCompiler_StaticMethods_recalculatePosExt:q7
c_oSer_Comments$Col:TG
_ph_summ__obj_and_tx:rW
FORMULA_TYPE_SIN:GX
c_oSer_CellStyle$BuiltinId:cI
map_themeExcel_to_themePresentation:yL
c_oSer_CommentData$UserId:lH
ValidateUploadImage:rb
tt_loader_init:Ys
CRFonts:u4
ps_parser_funcs:tn
c_oAscInsertOptions$InsertCellsAndShiftRight:gR
historyitem_Cell_Underline:kP
JSCompiler_StaticMethods_StartTransaction:Vy
ETableStyleType$tablestyletypeFirstSubtotalColumn:vJ
GradLin:OT
vertalign_SuperScript:JR
tt_face_get_kerning:Gn
historyitem_Chart_xAxisIsGrid:ef
c_oAscServerError$StorageFileNoFound:Oa
JSCompiler_StaticMethods_getValueData:xM
c_oSer_Comments$Left:WG
c_oSer_ConditionalFormatting$Pivot:sH
ETableStyleType$tablestyletypeFirstTotalCell:xJ
c_oSerPropLenType$Null:nZ
CPoint2:Yw
CPoint1:Xw
_ph_summ__obj_only:sW
Ins_DELTAP:ks
JSCompiler_StaticMethods_cubicBezTo:ZX
UndoRedoDataSetAdjustmentValue:WQ
global_hatch_data:dx
ft_var_load_gvar:Ks
ECellTypeType$celltypeSharedString:lJ
c_oSerWorksheetColTypes$Min:SD
RotateState:d2
JSCompiler_StaticMethods_deleteSelectedObjects:ZR
c_oSer_TablePart$AutoFilter:rF
FontStyle$FontStyleBoldItalic:Ww
Ins_DELTAC:ls
PASTE_ELEMENT_ID:Gy
TT_Round_Down_To_Grid:Fq
SafariIntervalFocus:Qy
UndoRedoData_historyitem_Paragraph_AddItem:YQ
c_oAscPrintDefaultSettings$PageTopField:UN
_decoder_funcs$$inline_631:yn
c_oSerFontTypes$Bold:PC
c_oSer_Dxf$Border:BG
CFF_EncodingRec:Bt
historyitem_Cell_Fontsize:gP
JSCompiler_StaticMethods_AddRectDashClever:S7
ETableStyleType$tablestyletypeFirstRowStripe:tJ
TT_Face:Ds
L 73:eu
JSCompiler_StaticMethods__moveCellVer:nO
L 74:Tq
L 75:Ki
Int64:bj
L 76:gu
JSCompiler_StaticMethods_rebuildSeries:Ue
_ph_summ__sec_head:uW
L 77:Ej
L 78:Rf
t1_args_count:an
L 79:qb
c_oAscSelectionType$RangeShape:rh
UndoRedoData_IndexSimpleProp:XL
GetDiffDate360:vB
numbering_presentationnumfrmt_ArabicPeriod:O4
JSCompiler_StaticMethods_addDefinedName:WK
asc_CParagraphProperty:Of
TT_Forget_Glyph_Frame:Us
gray_record_cell:Xp
cString:zA
L 70:qk
L 72:nl
FT_PEEK_USHORT:Mi
L 71:ml
L 64:Af
L 65:Yh
L 62:nc
L 63:$a
CUniFill:TS
BULLET_TYPE_TYPEFACE_BUFONT:gX
L 68:Je
L 69:Cj
Ins_MSIRP:bs
L 66:Oc
L 67:eb
c_oAscInsertOptions$InsertRows:Tg
JSCompiler_StaticMethods__shiftCellsBottom:$O
JSCompiler_StaticMethods_addSlaveEdge:LM
JSCompiler_StaticMethods_Internal_Get_ClearPos:Y5
RotateTrackGroup:V2
L 61:Xb
L 60:zf
c_oSer_ColorType$Auto:cF
JSCompiler_StaticMethods_Calculate_X_Value:If
L 99:Fl
L 95:rc
c_oSer_SheetPr$FilterMode:kI
L 96:rk
L 97:wg
L 98:th
c_oSer_ChartCatAxType$Title:$Z
c_oSerWorksheetColTypes$Width:UD
STATES_ID_PRE_RESIZE:j1
ParaPresentationNumbering:ki
SPH_ScaleRule:Lq
EHorizontalAlignment$horizontalalignmentCenter:WI
JSCompiler_StaticMethods_setFgColor:XT
L 92:ug
L 91:fd
L 94:vg
nSldLtTObjTx:FV
L 93:Li
Fill:RK
CFontFileLoader:M
FT_RoundFix:aj
L 90:Fj
c_oSer_ColorFilter$CellColor:uG
tt_name_entry_ascii_from_utf16:Kp
c_oSerStylesTypes$Border:TB
L 88:Zh
JSCompiler_StaticMethods_deleteAllSlaveEdges:NM
L 89:tg
L 86:Dj
CHART_TITLE_TYPE_V_AXIS:H0
L 87:Qd
L 84:Ke
L 85:Mm
tt_size_request:st
g_bIsAppleDevices:Ew
c_oSer_SheetPr$SyncRef:nI
c_oEditorId$Speadsheet:ga
c_oSer_BasicChartType$Series:j_
CellValueType$Number:ma
L 83:sh
L 82:fu
c_oSerPropLenType$Byte:WJ
L 81:Qf
CGeometry:ZU
tt_cmap2_get_subheader:vo
L 80:Co
JSCompiler_StaticMethods_getStyleNameByXfId:JL
