CSlideBoundsChecker:j0
T1_Load_Glyph:Rs
FILL_TYPE_PATT:WP
JSCompiler_StaticMethods_getFontAlign:SM
ETableStyleType$tablestyletypeLastColumn:EG
ft_div64by32:mg
CTextStyles:fR
EVisibleType$visibleVisible:$F
c_oSer_ChartLegendLayoutType$Y:TV
c_oSer_ChartLegendLayoutType$W:PV
FT_OutlineGlyphRec:Tg
c_oSer_ChartLegendLayoutType$X:RV
c_oSer_DrawingType$GraphicFrame:xH
phType_chart:sQ
T1_GlyphSlotRec:Xs
styletype_Table:hU
CBulletColor:QS
JSCompiler_StaticMethods_Internal_GetTextPr:w1
cff_field_handlers:nr
c_oSerXfsTypes$ApplyBorder:Tz
sfnt_service_ps_name:Um
c_oSer_ChartLegendLayoutType$H:MV
phType_clipArt:tQ
FT_Bitmap:Sg
JSCompiler_StaticMethods_setTheme:mI
JSCompiler_StaticMethods_Create_NewPoint:Se
ThemeElements:ZQ
historyitem_Worksheet_ShiftCellsTop:ZL
afm_parser_read_int:Gj
Y_Bottom_Margin:k1
FILL_TYPE_NOFILL:UP
sfnt_init_face:gn
JSCompiler_StaticMethods_EndTransaction:Xe
tt_face_load_hdmx_stub:Mm
JSCompiler_StaticMethods__setFontProp:sJ
JSCompiler_StaticMethods__getColNoEmptyWithAll:LL
para_HyperlinkEnd:lV
nSldLtTTxAndObj:MR
JSCompiler_StaticMethods__foreachCol:EM
Ins_MIRP:Mp
CCore:dU
Numbering_Number_To_Alpha:i_
numbering_presentationnumfrmt_RomanUcPeriod:w_
CreateNullArray:ej
c_oSer_ChartSeriesType$Val:lW
c_oSerRowTypes$Row:yB
JSCompiler_StaticMethods_AddRect2:C2
c_oSer_ConditionalFormattingRule$DxfId:ME
CFontInfo:cv
FT_Get_Char_Index:Vp
cff_driver_init:Zr
ScrollArrowType$ARROW_BOTTOM:aP
ETableStyleType$tablestyletypeThirdSubtotalColumn:RG
deg2rad:nv
JSCompiler_StaticMethods_mergeOpen:bI
afm_parse_kern_pairs:Jj
STATES_ID_BEGIN_TRACK_NEW_SHAPE:NX
JSCompiler_StaticMethods_helperRebuildFormulas:KL
ParagraphContent_Read_FromBinary:L0
JSCompiler_returnArg:da
FT_ServiceDescRec:Cf
g_bChartPreview:od
tt_driver_init:Dq
phType_subTitle:DQ
numbering_numfmt_Bullet:e_
ETableStyleType$tablestyletypeHeaderRow:DG
JSCompiler_StaticMethods_Use_TextWrap:s0
SplineCommandBezier:XY
UndoRedoData_AutoFilter:Iw
TT_Get_VMetrics:mq
T1_Get_Advances:Qs
JSCompiler_StaticMethods_getShrinkToFit:UM
c_oSerStylesTypes$CellStyle:Fz
Direct_Move_Y:Mo
Direct_Move_X:Ko
JSCompiler_StaticMethods_Set_Type_0_Spell:E1
CContentChanges:P0
JSCompiler_StaticMethods_IsEmpty:NU
cBool:Lx
LineEndType$Arrow:cQ
ETableStyleType$tablestyletypeSecondSubtotalRow:OG
c_oSerStylesTypes$CellStyles:Ez
chartCanvas:md
i:yd
CBinaryFileWriter:wP
ParaDrawing:g0
g_nCurFileVersion:jz
JSCompiler_StaticMethods_Get_CurrentPage_Relative:J1
EndArrow:jQ
JSCompiler_StaticMethods_drawTracks:Ne
Binary_SharedStringTableReader:IH
c_oAscSelectionType$RangeChart:lO
TT_HoriHeader:Th
c_oAscChartType$stock:va
Workbook:ZJ
EVerticalAlignment$verticalalignmentJustify:lG
c_oSer_ConditionalFormattingRule$Rank:TE
c_oSer_Comments$Bottom:pE
CFont:dv
c_oAscLockTypeElemSubType$InsertColumns:Tw
c_oSerWorksheetsTypes$SheetFormatPr:VA
ETableStyleType$tablestyletypeLastHeaderCell:FG
c_oSer_TableColumns$DataDxfId:SC
c_oAscAsyncAction$LoadFont:O3
historyitem_Cell_AlignVertical:qM
fontstyle_mask_italic:$u
c_oSerWorksheetsTypes$PrintOptions:$A
c_oSer_TableStyles$DefaultPivotStyle:VD
CFF_ParserRec:dr
c_oSer_DrawingType$Ext:iI
CellValueType$Error:na
para_HyperlinkStart:kV
FT_Select_Metrics:Sq
MasterSlide:gR
EUnderline$underlineSingle:QF
_func:Kx
c_oSer_CellStyle$ILevel:wF
CParaPos:b2
CPattFill:$P
JSCompiler_StaticMethods_DrawMarks:vX
tblwidth_Mm:sU
FT_Span:bi
c_oSer_DateGroupItem$Year:AD
SignType$Positive:dc
__gray_convert_glyph:Kn
c_oSer_ChartSeriesType$DataLabels:sW
GenerateDefaultTheme:$J
Ins_SPVTL:np
reallocate_t1_table:Uj
ResizeTrackShapeImageInGroup:tZ
tt_face_free_name:fl
historyitem_Worksheet_RemoveRows:nL
historyitem_Cell_Bold:lM
c_oSerSharedStringTypes$Text:zA
CreateAscColor:U2
EChartBarGrouping$chartbargroupingStandard:aX
check_table_dir:Yk
FT_ENCODING_UNICODE:Xt
oDecodeGeneralFormatCache:ad
c_oSer_DateGroupItem$Month:yD
g_fontManager:I2
UndoRedoData_SortData:eN
PS_ParserRec:Ek
BinaryPPTYLoader:uP
JSCompiler_StaticMethods_Select_DrawingObject:s1
ETableStyleType$tablestyletypeSecondRowSubheading:MG
Move_CVT:Tp
JSCompiler_StaticMethods_AddRect3:B2
JSCompiler_alias_NULL:w
c_oSer_ChartType$Legend:xV
parserFormula:My
JSCompiler_StaticMethods_Is_DrawingShape:C0
JSCompiler_StaticMethods_Is_StartFromNewPage:n1
JSCompiler_StaticMethods__foreach:CM
JSCompiler_StaticMethods_getElement:Ly
ScrollOverType$NONE:cP
TYPE_TRACK_SHAPE:BP
FT_GLYPHLOADER_CHECK_POINTS:lh
ft_bitmap_glyph_copy:Ag
c_oSer_Top10$Top:ND
EHorizontalAlignment$horizontalalignmentJustify:eG
JSCompiler_StaticMethods_checkColor:cu
ps_parser_to_token_array:gk
JSCompiler_StaticMethods__sendCanUndoRedo:vN
c_oMainTables$ThemeRels:aV
c_oAscError$ID$Unknown:r3
c_oAscColor$COLOR_TYPE_SRGB:T2
EBorderStyle$borderstyleMediumDashDot:GF
c_oSer_SortState$Ref:XC
rx_number:gy
c_oSerBorderTypes$Bottom:Gz
nSldLtTChart:mR
opcode_length:yo
CHyperlink:JS
UndoRedoDataAddObject:PN
ft_outline_glyph_transform:Ig
_ph_summ__tx_and_clip_art:uS
EBorderStyle$borderstyleNone:JF
EPageOrientation$pageorientLandscape:rG
FT_TT_CMAP_CLASSES_GET:kn
cCharDelimiter:CJ
cff_expert_encoding:sr
CHtmlPage:z2
CTableMeasurement:rU
JSCompiler_StaticMethods_getIDAbsolute:vV
border_None:rV
JSCompiler_alias_FALSE:A
JSCompiler_StaticMethods_Check_Hyperlink2:r1
c_oSerWorksheetPropTypes$State:jB
c_oAscServerError$VKey:Lb
c_oAscObjectLockState$On:Ha
c_oSer_SheetView$ShowRowColHeaders:sF
t1_cmap_std_char_next:Oj
JSCompiler_StaticMethods__compileSetHeaderBorder:sI
STATES_ID_SPLINE_BEZIER4:fY
c_oAscError$ID$FileVKey:A3
STATES_ID_SPLINE_BEZIER5:gY
ps_unicodes_init:Ti
STATES_ID_SPLINE_BEZIER2:dY
c_oSerRowTypes$CustomHeight:EB
STATES_ID_SPLINE_BEZIER3:eY
JSCompiler_StaticMethods_Can_Redo:yN
JSCompiler_StaticMethods_AddAdj:gT
L 0:a
c_oSer_BasicChartType$Grouping:gW
L 1:d
GX_FVar_Head:bq
c_oSerWorksheetsTypes$ConditionalFormatting:eB
X_Left_Margin:x0
L 2:f
L 3:g
c_oAscFontRenderingModeType$hinting:UO
ParaEmpty:X_
JSCompiler_StaticMethods_createWorksheet:rK
c_oSer_TableColumns$TableColumn:QC
L 9:u
JSCompiler_StaticMethods_Set_DocumentPrev:K1
ETableStyleType$tablestyletypeLastTotalCell:GG
L 8:t
monthShort:hc
c_oSerXfsTypes$BorderId:Xz
c_oSer_PrintOptions$Headings:BC
L 7:q
L 6:p
L 5:m
c_oSerWorksheetsTypes$MergeCells:RA
L 4:h
historyitem_Worksheet_AddRows:rL
CDocumentBorder:lU
JSCompiler_StaticMethods__setScrollerHW:gP
historyitem_Worksheet_CreateRow:NL
tt_cmap14_ensure:um
cff_decoder_parse_charstrings:ss
EHorizontalAlignment$horizontalalignmentFill:cG
Write_CVT_Stretched:Pp
JSCompiler_StaticMethods_onEndTriggerAction:$K
getFullImageSrc:fe
TT_Header:Sh
cElementType$empty:jx
ps_table_funcs:Ik
DoNullBitmap:yg
EChartAxPos$chartaxposLeft:DW
g_dKoef_in_to_mm:zv
CGradFill:ZP
JSCompiler_StaticMethods__foreachIndex:FM
_rect:hv
JSCompiler_StaticMethods_setColBestFit:FL
CellValueType:oa
c_oAscLockTypes$kLockTypeMine:nf
JSCompiler_StaticMethods__calsScientific:Nc
historyitem_Cell_Numformat:gM
CMatrixL:qv
JSCompiler_StaticMethods__MouseHoverOnScroller:mP
STATES_ID_RESIZE_IN_GROUP:ZX
JSCompiler_StaticMethods_getWrap:hw
CorrectAscColor:CI
CDrawingPage:M2
c_oAscAsyncAction$LoadDocumentFonts:M3
c_oAscServerError$Convert:zb
UndoRedoData_FromTo:yK
UndoRedoData_ClrScheme:FN
create_t1_field5:Dk
numbering_presentationnumfrmt_ArabicParenR:v_
c_oAscError$ID$FrmlWrongOperator:Ny
create_t1_field4:Ck
g_oDefaultAlign:oH
c_oSerStylesTypes$Fonts:wz
c_oAscError$ID$ConvertationError:w3
Ins_UNKNOWN:pp
T1_Get_Private_Dict:Ws
ImageLoadStatus$Complete:fv
PreMoveState:sY
nSldLtTTwoObjAndObj:FR
recalc:QJ
c_oSerSheetFormatPrTypes$DefaultColWidth:vB
c_oMainTables$ViewProps:SU
vmerge_Restart:pU
_iup_worker_interpolate:sp
JSCompiler_StaticMethods__getRowNoEmpty:Gw
c_oAscChartStyle$Standart:Oa
c_oSerDefinedNameTypes$Name:IA
c_oSer_TableStyle$Pivot:ZD
tt_cmap4_char_next:Zl
rx_test_ws_name:ue
MIN_SHAPE_SIZE_DIV2:o2
JSCompiler_alias_TRUE:v
parserHelper:py
c_oSer_SortState$SortCondition:$C
UndoRedoDataAddAdjustment:KN
fntStyleInd_none:JQ
tt_face_load_font_dir:Zk
TT_CallRec:eo
FT_PEEK_USHORT_LE:Yf
EChartBasicTypes$chartbasicRadarChart:TW
JSCompiler_StaticMethods_RGB2HSL:zI
CalculateAhXYList:GT
CCellStyles:GI
FT_ENCODING_NONE:Yt
tt_face_load_maxp:dl
c_oSerWorksheetColTypes$Max:mB
T1_Set_MM_Design:lt
JSCompiler_StaticMethods_setRowHeight:Bw
EHorizontalAlignment$horizontalalignmentRight:gG
FT_Service_TTCMapsRec:Bf
CShape:kR
tt_face_free_charmap_stub:Sm
Current_Ppem:Cp
JSCompiler_StaticMethods_Get_AllTableStyles:RZ
JSCompiler_set:ca
JSCompiler_StaticMethods_getExcelDate:Ix
CBulletSize:VS
FT_CMap_ClassRec:vi
cFormulaOperators:xy
Binary_TableReader:EH
PreChangeAdjInGroupState:GY
JSCompiler_StaticMethods_getSlaveEdges2:KJ
historyitem_RowCol_Fontsize:YI
NvPr:qQ
_infos$$inline_1149:Pv
OverlayObject:j2
checkDataRange:Jd
CGlobalMatrixTransformer:rv
CGrState:vv
nSldLtTSecHead:AR
JSCompiler_StaticMethods_shiftFormat:Yc
JSCompiler_StaticMethods_getID:te
c_oAscError$ID$UserCountExceed:D3
tt_face_lookup_table:Xk
numbering_lvltext_Text:f_
FontStyle$FontStyleItalic:ru
nSldLtTTxAndChart:JR
CBg:cR
JSCompiler_StaticMethods_TurnOn:rw
c_oSerXfsTypes$ApplyFont:Vz
CParaLineMetrics:d2
JSCompiler_StaticMethods_Create_Table_Lined:PZ
c_oSer_ChartSeriesMarkerType$Size:tW
BinaryChartWriter:wH
EquatingOutline:ai
cBaseType:Hx
JSCompiler_StaticMethods_getElementRowCol:Ky
g_oDefaultBorder:mH
CellXfs:NH
c_oSer_ConditionalFormattingIconSet$Percent:lF
FT_MulDiv:tg
Round_Super_45:Wo
ETableStyleType$tablestyletypeSecondRowStripe:LG
c_oAscLockTypeElem$Sheet:Ww
ETableStyleType$tablestyletypeFirstColumnStripe:vG
EChartBasicTypes$chartbasicDoughnutChart:UW
c_oAscHyperlinkType$WebLink:fO
g_sNewSheetNamePattern:AJ
JSCompiler_StaticMethods_getRange3:uw
CParaSpacing:c_
JSCompiler_StaticMethods_getRange2:Rd
asc_CChartFont:xe
EUnderline$underlineDoubleAccounting:OF
T1_Face_Done:ct
tt_cmap4_char_index:Yl
JSCompiler_StaticMethods_createCellOnRowColCross:IM
CDocumentPage:f2
CreateUniColorRGB:SP
c_oAscObjectLockState$No:Ga
sfnt_service_bdf:Xm
PS_Conv_ToInt:tj
c_oSerXfsTypes$ApplyAlignment:Sz
AFM_ValueRec:vj
CShapeDrawer:nZ
c_oAscSelectionType$RangeCol:$N
TT_Round_To_Grid:Xn
tt_name_entry_ascii_from_other:fn
c_oAscMergeOptions$MergeCenter:WM
JSCompiler_StaticMethods_Get_FontKoef:$Z
c_oSer_ChartLegendType$LegendPos:EV
JSCompiler_StaticMethods_Internal_CompareBrd:$1
afm_stream_read_string:Bj
cff_index_get_sid_string:Cr
JSCompiler_StaticMethods_DeserializeHistory:EK
c_oSerFontTypes$Color:nA
CTableStyleElement:OH
ps_parser_skip_PS_token:dk
align_Justify:xU
PS_Conv_ToFixed:uj
historyitem_Worksheet_SetViewSettings:hL
char9:Vv
CBulletTypeface:ZS
ReadObjectString:JT
JSCompiler_StaticMethods__getHyperlinks:ZM
ft_qsort:Qi
charA:Qv
c_oSerStylesTypes$Font:xz
JSCompiler_StaticMethods_promote:hN
CGrState_Pen:Dv
PS_Conv_Strtol:sj
c_oSer_SortState$CaseSensitive:YC
SHAPE_ASPECTS:n2
JSCompiler_StaticMethods_AddHandleXY:hT
docpostype_Content:M0
nSldLtTObjAndTx:vR
CreateGeometry:xP
para_InlineBreak:G_
T1_FieldRec:Ak
T1_Read_Metrics:Ns
c_oSerWorksheetsTypes$SheetView:gB
ClrMap:UQ
GroupState:EY
JSCompiler_StaticMethods_getCell2:wK
c_oSerTableTypes$Styles:mz
Num:RH
c_oSer_Dxf$NumFmt:TD
Project_y:Fo
Project_x:Eo
SplineBezierState:QY
historyitem_AutoShapes_Extents:pN
FT_Error:Pf
c_oSer_FilterColumn$ColId:iD
JSCompiler_emptyFn:ba
gray_split_cubic:vn
ReadDefTableStyles:qI
sfnt_done_face:nn
STATES_ID_PRE_MOVE_IN_GROUP:$X
historyitem_Worksheet_MoveRange:TL
gray_render_scanline:Gn
ps_get_standard_strings:Xi
c_oSerWorksheetsTypes$Row:UA
UndoRedoClassTypes:IK
FT_Library:zt
JSCompiler_StaticMethods_getRow0:Cw
EChartBarDerection$chartbardirectionCol:XW
JSCompiler_StaticMethods__getRangeType:GM
char0:Uv
T1_EncodingRec:ij
ETableStyleType$tablestyletypeThirdColumnSubheading:PG
c_oSer_PageMargins$Header:wC
Ins_MIAP:yp
JSCompiler_StaticMethods_getAlignVertical:jw
charz:Tv
c_oSer_DrawingType$From:uH
afm_key_table:Cj
JSCompiler_StaticMethods_Get_CompiledPr2:W0
shd_Clear:jU
FT_New_Size:At
nVertTThorz:HS
T1_Set_MM_Blend:kt
Current_Ratio:Dp
CParaRecalcInfo:O0
t1_builder_close_contour:uk
Direct_Move:Io
c_oSer_BasicChartType$Seria:jW
historyitem_Cell_AlignHorizontal:rM
JSCompiler_StaticMethods_getMousePosition:jP
EUnderline$underlineNone:PF
rx_operators:Ox
Binary_CommonReader:FH
EPageOrientation$pageorientPortrait:sG
FT_Vector_Length:zn
TBand:Fn
c_oSerRowTypes$Style:zB
PreResizeState:rY
_ph_summ__tbl:oS
CRasterHeapLineFree:fu
JSCompiler_StaticMethods_setConditionalFormattingStyle:yM
cError:S
CreateDefaultShapeStyle:NQ
charZ:Rv
PS_Table_FuncsRec:yk
JSCompiler_StaticMethods_getCells:Ze
CColor:Ed
c_oSerBorderTypes$Diagonal:Hz
load_format_25:ql
c_oSerBorderTypes$End:Iz
c_oSer_TableStyleInfo$Name:LC
dublicate_bbox:$h
chara:Sv
c_oSer_ChartLegendLayoutType$HMode:NV
BorderProp:EI
X_Right_Margin:y0
c_oSer_ChartCatAxType$TitleTxPrPptx:cW
tt_cmap6_char_next:am
tt_cmap12_char_next:lm
Load_SBit_Image:Il
chars:Xv
g_anchor_bottom:x2
_ph_summ__two_col_tx:qS
load_format_20:pl
charp:Wv
NumComporationOperators$less:sc
c_oMainTables$ImageMap:bV
c_oAscChartType$hbar:ra
CFF_Driver_Class:Gs
ScrollArrowType$ARROW_RIGHT:ZO
FT_GlyphLoader_New:dh
asc_CChartLegend:oe
SLIDE_KIND:EP
UndoRedoData_FromToCell:UL
TT_Validator:Ll
BULLET_TYPE_COLOR_NONE:NS
FT_CFF_CMAP_ENCODING_CLASS_REC_GET:Xr
align_Left:yU
CSysColor:Nu
JSCompiler_StaticMethods_Numbering_Get:BZ
FT_Common:sf
phType_media:zQ
JSCompiler_StaticMethods_rebuild:yI
Load_Glyph:Lq
phType_tbl:EQ
c_oSer_CommentData$Solved:CE
numbering_presentationnumfrmt_Char:t_
FT_Smooth_Renderer:Tn
historyitem_AutoFilter_Add:qw
c_oSerPropLenType$Three:qV
c_oAscChartSubType$normal:wa
tt_face_load_gasp:kl
JSCompiler_StaticMethods_AddPathCommand:Z
CIdCounter:IO
ft_smooth_init:On
FT_Select_Size:Bt
CXfrm:zP
JSCompiler_StaticMethods__compileSetBorder:tI
CPresentationBullet:C_
c_oSer_TableStyleInfo$ShowRowStripes:NC
afm_parse_kern_data:Kj
cff_font_load:Ir
DrawingObjectsController:rf
phType_hdr:yQ
CalculateGuideLst:CT
historyitem_RowCol_Angle:kJ
c_oAscLockTypes$kLockTypeOther:of
ft_var_readpackedpoints:cq
c_oSer_ColorObjectType$Theme:oC
PS_DesignMapRec:cj
BinarySharedStringsTableWriter:eH
c_oSer_TablePart$TableStyleInfo:JC
JSCompiler_StaticMethods_getRadius:dX
FT_Outline_Check:Bi
DecodeGeneralFormat:Oc
BinaryOtherTableWriter:CH
Ins_SxVTL:Ao
cElementType$cell:lx
CTheme:$Q
JSCompiler_StaticMethods__RecalculatedFunctions:UJ
c_oAscCleanOptions$All:ZN
JSCompiler_StaticMethods_AddRectDash:F2
CNvPr:pQ
c_oSerWorkbookTypes$WorkbookView:CA
JSCompiler_StaticMethods_DrawLeftBars:hX
cErrorType$getting_data:yx
c_oSer_CellStyle$Hidden:vF
c_oSer_DrawingFromToType$Col:YB
c_oSer_OtherType$EmbeddedFonts:jC
ParaInlineBreak:V_
tt_face_set_sbit_strike:yl
gr_state_state:Cv
Numbering_Number_To_Roman:j_
phType_dgm:vQ
Round_To_Grid:Qo
sfnt_service_glyph_dict:Tm
JSCompiler_StaticMethods_HSL2RGB:BI
historyitem_RowCol_FontAlign:dJ
tt_face_get_ps_name:tl
FT_Add64:og
c_oAscServerError$StorageWrite:ub
rgRows:by
JSCompiler_StaticMethods_getArrGraphicObjects:uY
JSCompiler_StaticMethods__removeRows:iL
TT_NameEntryRec:zh
c_oSer_TableStyles$DefaultTableStyle:UD
c_oAscPageOrientation$PageLandscape:sH
PolylineForDrawer:r2
FORMULA_TYPE_PIN:tT
c_oSer_ConditionalFormattingRule$IconSet:bF
JSCompiler_StaticMethods_Set_PageBreakBefore:Q1
nSldLtTTxAndTwoObj:NR
TT_Postscript:Wh
JSCompiler_StaticMethods__getCellNoEmpty:fz
c_oSer_ConditionalFormattingDataBar$MaxLength:gF
t1_keywords:ot
Ins_ROUND:Ep
FT_SFNT_SERVICES_GET:on
ECellAnchorType$cellanchorOneCell:WF
ParaCommentEnd:J0
t1_get_index:Js
c_oSer_DrawingType$PicSrc:zH
align_Center:wU
JSCompiler_StaticMethods_DrawVBars:uX
c_oSerConstants$ErrorUnknown:mV
c_oSerFormulaTypes$Aca:LB
c_oAscCellEditorState$editText:eO
gc_nMaxCol0:qH
JSCompiler_StaticMethods_getAlignHorizontalByValue:TM
c_oAscCellAnchorType$cellanchorTwoCell:Xa
t1operator_seac:xk
JSCompiler_StaticMethods_shiftCells:az
c_oSer_AutoFilter$FilterColumn:gD
NumComporationOperators$equal:qc
ft_char_table:rj
c_oSer_CommentData$UserName:AE
FT_Load_Glyph:Kt
RotateInGroupState:OY
CDocumentShd:iU
c_oSer_ChartCatAxType$Delete:$V
c_oAscFileType$PDFPRINT:H3
t1_cmap_standard_class_rec:Pj
FONT_ITALIC_ANGLE:Pt
historyitem_DrawingLayer:Fe
tt_service_truetype_engine:wq
numFormat_Second:Zb
CImage:Le
JSCompiler_StaticMethods_getCol0:Dw
ExtraClrScheme:VQ
EVerticalAlignment$verticalalignmentCenter:jG
c_oSer_ConditionalFormattingDataBar$ShowValue:iF
phType_dt:wQ
numFormat_Bracket:Pb
CellFormat:Wc
tt_face_vary_cvt:kq
JSCompiler_StaticMethods__foreachNoEmpty:Ay
SplineBezierState5:ZY
SplineBezierState4:YY
SplineBezierState3:WY
SplineBezierState2:VY
ft_smooth_render_generic:Un
nSldLtTTitleOnly:CR
c_oSer_FilterColumn$Top10:oD
JSCompiler_StaticMethods_drawStrokeFillStyle:R2
c_oSerWorksheetColTypes$CustomWidth:qB
c_oSerStylesTypes$NumFmts:yz
Move_Zp2_Point:jp
c_oAscServerError$ConvertDownload:Ab
TT_Round_Super:ao
t1_cmap_expert_class_rec:Qj
ColorManager:DI
c_oSer_CommentData$Text:xE
EGlyphState$glyphstateDeafault:Tt
FormatParser:jd
UndoRedoData_FromToRowCol:oL
FT_GlyphLoad:ah
c_oSer_DateGroupItem$Day:vD
TTC_HeaderRec:vh
historyitem_Workbook_SheetMove:xK
FT_Incremental_MetricsRec:di
tt_face_load_cvt:iq
CNumbering:yZ
TextListStyle:eT
phType_pic:BQ
historyitem_Worksheet_ColProp:CL
JSCompiler_StaticMethods_RecalcScroller:hP
CARD_DIRECTION_N:jZ
BULLET_TYPE_SIZE_NONE:RS
CArrowDrawer:fP
c_oAscLockTypeElem$Object:mf
cff_builder_add_point1:gs
c_oAscAsyncAction$Open:j3
ft_outline_glyph_prepare:Ng
cff_cmap_unicode_class_rec:Mr
JSCompiler_StaticMethods__arrowUpMouseDown:rP
T1_Driver_Done:gt
c_oMainTables$Presentation:RU
CSchemeColor:Dd
COLOR_TYPE_PRST:Hu
c_oSerWorkbookTypes$DefinedNames:DA
MATRIX_ORDER_PREPEND:kv
T1_BuilderRec:Fk
TT_CMapInfo:Af
JSCompiler_StaticMethods_isGeneralFormat:Zc
historyitem_Cell_SetFont:hM
JSCompiler_StaticMethods__checkCurPoint:xN
c_oAscTransactionState$Start:Ra
tt_cmap13_init:nm
CLvlText_Num:l_
t1_builder_add_contour:sk
border_Single:mU
EChartLegendPos$chartlegendposBottom:JW
cff_parse_integer:gr
CRasterHeapLine:hu
UndoRedoDataGraphicObjects:GN
c_oAscLockTypeElemSubType$InsertRows:Uw
Ins_SHP:up
tt_service_gx_multi_masters:yq
TrackNewShapeState:CY
_cff_check_points:es
Ins_SHZ:wp
c_oSerTableTypes$CalcChain:pz
CreateAscStroke:e3
c_oAscChartType$bar:qa
CChartData:Hd
fonthint_Default:XZ
JSCompiler_StaticMethods_setOffsetLast:OI
JSCompiler_StaticMethods_setGuideValue:LT
JSCompiler_StaticMethods_DeserializeData:JK
FT_GlyphLoader_Adjust_Points:hh
FORMULA_TYPE_PLUS_DIV:lT
STATES_ID_MOVE:QX
DefinedName:YH
c_oAscError$ID$VKeyEncrypt:B3
c_oAscPrintDefaultSettings$PageWidth:UK
gc_nMaxRow0:TI
numbering_lvltext_Num:g_
g_nColorHyperlinkVisited:wI
c_oSerStylesTypes$Borders:qz
AddPolyLine2State2:dZ
AddPolyLine2State3:eZ
UndoRedoDataGOSingleProp:IN
cff_charset_compute_cids:Er
c_oAscMouseMoveType$Comment:NO
tt_face_load_os2:hl
c_oAscSortOptions$Ascending:dN
StyleRef:IQ
JSCompiler_StaticMethods__removeCols:tL
JSCompiler_StaticMethods_Internal_FindBackward:p1
ps_unicode_value:Oi
Ins_SHC:vp
c_oSer_FilterColumn$DateGroupItem:lD
historyitem_Workbook_SheetAdd:tK
ft_synthesize_vertical_metrics:Gi
hsvToRgb:wX
map_prst_color:HP
c_oSerXfsTypes$XfId:bA
tt_cmap13_next:om
c_oSer_TableStyle$Elements:aE
JSCompiler_StaticMethods_Internal_CalculateTextPr:U0
JSCompiler_StaticMethods_getexploded:sX
g_oCellAddressUtils:qy
TT_Set_CodeRange:to
CFF_SizeRec:Nr
JSCompiler_StaticMethods_getColLetter:Zy
SplineCommandLineTo:UY
cff_size_select:Rr
c_oSer_TableStyleInfo$ShowLastColumn:PC
FT_GlyphSlot:mi
c_oSer_ChartSeriesDataLabelsType$ShowVal:vW
_cmap_classes$$inline_556:Pk
JSCompiler_StaticMethods_GetCoordinates:qX
c_oAscFontRenderingModeType$noHinting:HO
ft_extra_glyph_names:Si
tt_size_select:Rq
PARRUN_TYPE_FLD:fT
FONT_TYPE_ADDITIONAL:Vu
shd_Nil:GZ
cff_get_kerning:us
nSldLtTVertTx:RR
c_oSerPropLenType$Long:bH
JSCompiler_StaticMethods__moveRange:SL
g_nColorTextDefault:uI
para_PageNum:K_
c_oSer_ChartType$Title:yV
ETableStyleType$tablestyletypeFirstColumnSubheading:wG
c_oSerRowTypes$Cells:CB
EHorizontalAlignment$horizontalalignmentGeneral:dG
JSCompiler_StaticMethods__cloneMultiText:pJ
Ins_SFVTCA:mp
WriteObjectString:IT
FONT_TYPE_EMBEDDED:Xu
RotateTrackShapeImageInGroup:sZ
CRasterHeapTotal:ku
para_Drawing:J_
t1_service_kerning:tt
COLOR_TYPE_SCHEME:Ju
CFF_FontRecDictRec:Zq
X_Right_Field:CS
cFormulaFunction:yy
JSCompiler_StaticMethods_drawCrop:eu
c_oAscServerError$VKeyKeyExpire:Nb
ScrollObject:GO
numbering_presentationnumfrmt_AlphaUcPeriod:B_
styletype_Numbering:JZ
SplineBezierState33:TY
DrawScatterChart:Xd
JSCompiler_StaticMethods__generateFontMap:HI
JSCompiler_StaticMethods_setColWidth:zL
JSCompiler_StaticMethods_Set_Ind:u1
nSldLtTObjOnly:wR
T1_GlyphSlot_Done:at
CHist_Clip:Fv
c_Date1904Const:Cx
VERTICAL_ANCHOR_TYPE_CENTER:FS
JSCompiler_StaticMethods_isTextFormat:$c
JSCompiler_StaticMethods__foreachRow:DM
JSCompiler_StaticMethods_Get_Props:B0
historyitem_Workbook_SheetRemove:AK
EBorderStyle$borderstyleMediumDashDotDot:HF
JSCompiler_StaticMethods__ZeroPad:Tc
fntStyleInd_minor:KQ
JSCompiler_StaticMethods_TurnOff:nw
c_oSer_DateGroupItem$DateTimeGrouping:uD
ps_parser_to_token:fk
historyitem_Cell_Strikeout:oM
sfnt_services:Ym
CParaInd:b_
c_oAscColor$COLOR_TYPE_SCHEME:Ow
JSCompiler_StaticMethods_setFormulaCA:eM
linerule_Auto:AU
FT_Stream2:oI
FT_CFF_SERVICES_GET:Es
CColorMod:Ou
ETableStyleType$tablestyletypeWholeTable:UG
tt_size_init:Iq
CAscColorScheme:O2
FORMULA_TYPE_MULT_DIV:jT
TT_NameTableRec:Ah
GraphicPicture:D0
PresentationSimpleSerializer:Au
cErrorType$wrong_value_type:wx
c_oAscServerError$StorageCreateDir:wb
JSCompiler_StaticMethods__FormatNumber:Pc
BinaryWorksheetsTableWriter:kH
c_oSer_DynamicFilter$Val:HD
CTextStyle:oQ
Ins_MDAP:qp
c_oSer_ChartSeriesNumCacheType$NumCache:yW
g_oUndoRedoRow:mJ
c_oSer_TableStyles$TableStyles:WD
tab_Clear:a_
JSCompiler_StaticMethods_Get_PageContentStartPos:X0
JSCompiler_StaticMethods_Internal_Content_Concat:B1
TGlyphBitmap:Vt
CGlyphData:bu
CCacheManager:L2
c_oAscChartSubType$stackedPer:ya
TT_MaxProfile:Yh
Round_To_Double_Grid:Uo
c_oSer_ChartLegendType$TxPrPptx:IV
t1_decoder_funcs:Kk
CStyle:gU
UndoRedoDataShapeRecalc:JN
ChangeAdjState:FY
c_oSerDefinedNameTypes$LocalSheetId:KA
JSCompiler_StaticMethods_Update_Position:w0
JSCompiler_StaticMethods_SerializeDataInner:AN
EVisibleType$visibleHidden:YF
TT_Save_Context:wo
cff_index_get_name:Br
CTextPr:FU
tt_cmap_classes:Wm
UndoRedoData_BBox:XL
_weight_body:SR
c_oSerXfsTypes$NumFmtId:$z
rx_LeftParentheses:hy
c_msPerDay:Fx
g_clr_hlink:SQ
tt_cmap8_char_next:cm
JSCompiler_StaticMethods_addTableName:Hw
c_oSerAligmentTypes$RelativeIndent:fA
JSCompiler_StaticMethods_Is_Inline:t0
g_oUndoRedoCell:uJ
TT_Round_Up_To_Grid:Zn
ScrollOverType$OVER:dP
FontCollection:WQ
T1_Driver_Init:ft
c_oSerCellTypes$Ref:GB
Ins_Goto_CodeRange:gp
TT_Load_Simple_Glyph:rq
c_oSerAligmentTypes$WrapText:jA
c_oAscBorderOptions$Right:uO
close:RT
LineEndType$Stealth:fQ
tt_face_load_strike_metrics:Al
g_nNumsMaxId:nH
cff_index_access_element:Ar
cff_slot_load:ts
JSCompiler_StaticMethods_Internal_Get_RealPos:D1
FONT_TYPE_STANDART:Wu
UndoRedoDataGOPairProps:HN
EChartBasicTypes$chartbasicLineChart:NW
JSCompiler_StaticMethods_trackMoveObjects:BX
JSCompiler_StaticMethods_Set_Type:QZ
ChartStyleManager:Ad
_ph_multiplier:cS
cExcelSignificantDigits:zx
JSCompiler_StaticMethods_trackAdjObject:AX
ft_standard_glyph_names:Hi
Border:SH
phType_ftr:xQ
tt_get_metrics_incr_overrides:nq
t1_cmap_custom_class_rec:Rj
cff_services:Ds
TT_Table:xh
JSCompiler_StaticMethods_highlight_segment:oX
CLvlText_Text:k_
styletype_Character:KZ
numbering_presentationnumfrmt_AlphaLcPeriod:z_
FORMULA_TYPE_AT2:oT
skip_literal_string:Xj
EChartBasicTypes$chartbasicPieChart:QW
tt_cmap14_variants:Dm
CRGBColor:Lu
g_stringBase64:Hv
BinaryFileWriter:DH
ft_recompute_scaled_metrics:Ct
c_oSerConstants$ReadUnknown:HH
historyitem_Worksheet_RemoveHyperlink:aN
c_oSer_FilterColumn$ShowButton:rD
STATES_ID_GROUP:TX
Normalize:Bo
c_oAscError$ID$No:s3
BULLET_TYPE_SIZE_PCT:TS
TT_VecLen:Co
JSCompiler_StaticMethods_getBold:OM
c_oSerBorderTypes$DiagonalUp:Oz
c_oSer_ChartSeriesType$Order:rW
nOTOwerflow:GS
c_oSer_PageSetup$Orientation:yC
asc_CChartAxisX:le
asc_CChartAxisY:ne
cElementType$array:px
c_oSerHyperlinkTypes$Location:tB
CorrectUniFill:a3
c_oAscChartDefines$defaultChartHeight:Za
CGrState_Brush:Ev
EBorderStyle$borderstyleSlantDashDot:KF
g_nHSLMaxValue:AI
CalculateAhPolarList:HT
CFF_FDSelectRec:ar
historyitem_RowCol_Fontname:XI
JSCompiler_StaticMethods_getNumFormat:wd
RotateTrackShapeImage:pZ
JSCompiler_StaticMethods_getFontname:LM
c_oSer_TableColumns$TotalsRowLabel:TC
historyitem_Worksheet_ShiftCellsBottom:cM
JSCompiler_StaticMethods_Apply:MP
JSCompiler_StaticMethods_onStartTriggerAction:ZK
ret$$inline_558:Qk
t1_builder_check_points:nk
c_oSer_TableColumns$CalculatedColumnFormula:WC
c_oAscMouseMoveType$LockedObject:LO
c_oSer_CustomFilters$CustomFilter:DD
cElementType$name:ox
cff_subfont_load:Hr
c_oSer_BasicChartType$DataLabels:kW
FT_NEXT_UOFF3:ag
tt_service_get_cmap_info:Vm
tt_size_done:Jq
c_oSer_TableStyleInfo$ShowColumnStripes:MC
tt_cmap2_char_next:Rl
JSCompiler_StaticMethods__foreachRowNoEmpty:gz
DrawLineChart:Sd
c_oSerConstants$ReadOk:GH
create_psnames_module:Zi
CFF_IndexRec:Wq
PolyLineAddState2:bZ
BinaryStylesTableWriter:fH
c_oSer_Comments$TopOffset:mE
TT_CMap4Rec:Sl
FT_SubGlyph:Zg
skip_procedure:ck
c_oSerWorksheetsTypes$SheetData:TA
vmerge_Continue:qU
TYPE_TRACK_GROUP:CP
c_oAscFontRenderingModeType$hintingAndSubpixeling:VO
FmtScheme:YQ
historyitem_Cell_Angle:wM
c_oSer_ChartType$ShowBorder:DV
c_oAscServerError$Upload:Eb
JSCompiler_StaticMethods_calc:lN
historyitem_RowCol_AlignHorizontal:fJ
c_oSer_ChartSeriesMarkerType$Symbol:uW
ParaText:AS
ETableStyleType$tablestyletypeThirdSubtotalRow:SG
JSCompiler_StaticMethods_clearTrackObjects:EX
RgbColor:Uc
cff_parser_run:mr
c_oAscError$ID$CannotMoveRange:oO
FormatObjScientific:Cc
numFormat_MonthMinute:bc
ResizeTrackGroup:mZ
historyitem_Worksheet_SetHyperlink:$M
c_oAscRecalcIndexTypes$RecalcIndexRemove:ex
g_oDefaultAlignAbs:iH
c_oAscAsyncAction$LoadImage:Re
tt_face_load_kern:Vk
TT_Set_MM_Blend:hq
JSCompiler_StaticMethods__prepareSetFont:KI
TT_OS2:Vh
TBBox:xu
para_PageBreakRendered:H_
c_oSer_Comments$Row:fE
c_oAscServerError$TaskQueue:lb
JSCompiler_StaticMethods_Set_WrappingType:q0
CSolidFill:Gu
c_oSerWorksheetsTypes$MergeCell:SA
FT_CharMapRec:ji
c_oSer_PrintOptions$GridLines:AC
asc_CChartSeria:pe
CBodyPr:nQ
ParaNewLineRendered:U_
c_oSer_Comments$CommentDatas:hE
ft_mac_names:Ii
ft_get_adobe_glyph_index:Ni
c_oAscChartType$pie:ta
_weight_title:bS
nSldLtTTwoColTx:DR
tt_face_load_hdmx:Bq
c_oSer_ChartLegendEntryType$Index:KV
c_oAscError$ID$FrmlWrongCountArgument:Ry
nTWTSquare:IS
T1_Open_Face:et
FILL_TYPE_SOLID:Fu
unLockDraw:NJ
CUniColor:Bd
GX_GVar_Head:aq
FILL_TYPE_GRAD:VP
TT_DotFix14:Oo
JSCompiler_StaticMethods_Internal_Content_RemoveAll:g2
JSCompiler_StaticMethods__arrowDownMouseDown:qP
PreRotateState:qY
JSCompiler_StaticMethods_Write_Lvl_ToBinary:p_
c_oAscError$ID$DataRangeError:Ld
ParaCollaborativeChangesEnd:H0
asc_CChartRange:je
c_oSer_FilterColumn$Filter:kD
FORMULA_TYPE_MAX:rT
ECellAnchorType$cellanchorAbsolute:VF
TT_BDFRec:Lh
tt_cmap8_char_index:bm
ETableStyleType$tablestyletypeFirstRowSubheading:zG
c_oEditorId:bb
c_oAscServerError$TaskResult:mb
getMaxPropertiesText:$d
ps_unicodes_char_index:Ui
compare_uni_maps:Pi
para_CollaborativeChangesEnd:N_
CCellValueMultiText:KH
c_oSer_Comments$LeftMM:rE
c_oSer_DynamicFilter$MaxVal:ID
cff_expertsubset_charset:qr
c_oSerWorksheetsTypes$Hyperlinks:PA
FT_NEXT_BYTE:Uf
g_clr_MAX:TQ
CMatrix:pv
c_oAscCellEditorState$editFormula:cO
c_oSer_OtherType$MediaId:hC
DefaultShapeDefinition:mQ
JSCompiler_StaticMethods_getUnderline:QM
STATES_ID_MOVE_IN_GROUP:aY
JSCompiler_StaticMethods_Interface_Update_ParaPr:x1
TT_SBit_StrikeRec:Jh
c_oAscCleanOptions$Format:BO
ft_module_get_service:Kf
rx_ref3D_quoted:fy
gr_state_brush:Bv
g_oDefaultFont:ew
ft_smooth_render:Pn
RGBToHSL:$T
CAscTexture:S2
FT_NEXT_ULONG:dg
c_oSer_DrawingFromToType$ColOff:ZB
ParaSpace:JU
JSCompiler_StaticMethods_insertWorksheet:vK
numFormat_DecimalFrac:Qb
CorrectUniColor:W2
_ph_summ_chart_and_tx:eS
c_oAscMouseMoveType$None:PO
ft_glyphslot_free_bitmap:Ei
JSCompiler_StaticMethods_isEmptyText:AH
EChartBasicTypes$chartbasicLine3DChart:OW
cErrorType$null_value:tx
Round_Super:Vo
CPrstColor:Iu
g_oDefaultNumAbs:hH
JSCompiler_StaticMethods_getValueWithFormat:Aw
numbering_presentationnumfrmt_RomanLcPeriod:x_
EChartLegendPos$chartlegendposRight:IW
c_oSer_ChartSeriesType$Tx:mW
c_oSer_ConditionalFormattingRule$Text:WE
c_oSer_SortState$ConditionRef:aD
CFF_PrivateRec:$q
c_oSer_AutoFilter$FilterColumns:fD
FileHandler:ga
_ph_summ__title_only:pS
Vertex:Vy
cff_face_done:Yr
FT_ENCODING_MS_SYMBOL:Zt
c_oSer_ConditionalFormattingRule$StdDev:UE
c_oSer_BasicChartType$BarDerection:fW
JSCompiler_StaticMethods_getAllCol:EL
c_oSer_ChartLegendLayoutType$XMode:SV
c_oAscServerError$ConvertUnknownFormat:Bb
DrawingObjectLayer:ce
c_oSerWorksheetsTypes$WorksheetProp:MA
JSCompiler_StaticMethods_Set_DrawingType:m0
global_SubpixHintingHacks:Wp
c_oAscObjectLockState$Off:Ia
xhrSupported$$inline_1139:Tu
JSCompiler_StaticMethods_default_tt:jo
g_sUploadServiceLocalUrl:ab
AFM_FontInfoRec:mj
PreRotateInGroupState:HY
c_oSer_ChartLegendLayoutType$YMode:UV
c_oMainTables$TableStyles:TU
Ins_NROUND:Fp
NumFormat:Hc
BULLET_TYPE_BULLET_BLIP:cT
c_oSer_ConditionalFormattingValueObject$Gte:oF
TFontCacheSizes:Qt
g_oUndoRedoWorksheet:fK
c_oSer_ChartSeriesNumCacheType$Formula:xW
JSCompiler_StaticMethods_miminizeMultiText:rJ
JSCompiler_StaticMethods_AddGuide:T
c_oSerStylesTypes$Xfs:tz
Page_Width:k0
JSCompiler_StaticMethods_Get_Default_Paragraph:UZ
c_oSer_CellStyle$XfId:yF
CTextParagraphPr:KS
cff_charset_load:Fr
JSCompiler_StaticMethods_getNext:mN
c_oSerStylesTypes$TableStyles:Cz
c_oSerFormat$Version:hz
GenerateDefaultColorMap:aK
CTableStyle:WH
Common_CopyObj:Pw
CalculateCnxLst:FT
c_oAscCoAuthoringDottedDistance:lf
cErrorType$unsupported_function:xx
CAbstractNum:m_
FT_Module_Class:Ai
gray_hline:In
c_oAscAsyncAction$Save:G3
c_oSer_ConditionalFormattingIconSet$CFVO:jF
ft_glyphslot_done:Fi
c_oSer_Comments$WidthMM:tE
generateColors:Yd
gc_nMaxCol:cz
EChartLegendPos$chartlegendposRightTop:KW
para_Tab:hV
UndoRedoDataAddHandleXY:MN
JSCompiler_StaticMethods_SetSelectionRedo:ow
c_oSer_ChartType$TitleTxPrPptx:CV
CAscShapeProp:f3
JSCompiler_StaticMethods_Get_Default_ParaList:TZ
c_oSer_DrawingType$Pic:yH
UndoRedoData_SheetAdd:uK
numFormat_Scientific:Rb
JSCompiler_StaticMethods_getUniqueSheetNameFrom:DK
TT_DefRecord:ko
cff_argument_counts:as
TT_SBit_MetricsRec:Gh
cff_sid_to_glyph_name:Lr
CTableRowPr:LZ
c_oSerWorksheetsTypes$Comment:dB
m_bands:Ln
c_oAscLockTypeElem$Range:Yw
c_oAscHyperlinkType$RangeLink:gO
Binary_CalcChainTableReader:kI
COLOR_TYPE_SRGB:Ku
JSCompiler_StaticMethods_Set_BehindDoc:r0
JSCompiler_StaticMethods_SerializeDataObject:BN
c_oSer_ConditionalFormattingRule$EqualAverage:NE
c_oAscServerError$Unknown:ib
TT_Load_Context:oo
tt_cmap0_char_index:Nl
Ins_MDRP:Lp
CCMapIndex:Nt
tt_face_load_hhea:nl
c_oSerTableTypes$SharedStrings:lz
c_oSerNumFmtTypes$NumFmtId:vA
TMetrics:vu
FT_PEEK_ULONG_LE:cg
c_oSer_Top10$Percent:MD
arrBaseColors:qd
JSCompiler_StaticMethods__prepareMoveRange:QL
CTextFit:Du
tt_cmap13_char_map_binary:pm
JSCompiler_StaticMethods_cleanAll:gf
CMemory:Jv
JSCompiler_StaticMethods_Set_EndPos:b1
JSCompiler_StaticMethods_Set_Distance:o0
pararecalc_0_All:q1
rx_error:ky
CRasterHeapChuck:ju
nSldLtTTxOverObj:OR
c_oSer_Top10$Val:OD
JSCompiler_StaticMethods_Set_Props:z0
c_oSerWorksheetsTypes$Worksheet:LA
BULLET_TYPE_BULLET_AUTONUM:bT
c_oSerWorksheetsTypes$Drawing:XA
PromoteHelper:iN
CFF_CharsetRec:Yq
TextAddState:tY
XYAdjustmentTrack:nY
ps_tofixedarray:ik
SlideLayout:xS
c_oAscChartLegend$left:za
FT_PEEK_String1:eg
c_oSerSheetFormatPrTypes$DefaultRowHeight:wB
FORMULA_TYPE_ABS:nT
JSCompiler_StaticMethods_setOffsetFirst:NI
sfnt_get_interface:pn
Paragraph:zS
JSCompiler_StaticMethods_setValueData:BM
c_oSer_Comments$HeightMM:uE
tt_cmap6_char_index:$l
JSCompiler_StaticMethods_Internal_SetLvl:o_
JSCompiler_StaticMethods_getMax:eX
c_oSer_DrawingFromToType$RowOff:aC
c_oAscError$ID$ConvertationTimeout:v3
fontslot_ASCII:wv
JSCompiler_StaticMethods_Check_NeedRecalc:AZ
JSCompiler_StaticMethods_insertColsBefore:wL
TT_RunIns:ro
cff_size_init:Qr
UndoRedoData_SheetRemove:BK
nSldLtTTbl:BR
phType_obj:AQ
tt_cmap14_char_map_def_binary:ym
g_oUndoRedoComment:kK
para_FlowObjectAnchor:L_
c_oMainTables$Core:QU
rx_RightParentheses:iy
CTableOutlineDr:J2
c_oSer_ChartType$Style:AV
DrawingObject:be
TT_Round_To_Double_Grid:Yn
c_oSer_Dxf$Alignment:PD
asc_CChart:he
TT_Goto_CodeRange:vo
c_oAscCellAnchorType$cellanchorOneCell:Wa
Base64Encode:Iv
historyitem_RowCol_SetStyle:SI
JSCompiler_StaticMethods_Concat:I1
JSCompiler_StaticMethods_Add_NewParagraph:DZ
JSCompiler_StaticMethods_Set_AllowOverlap:p0
FORMULA_TYPE_MIN:zT
g_clr_MIN:RQ
power_tens:hr
CGrState_State:Gv
ft_stub_set_char_sizes:rh
nSldLtTFourObj:rR
arrReverse:xd
JSCompiler_StaticMethods__checkCoord:uV
cArea:wy
rad2deg:ov
c_oSer_TableStyleElement$DxfId:cE
SetErrorAndReturn:Up
c_oSer_CustomFilters$Val:FD
c_oSer_BasicChartType$Type:eW
T1_Read_PFM:Ls
c_oAscPrintDefaultSettings$PageBottomField:SK
c_oSerFontTypes$Italic:oA
CAscFillBlip:X2
historyitem_AutoShapes_Child_Extents:rN
c_oSer_ConditionalFormattingRule$FormulaCF:aF
FontRef:LQ
JSCompiler_StaticMethods_setZIndex:h0
ft_outline_glyph_bbox:Lg
Ins_SFVTL:op
Ins_MD:Bp
CGs:YP
oNumFormatCache:cc
c_oSerWorksheetsTypes$Comments:cB
historyitem_AutoShapes_Child_Offset:qN
FT_CreateVectorArray:Xg
rx_ref3D_non_quoted:ey
JSCompiler_StaticMethods_handleEvents:pP
JSCompiler_StaticMethods_initGlobalObjects:cK
skip_spaces:Wj
JSCompiler_StaticMethods_moveCol:Yy
JSCompiler_StaticMethods_Internal_CompileParaPr:A1
t1_cmap_std_done:Mj
FT_GlyphLoadCur:bh
c_oSerFormulaTypes$Dtr:RB
EBorderStyle$borderstyleDashed:BF
ParaCommentStart:I0
c_oAscLayoutPageType$ActualSize:cw
FT_Outline_New_Internal:Eg
STATES_ID_POLY_LINE_ADD2:iY
CellValueType$String:la
JSCompiler_StaticMethods__addToFormat:Jc
FontStyle$FontStyleBold:qu
JSCompiler_StaticMethods_changeOffset:bz
FT_Raster_Params:ci
tab_Left:Z_
CDocumentColor:sV
JSCompiler_StaticMethods_getFormatByValue:Xc
para_CollaborativeChangesStart:M_
STATES_ID_ROTATE:JX
c_oSer_TableStyleInfo$ShowFirstColumn:OC
ETableStyleType$tablestyletypeFirstHeaderCell:xG
FT_CFF_SERVICE_PS_INFO_GET:ys
c_oSerFormulaTypes$Dt2D:QB
UndoRedoDataAddGeometryRect:QN
ft_trig_arctan_table:yn
FORMULA_TYPE_MOD:sT
JSCompiler_StaticMethods_Set_Shd:T1
contentchanges_Add:F1
historyitem_Worksheet_ShiftCellsLeft:WL
AddPolyLine2State:cZ
tt_cmap12_next:hm
_parser_funcs$$inline_552:Mk
rx_bool:ly
JSCompiler_StaticMethods__changeOffsetHelper:Wy
g_anchor_right:w2
historyitem_Workbook_SheetPositions:KK
Write_CVT:Sp
LineEndType$Diamond:dQ
Compute_Point_Displacement:hp
EBorderStyle$borderstyleDashDot:zF
FT_Generic:gi
c_oAscCoAuthoringOtherBorderColor:hf
c_oAscAsyncAction$SlowOperation:KO
_ph_summ__pic_tx:mS
gc_dDefaultColWidthCharsAttribute:pH
c_oAscDrawingLayerType$BringToFront:Ja
historyitem_DrawingObject_Remove:De
Row:fI
c_oAscChartLegend$top:Ca
c_oSer_ChartPlotAreaType$BasicChart:XV
tt_cmap14_variant_chars:Jm
GUID:eV
JSCompiler_StaticMethods_DrawSingleEvent:kX
FT_PIX_ROUND:jg
load_post_names:rl
TT_Driver:Vq
JSCompiler_StaticMethods_beginCommand:Nv
TT_GlyphZoneRec:Mh
JSCompiler_StaticMethods_Internal_FindForward:h1
JSCompiler_StaticMethods_wsRange:Fy
recalcresult_NextPage:d1
c_oSer_Filter$Val:tD
c_oSer_PageMargins$Right:uC
c_oAscTransactionState$No:Qa
tt_cmap4_init:Tl
create_cmap_class_rec:wi
c_oAscError$ID$FrmlWrongCountParentheses:Py
helpMinMax:RJ
c_oSerNumFmtTypes$FormatCode:uA
c_oAscError$ID$FrmlAnotherParsingError:Sy
c_oSer_CommentData$Document:EE
cff_get_interface:Fs
g_nodeAttributeEnd:Cu
BULLET_TYPE_TYPEFACE_NONE:WS
afm_stream_read_one:Aj
gray_set_cell:tn
JSCompiler_StaticMethods_Internal_GetEndPos:EU
CLn:lQ
c_oAscChartLegend$right:Ba
ReadObjectLong:PP
FT_ENCODING_APPLE_ROMAN:$t
ScrollOverType$ACTIVE:eP
c_oAscConfirm$ConfirmReplaceRange:pO
CLASS_TYPE_TABLE_ID:H2
c_oSerAligmentTypes$TextRotation:hA
Pop_Push_Count:zo
skip_comment:Vj
nSldLtTTitle:hR
EVerticalAlignRun$verticalalignrunBaseline:SF
PostMessageType$UploadImage:fb
numbering_presentationnumfrmt_AlphaLcParenR:y_
c_oSerWorkbookPrTypes$Date1904:FA
JSCompiler_StaticMethods_setBorderSrc:JM
Load_SBit_Const_Metrics:ul
t1_done_loader:pt
WriteObjectLong:OP
STATES_ID_NULL:HX
c_oSer_DrawingExtType$Cx:dC
JSCompiler_StaticMethods_getItalic:PM
c_oSerHyperlinkTypes$Hyperlink:sB
c_oSer_DrawingExtType$Cy:eC
CTableRowHeight:nU
Ins_GC:Ap
cd16:IP
UndoRedoData_SheetPositions:EN
JSCompiler_StaticMethods__readChar:Ic
CPage:N2
JSCompiler_StaticMethods_GetMax:fX
CPointer:Qf
c_oSerXfsTypes$FontId:Zz
cd13:JP
t1_standard_encoding:Ki
c_oSerStylesTypes$CellStyleXfs:Dz
JSCompiler_StaticMethods_Set_KeepNext:O1
c_oSer_ChartLegendEntryType$Delete:JV
tt_face_load_loca:Cq
tt_cmap4_next:Vl
JSCompiler_StaticMethods_Create_Table_Bordered:OZ
c_oAscBorderOptions$DiagD:qO
StyleManager:II
tt_face_load_sfnt_header_stub:Km
CFF_Field_Handler:er
c_oSerPropLenType$Variable:cH
c_oSer_AutoFilter$SortState:hD
cd23:KP
JSCompiler_StaticMethods_renameDependencyNodes:lL
g_oFormatParser:ld
JSCompiler_StaticMethods_DrawTicks:gX
sfnt_find_encoding:mn
c_oSer_ChartSeriesDataLabelsType$TxPrPptx:wW
_files$$inline_1148:Q
c_oSerFormulaTypes$Ref:UB
TT_Access_Glyph_Frame:oq
c_oAscBorderOptions$DiagU:rO
TT_CodeRange:lo
HitInBezier4:XT
ft_service_list_lookup:Df
c_oSerWorksheetsTypes$PageMargins:YA
c_oSer_ConditionalFormatting$ConditionalFormattingRule:JE
rx_name:ny
WRAPPING_TYPE_THROUGH:f0
tt_cmap4_char_map_linear:Wl
g_font_detector:S_
_weight_tbl:aS
TYPE_TRACK_GROUP_PASSIVE:DP
c_oSer_FilterColumn$ColorFilter:nD
Load_SBit_Range_Codes:vl
CCacheImage:K2
historyitem_AutoFilter_Sort:ww
c_oSerHyperlinkTypes$Ref:rB
JSCompiler_StaticMethods_Style_Add:X1
FORMULA_TYPE_CAT2:pT
c_oAscPrintType$EntireWorkbook:SO
ParaPageNum:E0
cff_parse_fixed_scaled:lr
X_Left_Field:BS
para_Space:gV
c_oSer_OtherType$Media:fC
Y_Top_Field:DS
_ph_summ_four_obj:gS
EVerticalAlignment$verticalalignmentTop:mG
asc_CChartHeader:ie
create_cff_field:fr
rgbToHsv:xX
TGlyph:wu
CTableId:JO
c_oAscPrintDefaultSettings$PageHeight:VK
c_oAscCanChangeColWidth$numbers:XJ
c_oAscError$Level$NoCritical:Md
FT_Get_Charmap_Index:Gt
cff_fd_select_get:Dr
c_oSerSheetFormatPrTypes$BaseColWidth:xB
c_oSer_DrawingPosType$Y:cC
c_oSer_DrawingPosType$X:bC
MoveShapeImageTrack:rZ
c_oSer_TableStyleElement$Size:dE
CAscFillSolid:Y2
t1_get_glyph_name:Sj
HitToArc:WT
_ph_summ_chart:dS
c_oSer_ChartCatAxType$TitlePptx:bW
Ins_SPVTCA:lp
c_oSer_DrawingType$Pos:hI
ft_outline_glyph_class:Pg
phClr:QP
CFF_FontRec:cr
c_oSerWorksheetColTypes$Hidden:lB
MoveState:DY
historyitem_RowCol_Bold:$I
c_oSerXfsTypes$ApplyFill:Uz
JSCompiler_StaticMethods_Is_On:QI
CAnchorPosition:c0
JSCompiler_StaticMethods_fromShape:oZ
ThemeColor:Lw
gc_nMaxMantissa:pc
cElementType$bool:hx
STATES_ID_ADD_PPOLY_LINE22:kY
historyitem_Worksheet_RowProp:IL
STATES_ID_ADD_PPOLY_LINE23:lY
FT_Outline_Get_CBox:Mg
c_oSer_ChartSeriesType$OutlineColor:oW
cff_slot_done:Tr
selectionflag_Common:zZ
g_oDefaultBorderAbs:gH
c_oSerFormulaTypes$Bx:MB
c_oAscFileType$INNER:L3
FT_CFF_SERVICE_GET_CMAP_INFO_GET:Bs
c_oSerFontTypes$VertAlign:tA
FT_Service_MultiMastersRec:vf
__FT_CharmapRec:ui
c_oSer_TablePart$Table:CC
c_oAscAdvancedOptionsAction$Save:F3
c_oSerBorderTypes$Start:Kz
formulaToRange:sd
CAscColor:Nw
JSCompiler_StaticMethods_Internal_Content_Remove2:Q0
JSCompiler_StaticMethods_getMainGroup:iZ
CAscThemeInfo:fU
FT_SFNT_INTERFACE_GET:qn
JSCompiler_StaticMethods_Set_WidowControl:N1
c_oAscServerError$StorageGetInfo:yb
CellValueType$Bool:ma
psaux_interface:Lk
ft_bitmap_glyph_bbox:Cg
break_Line:MU
nSldLtTMediaAndTx:sR
JSCompiler_StaticMethods_Hue_2_RGB:NP
phType_body:rQ
c_oSer_BasicChartType$Overlap:hW
c_oSer_PageMargins$Footer:xC
JSCompiler_StaticMethods_Set_KeepLines:P1
ETableStyleType$tablestyletypeSecondColumnSubheading:KG
JSCompiler_StaticMethods_DrawSegment:lX
t1_builder_funcs:lk
JSCompiler_get:B
historyitem_Cell_Fontname:iM
cff_size_request:Sr
T1_New_Parser:Vs
c_oSer_ConditionalFormattingDataBar$CFVO:eF
c_oAscCoAuthoringLockTablePropertiesBorderColor:jO
align_Right:zU
c_oSer_TableStyleElement$Type:eE
c_oMainTables$NotesSlides:ZU
c_oSerTableTypes$Worksheets:oz
c_oAscError$ID$KeyExpire:C3
g_oThemeColorTint:Mw
UndoRedoAutoFilters:oK
g_oDefaultFill:lH
c_oSerRowTypes$Height:AB
tt_face_free_eblc:xl
nSldLtTTwoObj:ER
UndoRedoComment:lK
c_oSer_TableColumns$TotalsRowFunction:UC
ParaHyperlinkStart:HU
SetSuperRound:ep
JSCompiler_StaticMethods_DrawChart:pX
historyitem_Worksheet_Unmerge:YM
TT_VertHeader:Uh
cErrorType$bad_reference:vx
STATES_ID_SPLINE_BEZIER33:cY
CNumPr:d_
JSCompiler_StaticMethods_setHidden:eL
DrawDefaultSelection:vY
c_oSerPropLenType$Double:dH
MASTER_KIND:GP
c_oSer_ChartType$TitlePptx:BV
JSCompiler_StaticMethods_RedoAdd:LK
FontScheme:XQ
REND_MODE:Ut
HF:aR
tt_face_load_sbit_stub:Pm
c_oSer_CalcChainType:lC
FT_Open_Args:ri
fontslot_CS:xv
c_oSerFormat$Signature:iz
c_oSer_FilterColumn$DynamicFilter:pD
JSCompiler_StaticMethods_getDateFromExcel:Jx
c_oAscServerError$ReadRequestStream:kb
nSldLtTObjOverTx:xR
tt_cmap13_char_next:rm
FT_MM_Axis:mh
g_anchor_left:u2
EChartBasicTypes$chartbasicScatterChart:SW
FT_GlyphLoader_CheckSubGlyphs:ih
tt_face_get_name:Zm
JSCompiler_StaticMethods_DeserializeDataInner:zN
tt_cmap14_def_char_count:Gm
tab_Center:a0
numFormat_Hour:Vb
cff_operator_seac:rs
CFontFile:Ot
tt_face_free_ps_names:sl
COverlay:Ie
c_oSer_TablePart$SortState:HC
c_oSer_ChartSeriesNumCacheType$NumCacheVal:zW
_ph_summ__two_obj_and_two_tx:sS
UndoRedoDrawingObject:mK
c_oSer_TablePart$Ref:DC
tt_cmap14_init:vm
EBorderStyle$borderstyleDashDotDot:AF
_strncmp:fg
CRasterDataInfo:gu
FT_Request_Size:Dt
CLang:YZ
BULLET_TYPE_COLOR_CLRTX:OS
JSCompiler_StaticMethods__shiftLeftRight:sL
FT_Glyph_Metrics:hi
tt_cmap0_char_next:Ol
c_oSer_AutoFilter$Ref:eD
UndoRedoDrawingLayer:nK
JSCompiler_StaticMethods__MouseHoverOnArrowUp:lP
CTableStylePr:kU
CFF_SubFontRec:br
FT_Outline_EmboldenXY:An
FT_Get_Glyph:It
FT_Multi_Master:qh
isRealNumber:ff
ETableStyleType$tablestyletypePageFieldValues:IG
_ph_summ__media_and_tx:hS
CTableStyles:rI
TT_SBit_LineMetricsRec:Hh
TT_GraphicsState:io
FT_Outline_Copy:Fg
b64_decode:Zv
JSCompiler_StaticMethods_makeSimpleText:yJ
c_oSerWorksheetsTypes$TableParts:bB
JSCompiler_StaticMethods_Interface_Update_TextPr:y1
tt_cmap14_char_index:wm
AA:cX
JSCompiler_StaticMethods_drawFillStroke:TT
getVertexId:LJ
JSCompiler_StaticMethods_getFontsize:MM
c_oSer_DrawingType$To:vH
FORMULA_TYPE_IF_ELSE:mT
day:jc
CBrush:jv
tt_cmap14_char_variants:Fm
FT_OutlineCur:Yg
FT_Outline:Wg
Dual_Project:Ho
ArcToCurvers:ST
historyitem_TableId_Add:tN
Ins_SVTCA:kp
CFF_Decoder_Zone:cs
ETableStyleType$tablestyletypeFirstColumn:uG
t1_cmap_std_char_index:Nj
historyitem_DrawingObject_Edit:Ee
JSCompiler_StaticMethods__getColNoEmpty:Ew
c_oSerBorderPropTypes$Style:Qz
FT_GlyphLoader_Rewind:gh
historyitem_Cell_FontAlign:pM
JSCompiler_StaticMethods_Read_Lvl_FromBinary:q_
c_oSer_TableStyles$TableStyle:XD
NumComporationOperators$lessorequal:wc
ETableStyleType$tablestyletypeFirstSubtotalRow:BG
JSCompiler_StaticMethods_Add_PresentationNumbering:v1
PARRUN_TYPE_BR:Qu
c_oSer_DrawingType$Chart:wV
_weight_subTitle:$R
rx_string:my
tt_service_truetype_glyf:xq
ft_bitmap_glyph_done:Bg
c_oSerFormulaTypes$Ca:NB
TT_Get_MM_Var:gq
rx_LG:Rx
c_oSerWorksheetPropTypes$SheetId:iB
BeginTrackNewShapeState:AY
CSpPr:yP
c_oSerSharedStringTypes$Si:wA
cToDeg:DT
TT_LoaderRec:Qh
JSCompiler_StaticMethods_DrawRightBars:iX
c_oSer_CommentData$Replies:FE
para_TextPr:iV
JSCompiler_StaticMethods_Internal_GetPage:G1
tt_face_find_bdf_prop:Uk
c_oAscChartType$line:pa
EChartLegendPos$chartlegendposTop:HW
sortDependency:VJ
ft_var_apply_tuple:fq
ParaTab:IU
c_oAscAdvancedOptionsAction$Open:I3
c_oMainTables$Slides:XU
FT_DivFix:vg
Ins_SDPVTL:Ip
c_oSer_ChartSeriesType$Marker:nW
tt_cmap12_char_index:km
T1_Size_Done:Ys
ETableStyleType$tablestyletypePageFieldLabels:HG
c_oSer_FilterColumn$FiltersBlank:sD
tt_face_done:Hq
cExcelMinExponent:Bx
c_oAscError$ID$Database:t3
CreateIntArray:tf
ParaCollaborativeChangesStart:G0
cff_cmap_encoding_class_rec:Kr
PS_FontExtraRec:jj
c_oSerStylesTypes$Dxf:Bz
EChartBarDerection$chartbardirectionBar:WW
JSCompiler_StaticMethods_Can_Undo:wN
numbering_presentationnumfrmt_AlphaUcParenR:A_
tt_face_free_sbit_stub:Qm
ps_get_macintosh_name:Wi
LibraryHintingParams:co
cName:Iy
JSCompiler_StaticMethods_getStrikeout:RM
c_oAscServerError$StorageRead:rb
CParaPr:MS
EVerticalAlignment$verticalalignmentDistributed:kG
EBorderStyle$borderstyleThin:MF
c_oSer_CustomFilters$CustomFilters:CD
DecodeGeneralFormat_Raw:bd
c_oSer_Top10$FilterVal:LD
T1_TokenRec:hk
drawChart:zd
c_oMainTables$Themes:UU
FT_Set_Char_Size:Et
bar:C
Binary_WorkbookTableReader:XH
c_oAscCellAnchorType$cellanchorAbsolute:Va
cff_slot_init:Ur
c_oSerStylesTypes$Fills:uz
tt_cmap_init:Ml
PolarAdjustmentTrack:oY
Y_Bottom_Field:ES
c_oSer_SortState$ConditionSortBy:bD
FT_Vector_Transform:Bn
g_clr_accent1:OQ
c_oMainTables$SlideLayouts:WU
bezier4:OT
bezier3:NT
JSCompiler_StaticMethods_getIndex:Gy
EBorderStyle$borderstyleMedium:FF
JSCompiler_StaticMethods_Selection_CalculateTextPr:a2
break_Page:CZ
dublicate_pointer:Rf
c_oSer_Dxf$Fill:RD
Page_Height:l0
JSCompiler_StaticMethods_buildDependencies:Uy
c_oAscColor$COLOR_TYPE_PRST:V2
c_oSer_DateGroupItem$Minute:xD
c_oSer_PageMargins$Top:sC
c_oSer_ColorFilter$DxfId:KD
Font:Lc
c_oAscError$Level$Critical:K3
JSCompiler_StaticMethods_getHidden:zK
getNumberParts:Ac
recalcresult_NextElement:e1
c_oSer_TableStyle$Table:$D
CBoundsController:D2
PreChangeAdjState:pY
Spline:RY
JSCompiler_StaticMethods_Calculate_X:e0
JSCompiler_StaticMethods_Calculate_Y:d0
c_oSerFontTypes$RFont:pA
c_oSerWorkbookPrTypes$DateCompatibility:GA
historyitem_RowCol_Border:hJ
EChartBarGrouping$chartbargroupingClustered:YW
IS_PS_DELIM:pj
JSCompiler_StaticMethods__removeCell:kL
ft_var_readpackeddeltas:dq
JSCompiler_StaticMethods_AddCnx:X
cArea3D:Ey
STATES_ID_ROTATE_IN_GROUP:XX
c_oSer_CellStyle$Name:xF
FT_SqrtFixed:wg
tt_cmap2_char_index:Ql
JSCompiler_StaticMethods_Serialize:CN
c_oMainTables$NotesMasters:YU
c_oSerWorkbookTypes$WorkbookPr:AA
JSCompiler_StaticMethods__forEachCell:NK
JSCompiler_StaticMethods_drawCropInRect:du
g_oUndoRedoAutoFilters:Jw
JSCompiler_StaticMethods_updateWidthHeight:i0
Slide:yS
afm_parser_next_key:Ej
c_oAscPageOrientation$PagePortrait:rH
cArray:Mx
Round_Up_To_Grid:Ro
T1_Parse_Glyph:Ps
c_oSer_Comments$Top:lE
bIsLocalFontsUse:Ru
ASC_DOCS_API_USE_EMBEDDED_FONTS:h3
c_oAscCellEditorState$editEmptyCell:dO
c_oSerBorderTypes$DiagonalDown:Nz
T1_Driver_Class:xt
CURSOR_TYPES_BY_CARD_DIRECTION:wY
c_oSer_ConditionalFormattingRule$AboveAverage:KE
cff_driver_done:$r
cff_lookup_glyph_by_stdcharcode:qs
EHorizontalAlignment$horizontalalignmentLeft:fG
c_oAscError$ID$StockChartError:Nd
historyitem_AutoFilter_ApplyDF:yw
fontstyle_mask_bold:av
cElementType$error:ix
FT_Face_Internal:xi
compare_kern_pairs:Ks
STATES_ID_CHANGE_ADJ_IN_GROUP:VX
DrawGroupSelection:KY
c_oSer_CommentData$Reply:GE
MIN_ANGLE:p2
tt_cmap14_get_nondef_chars:Im
__FT_CMapRec:ti
JSCompiler_StaticMethods_getHyperlink:fw
JSCompiler_StaticMethods_Internal_Recalculate_CurPos:l1
c_oSerCellTypes$Style:HB
historyitem_Cell_ShrinkToFit:uM
TT_ExecContextRec:mo
afm_parser_read_vals:Dj
JSCompiler_StaticMethods_renameWsToCollaborate:bL
TT_Load_Glyph_Header:qq
c_oAscDrawingLayerType$SendBackward:Na
CPen:iv
STATES_ID_RESIZE:LX
c_oSer_ChartLegendType$LegendEntry:HV
DocumentPageSize:WG
afm_stream_skip_spaces:zj
tt_driver_done:Eq
c_oAscAsyncAction$DownloadAs:E3
nSldLtTTxAndMedia:LR
FT_Slot_Internal:yi
c_oSerBorderTypes$Vertical:Mz
EBorderStyle$borderstyleThick:LF
FT_Outline_Translate:Kg
c_oSer_ChartLegendType$Overlay:FV
c_oSer_TableColumns$TotalsRowFormula:VC
JSCompiler_StaticMethods_setHyperlink:cI
FileStream:Bu
historyitem_AutoFilter_Empty:xw
JSCompiler_StaticMethods_Set_CurrentElement:i2
c_oAscServerError$UploadExtension:Ib
MATRIX_ORDER_APPEND:lv
c_oAscBorderOptions$InnerV:tO
PS_BlendRec:dj
c_oSerDefinedNameTypes$Ref:JA
c_oSer_ChartType$PlotArea:zV
FormatObjDecimalFrac:Dc
JSCompiler_StaticMethods_Clear_Formatting:EZ
TT_Load_Composite_Glyph:sq
c_oSerTableTypes$Workbook:nz
CStyles:xZ
c_oAscBorderOptions$InnerH:wO
moveTo:PT
afm_tokenize:Fj
tt_cmap14_char_var_index:Bm
c_oSerBorderTypes$Horizontal:Jz
STATES_ID_ADD_PPOLY_LINE2:jY
FT_ValidatorRec:uh
FT_GlyphLoader_Add:kh
c_oAscError$ID$FrmlOperandExpected:Oy
_arr_lt_types_weight:vS
historyitem_RowCol_Strikeout:cJ
c_oSerFontTypes$Underline:sA
c_oSer_ConditionalFormattingRule$Priority:RE
JSCompiler_StaticMethods_DrawSticks:nX
STATES_ID_TRACK_NEW_SHAPE:OX
historyitem_Cell_ChangeValue:vJ
ECellTypeType$celltypeNumber:pG
JSCompiler_StaticMethods_AddLineDash:G2
JSCompiler_StaticMethods_AddEllipse:A2
historyitem_AutoShapes_Offset:oN
cff_parse_real:ir
JSCompiler_StaticMethods__drawArrow:iP
FT_CFF_SERVICE_PS_NAME_GET:As
c_oSer_TableStyle$Name:YD
TT_CMap13Rec:mm
JSCompiler_StaticMethods_fromAlphaMask:Wt
c_oAscCoAuthoringMeBorderColor:jf
STATES_ID_SPLINE_BEZIER:bY
historyitem_Worksheet_ShiftCellsRight:aM
GetShortIns:zp
cff_expert_charset:pr
historyitem_RowCol_Underline:bJ
tt_load_sbit_metrics:Hl
Compute_Funcs:Do
SkipCode:fp
MoveGroupTrack:lZ
c_oAscPrintDefaultSettings$PageGridLines:WK
CommandType:Kv
c_oSerConstants$ErrorStream:nV
JSCompiler_StaticMethods__prepareSet:JI
c_oSer_Comments$RightOffset:oE
_strncmp_data:ig
_isxdigit:$i
tt_cmap14_find_variant:Am
FORMULA_TYPE_PLUS_MINUS:kT
JSCompiler_StaticMethods_getBorderSrc:KM
JSCompiler_StaticMethods_copyProperty:nJ
c_oSer_ColorObjectType$Tint:pC
CAscThemes:g3
_weight_ctrTitle:VR
getFile:ha
g_oUndoRedoDrawingObject:Ue
c_oSerAligmentTypes$Horizontal:dA
STATES_ID_PRE_CHANGE_ADJ:RX
FormatObjDateAmPm:Fc
c_oSer_DynamicFilter$Type:GD
cff_Load_Glyph:vs
ft_smooth_get_cbox:Rn
c_oSer_SheetView$ShowGridLines:rF
CellAddress:vd
c_oSer_ChartSeriesType$xVal:pW
c_oSer_TablePart$HeaderRowCount:KC
c_oSer_Comments$TopMM:sE
c_oSer_ChartSeriesNumCacheType$NumCache2:BW
nSldLtTObj:iR
FT_PEEK_SHORT:Vf
parseNum:zy
c_oSerFormulaTypes$Si:VB
TT_Round_To_Half_Grid:Wn
find_unicode_charmap:Ci
Ins_PUSHB:Jp
JSCompiler_StaticMethods_isValidDate:kd
changeRgbColor:yX
c_oSer_ConditionalFormattingIconSet$ShowValue:nF
nSldLtTTwoTxTwoObj:IR
Ins_PUSHW:Kp
c_oAscError$ID$AutoFilterDataRangeError:vw
c_oAscPrintDefaultSettings$PageHeadings:XK
CParaDrawingRangeLinesElement:e2
STATES_ID_PRE_MOVE:PX
_weight_obj:YR
FT_Var_Axis:nh
g_oUndoRedoDrawingLayer:pf
JSCompiler_StaticMethods_swapTrackObjects:DX
ParaTextPr:GU
historyitem_RowCol_Fontcolor:ZI
FT_Size_RequestRec:sh
ft_bitmap_glyph_class:Og
CTxBody:vZ
CDocumentContent:vP
FT_Var_Named_Style:oh
FT_NEXT_SHORT:Wf
CMetafile:Lv
ResizeInGroupState:PY
c_oSer_SortState$SortConditions:ZC
para_End:E_
c_oAscBorderOptions$Top:vO
CreateAscColorCustom:Kw
c_oAscSelectionType$RangeRow:aO
ECellTypeType$celltypeError:oG
fontstyle_mask_regular:Zu
c_oAscAsyncActionType$Information:N3
nSldLtTTwoObjAndTx:GR
T1_Get_Multi_Master:jt
FormatObjDateVal:Ec
NumComporationOperators$greaterorequal:uc
Round_To_Half_Grid:To
c_oSerFormulaTypes$R1:SB
c_oSerTableTypes$Other:kz
c_oSer_Comments$LeftOffset:kE
asc_CChartStyle:Id
c_oSerFormulaTypes$R2:TB
UndoRedoDataTypes:re
cff_face_init:Vr
g_oIdCounter:Ge
asc_CCommentData:OK
JSCompiler_StaticMethods__AddDigItem:Qc
TRANSLATE_HANDLE_FLIP_H_AND_FLIP_V:m2
c_oSer_TablePart$DisplayName:FC
NullState:zX
tt_size_done_bytecode:qo
EChartBarGrouping$chartbargroupingStacked:$W
c_oAscAsyncActionType$BlockInteraction:Qe
c_oAscMouseMoveLockedObjectType$Sheet:bx
c_oAscServerError$UploadContentLength:Fb
c_oAscServerError$VKeyUserCountExceed:Ob
ft_extra_glyph_unicodes:Ri
FT_Matrix:$g
STATES_ID_PRE_ROTATE:IX
FT_CMap_New:ln
c_oAscCleanOptions$Text:zO
TRACK_DISTANCE_ROTATE:fZ
EChartBasicTypes$chartbasicBarChart:LW
gray_render_line:un
c_oAscDrawingLayerType$BringForward:Ma
TT_Driver_Class:Tq
_weight_chart:TR
c_oSer_ColorObjectType$Type:nC
g_anchor_top:v2
c_oSer_Comments$MoveWithCells:vE
c_oSer_FilterColumn$Filters:jD
tt_cmap4_set_range:Ul
FT_MulFix:ug
c_oAscCoAuthoringDottedWidth:kf
vertalign_Baseline:FZ
JSCompiler_StaticMethods_hasMergedAll:RL
t1_expert_encoding:Li
g_oUndoRedoWorkbook:hK
clonePrototype:BT
tt_size_ready_bytecode:po
c_oSerWorksheetsTypes$SheetViews:fB
c_oSer_ConditionalFormattingIconSet$IconSet:kF
fSortAscending:Fw
tt_cmap4_char_map_binary:Xl
cff_index_done:vr
numbering_presentationnumfrmt_None:s_
FT_Bitmap_Size:ii
Ph:GQ
EUnderline$underlineDouble:NF
Read_CVT_Stretched:Op
c_oMainTables$App:PU
FT_MM_Var:ph
c_oAscError$ID$UplImageSize:x3
c_oAscMergeOptions$Merge:VM
cElementType$operator:nx
ResizeState:yY
Direct_Move_Orig:Jo
JSCompiler_StaticMethods_DrawEvents:jX
TT_Round_Off:Vn
JSCompiler_StaticMethods_rotateTrackObjects:CX
c_oAscPrintDefaultSettings$PageLeftField:PK
EBorderStyle$borderstyleHair:EF
NewShapeTrack:BY
EChartBasicTypes$chartbasicBubbleChart:RW
LineEndSize$Large:hQ
cBaseFunction:uy
JSCompiler_StaticMethods_setCA:vy
check_type1_format:Us
recalcresult_CurPage:g1
FORMULA_TYPE_VALUE:yT
JSCompiler_StaticMethods_scrollByX:FO
JSCompiler_StaticMethods_scrollByY:EO
JSCompiler_StaticMethods_setRowHidden:GL
c_oSerStylesTypes$Dxfs:Az
FT_BitmapGlyphRec:Qg
nSldLtTVertTitleAndTx:PR
global_MatrixTransformer:sv
ETableStyleType$tablestyletypeBlankRow:tG
T1_Parse_Glyph_And_Get_Char_String:Os
IS_PS_SPACE:oj
SFNT_HeaderRec:wh
t1_service_glyph_dict:qt
c_oSer_PageMargins$Left:rC
ReadDefCellStyles:pI
CCellStyle:VH
CClipManager:gv
c_oSerStylesTypes$Fill:vz
ETableStyleType$tablestyletypeSecondColumnStripe:JG
FORMULA_TYPE_SAT2:uT
historyitem_Worksheet_AddCols:yL
c_oSer_ChartCatAxType$TxPrPptx:dW
UndoRedoDataAddPathCommand:ON
TT_Clear_CodeRange:uo
CFF_Builder:bs
JSCompiler_StaticMethods_toRef:Jy
JSCompiler_StaticMethods_getCell:td
cExcelMaxExponent:Ax
c_oSerSharedStringTypes$Run:xA
JSCompiler_StaticMethods__insertColsBefore:xL
BULLET_TYPE_BULLET_NONE:$S
LineEndType$Triangle:gQ
tt_face_load_head:bl
tt_slot_init:Kq
c_oSer_ChartSeriesNumCacheType$NumCacheIndex:AW
c_oSer_ChartSeriesType$Index:qW
c_oSer_OtherType$MediaItem:gC
g_nColorHyperlink:vI
gc_nMaxDigCountView:nc
L 167:dn
L 168:q3
L 165:Xx
L 166:Yx
CTablePr:tU
L 163:Vx
c_dScalePPTXSizes:bU
L 164:Wx
L 161:ns
L 162:Ux
DrawingObjects:ye
nSldLtTPicTx:zR
L 160:ms
T1_Face_Init:dt
numFormat_AmPm:$b
historyitem_Worksheet_RemoveCell:mL
CDrawingDocument:Ke
CFontSetup:uv
ps_unicodes_char_next:Vi
para_NewLine:jV
JSCompiler_StaticMethods__foreach2:Cy
JSCompiler_StaticMethods_Internal_GetStartPos:V0
ParaEnd:T_
g_bDate1904:ia
g_nNextWorksheetId:zJ
contentchanges_Remove:H1
EVerticalAlignment$verticalalignmentBottom:iG
t1_services:ut
c_oAscInsertOptions$InsertColumns:$e
L 159:El
L 158:p3
T1_FontRec:kj
g_memory:Tf
cff_isoadobe_charset:or
JSCompiler_StaticMethods__scrollH:oP
FT_Lookup_Renderer:Jt
historyitem_DrawingObject_Add:Ce
JSCompiler_StaticMethods_GetSerializeArray:FK
SplineForDrawer:s2
JSCompiler_StaticMethods__scrollV:nP
create_t1_field:Bk
JSCompiler_StaticMethods_getBorderFull:kw
c_oSer_ConditionalFormattingRule$TimePeriod:XE
ChartRender:pd
g_oTextMeasurer:n_
JSCompiler_StaticMethods_finishAdd:kN
calculatePosiitionObjects:ae
c_oSer_ChartPlotAreaType$CatAx:VV
c_oMainTables$SlideRels:$U
c_oSerXfsTypes$ApplyNumberFormat:Wz
cElementType$string:gx
UndoRedoCell:eK
TT_SBit_RangeRec:Ih
L 141:cn
c_oSer_ConditionalFormattingIconSet$Reverse:mF
L 142:$o
FT_Bitmap_Copy:zg
L 140:o3
L 145:nb
L 146:ks
tt_cmap12_init:gm
L 143:ap
L 144:bp
FT_CFF_CMAP_UNICODE_CLASS_REC_GET:Wr
UndoRedoData_GTableIdAdd:RN
c_oSerAligmentTypes$ShrinkToFit:gA
cNumber:R
c_oSerRowTypes$Cell:DB
tt_face_init:Gq
FT_Vector:Rg
c_oSerAligmentTypes$Indent:eA
JSCompiler_StaticMethods_Interface_Update_DrawingPr:h2
c_oAscTransactionState$Stop:Ta
c_oSer_ChartLegendType$Layout:GV
L 139:Wb
L 138:fd
CTableCellPr:MZ
L 137:Tx
L 136:n3
JSCompiler_StaticMethods_RedoPrepare:GK
g_oUndoRedoCol:RI
JSCompiler_StaticMethods_RedoEnd:MK
L 150:qf
L 151:eh
ImageLoadStatus$Loading:ev
JSCompiler_StaticMethods_setRange:By
L 152:cp
c_oAscPrintDefaultSettings$PageRightField:RK
JSCompiler_StaticMethods_buildDependency:pK
L 153:dp
L 154:Ph
JSCompiler_StaticMethods__prepareSetAlign:LI
L 155:ls
JSCompiler_StaticMethods_cleanText:cN
L 156:Dl
t1_cmap_unicode_class_rec:Tj
L 157:oc
ft_adobe_glyph_list:Mi
JSCompiler_StaticMethods__shiftCellsLeft:VL
cRef:Dy
ft_outline_glyph_copy:Hg
c_oAscChartSubType$stacked:xa
phType_sldNum:CQ
STATES_ID_PRE_RESIZE_IN_GROUP:YX
JSCompiler_StaticMethods_Get_Pr:VZ
historyitem_RowCol_Fill:gJ
cff_size_get_globals_funcs:Or
L 148:Tb
L 147:rd
L 149:Oh
CBounds:t2
FT_Stream:Mf
TRaster:Dn
UndoRedoDataAddGuide:LN
UndoRedoWorkbook:iK
JSCompiler_StaticMethods_DrawRscatter:tX
cff_index_init:ur
L 124:Cl
L 123:WO
L 122:Qx
L 121:Px
L 120:k3
c_oAscAdvancedOptionsAction$None:i3
FONT_TYPE_ADDITIONAL_CUT:Yu
CAscSlideProps:b3
L 118:xb
L 119:ge
c_oSerWorksheetPropTypes$Name:hB
ParaNewLine:LU
L 116:Of
L 117:Cd
L 114:hs
L 115:is
TT_GaspRange:Bh
JSCompiler_StaticMethods_getQuotePrefix:lw
JSCompiler_StaticMethods_addMasterEdge:GJ
EGlyphState$glyphstateNormal:Rt
c_Date1900Const:Dx
c_oSer_DateGroupItem$Second:zD
AFM_KernPairRec:lj
FT_Set_Transform:Mt
CAscTableStyle:P2
g_nodeAttributeStart:YG
c_oAscSelectionType$RangeCells:bO
aStandartNumFormatsId:BH
cff_parse_fixed:kr
TT_CMapRec:Kl
L 133:bn
FT_Size:li
L 132:m3
L 135:qe
L 134:$O
gc_nMaxRow:Kd
CreateFontData2:aw
t1_allocate_blend:it
CParaLineRange:$0
L 131:Sx
L 130:Zo
L 129:js
DecodeBase64:$v
c_oSer_ConditionalFormattingRule$Operator:OE
L 125:XO
cToRad:ET
L 126:an
L 127:YO
L 128:l3
tt_get_advances:Nq
CParaLine:Z0
g_dKoef_pt_to_mm:HZ
tt_face_load_charmap_stub:Rm
JSCompiler_StaticMethods_Get_ParaPr:r_
c_oSer_SortState$ConditionDescending:cD
TT_PCLT:Xh
FT_Glyph_Get_CBox:Ht
TT_CMap14Rec:sm
ft_sid_names:Ji
EChartSymbol$chartsymbolNone:bX
historyitem_TableId_Reset:uN
T1_Decoder_ZoneRec:Gk
L 102:We
T1_Size_Request:$s
L 101:Ve
c_oAscAsyncAction$Recalc:YJ
L 100:wj
FT_GlyphLoader_Prepare:jh
FT_Smooth_Renderer_Class:Nn
CColorModifiers:LP
ECellAnchorType$cellanchorTwoCell:XF
c_oAscError$ID$FrmlWrongMaxArgument:Qy
FT_Size_Metrics:ki
gr_state_pen:Av
Binary_StylesTableReader:MH
cElementType$cellsRange:kx
bIsIE:mv
ShapeForResizeInGroup:q2
find_sbit_range:Fl
ChangeAdjInGroupState:NY
L 111:Bl
L 110:Yo
L 113:$f
tt_get_interface:Fq
vector_koef:Qw
L 112:pk
bIsSupportOriginalFormatFonts:Su
L 103:tc
L 104:Fd
CAutoshapeTrack:Je
L 105:Di
CAscFill:Z2
L 106:Nf
OpenColor:XG
L 107:$m
Col:dI
L 108:Nh
L 109:Xo
cErrorType$division_by_zero:qx
para_Empty:D_
c_oSerXfsTypes$FillId:Yz
c_oSer_OtherType$Theme:kC
historyitem_RowCol_NumFormat:VI
c_oSer_ConditionalFormatting$SqRef:IE
vertalign_SubScript:uU
FT_Service_PsFontNameRec:wf
GX_AVarSegmentRec:Zp
TT_MulFix14:ip
FT_FACE_FIND_SERVICE:Ef
cElementType$func:mx
Path:KT
FORMULA_TYPE_TAN:xT
UndoRedoData_SingleProperty:OL
historyitem_AutoShapes_Flips:sN
TT_CMap12Rec:fm
recalcDependency:TJ
AFM_GETC:yj
c_oSerRowTypes$Hidden:BB
UniNvPr:HQ
SignType$Negative:ec
c_oAscError$ID$CoAuthoringDisconnect:Q3
JSCompiler_StaticMethods_mergeInner:FI
afm_parse_track_kern:Hj
TT_HdmxRec:Fh
gc_nMaxDigCount:mc
c_oSerXfsTypes$Aligment:cA
CreateAscFill:$2
JSCompiler_StaticMethods__updateWorksheetIndexes:sK
PolyLine:aZ
JSCompiler_StaticMethods_Set_Tabs:S1
DependencyGraph:FJ
fontstyle_mask_bolditalic:bv
helpFunction:OJ
c_oSer_TablePart$TotalsRowCount:EC
c_oSerBorderPropTypes$Color:Pz
historyitem_Cell_SetQuotePrefix:xM
c_oAscServerError$Storage:ob
c_oSer_FilterColumn$HiddenButton:qD
helpRecalc:SJ
c_oSerWorksheetsTypes$Cols:NA
Cell:gI
c_oSer_ChartCatAxType$MajorGridlines:ZV
cEmpty:sy
CPres:eU
JSCompiler_StaticMethods_getColsCount:WJ
MoveInGroupState:LY
t1_builder_done:mk
T1_Size_Init:Zs
c_oAscLockTypeElemSubType$DeleteRows:$w
para_NewLineRendered:F_
t1_builder_add_point1:rk
ClrScheme:SN
c_oSerBorderPropTypes:Rz
STATES_ID_PRE_CHANGE_ADJ_IN_GROUP:UX
c_oAscDeleteOptions$DeleteCellsAndShiftLeft:UN
c_oAscFileType$CSV:J3
UndoRedoItemSerializable:HK
ECellTypeType$celltypeBool:nG
c_oAscLockTypeElemSubType$ChangeProperties:Xw
PS_FontInfoRec:aj
tab_Right:$_
JSCompiler_StaticMethods_Style_Get:Y1
para_CommentEnd:P_
EChartBarGrouping$chartbargroupingPercentStacked:ZW
JSCompiler_StaticMethods_isOneCell:HM
JSCompiler_StaticMethods_setColHidden:AL
nSldLtTBlank:lR
c_oSer_ChartCatAxType$AxPos:aW
JSCompiler_StaticMethods__recalculate:tV
c_oAscError$ID$PastInMergeAreaError:CO
lcid_enUS:ZZ
ft_smooth_set_mode:Sn
TT_Size_Metrics:no
tt_face_load_sbit_image:Jl
FT_Outline_Decompose:xn
c_oSerWorksheetsTypes$Drawings:WA
tt_face_get_location:vq
BULLET_TYPE_COLOR_CLR:PS
c_oSerStylesTypes$NumFmt:zz
ft_smooth_transform:Qn
c_oAscDeleteOptions$DeleteColumns:bf
Binary_OtherTableReader:lI
SplineCommandMoveTo:SY
CBulletType:dT
numbering_suff_Tab:h_
c_oSer_DateGroupItem$Hour:wD
checkTypeCell:ry
JSCompiler_StaticMethods_Internal_Get_ParaPos_By_Pos:z1
CBlipFill:AP
c_oSer_ConditionalFormattingValueObject$Type:pF
ft_outline_glyph_init:Dg
JSCompiler_StaticMethods_getOffset2:AM
JSCompiler_StaticMethods_insertRowsBefore:pL
STATES_ID_START_TRACK_NEW_SHAPE:MX
historyitem_Cell_Border:tM
LineJoin:kQ
NameGenerator:bK
CFontManager:zu
TWorker:En
c_oSerFormulaTypes$T:WB
CDocumentBounds:N0
tt_cmap10_char_next:em
numFormat_Day:Xb
c_oAscMouseMoveLockedObjectType$Range:MO
MIN_SHAPE_SIZE:A0
EFontScheme$fontschemeMinor:VG
FT_BBox:Rh
fontslot_EastAsia:yv
c_oAscChartType$area:sa
load_truetype_glyph:uq
__grays_raster_render:Jn
tt_face_load_pclt:jl
cff_builder_close_contour:ps
c_oAscCanChangeColWidth$all:kO
ETableStyleType$tablestyletypeTotalRow:TG
asc_CCommentCoords:XN
tt_face_load_any:$k
c_DateCorrectConst:Ex
Read_CVT:Rp
JSCompiler_StaticMethods_scrollToX:sP
EVerticalAlignRun$verticalalignrunSubscript:TF
JSCompiler_StaticMethods_scrollToY:tP
historyitem_Worksheet_RemoveCols:vL
EHorizontalAlignment:hG
JSCompiler_StaticMethods__shiftUpDown:sw
nSldLtTDgm:qR
FT_SERVICE_ID_POSTSCRIPT_CMAPS:xf
JSCompiler_StaticMethods_DrawRose:rX
FT_PEEK_ULONG:bg
para_PresentationNumbering:Q_
c_oSer_ConditionalFormattingRuleColorScale$CFVO:cF
JSCompiler_StaticMethods_Style_Remove:V1
_weight_media:XR
tt_cmap14_char_map_nondef_binary:zm
convertFormula:ee
rx_ref:cy
T1_Done_Metrics:Is
EBorderStyle$borderstyleDouble:DF
t1_builder_start_point:tk
c_oAscServerError$StorageRemoveDir:vb
STATES_ID_PRE_ROTATE_IN_GROUP:WX
_decoder_funcs$$inline_554:Ok
_t1_parse_dict:nt
PreResizeInGroupState:IY
historyitem_Cell_Fontcolor:kM
findPrevValue:Ud
CSld:dR
cff_index_get_pointers:zr
historyitem_RowCol_ShrinkToFit:iJ
T1_GlyphSlot_Init:bt
UndoRedoDataAddHandlePolar:NN
raster_memory:rn
c_oAscInsertOptions$InsertCellsAndShiftDown:VN
LoadFontFile:lu
JSCompiler_StaticMethods__getValue2Result:qJ
cErrorType$not_available:rx
c_oAscChartType$scatter:ua
FormatObjBracket:Gc
BULLET_TYPE_SIZE_TX:SS
c_oAscCellEditorState$editStart:QO
EChartLegendPos$chartlegendposLeft:GW
JSCompiler_StaticMethods_getResultScaleCoefficients:gZ
c_oAscServerError$NoError:hb
c_oAscError$ID$DownloadError:u3
FT_Render_Glyph:Lt
c_oSer_ChartPlotAreaType$ValAx:WV
c_oAscPrintType$Selection:TO
tt_face_set_sbit_strike_stub:Om
_t1_read_binary_data:mt
CCellValue:JH
JSCompiler_StaticMethods_parse3DRef:Pd
COLOR_TYPE_SYS:Mu
JSCompiler_StaticMethods__foreachColNoEmpty:ez
EChartBasicTypes$chartbasicAreaChart:PW
c_oSer_ChartLegendLayoutType$WMode:QV
Ins_IUP:tp
t1_service_ps_info:st
cBaseOperator:ty
c_oSerCellTypes$Formula:KB
linerule_Exact:BU
CFF_CMapStdRec:Jr
EGlyphState$glyphstateMiss:St
CParaTab:DU
c_oAscSelectionType$RangeImage:mO
nSldLtTTxAndClipArt:KR
dayShort:lc
FT_Outline_Transform:Jg
asc_CCellCommentator:YN
FT_GlyphLoader:ch
JSCompiler_StaticMethods_moveRow:Xy
c_oSer_PageSetup$PaperSize:zC
tt_cmap14_char_next:xm
tt_cmap14_char_var_isdefault:Cm
c_oAscStyleImage$Default:dw
CShapeStyle:MQ
c_oSer_ConditionalFormattingRule$ColorScale:ZE
FT_NEXT_USHORT:Zf
c_oAscDeleteOptions$DeleteRows:df
Get_Interface:vt
postLoadScript:Uu
NumComporationOperators$notequal:zc
c_oMainTables$SlideMasters:VU
IS_PS_TOKEN:qj
cRef3D:Hy
c_oAscError$ID$UplImageExt:y3
SPH_TweakRule:fo
PS_TableRec:zk
CBullet:LS
c_oSer_DrawingType$Type:tH
month:ic
cff_builder_add_point:fs
c_oSerWorksheetColTypes$BestFit:kB
JSCompiler_StaticMethods_initPostOpen:qK
Move_CVT_Stretched:Qp
c_oSerBorderTypes$Top:Lz
EBorderStyle$borderstyleMediumDashed:IF
c_oAscError$ID$FrmlWrongFunctionName:Ty
ft_stub_set_pixel_sizes:th
JSCompiler_StaticMethods_hasMerged:gw
_ph_summ__obj_and_two_obj:jS
c_oSer_PageMargins$Bottom:vC
FORMULA_TYPE_SQRT:wT
c_oAscMouseMoveLockedObjectType$None:ax
c_oSerCellTypes$Value:JB
g_oTableId:He
afm_compare_kern_pairs:Ij
PolyLineAddState:$Y
T1_ParserRec:Ss
LineEndSize$Small:iQ
JSCompiler_StaticMethods_finishSection:jN
JSCompiler_StaticMethods_updateCursorTypes:eR
c_oSer_CustomFilters$Operator:ED
historyitem_Cell_ChangeArrayValueFormat:xJ
_ph_summ__obj:iS
tt_face_goto_table:Tk
_global_layout_summs_array:wS
c_oSerFormulaTypes$Del2:PB
historyitem_Worksheet_Merge:XM
c_oSerFormulaTypes$Del1:OB
JSCompiler_StaticMethods_Show:Me
pscmaps_interface:Yi
c_oSer_ConditionalFormattingDataBar$Color:fF
c_oSer_CommentData$Time:yE
EHorizontalAlignment$horizontalalignmentDistributed:bG
UndoRedoData_ColProp:BL
JSCompiler_StaticMethods__CommitText:Mc
TT_SizeRec:Xp
EBorderStyle$borderstyleDotted:CF
c_oSerWorkbookViewTypes$ActiveTab:HA
tt_face_load_directory_stub:Lm
t1_builder_init:kk
FT_CMapRec:si
c_oAscServerError$UploadCountFiles:Kb
EChartBasicTypes$chartbasicStockChart:VW
cErrorType$wrong_name:sx
PS_UniMap:yf
historyitem_RowCol_Italic:aJ
t1_builder_add_point:qk
c_oSer_CustomFilters$And:BD
FT_Get_Next_Char:Ft
getFontProperties:Zd
historyitem_Worksheet_Sort:fN
ResizeTrackShapeImage:qZ
CParaDrawingRangeLines:m1
Round_None:Po
FT_CFF_SERVICE_GLYPH_DICT_GET:zs
ETableStyleType$tablestyletypeSecondSubtotalColumn:NG
Binary_ChartReader:jI
EChartAxPos$chartaxposBottom:FW
c_oAscDeleteOptions$DeleteCellsAndShiftTop:WN
JSCompiler_StaticMethods_endCommand:Mv
CParaTabs:CU
JSCompiler_StaticMethods_SetSelection:mw
JSCompiler_StaticMethods_cleanFormat:bN
rgRange:$x
gray_render_span:Hn
IUP_WorkerRec:rp
monthCut:gc
JSCompiler_StaticMethods_Set_Border:M1
c_oSer_CellStyle$CustomBuiltin:uF
c_oSer_CommentData$QuoteText:BE
tx1:PQ
numFormat_Year:Sb
JSCompiler_StaticMethods_Set_DocumentNext:L1
historyitem_Worksheet_Rename:aL
c_oSerWorksheetColTypes$Style:oB
JSCompiler_StaticMethods__MouseHoverOnArrowDown:kP
t1_cmap_std_init:Lj
c_oSerWorksheetsTypes$PageSetup:ZA
linerule_AtLeast:f1
CParaPage:Y0
BDF_PropertyRec:Rk
isObject:de
c_oAscLayoutPageType$FitToWidth:hO
c_oSer_FilterColumn$CustomFilters:mD
c_oSerPropLenType$Short:pV
nSldLtTVertTitleAndTxOverChart:QR
tt_cmap13_char_index:qm
JSCompiler_StaticMethods__removeTileZeros:ed
APPROXIMATE_EPSILON:AT
t1_service_multi_masters:rt
cff_index_read_offset:tr
c_oSerFontTypes$Sz:rA
c_oSer_TablePart$TableColumns:IC
SignType$Null:fc
c_oSerWorksheetsTypes$Hyperlink:QA
phType_ctrTitle:uQ
TT_Vary_Get_Glyph_Deltas:lq
tt_face_load_eblc:wl
c_oSer_ChartLegendLayoutType$LayoutTarget:OV
tt_face_get_metrics:ol
GeneralEditFormatCache:cd
FT_CFF_SERVICE_CID_INFO_GET:Cs
c_oSerWorksheetsTypes$Col:OA
JSCompiler_StaticMethods_Set_Align:U1
c_oSer_ConditionalFormattingDataBar$MinLength:hF
BULLET_TYPE_SIZE_PTS:US
T1_Face:nj
historyitem_Cell_Wrap:vM
c_oSer_Comments$SizeWithCells:wE
FILL_TYPE_BLIP:TP
Instruct_Dispatch:Np
TRANSLATE_HANDLE_FLIP_V:l2
JSCompiler_StaticMethods_clearPreTrackObjects:FX
c_oAscCanChangeColWidth$none:pw
para_CommentStart:O_
nSldLtTTx:jR
historyitem_Cell_SetStyle:zM
JSCompiler_StaticMethods_getThemeColor:LH
BinaryWorkbookTableWriter:jH
tt_cmap12_char_map_binary:jm
tt_face_load_post:il
c_oSerAligmentTypes$Vertical:iA
styletype_Paragraph:IZ
BinaryTableWriter:ZG
nSldLtTObjAndTwoObj:uR
lockDraw:MJ
JSCompiler_StaticMethods_getFirst:dM
Hyperlink:eI
c_oAscMouseMoveType$Hyperlink:OO
JSCompiler_StaticMethods_Update_Size:n0
partition_bezier4:YT
extend:Gx
LineEndType$Oval:eQ
tt_cmap14_done:tm
CFF_Decoder:ds
TRANSLATE_HANDLE_FLIP_H:k2
JSCompiler_StaticMethods_unmerge:tw
tt_face_load_generic_header:al
ft_outline_funcs_gray:wn
ParaHyperlinkEnd:KU
cff_builder_start_point:os
c_oSer_OtherType$MediaSrc:iC
UndoRedoData_CellSimpleData:wJ
cErrorType$not_numeric:ux
pararecalc_0_None:S0
LAYOUT_KIND:FP
c_oAscLockTypes$kLockTypeNone:Sw
L 39:ud
c_oAscMergeOptions$Unmerge:yO
L 38:kc
L 37:gd
c_oAscServerError$VKeyEncrypt:Mb
PS_PrivateRec:bj
L 32:qb
L 31:Fa
L 30:La
Project:Go
cff_standard_encoding:rr
L 36:eb
L 35:Hb
L 34:jb
FT_Data:fi
L 33:Aa
T1_DecoderRec:Hk
FT_Service_PsInfoRec:zf
CHistory:dK
FT_ServiceCache:Lf
fSortDescending:EJ
_weight_clipArt:UR
UndoRedoData_CellData:JL
c_oSer_TableStyle$Element:bE
c_oAscPrintType$ActiveSheets:bw
tt_services:zq
Align:TH
c_oAscCleanOptions$Formula:AO
TT_LongMetricsRec:yh
L 27:ka
c_oSer_ColorObjectType$Rgb:mC
L 26:W
L 29:Sa
ParaPageBreakRenderer:W_
c_oAscPrintDefaultSettings$PageOrientation:TK
c_oSer_SortState$ConditionDxfId:dD
L 28:Da
UndoRedoWoorksheet:gK
JSCompiler_StaticMethods_Set_PositionV:u0
JSCompiler_StaticMethods_Get_CompiledPr:T0
FORMULA_TYPE_COS:qT
sfnt_load_face:jn
c_oSerWorkbookTypes$DefinedName:EA
arcTo:QT
nSldLtTChartAndTx:nR
JSCompiler_StaticMethods_addPreTrackObject:GX
L 21:U
JSCompiler_StaticMethods_Set_PositionH:v0
L 20:P
L 23:Y
L 22:V
L 25:O
L 24:fa
c_oSerFillTypes$PatternFill:kA
tt_find_sbit_image:Gl
L 50:cb
tt_size_reset:Qq
UndoRedoData_RowProp:HL
recalcresult_PrevPage:i1
_strcmp_data:hg
LineEndType$None:bQ
rx_array:oy
JSCompiler_StaticMethods_getAlignHorizontal:iw
c_oAscBorderOptions$Bottom:xO
cff_get_advances:xs
c_oSerSharedStringTypes$RPr:yA
ParaNumbering:Y_
TRACK_CIRCLE_RADIUS:hZ
tt_face_load_bhed:cl
T1_Loader:ht
nSldLtTClipArtAndTx:oR
L 59:yc
L 58:Sc
L 57:ze
L 56:Ff
L 55:xc
TT_Round_Super_45:bo
tt_cmap10_char_index:dm
L 54:dd
UndoRedoRowCol:jK
ps_parser_skip_spaces:ek
L 53:Rc
L 52:Yj
L 51:qg
FT_TT_SERVICES_GET:Aq
g_fonts_streams:mu
CDocumentRenderer:Ov
Binary_WorksheetTableReader:$H
EUnderline$underlineSingleAccounting:RF
skip_string:Zj
c_oSerWorksheetsTypes$Autofilter:aB
FT_Memory:Sf
STATES_ID_CHANGE_ADJ:SX
tt_get_kerning:Mq
rx_refAll:dy
JSCompiler_StaticMethods_Internal_CalculateAutoSpacing:Z1
cff_encoding_load:Gr
c_oAscCellEditorState$editEnd:RO
JSCompiler_StaticMethods_AddHandlePolar:iT
c_oSerFormulaTypes$Text:XB
FontStyle$FontStyleRegular:pu
nSldLtTClipArtAndVertTx:pR
GX_BlendRec:$p
c_oSer_ConditionalFormattingRule$Percent:QE
rgCols:ay
CSrcRect:XP
L 49:Td
c_oSerHyperlinkTypes$Tooltip:uB
CControl:y2
L 48:db
_builder_funcs$$inline_553:Nk
JSCompiler_StaticMethods_Reinit:DO
tt_face_free_hdmx_stub:Nm
L 45:ve
L 44:tb
historyitem_Cell_Italic:mM
L 47:ke
L 46:im
L 41:Ub
TT_Post_NamesRec:Kh
ft_bitmap_glyph_init:xg
L 40:sb
Get_Kerning:wt
L 43:we
HSLToRGB:aU
L 42:Jb
c_oSer_TableColumns$Name:RC
JSCompiler_StaticMethods_deleteAllMasterEdges:IJ
STATES_ID_POLY_LINE_ADD:hY
c_oSer_ConditionalFormattingRule$Bottom:LE
ft_outline_glyph_done:Gg
JSCompiler_StaticMethods_DrawBorders:mX
historyitem_RowCol_Wrap:jJ
para_Text:fV
nbsp_string:R_
tt_face_load_cmap:gl
drawing_Inline:b0
c_oSer_ConditionalFormattingRuleColorScale$Color:dF
ParaFlowObjectAnchor:F0
c_oAscError$ID$UplImageUrl:Ye
JSCompiler_StaticMethods__shiftCellsRight:$L
c_oSer_ConditionalFormattingValueObject$Val:qF
_ph_summ_dgm:fS
JSCompiler_StaticMethods__shiftCellsUp:YL
JSCompiler_StaticMethods_assemble:$y
JSCompiler_StaticMethods_Set_RangeStartPos:a1
JSCompiler_StaticMethods__sortByArray:gN
isRealObject:RP
_weight_pic:ZR
BULLET_TYPE_TYPEFACE_TX:XS
c_oSerWorkbookTypes$BookViews:BA
c_oAscLockTypeElemSubType$DeleteColumns:Zw
JSCompiler_StaticMethods__BuildDependencies:PJ
historyitem_Worksheet_CreateCol:PL
tt_cmap14_get_def_chars:Hm
CGraphics:tv
JSCompiler_StaticMethods_CopyPr_Open:C1
JSCompiler_prototypeAlias:ea
historyitem_Cell_Fill:sM
FormatObj:Bc
read_pfb_tag:Ts
c_oSerXfsTypes$QuotePrefix:aA
_weight_dgm:WR
Direct_Move_Orig_X:Lo
CPdfPrinter:Rw
Direct_Move_Orig_Y:No
DecodeBase64Char:Yv
CApp:cU
c_oSerFillTypes$PatternFillBgColor:lA
FT_Set_Charmap:Ms
c_oMainTables$FontMap:cV
c_oSer_DrawingFromToType$Row:$B
oGeneralEditFormatCache:hd
cff_size_done:Pr
c_oMainTables$Main:OU
CNoFill:aQ
JSCompiler_alias_VOID:s
JSCompiler_StaticMethods_CreatePlaces:iu
JSCompiler_StaticMethods_getWorksheetByName:Qd
c_oSer_Dxf$Font:SD
c_oSer_Comments$CommentData:iE
JSCompiler_StaticMethods_Set_ContextualSpacing:R1
c_oSer_ConditionalFormattingRule$StopIfTrue:VE
rg:Zx
BinaryCommonWriter:$G
c_oAscMergeOptions$MergeAcross:nO
L 13:F
FT_Grays_Raster:Mn
temp1:ng
L 14:G
c_oSerFontTypes$Strike:qA
temp2:pg
L 11:D
L 12:E
historyitem_AutoFilter_ApplyMF:zw
t1_lookup_glyph_by_stdcharcode:wk
L 10:z
heightrule_AtLeast:oU
historyitem_Worksheet_CreateCell:ML
L 19:M
JSCompiler_StaticMethods_setWidthProp:lJ
T1_Driver:yt
L 17:J
L 18:K
c_oAscError$ID$UplImageFileCount:z3
BinaryFileReader:nI
L 15:I
L 16:H
g_sResourceServiceLocalUrl:$a
cff_parse_num:jr
para_Numbering:I_
nSldLtTTwoObjOverTx:HR
historyitem_Worksheet_Hide:fL
EChartBasicTypes$chartbasicBar3DChart:MW
lineTo:MT
c_oAscChartLegend$bottom:Ea
JSCompiler_StaticMethods_checkUniqueSheetName:CK
c_oSerCellTypes$Type:IB
JSCompiler_StaticMethods_updateCoordinatesAfterInternalResize:MY
StartTrackNewShapeState:zY
HitInLine:VT
CDefaultFont:ou
Round_Down_To_Grid:So
_ph_summ__tx:tS
c_oSer_Comments$BottomOffset:qE
c_oSer_Comments$Col:gE
_ph_summ__obj_and_tx:kS
JSCompiler_alias_THROW:aa
FORMULA_TYPE_SIN:vT
TT_Gasp:Ch
CGroupShape:ef
FT_UnitVector:ho
c_oSer_CellStyle$BuiltinId:tF
map_themeExcel_to_themePresentation:xI
c_oSer_CommentData$UserId:zE
c_oAscChartDefines$defaultChartWidth:Ya
Woorksheet:aI
historyitem_RowCol_SetFont:WI
tt_loader_init:tq
CRFonts:WZ
c_oAscInsertOptions$InsertCellsAndShiftRight:TN
ps_parser_funcs:Jk
historyitem_Cell_Underline:nM
JSCompiler_StaticMethods_StartTransaction:Te
ETableStyleType$tablestyletypeFirstSubtotalColumn:AG
vertalign_SuperScript:vU
PreMoveInGroupState:JY
tt_face_get_kerning:Wk
dublicate_vector:Zh
c_oAscServerError$StorageFileNoFound:pb
FT_Match_Size:zl
JSCompiler_StaticMethods_setSheetViewSettings:gL
JSCompiler_StaticMethods_Internal_Get_Pr:SZ
JSCompiler_StaticMethods_getValueData:tJ
FT_Service_GlyphDictRec:uf
c_oAscDrawingLayerType$SendToBack:Ka
asc:YK
c_oSer_ConditionalFormatting$Pivot:HE
c_oSer_Comments$Left:jE
c_oAscFormatOptions$Accounting:R3
ETableStyleType$tablestyletypeFirstTotalCell:CG
c_oSerPropLenType$Null:oV
CPoint2:uu
_ph_summ__obj_only:lS
CPoint1:tu
Ins_DELTAP:Gp
c_oAscLockTypes$kLockTypeOther3:P3
c_oAscLockTypes$kLockTypeOther2:Vw
ft_var_load_gvar:eq
ECellTypeType$celltypeSharedString:qG
c_oAscRecalcIndexTypes$RecalcIndexAdd:dx
c_oSerWorksheetColTypes$Min:nB
RotateState:xY
CShapeColor:ZT
g_nVerticalTextAngle:MI
BULLET_TYPE_BULLET_CHAR:aT
c_oSer_TablePart$AutoFilter:GC
ETableStyleType$tablestyletypeThirdRowSubheading:QG
Ins_DELTAC:Hp
FontStyle$FontStyleBoldItalic:su
CBgPr:bR
arrRecalc:DJ
c_oAscMouseMoveLockedObjectType$TableProperties:cx
TT_Round_Down_To_Grid:$n
c_oSerStylesTypes$CellXfs:sz
MoveShapeImageTrackInGroup:uZ
FT_Module:zi
c_oAscPrintDefaultSettings$PageTopField:QK
c_oSer_ConditionalFormattingRule$Type:YE
dep:BJ
ps_parser_load_field:jk
ArcToOnCanvas:UT
c_oSer_Dxf$Border:QD
c_oSerFontTypes$Bold:mA
CFF_EncodingRec:Xq
PARRUN_TYPE_RUN:Pu
CSeekTableEntry:dV
historyitem_Cell_Fontsize:jM
JSCompiler_StaticMethods_AddRectDashClever:E2
c_oAscServerError$ConvertTimeout:Cb
NumFormatCache:Vc
c_oAscSelectionType$RangeMax:iO
g_oDefaultNum:PH
CGlyphString:yu
ETableStyleType$tablestyletypeFirstRowStripe:yG
JSCompiler_StaticMethods_removeHyperlink:fM
CAscStroke:d3
DrawLineEnd:Q2
TT_Face:Yp
JSCompiler_StaticMethods__moveCellVer:jL
L 73:wr
L 74:so
JSCompiler_StaticMethods_setAdjustmentValue:wZ
Int64:lg
L 75:Dh
_ph_summ__sec_head:nS
tt_face_load_bdf_props:Sk
L 76:yr
JSCompiler_StaticMethods_rebuildSeries:se
L 77:pi
L 78:Pe
c_oSer_ConditionalFormattingRule$DataBar:$E
t1_args_count:vk
dublicate_matrix:ei
L 79:gb
UndoRedoData_IndexSimpleProp:UI
GetDiffDate360:dz
STATES_ID_TEXT_ADD:mY
ChartPreviewManager:Gd
AFM_StreamRec:xj
numbering_presentationnumfrmt_ArabicPeriod:u_
JSCompiler_StaticMethods_addDefinedName:ZH
JSCompiler_StaticMethods_Internal_Is_NullBorders:o1
Y_Top_Margin:j1
TT_Forget_Glyph_Frame:pq
c_oSer_ChartSeriesNumCacheType$NumCacheItem:CW
parserHelp:Od
gray_record_cell:sn
cString:Nx
L 70:gj
FT_PEEK_USHORT:Xf
L 72:bk
L 71:ak
L 64:Be
L 65:Ug
L 62:Yb
BULLET_TYPE_TYPEFACE_BUFONT:YS
L 63:Pa
CUniFill:Eu
JSCompiler_StaticMethods_setHeightProp:oJ
L 68:Vd
c_oSer_ChartLegendEntryType$TxPrPptx:LV
EVisibleType$visibleVeryHidden:ZF
L 69:ni
L 66:vc
Ins_MSIRP:xp
L 67:Ua
JSCompiler_StaticMethods_AddTrigger:DL
c_oAscInsertOptions$InsertRows:af
phType_title:FQ
JSCompiler_StaticMethods__shiftCellsBottom:bM
JSCompiler_StaticMethods_addSlaveEdge:HJ
tt_sfnt_id_rec:Uq
rx_Comma:jy
JSCompiler_StaticMethods_Internal_Get_ClearPos:R0
EVerticalAlignRun$verticalalignrunSuperscript:UF
tt_face_load_name:el
aStandartNumFormats:QH
RotateTrackGroup:kZ
EChartAxPos$chartaxposRight:EW
JSCompiler_StaticMethods__insertRowsBefore:qL
L 61:Gb
c_oSer_ColorType$Auto:qC
L 60:Ae
L 99:ok
L 95:ac
L 96:hj
L 97:Jf
c_oSer_ChartCatAxType$Title:YV
L 98:sg
c_oSerWorksheetColTypes$Width:pB
STATES_ID_PRE_RESIZE:KX
CFF_Driver:Hs
sfnt_open_font:hn
FT_Request_Metrics:Pq
ParaPresentationNumbering:K0
EHorizontalAlignment$horizontalalignmentCenter:aG
SPH_ScaleRule:go
c_oAscBorderOptions$Left:sO
UndoRedoData_CellValueData:dL
L 92:Hf
L 91:Kc
nSldLtTObjTx:yR
historyitem_RowCol_AlignVertical:eJ
L 94:If
Fill:UH
CreateUIntArray:fj
L 93:Eh
JSCompiler_StaticMethods__moveCellHor:uL
FT_RoundFix:kg
CFontFileLoader:L
CFontFilesCache:nu
cElementType$number:fx
c_oSer_ColorFilter$CellColor:JD
L 90:qi
_ph_summ__two_obj_and_tx:rS
tt_name_entry_ascii_from_utf16:en
c_oSerStylesTypes$Border:rz
JSCompiler_StaticMethods_deleteAllSlaveEdges:JJ
L 88:Vg
L 89:Gf
L 86:oi
L 87:nd
L 84:Wd
L 85:ml
FT_Glyph_Class:Cn
tt_size_run_prep:xo
CompositeCommentData:DN
tt_size_request:Oq
JSCompiler_StaticMethods_Numbering_Remove:t1
g_bIsAppleDevices:au
tt_face_load_hmtx:ll
c_oAscServerError$ConvertReadFile:Db
JSCompiler_StaticMethods_Create_Table_BorderedAndLined:NZ
ScrollArrowType$ARROW_LEFT:bP
JSCompiler_StaticMethods_getFontcolor:NM
c_oSer_BasicChartType$Series:iW
CellValueType$Number:ja
L 83:rg
c_oSerPropLenType$Byte:aH
L 82:xr
CGeometry:QQ
L 81:Oe
tt_cmap2_get_subheader:Pl
L 80:Em
NumComporationOperators$greater:rc
JSCompiler_StaticMethods_Cursor_IsEnd:W1
c_oAscAdvancedOptionsID$CSV:nN
c_oSer_Comments$Right:nE
